----------------------------------------------------------------
-Pin Report - Date: Thu Apr  9 00:37:16 2026 Pinchecksum: NOT-AVAILABLE
-Product: Designer
-Release: 2025.2
-Version: 2025.2.0.14
-Design Name: MPFS_DISCOVERY_KIT
-Family: PolarFireSoC
-Die: MPFS095T
-Package: FCSG325
-----------------------------------------------------------------

Number |Port              |Function                                               |State         |I/O Std  |Direction |Used I/O Reg |User I/O Lock Down |Clamp Diode |Resistor Pull |Use I/O Calibration from the lane |Schmitt Trigger |Vcm Input Range |On Die Termination |Odt Value (Ohm) |Input Delay |Slew |Output Drive (mA) |Impedance (ohm) |Output Load (pF) |Source Termination (Ohm) |Output Delay |MSS Resistor Pull |MSS Clamp Diode |MSS Persist |MSS User I/O Lock Down |MSS Odt (Ohm) |MSS Thevenin (Ohm) |MSS Schmitt Trigger |MSS Vcm Input Range |MSS Low Power Mode Input Receiver |MSS Low Power Mode Output Buffer |MSS Output Drive (mA) |MSS Source Termination (Ohm) |
-------|------------------|-------------------------------------------------------|--------------|---------|----------|-------------|-------------------|------------|--------------|----------------------------------|----------------|----------------|-------------------|----------------|------------|-----|------------------|----------------|-----------------|-------------------------|-------------|------------------|----------------|------------|-----------------------|--------------|-------------------|--------------------|--------------------|----------------------------------|---------------------------------|----------------------|-----------------------------|
A1                         VSS                                                     Reserved       
A2                         MSSIO26B2                                               Special        
A3                         MSSIO28B2                                               Special        
A4      SPI_1_DO           MSSIO32B2                                               Special        LVCMOS33  Output     ---           ---                 ---          ---            ---                                ---              ---              ---                 ---              ---          ---   ---                ---              ---               ---                       ---           Up                 OFF              OFF          OFF                     ---            ---                 ---                  ---                  ---                                OFF                               8                      ---                           
A5                         SDO                                                     Reserved       
A6                         VSS                                                     Reserved       
A7                         TDO                                                     Reserved       
A8                         TCK                                                     Reserved       
A9                         TDI                                                     Reserved       
A10     RXD_N[1]           GPIO121NB1                                              Fixed          SSTL18I   Input      None          No                  ON           None           No                                 OFF              MID              ON                  50               OFF          ---   ---                ---              ---               ---                       ---           
A11                        VDDI1                                                   Reserved       
A12     RX_CLK_P           GPIO125PB1/CLKIN_S_3/CCC_SW_CLKIN_S_3                   Fixed          SSTL18I   Input      None          No                  ON           None           No                                 OFF              MID              ON                  50               OFF          ---   ---                ---              ---               ---                       ---           
A13     MBUS_RST           GPIO127PB1                                              Assigned       LVCMOS18  Output     None          No                  ON           None           No                                 ---              ---              ---                 120              ---          OFF   8                  ---              5                 ---                       OFF           
A14     VSC_RESETN         GPIO127NB1                                              Fixed          LVCMOS18  Output     None          No                  ON           None           No                                 ---              ---              ---                 120              ---          OFF   8                  ---              5                 ---                       OFF           
A15     RPI_GPIO13         GPIO131PB1                                              Fixed          LVCMOS18  Inout      None          No                  ON           Up             No                                 OFF              ---              OFF                 120              OFF          OFF   8                  ---              5                 ---                       OFF           
A16                        VSS                                                     Reserved       
A17     MBUS_SPI_CLK       GPIO1PB1/CLKIN_S_5                                      Assigned       LVCMOS18  Inout      None          No                  ON           Up             No                                 OFF              ---              OFF                 120              OFF          OFF   8                  ---              5                 ---                       OFF           
A18     MBUS_SPI_CS        GPIO3NB1                                                Assigned       LVCMOS18  Inout      None          No                  ON           Up             No                                 OFF              ---              OFF                 120              OFF          OFF   8                  ---              5                 ---                       OFF           
A19     RPI_GPIO25         GPIO3PB1/CLKIN_S_6                                      Fixed          LVCMOS18  Inout      None          No                  ON           Up             No                                 OFF              ---              OFF                 120              OFF          OFF   8                  ---              5                 ---                       OFF           
A20     MBUS_UART_TXD      GPIO5PB1/CLKIN_S_7                                      Assigned       LVCMOS18  Input      None          No                  ON           Up             No                                 OFF              ---              OFF                 120              OFF          ---   ---                ---              ---               ---                       ---           
A21                        VSS                                                     Reserved       
AA1                        VSS                                                     Reserved       
AA2     A[11]              MSS_DDR_A11                                             Special        HSTL12I   Output     ---           ---                 ---          ---            ---                                ---              ---              ---                 ---              ---          ---   ---                ---              ---               ---                       ---           ---                ---              ---          OFF                     ---            ---                 ---                  ---                  ---                                ---                               34                     ---                           
AA3     BA[0]              MSS_DDR_BA0                                             Special        HSTL12I   Output     ---           ---                 ---          ---            ---                                ---              ---              ---                 ---              ---          ---   ---                ---              ---               ---                       ---           ---                ---              ---          OFF                     ---            ---                 ---                  ---                  ---                                ---                               34                     ---                           
AA4     RAS_N              MSS_DDR_A16                                             Special        HSTL12I   Output     ---           ---                 ---          ---            ---                                ---              ---              ---                 ---              ---          ---   ---                ---              ---               ---                       ---           ---                ---              ---          OFF                     ---            ---                 ---                  ---                  ---                                ---                               34                     ---                           
AA5     A[4]               MSS_DDR_A4                                              Special        HSTL12I   Output     ---           ---                 ---          ---            ---                                ---              ---              ---                 ---              ---          ---   ---                ---              ---               ---                       ---           ---                ---              ---          OFF                     ---            ---                 ---                  ---                  ---                                ---                               34                     ---                           
AA6                        VSS                                                     Reserved       
AA7     CK0_N              MSS_DDR_CK_N0                                           Special        HSTL12I   Output     ---           ---                 ---          ---            ---                                ---              ---              ---                 ---              ---          ---   ---                ---              ---               ---                       ---           ---                ---              ---          OFF                     ---            ---                 ---                  ---                  ---                                ---                               48                     ---                           
AA8     A[3]               MSS_DDR_A3                                              Special        HSTL12I   Output     ---           ---                 ---          ---            ---                                ---              ---              ---                 ---              ---          ---   ---                ---              ---               ---                       ---           ---                ---              ---          OFF                     ---            ---                 ---                  ---                  ---                                ---                               34                     ---                           
AA9     DQ[2]              MSS_DDR_DQ2                                             Special        POD12I    Inout      ---           ---                 ---          ---            ---                                ---              ---              ---                 ---              ---          ---   ---                ---              ---               ---                       ---           ---                ---              ---          OFF                     120            ---                 ---                  ---                  ---                                ---                               48                     ---                           
AA10    DQS[0]             MSS_DDR_DQS_P0                                          Special        POD12I    Inout      ---           ---                 ---          ---            ---                                ---              ---              ---                 ---              ---          ---   ---                ---              ---               ---                       ---           ---                ---              ---          OFF                     120            ---                 ---                  ---                  ---                                ---                               48                     ---                           
AA11                       VSS                                                     Reserved       
AA12    DQ[10]             MSS_DDR_DQ10                                            Special        POD12I    Inout      ---           ---                 ---          ---            ---                                ---              ---              ---                 ---              ---          ---   ---                ---              ---               ---                       ---           ---                ---              ---          OFF                     120            ---                 ---                  ---                  ---                                ---                               48                     ---                           
AA13    DQ[12]             MSS_DDR_DQ12                                            Special        POD12I    Inout      ---           ---                 ---          ---            ---                                ---              ---              ---                 ---              ---          ---   ---                ---              ---               ---                       ---           ---                ---              ---          OFF                     120            ---                 ---                  ---                  ---                                ---                               48                     ---                           
AA14    DQ[13]             MSS_DDR_DQ13                                            Special        POD12I    Inout      ---           ---                 ---          ---            ---                                ---              ---              ---                 ---              ---          ---   ---                ---              ---               ---                       ---           ---                ---              ---          OFF                     120            ---                 ---                  ---                  ---                                ---                               48                     ---                           
AA15    DIP4               HSIO76NB0                                               Fixed          LVCMOS18  Input      None          No                  ON           Up             No                                 OFF              ---              OFF                 120              OFF          ---   ---                ---              ---               ---                       ---           
AA16                       VSS                                                     Reserved       
AA17                       HSIO69PB0/DQS/CCC_NW_PLL0_OUT0                          Unassigned     
AA18    LED5               HSIO69NB0/DQS                                           Fixed          LVCMOS18  Output     None          No                  ON           None           No                                 ---              ---              ---                 120              ---          OFF   8                  ---              5                 ---                       OFF           
AA19    DIP8               HSIO67NB0                                               Fixed          LVCMOS18  Input      None          No                  ON           Up             No                                 OFF              ---              OFF                 120              OFF          ---   ---                ---              ---               ---                       ---           
AA20    DIP5               HSIO66NB0                                               Fixed          LVCMOS18  Input      None          No                  ON           Up             No                                 OFF              ---              OFF                 120              OFF          ---   ---                ---              ---               ---                       ---           
AA21                       VSS                                                     Reserved       
B1                         MSSIO27B2                                               Special        
B2      GPIO_1_20_OUT      MSSIO34B2                                               Special        LVCMOS33  Output     ---           ---                 ---          ---            ---                                ---              ---              ---                 ---              ---          ---   ---                ---              ---               ---                       ---           Up                 OFF              OFF          OFF                     ---            ---                 ---                  ---                  ---                                OFF                               8                      ---                           
B3                         VDDI2                                                   Reserved       
B4      SPI_1_DI           MSSIO33B2                                               Special        LVCMOS33  Input      ---           ---                 ---          ---            ---                                ---              ---              ---                 ---              ---          ---   ---                ---              ---               ---                       ---           Up                 OFF              OFF          OFF                     ---            ---                 OFF                  ---                  OFF                                ---                               ---                    ---                           
B5                         MSSIO29B2                                               Special        
B6                         SS                                                      Reserved       
B7                         TMS                                                     Reserved       
B8                         VDDI1                                                   Reserved       
B9                         TRSTB                                                   Reserved       
B10     RXD[1]             GPIO121PB1/CCC_SW_CLKIN_S_1                             Fixed          SSTL18I   Input      None          No                  ON           None           No                                 OFF              MID              ON                  50               OFF          ---   ---                ---              ---               ---                       ---           
B11     RXD_N[0]           GPIO122NB1/DQS                                          Fixed          SSTL18I   Input      None          No                  ON           None           No                                 OFF              MID              ON                  50               OFF          ---   ---                ---              ---               ---                       ---           
B12     RX_CLK_N           GPIO125NB1                                              Fixed          SSTL18I   Input      None          No                  ON           None           No                                 OFF              MID              ON                  50               OFF          ---   ---                ---              ---               ---                       ---           
B13                        VDDI1                                                   Reserved       
B14     RPI_GPIO20         GPIO129PB1/CCC_SW_PLL0_OUT0                             Fixed          LVCMOS18  Inout      None          No                  ON           Up             No                                 OFF              ---              OFF                 120              OFF          OFF   8                  ---              5                 ---                       OFF           
B15     RPI_GPIO16         GPIO129NB1                                              Fixed          LVCMOS18  Inout      None          No                  ON           Up             No                                 OFF              ---              OFF                 120              OFF          OFF   8                  ---              5                 ---                       OFF           
B16     MBUS_SPI_MOSI      GPIO131NB1                                              Assigned       LVCMOS18  Output     None          No                  ON           None           No                                 ---              ---              ---                 120              ---          OFF   8                  ---              5                 ---                       OFF           
B17     RPI_GPIO26         GPIO1NB1                                                Fixed          LVCMOS18  Inout      None          No                  ON           Up             No                                 OFF              ---              OFF                 120              OFF          OFF   8                  ---              5                 ---                       OFF           
B18                        VDDI1                                                   Reserved       
B19     RPI_GPIO19         GPIO0PB1/CLKIN_S_4                                      Fixed          LVCMOS18  Inout      None          No                  ON           Up             No                                 OFF              ---              OFF                 120              OFF          OFF   8                  ---              5                 ---                       OFF           
B20     RPI_GPIO12         GPIO0NB1                                                Fixed          LVCMOS18  Inout      None          No                  ON           Up             No                                 OFF              ---              OFF                 120              OFF          OFF   8                  ---              5                 ---                       OFF           
B21     MBUS_SPI_MISO      GPIO5NB1                                                Assigned       LVCMOS18  Input      None          No                  ON           Up             No                                 OFF              ---              OFF                 120              OFF          ---   ---                ---              ---               ---                       ---           
C1                         MSSIO37B2                                               Special        
C2                         MSSIO35B2                                               Special        
C6                         SCK                                                     Reserved       
C11     RXD[0]             GPIO122PB1/DQS/CCC_SW_PLL1_OUT0                         Fixed          SSTL18I   Input      None          No                  ON           None           No                                 OFF              MID              ON                  50               OFF          ---   ---                ---              ---               ---                       ---           
C16                        GPIO130NB1                                              Unassigned     
C20                        GPIO4NB1/LPRB_B                                         User Reserved  
C21                        GPIO4PB1/LPRB_A                                         User Reserved  
D1                         MSSIO36B2                                               Special        
D2                         VDDI2                                                   Reserved       
D4                         VSS                                                     Reserved       
D5      SPI_1_SS0          MSSIO31B2                                               Special        LVCMOS33  Inout      ---           ---                 ---          ---            ---                                ---              ---              ---                 ---              ---          ---   ---                ---              ---               ---                       ---           Up                 OFF              OFF          OFF                     ---            ---                 OFF                  ---                  OFF                                OFF                               8                      ---                           
D6      SPI_1_CLK          MSSIO30B2                                               Special        LVCMOS33  Inout      ---           ---                 ---          ---            ---                                ---              ---              ---                 ---              ---          ---   ---                ---              ---               ---                       ---           Up                 OFF              OFF          OFF                     ---            ---                 OFF                  ---                  OFF                                OFF                               8                      ---                           
D7                         VSS                                                     Reserved       
D8                         SDI                                                     Reserved       
D9                         VSS                                                     Reserved       
D10                        VDDI1                                                   Reserved       
D11                        GPIO124PB1/CCC_SW_PLL1_OUT1                             Unassigned     
D12                        GPIO124NB1                                              Unassigned     
D13                        GPIO128PB1/DQS/CCC_SW_PLL0_OUT0                         Unassigned     
D14                        VSS                                                     Reserved       
D15     MAC_0_MDC          GPIO130PB1/CCC_SW_PLL0_OUT1                             Fixed          LVCMOS18  Output     None          No                  ON           None           No                                 ---              ---              ---                 120              ---          OFF   8                  ---              5                 ---                       OFF           
D16     MDIO_PAD           GPIO9NB1                                                Fixed          LVCMOS18  Inout      None          No                  ON           Up             No                                 OFF              ---              OFF                 120              OFF          OFF   8                  ---              5                 ---                       OFF           
D17     RPI_GPIO5          GPIO2NB1/DQS                                            Fixed          LVCMOS18  Inout      None          No                  ON           Up             No                                 OFF              ---              OFF                 120              OFF          OFF   8                  ---              5                 ---                       OFF           
D18     RPI_GPIO6          GPIO2PB1/DQS                                            Fixed          LVCMOS18  Inout      None          No                  ON           Up             No                                 OFF              ---              OFF                 120              OFF          OFF   8                  ---              5                 ---                       OFF           
D20                        VDDI1                                                   Reserved       
D21     MBUS_UART_RXD      GPIO11PB1/CLKIN_S_9/CCC_SE_CLKIN_S_9                    Assigned       LVCMOS18  Output     None          No                  ON           None           No                                 ---              ---              ---                 120              ---          OFF   8                  ---              5                 ---                       OFF           
E1      GPIO_1_9_OUT       MSSIO23B2                                               Special        LVCMOS33  Output     ---           ---                 ---          ---            ---                                ---              ---              ---                 ---              ---          ---   ---                ---              ---               ---                       ---           Up                 OFF              OFF          OFF                     ---            ---                 ---                  ---                  ---                                OFF                               8                      ---                           
E2                         MSSIO22B2                                               Special        
E4                         MSSIO24B2                                               Special        
E5                         MSSIO21B2                                               Special        
E6                         MSSIO25B2                                               Special        
E7                         VDDI3                                                   Reserved       
E8                         DEVRST_N                                                Reserved       
E9                         IO_CFG_INTF                                             Reserved       
E10     RPI_GPIO18         GPIO120PB1/CCC_SW_CLKIN_S_0                             Fixed          LVCMOS18  Inout      None          No                  ON           Up             No                                 OFF              ---              OFF                 120              OFF          OFF   8                  ---              5                 ---                       OFF           
E11                        GPIO120NB1                                              Unassigned     
E12     RPI_GPIO4          GPIO123PB1/CLKIN_S_2/CCC_SW_CLKIN_S_2/CCC_SW_PLL1_OUT0  Fixed          LVCMOS18  Inout      None          No                  ON           Up             No                                 OFF              ---              OFF                 120              OFF          OFF   8                  ---              5                 ---                       OFF           
E13     RPI_GPIO21         GPIO128NB1/DQS                                          Fixed          LVCMOS18  Inout      None          No                  ON           Up             No                                 OFF              ---              OFF                 120              OFF          OFF   8                  ---              5                 ---                       OFF           
E14                        GPIO126NB1                                              Unassigned     
E15                        GPIO126PB1                                              Unassigned     
E16                        VDDI1                                                   Reserved       
E17     MBUS_PWM           GPIO9PB1/CLKIN_S_8/CCC_SE_CLKIN_S_8/CCC_SE_PLL0_OUT0    Assigned       LVCMOS18  Output     None          No                  ON           None           No                                 ---              ---              ---                 120              ---          OFF   8                  ---              5                 ---                       OFF           
E18     RPI_I2C_SDA        GPIO16NB1                                               Fixed          LVCMOS18  Inout      None          No                  ON           Up             No                                 OFF              ---              OFF                 120              OFF          OFF   8                  ---              5                 ---                       OFF           
E20     VSC_TXDIS_SRESETN  GPIO15NB1                                               Fixed          LVCMOS18  Output     None          No                  ON           None           No                                 ---              ---              ---                 120              ---          OFF   8                  ---              5                 ---                       OFF           
E21     RPI_GPIO23         GPIO11NB1                                               Fixed          LVCMOS18  Inout      None          No                  ON           Up             No                                 OFF              ---              OFF                 120              OFF          OFF   8                  ---              5                 ---                       OFF           
F1                         VSS                                                     Reserved       
F2      MMUART_1_RXD       MSSIO19B2                                               Special        LVCMOS33  Input      ---           ---                 ---          ---            ---                                ---              ---              ---                 ---              ---          ---   ---                ---              ---               ---                       ---           Up                 OFF              OFF          OFF                     ---            ---                 OFF                  ---                  OFF                                ---                               ---                    ---                           
F3                         MSSIO14B2                                               Special        
F4      MMUART_1_TXD       MSSIO20B2                                               Special        LVCMOS33  Output     ---           ---                 ---          ---            ---                                ---              ---              ---                 ---              ---          ---   ---                ---              ---               ---                       ---           Up                 OFF              OFF          OFF                     ---            ---                 ---                  ---                  ---                                OFF                               8                      ---                           
F5                         VDDAUX2                                                 Reserved       
F17                        VDDAUX1                                                 Reserved       
F18     RPI_I2C_SCL        GPIO16PB1/CCC_SE_PLL1_OUT1                              Fixed          LVCMOS18  Inout      None          No                  ON           Up             No                                 OFF              ---              OFF                 120              OFF          OFF   8                  ---              5                 ---                       OFF           
F19     RPI_GPIO24         GPIO15PB1/CCC_SE_CLKIN_S_10/CCC_SE_PLL1_OUT0            Fixed          LVCMOS18  Inout      None          No                  ON           Up             No                                 OFF              ---              OFF                 120              OFF          OFF   8                  ---              5                 ---                       OFF           
F20     RPI_GPIO22         GPIO17PB1/CCC_SE_CLKIN_S_11                             Fixed          LVCMOS18  Inout      None          No                  ON           Up             No                                 OFF              ---              OFF                 120              OFF          OFF   8                  ---              5                 ---                       OFF           
F21     RPI_GPIO27         GPIO17NB1                                               Fixed          LVCMOS18  Inout      None          No                  ON           Up             No                                 OFF              ---              OFF                 120              OFF          OFF   8                  ---              5                 ---                       OFF           
G1                         MSSIO18B2                                               Special        
G2      MMUART_4_RXD       MSSIO15B2                                               Special        LVCMOS33  Input      ---           ---                 ---          ---            ---                                ---              ---              ---                 ---              ---          ---   ---                ---              ---               ---                       ---           Up                 OFF              OFF          OFF                     ---            ---                 OFF                  ---                  OFF                                ---                               ---                    ---                           
G4                         VDDAUX2                                                 Reserved       
G5                         MSSIO17B2                                               Special        
G7                         VDD25                                                   Reserved       
G8                         VDDI3                                                   Reserved       
G9                         RESERVED                                                Reserved       
G10                        SPI_EN                                                  Reserved       
G11                        VDDAUX1                                                 Reserved       
G12                        GPIO123NB1                                              Unassigned     
G13                        VDDAUX1                                                 Reserved       
G14                        VSS                                                     Reserved       
G15                        VDDI1                                                   Reserved       
G17     mBUS_INT           GPIO14PB1/DQS/CCC_SE_PLL1_OUT0                          Fixed          LVCMOS18  Input      None          No                  ON           None           No                                 OFF              ---              OFF                 120              OFF          ---   ---                ---              ---               ---                       ---           
G18     RPI_GPIO17         GPIO14NB1/DQS                                           Fixed          LVCMOS18  Inout      None          No                  ON           Up             No                                 OFF              ---              OFF                 120              OFF          OFF   8                  ---              5                 ---                       OFF           
G20                        XCVR_VREF                                               Reserved       
G21                        VSS                                                     Reserved       
H1      SD_VOLT_EN         MSSIO10B4                                               Special        LVCMOS18  Output     ---           ---                 ---          ---            ---                                ---              ---              ---                 ---              ---          ---   ---                ---              ---               ---                       ---           Up                 OFF              OFF          OFF                     ---            ---                 ---                  ---                  ---                                OFF                               10                     ---                           
H2                         MSSIO7B4                                                Special        
H4      MMUART_4_TXD       MSSIO16B2                                               Special        LVCMOS33  Output     ---           ---                 ---          ---            ---                                ---              ---              ---                 ---              ---          ---   ---                ---              ---               ---                       ---           Up                 OFF              OFF          OFF                     ---            ---                 ---                  ---                  ---                                OFF                               8                      ---                           
H5                         VDDI2                                                   Reserved       
H7                         VSS                                                     Reserved       
H15                        VDD25                                                   Reserved       
H17                        VSS                                                     Reserved       
H18                        XCVR_VREF                                               Reserved       
H20                        XCVR_0_TX0_N                                            Reserved       
H21                        XCVR_0_TX0_P                                            Reserved       
J1      SD_VOLT_DIR_1_3    MSSIO13B4                                               Special        LVCMOS18  Output     ---           ---                 ---          ---            ---                                ---              ---              ---                 ---              ---          ---   ---                ---              ---               ---                       ---           Up                 OFF              OFF          OFF                     ---            ---                 ---                  ---                  ---                                OFF                               10                     ---                           
J2                         VDDI4                                                   Reserved       
J4                         VSS                                                     Reserved       
J5                         VDDAUX4                                                 Reserved       
J7                         VDDAUX4                                                 Reserved       
J9                         VSS                                                     Reserved       
J10                        VDD                                                     Reserved       
J11                        VSS                                                     Reserved       
J12                        VDD                                                     Reserved       
J13                        VSS                                                     Reserved       
J15                        VSS                                                     Reserved       
J17                        XCVR_0A_REFCLK_N                                        Reserved       
J18                        XCVR_0A_REFCLK_P                                        Reserved       
J20                        VDDA                                                    Reserved       
J21                        VSS                                                     Reserved       
K1      SD_DATA1           MSSIO3B4                                                Special        LVCMOS18  Inout      ---           ---                 ---          ---            ---                                ---              ---              ---                 ---              ---          ---   ---                ---              ---               ---                       ---           Up                 OFF              OFF          OFF                     ---            ---                 ON                   ---                  OFF                                OFF                               10                     ---                           
K2      SD_CD              MSSIO6B4                                                Special        LVCMOS18  Input      ---           ---                 ---          ---            ---                                ---              ---              ---                 ---              ---          ---   ---                ---              ---               ---                       ---           Up                 OFF              OFF          OFF                     ---            ---                 ON                   ---                  OFF                                ---                               ---                    ---                           
K4      SD_VOLT_CMD_DIR    MSSIO11B4                                               Special        LVCMOS18  Output     ---           ---                 ---          ---            ---                                ---              ---              ---                 ---              ---          ---   ---                ---              ---               ---                       ---           Up                 OFF              OFF          OFF                     ---            ---                 ---                  ---                  ---                                OFF                               10                     ---                           
K5      SD_VOLT_DIR_0      MSSIO12B4                                               Special        LVCMOS18  Output     ---           ---                 ---          ---            ---                                ---              ---              ---                 ---              ---          ---   ---                ---              ---               ---                       ---           Up                 OFF              OFF          OFF                     ---            ---                 ---                  ---                  ---                                OFF                               10                     ---                           
K7      SD_VOLT_SEL        MSSIO9B4                                                Special        LVCMOS18  Output     ---           ---                 ---          ---            ---                                ---              ---              ---                 ---              ---          ---   ---                ---              ---               ---                       ---           Up                 OFF              OFF          OFF                     ---            ---                 ---                  ---                  ---                                OFF                               10                     ---                           
K9                         VDD                                                     Reserved       
K10                        VSS                                                     Reserved       
K11                        VDD                                                     Reserved       
K12                        VSS                                                     Reserved       
K13                        VDD                                                     Reserved       
K15                        VDD                                                     Reserved       
K17                        VDD_XCVR_CLK                                            Reserved       
K18                        VSS                                                     Reserved       
K20                        XCVR_0_RX0_N                                            Reserved       
K21                        XCVR_0_RX0_P                                            Reserved       
L1                         VSS                                                     Reserved       
L2      SD_CLK             MSSIO0B4                                                Special        LVCMOS18  Output     ---           ---                 ---          ---            ---                                ---              ---              ---                 ---              ---          ---   ---                ---              ---               ---                       ---           Up                 OFF              OFF          OFF                     ---            ---                 ---                  ---                  ---                                OFF                               10                     ---                           
L3      SD_DATA0           MSSIO2B4                                                Special        LVCMOS18  Inout      ---           ---                 ---          ---            ---                                ---              ---              ---                 ---              ---          ---   ---                ---              ---               ---                       ---           Up                 OFF              OFF          OFF                     ---            ---                 ON                   ---                  OFF                                OFF                               10                     ---                           
L4                         VDDI4                                                   Reserved       
L5      SD_DATA3           MSSIO5B4                                                Special        LVCMOS18  Inout      ---           ---                 ---          ---            ---                                ---              ---              ---                 ---              ---          ---   ---                ---              ---               ---                       ---           Up                 OFF              OFF          OFF                     ---            ---                 ON                   ---                  OFF                                OFF                               10                     ---                           
L7                         MSSIO8B4                                                Special        
L9                         VSS                                                     Reserved       
L10                        VDD                                                     Reserved       
L11                        VSS                                                     Reserved       
L12                        VDD                                                     Reserved       
L13                        VSS                                                     Reserved       
L15                        VSS                                                     Reserved       
L17                        VDDA25                                                  Reserved       
L18                        VDDA                                                    Reserved       
L19                        VDDA25                                                  Reserved       
L20                        VDDA                                                    Reserved       
L21                        VSS                                                     Reserved       
M1      SGMII_RX0_N        MSS_SGMII_RXN0                                          Special        LVDS33    Input      ---           ---                 ---          ---            ---                                ---              ---              ---                 ---              ---          ---   ---                ---              ---               ---                       ---           None               ---              ---          OFF                     100            ---                 ---                  MID                  ---                                ---                               ---                    ---                           
M2      SGMII_RX0_P        MSS_SGMII_RXP0                                          Special        LVDS33    Input      ---           ---                 ---          ---            ---                                ---              ---              ---                 ---              ---          ---   ---                ---              ---               ---                       ---           None               ---              ---          OFF                     100            ---                 ---                  MID                  ---                                ---                               ---                    ---                           
M4      SD_CMD             MSSIO1B4                                                Special        LVCMOS18  Inout      ---           ---                 ---          ---            ---                                ---              ---              ---                 ---              ---          ---   ---                ---              ---               ---                       ---           Up                 OFF              OFF          OFF                     ---            ---                 ON                   ---                  OFF                                OFF                               10                     ---                           
M5      SD_DATA2           MSSIO4B4                                                Special        LVCMOS18  Inout      ---           ---                 ---          ---            ---                                ---              ---              ---                 ---              ---          ---   ---                ---              ---               ---                       ---           Up                 OFF              OFF          OFF                     ---            ---                 ON                   ---                  OFF                                OFF                               10                     ---                           
M7                         VDDI5                                                   Reserved       
M9                         VDD                                                     Reserved       
M10                        VSS                                                     Reserved       
M11                        VDD                                                     Reserved       
M12                        VSS                                                     Reserved       
M13                        VDD                                                     Reserved       
M15                        VDD                                                     Reserved       
M17                        VDD_XCVR_CLK                                            Reserved       
M18                        VSS                                                     Reserved       
M20                        XCVR_0_TX2_N                                            Reserved       
M21                        XCVR_0_TX2_P                                            Reserved       
N1                         MSS_SGMII_TXP1                                          Special        
N2                         VDDI5                                                   Reserved       
N4                         VSS                                                     Reserved       
N5      SGMII_TX0_N        MSS_SGMII_TXN0                                          Special        LVDS33    Output     ---           ---                 ---          ---            ---                                ---              ---              ---                 ---              ---          ---   ---                ---              ---               ---                       ---           None               ---              ---          OFF                     ---            ---                 ---                  ---                  ---                                ---                               6                      100                           
N7      SGMII_TX0_P        MSS_SGMII_TXP0                                          Special        LVDS33    Output     ---           ---                 ---          ---            ---                                ---              ---              ---                 ---              ---          ---   ---                ---              ---               ---                       ---           None               ---              ---          OFF                     ---            ---                 ---                  ---                  ---                                ---                               6                      100                           
N9                         VSS                                                     Reserved       
N10                        VDD                                                     Reserved       
N11                        VSS                                                     Reserved       
N12                        VDD                                                     Reserved       
N13                        VSS                                                     Reserved       
N15                        VSS                                                     Reserved       
N17                        XCVR_0B_REFCLK_N                                        Reserved       
N18                        XCVR_0B_REFCLK_P                                        Reserved       
N20                        VDDA                                                    Reserved       
N21                        VSS                                                     Reserved       
P1                         MSS_SGMII_TXN1                                          Special        
P2                         MSS_SGMII_RXP1                                          Special        
P4      REFCLK_N           MSS_REFCLK_IN_N                                         Special        LVDS25    Input      ---           ---                 ---          ---            ---                                ---              ---              ---                 ---              ---          ---   ---                ---              ---               ---                       ---           ---                ---              ---          OFF                     100            ---                 ---                  ---                  ---                                ---                               ---                    ---                           
P5      REFCLK             MSS_REFCLK_IN_P                                         Special        LVDS25    Input      ---           ---                 ---          ---            ---                                ---              ---              ---                 ---              ---          ---   ---                ---              ---               ---                       ---           ---                ---              ---          OFF                     100            ---                 ---                  ---                  ---                                ---                               ---                    ---                           
P7                         VDD18                                                   Reserved       
P15                        VDD18                                                   Reserved       
P17                        VSS                                                     Reserved       
P18                        VSS                                                     Reserved       
P20                        XCVR_0_RX2_N                                            Reserved       
P21                        XCVR_0_RX2_P                                            Reserved       
R1      CKE0               MSS_DDR_CKE0                                            Special        HSTL12I   Output     ---           ---                 ---          ---            ---                                ---              ---              ---                 ---              ---          ---   ---                ---              ---               ---                       ---           ---                ---              ---          OFF                     ---            ---                 ---                  ---                  ---                                ---                               34                     ---                           
R2                         MSS_SGMII_RXN1                                          Special        
R4                         MSS_DDR_ALERT_N                                         Special        
R5                         VDDI6                                                   Reserved       
R7                         VDD25                                                   Reserved       
R8                         VSS                                                     Reserved       
R9                         MSS_DDR_VREF_IN                                         Special        
R10                        VDD18                                                   Reserved       
R11     DQ[5]              MSS_DDR_DQ5                                             Special        POD12I    Inout      ---           ---                 ---          ---            ---                                ---              ---              ---                 ---              ---          ---   ---                ---              ---               ---                       ---           ---                ---              ---          OFF                     120            ---                 ---                  ---                  ---                                ---                               48                     ---                           
R12                        VDD18                                                   Reserved       
R13     DQ[9]              MSS_DDR_DQ9                                             Special        POD12I    Inout      ---           ---                 ---          ---            ---                                ---              ---              ---                 ---              ---          ---   ---                ---              ---               ---                       ---           ---                ---              ---          OFF                     120            ---                 ---                  ---                  ---                                ---                               48                     ---                           
R14     DQ[15]             MSS_DDR_DQ15                                            Special        POD12I    Inout      ---           ---                 ---          ---            ---                                ---              ---              ---                 ---              ---          ---   ---                ---              ---               ---                       ---           ---                ---              ---          OFF                     120            ---                 ---                  ---                  ---                                ---                               48                     ---                           
R15                        VDD25                                                   Reserved       
R17     DIP3               HSIO56NB0                                               Fixed          LVCMOS18  Input      None          No                  ON           Up             No                                 OFF              ---              OFF                 120              OFF          ---   ---                ---              ---               ---                       ---           
R18     REF_CLK_50MHz      HSIO56PB0/CLKIN_N_8/CCC_NE_CLKIN_N_8/CCC_NE_PLL1_OUT0   Fixed          LVCMOS18  Input      None          No                  ON           Up             No                                 OFF              ---              OFF                 120              OFF          ---   ---                ---              ---               ---                       ---           
R20                        VSS                                                     Reserved       
R21                        VSS                                                     Reserved       
T1                         VSS                                                     Reserved       
T2      ODT0               MSS_DDR_ODT0                                            Special        HSTL12I   Output     ---           ---                 ---          ---            ---                                ---              ---              ---                 ---              ---          ---   ---                ---              ---               ---                       ---           ---                ---              ---          OFF                     ---            ---                 ---                  ---                  ---                                ---                               34                     ---                           
T3      RESET_N            MSS_DDR_RAM_RST_N/DDR_PLL0_OUT1                         Special        HSTL12I   Output     ---           ---                 ---          ---            ---                                ---              ---              ---                 ---              ---          ---   ---                ---              ---               ---                       ---           ---                ---              ---          OFF                     ---            ---                 ---                  ---                  ---                                ---                               34                     ---                           
T4                         MSS_DDR_PARITY                                          Special        
T5      ACT_N              MSS_DDR_ACT_N                                           Special        HSTL12I   Output     ---           ---                 ---          ---            ---                                ---              ---              ---                 ---              ---          ---   ---                ---              ---               ---                       ---           ---                ---              ---          OFF                     ---            ---                 ---                  ---                  ---                                ---                               34                     ---                           
T17                        HSIO55PB0/CCC_NE_PLL1_OUT1                              Unassigned     
T18     LED1               HSIO54PB0/CLKIN_N_9/CCC_NE_CLKIN_N_9                    Fixed          LVCMOS18  Output     None          No                  ON           None           No                                 ---              ---              ---                 120              ---          OFF   8                  ---              5                 ---                       OFF           
T19     SWITCH1            HSIO54NB0                                               Fixed          LVCMOS18  Input      None          No                  ON           Up             No                                 OFF              ---              OFF                 120              OFF          ---   ---                ---              ---               ---                       ---           
T20     I2C_SDA            HSIO50NB0                                               Fixed          LVCMOS18  Inout      None          No                  ON           Up             No                                 OFF              ---              OFF                 120              OFF          OFF   8                  ---              5                 ---                       OFF           
T21     I2C_SCL            HSIO50PB0/CCC_NE_CLKIN_N_10/CCC_NE_PLL0_OUT0            Fixed          LVCMOS18  Inout      None          No                  ON           Up             No                                 OFF              ---              OFF                 120              OFF          OFF   8                  ---              5                 ---                       OFF           
U1      BG0                MSS_DDR_BG0                                             Special        HSTL12I   Output     ---           ---                 ---          ---            ---                                ---              ---              ---                 ---              ---          ---   ---                ---              ---               ---                       ---           ---                ---              ---          OFF                     ---            ---                 ---                  ---                  ---                                ---                               34                     ---                           
U2                         MSS_DDR_BG1                                             Special        
U4      CS0_N              MSS_DDR_CS0                                             Special        HSTL12I   Output     ---           ---                 ---          ---            ---                                ---              ---              ---                 ---              ---          ---   ---                ---              ---               ---                       ---           ---                ---              ---          OFF                     ---            ---                 ---                  ---                  ---                                ---                               34                     ---                           
U5      BA[1]              MSS_DDR_BA1                                             Special        HSTL12I   Output     ---           ---                 ---          ---            ---                                ---              ---              ---                 ---              ---          ---   ---                ---              ---               ---                       ---           ---                ---              ---          OFF                     ---            ---                 ---                  ---                  ---                                ---                               34                     ---                           
U6      A[8]               MSS_DDR_A8                                              Special        HSTL12I   Output     ---           ---                 ---          ---            ---                                ---              ---              ---                 ---              ---          ---   ---                ---              ---               ---                       ---           ---                ---              ---          OFF                     ---            ---                 ---                  ---                  ---                                ---                               34                     ---                           
U7      A[6]               MSS_DDR_A6                                              Special        HSTL12I   Output     ---           ---                 ---          ---            ---                                ---              ---              ---                 ---              ---          ---   ---                ---              ---               ---                       ---           ---                ---              ---          OFF                     ---            ---                 ---                  ---                  ---                                ---                               34                     ---                           
U8      A[9]               MSS_DDR_A9                                              Special        HSTL12I   Output     ---           ---                 ---          ---            ---                                ---              ---              ---                 ---              ---          ---   ---                ---              ---               ---                       ---           ---                ---              ---          OFF                     ---            ---                 ---                  ---                  ---                                ---                               34                     ---                           
U9      DQ[4]              MSS_DDR_DQ4                                             Special        POD12I    Inout      ---           ---                 ---          ---            ---                                ---              ---              ---                 ---              ---          ---   ---                ---              ---               ---                       ---           ---                ---              ---          OFF                     120            ---                 ---                  ---                  ---                                ---                               48                     ---                           
U10     DQ[1]              MSS_DDR_DQ1                                             Special        POD12I    Inout      ---           ---                 ---          ---            ---                                ---              ---              ---                 ---              ---          ---   ---                ---              ---               ---                       ---           ---                ---              ---          OFF                     120            ---                 ---                  ---                  ---                                ---                               48                     ---                           
U11                        VDDI6                                                   Reserved       
U12     DQS_N[1]           MSS_DDR_DQS_N1                                          Special        POD12I    Inout      ---           ---                 ---          ---            ---                                ---              ---              ---                 ---              ---          ---   ---                ---              ---               ---                       ---           ---                ---              ---          OFF                     120            ---                 ---                  ---                  ---                                ---                               48                     ---                           
U13     DQ[8]              MSS_DDR_DQ8                                             Special        POD12I    Inout      ---           ---                 ---          ---            ---                                ---              ---              ---                 ---              ---          ---   ---                ---              ---               ---                       ---           ---                ---              ---          OFF                     120            ---                 ---                  ---                  ---                                ---                               48                     ---                           
U14     DQ[14]             MSS_DDR_DQ14                                            Special        POD12I    Inout      ---           ---                 ---          ---            ---                                ---              ---              ---                 ---              ---          ---   ---                ---              ---               ---                       ---           ---                ---              ---          OFF                     120            ---                 ---                  ---                  ---                                ---                               48                     ---                           
U15     LED7               HSIO75NB0/DQS                                           Fixed          LVCMOS18  Output     None          No                  ON           None           No                                 ---              ---              ---                 120              ---          OFF   8                  ---              5                 ---                       OFF           
U16                        VDDI0                                                   Reserved       
U17     DIP1               HSIO55NB0                                               Fixed          LVCMOS18  Input      None          No                  ON           Up             No                                 OFF              ---              OFF                 120              OFF          ---   ---                ---              ---               ---                       ---           
U18     SWITCH2            HSIO57NB0/DQS                                           Fixed          LVCMOS18  Input      None          No                  ON           Up             No                                 OFF              ---              OFF                 120              OFF          ---   ---                ---              ---               ---                       ---           
U20     LED3               HSIO48NB0                                               Fixed          LVCMOS18  Output     None          No                  ON           None           No                                 ---              ---              ---                 120              ---          OFF   8                  ---              5                 ---                       OFF           
U21     LED4               HSIO48PB0/CCC_NE_CLKIN_N_11                             Fixed          LVCMOS18  Output     None          No                  ON           None           No                                 ---              ---              ---                 120              ---          OFF   8                  ---              5                 ---                       OFF           
V1      A[12]              MSS_DDR_A12                                             Special        HSTL12I   Output     ---           ---                 ---          ---            ---                                ---              ---              ---                 ---              ---          ---   ---                ---              ---               ---                       ---           ---                ---              ---          OFF                     ---            ---                 ---                  ---                  ---                                ---                               34                     ---                           
V2                         VDDI6                                                   Reserved       
V4                         VSS                                                     Reserved       
V5                         MSS_DDR3_WE_N                                           Special        
V6                         VDDI6                                                   Reserved       
V7      A[7]               MSS_DDR_A7                                              Special        HSTL12I   Output     ---           ---                 ---          ---            ---                                ---              ---              ---                 ---              ---          ---   ---                ---              ---               ---                       ---           ---                ---              ---          OFF                     ---            ---                 ---                  ---                  ---                                ---                               34                     ---                           
V8      A[2]               MSS_DDR_A2                                              Special        HSTL12I   Output     ---           ---                 ---          ---            ---                                ---              ---              ---                 ---              ---          ---   ---                ---              ---               ---                       ---           ---                ---              ---          OFF                     ---            ---                 ---                  ---                  ---                                ---                               34                     ---                           
V9                         VSS                                                     Reserved       
V10     DQ[0]              MSS_DDR_DQ0                                             Special        POD12I    Inout      ---           ---                 ---          ---            ---                                ---              ---              ---                 ---              ---          ---   ---                ---              ---               ---                       ---           ---                ---              ---          OFF                     120            ---                 ---                  ---                  ---                                ---                               48                     ---                           
V11     DM[0]              MSS_DDR_DM0                                             Special        POD12I    Output     ---           ---                 ---          ---            ---                                ---              ---              ---                 ---              ---          ---   ---                ---              ---               ---                       ---           ---                ---              ---          OFF                     ---            ---                 ---                  ---                  ---                                ---                               48                     ---                           
V12     DQS[1]             MSS_DDR_DQS_P1                                          Special        POD12I    Inout      ---           ---                 ---          ---            ---                                ---              ---              ---                 ---              ---          ---   ---                ---              ---               ---                       ---           ---                ---              ---          OFF                     120            ---                 ---                  ---                  ---                                ---                               48                     ---                           
V13     DM[1]              MSS_DDR_DM1                                             Special        POD12I    Output     ---           ---                 ---          ---            ---                                ---              ---              ---                 ---              ---          ---   ---                ---              ---               ---                       ---           ---                ---              ---          OFF                     ---            ---                 ---                  ---                  ---                                ---                               48                     ---                           
V14                        VSS                                                     Reserved       
V15                        HSIO75PB0/DQS/CCC_NW_PLL1_OUT0                          Unassigned     
V16     LED6               HSIO77PB0/CCC_NW_CLKIN_N_0                              Fixed          LVCMOS18  Output     None          No                  ON           None           No                                 ---              ---              ---                 120              ---          OFF   8                  ---              5                 ---                       OFF           
V17     LED2               HSIO77NB0                                               Fixed          LVCMOS18  Output     None          No                  ON           None           No                                 ---              ---              ---                 120              ---          OFF   8                  ---              5                 ---                       OFF           
V18     MBUS_AN            HSIO57PB0/DQS/CCC_NE_PLL1_OUT0                          Assigned       LVCMOS18  Output     None          No                  ON           None           No                                 ---              ---              ---                 120              ---          OFF   8                  ---              5                 ---                       OFF           
V20                        VDDI0                                                   Reserved       
V21     DIP7               HSIO68NB0                                               Fixed          LVCMOS18  Input      None          No                  ON           Up             No                                 OFF              ---              OFF                 120              OFF          ---   ---                ---              ---               ---                       ---           
W1      A[13]              MSS_DDR_A13                                             Special        HSTL12I   Output     ---           ---                 ---          ---            ---                                ---              ---              ---                 ---              ---          ---   ---                ---              ---               ---                       ---           ---                ---              ---          OFF                     ---            ---                 ---                  ---                  ---                                ---                               34                     ---                           
W2      CAS_N              MSS_DDR_A15                                             Special        HSTL12I   Output     ---           ---                 ---          ---            ---                                ---              ---              ---                 ---              ---          ---   ---                ---              ---               ---                       ---           ---                ---              ---          OFF                     ---            ---                 ---                  ---                  ---                                ---                               34                     ---                           
W6      A[0]               MSS_DDR_A0                                              Special        HSTL12I   Output     ---           ---                 ---          ---            ---                                ---              ---              ---                 ---              ---          ---   ---                ---              ---               ---                       ---           ---                ---              ---          OFF                     ---            ---                 ---                  ---                  ---                                ---                               34                     ---                           
W11     DQ[7]              MSS_DDR_DQ7                                             Special        POD12I    Inout      ---           ---                 ---          ---            ---                                ---              ---              ---                 ---              ---          ---   ---                ---              ---               ---                       ---           ---                ---              ---          OFF                     120            ---                 ---                  ---                  ---                                ---                               48                     ---                           
W16     SPISCLKO           HSIO73PB0/CCC_NW_PLL1_OUT1                              Fixed          LVCMOS18  Output     None          No                  ON           None           No                                 ---              ---              ---                 120              ---          OFF   8                  ---              5                 ---                       OFF           
W20                        HSIO68PB0/CLKIN_N_4/CCC_NW_PLL0_OUT0                    Unassigned     
W21     FTDI_UART_D_TXD    HSIO71NB0                                               Fixed          LVCMOS18  Input      None          No                  ON           Up             No                                 OFF              ---              OFF                 120              OFF          ---   ---                ---              ---               ---                       ---           
Y1                         VDDI6                                                   Reserved       
Y2      A[10]              MSS_DDR_A10                                             Special        HSTL12I   Output     ---           ---                 ---          ---            ---                                ---              ---              ---                 ---              ---          ---   ---                ---              ---               ---                       ---           ---                ---              ---          OFF                     ---            ---                 ---                  ---                  ---                                ---                               34                     ---                           
Y3      WE_N               MSS_DDR_A14                                             Special        HSTL12I   Output     ---           ---                 ---          ---            ---                                ---              ---              ---                 ---              ---          ---   ---                ---              ---               ---                       ---           ---                ---              ---          OFF                     ---            ---                 ---                  ---                  ---                                ---                               34                     ---                           
Y4                         VDDI6                                                   Reserved       
Y5      A[5]               MSS_DDR_A5                                              Special        HSTL12I   Output     ---           ---                 ---          ---            ---                                ---              ---              ---                 ---              ---          ---   ---                ---              ---               ---                       ---           ---                ---              ---          OFF                     ---            ---                 ---                  ---                  ---                                ---                               34                     ---                           
Y6      A[1]               MSS_DDR_A1                                              Special        HSTL12I   Output     ---           ---                 ---          ---            ---                                ---              ---              ---                 ---              ---          ---   ---                ---              ---               ---                       ---           ---                ---              ---          OFF                     ---            ---                 ---                  ---                  ---                                ---                               34                     ---                           
Y7      CK0                MSS_DDR_CK0/DDR_PLL0_OUT0                               Special        HSTL12I   Output     ---           ---                 ---          ---            ---                                ---              ---              ---                 ---              ---          ---   ---                ---              ---               ---                       ---           ---                ---              ---          OFF                     ---            ---                 ---                  ---                  ---                                ---                               48                     ---                           
Y8                         VDDI6                                                   Reserved       
Y9      DQ[3]              MSS_DDR_DQ3                                             Special        POD12I    Inout      ---           ---                 ---          ---            ---                                ---              ---              ---                 ---              ---          ---   ---                ---              ---               ---                       ---           ---                ---              ---          OFF                     120            ---                 ---                  ---                  ---                                ---                               48                     ---                           
Y10     DQS_N[0]           MSS_DDR_DQS_N0                                          Special        POD12I    Inout      ---           ---                 ---          ---            ---                                ---              ---              ---                 ---              ---          ---   ---                ---              ---               ---                       ---           ---                ---              ---          OFF                     120            ---                 ---                  ---                  ---                                ---                               48                     ---                           
Y11     DQ[6]              MSS_DDR_DQ6                                             Special        POD12I    Inout      ---           ---                 ---          ---            ---                                ---              ---              ---                 ---              ---          ---   ---                ---              ---               ---                       ---           ---                ---              ---          OFF                     120            ---                 ---                  ---                  ---                                ---                               48                     ---                           
Y12     DQ[11]             MSS_DDR_DQ11                                            Special        POD12I    Inout      ---           ---                 ---          ---            ---                                ---              ---              ---                 ---              ---          ---   ---                ---              ---               ---                       ---           ---                ---              ---          OFF                     120            ---                 ---                  ---                  ---                                ---                               48                     ---                           
Y13                        VDDI0                                                   Reserved       
Y14                        HSIO76PB0/CCC_NW_CLKIN_N_1                              Unassigned     
Y15     SPISS              HSIO74PB0/CLKIN_N_2/CCC_NW_CLKIN_N_2/CCC_NW_PLL1_OUT0   Fixed          LVCMOS18  Output     None          No                  ON           None           No                                 ---              ---              ---                 120              ---          OFF   8                  ---              5                 ---                       OFF           
Y16     DIP2               HSIO74NB0                                               Fixed          LVCMOS18  Input      None          No                  ON           Up             No                                 OFF              ---              OFF                 120              OFF          ---   ---                ---              ---               ---                       ---           
Y17                        HSIO73NB0                                               Unassigned     
Y18                        VDDI0                                                   Reserved       
Y19     SPISDO             HSIO67PB0/CCC_NW_PLL0_OUT1                              Fixed          LVCMOS18  Output     None          No                  ON           None           No                                 ---              ---              ---                 120              ---          OFF   8                  ---              5                 ---                       OFF           
Y20     DIP6               HSIO66PB0/CLKIN_N_5                                     Fixed          LVCMOS18  Input      None          No                  ON           Up             No                                 OFF              ---              OFF                 120              OFF          ---   ---                ---              ---               ---                       ---           
Y21     FTDI_UART_D_RXD    HSIO71PB0                                               Fixed          LVCMOS18  Output     None          No                  ON           None           No                                 ---              ---              ---                 120              ---          OFF   8                  ---              5                 ---                       OFF           
