Timing Violation Report Max Delay Analysis

SmartTime Version 2025.2
Microchip Technology Inc. - Microchip Libero Software Release 2025.2 (Version 2025.2.0.14)
Date: Fri Feb 27 17:07:08 2026


Design: MPFS_DISCOVERY_KIT
Family: PolarFireSoC
Die: MPFS095T
Package: FCSG325
Temperature Range: 0 - 100 C
Voltage Range: 0.97 - 1.03 V
Speed Grade: -1
Design State: Post-Layout
Data source: Production
Multi Corner Report Operating Conditions: slow_lv_lt,fast_hv_lt,slow_lv_ht


Path 1
  From: FIC_0_PERIPHERALS_0/DMA_CONTROLLER_inst_0/DMA_CONTROLLER_0/U_DMAController/DMATranCtrl/intErrorCtrl_inst/rdCache1Sel:CLK
  To:   FIC_0_PERIPHERALS_0/DMA_CONTROLLER_inst_0/DMA_CONTROLLER_0/U_DMAController/DMATranCtrl/rdTranQueue_inst/reqCnt_Z[1]:D
  Delay (ns):              4.169
  Slack (ns):              3.592
  Arrival (ns):           10.215
  Required (ns):          13.807
  Operating Conditions: slow_lv_ht

Path 2
  From: FIC_0_PERIPHERALS_0/DMA_CONTROLLER_inst_0/DMA_CONTROLLER_0/U_DMAController/DMATranCtrl/intErrorCtrl_inst/rdCache1Sel_rep:CLK
  To:   FIC_0_PERIPHERALS_0/DMA_CONTROLLER_inst_0/DMA_CONTROLLER_0/U_DMAController/DMATranCtrl/rdTranQueue_inst/reqCnt_Z[1]:D
  Delay (ns):              4.154
  Slack (ns):              3.600
  Arrival (ns):           10.207
  Required (ns):          13.807
  Operating Conditions: slow_lv_ht

Path 3
  From: FIC_0_PERIPHERALS_0/DMA_CONTROLLER_inst_0/DMA_CONTROLLER_0/U_DMAController/DMATranCtrl/rdTranQueue_inst/numOfBytes_rdTranQueue0_Z[11]:CLK
  To:   FIC_0_PERIPHERALS_0/DMA_CONTROLLER_inst_0/DMA_CONTROLLER_0/U_DMAController/DMATranCtrl/rdTranQueue_inst/reqCnt_Z[1]:D
  Delay (ns):              4.066
  Slack (ns):              3.683
  Arrival (ns):           10.124
  Required (ns):          13.807
  Operating Conditions: slow_lv_ht

Path 4
  From: FIC_0_PERIPHERALS_0/DMA_CONTROLLER_inst_0/DMA_CONTROLLER_0/U_DMAController/DMATranCtrl/intErrorCtrl_inst/rdCache1Sel:CLK
  To:   FIC_0_PERIPHERALS_0/DMA_CONTROLLER_inst_0/DMA_CONTROLLER_0/U_DMAController/DMATranCtrl/rdTranQueue_inst/reqCnt_Z[0]:D
  Delay (ns):              4.074
  Slack (ns):              3.687
  Arrival (ns):           10.120
  Required (ns):          13.807
  Operating Conditions: slow_lv_ht

Path 5
  From: FIC_0_PERIPHERALS_0/DMA_CONTROLLER_inst_0/DMA_CONTROLLER_0/U_DMAController/DMATranCtrl/intErrorCtrl_inst/rdCache1Sel_rep:CLK
  To:   FIC_0_PERIPHERALS_0/DMA_CONTROLLER_inst_0/DMA_CONTROLLER_0/U_DMAController/DMATranCtrl/rdTranQueue_inst/reqCnt_Z[0]:D
  Delay (ns):              4.059
  Slack (ns):              3.695
  Arrival (ns):           10.112
  Required (ns):          13.807
  Operating Conditions: slow_lv_ht

Path 6
  From: FIC_0_PERIPHERALS_0/DMA_CONTROLLER_inst_0/DMA_CONTROLLER_0/U_DMAController/DMATranCtrl/rdTranQueue_inst/numOfBytes_rdTranQueue1_Z[11]:CLK
  To:   FIC_0_PERIPHERALS_0/DMA_CONTROLLER_inst_0/DMA_CONTROLLER_0/U_DMAController/DMATranCtrl/rdTranQueue_inst/reqCnt_Z[1]:D
  Delay (ns):              4.009
  Slack (ns):              3.740
  Arrival (ns):           10.067
  Required (ns):          13.807
  Operating Conditions: slow_lv_ht

Path 7
  From: FIC_0_PERIPHERALS_0/DMA_CONTROLLER_inst_0/DMA_CONTROLLER_0/U_AXI4INITIATORDMACtrl/wrByteCnt[4]:CLK
  To:   FIC_0_PERIPHERALS_0/DMA_CONTROLLER_inst_0/DMA_CONTROLLER_0/U_AXI4INITIATORDMACtrl/wrByteCnt[2]:D
  Delay (ns):              4.092
  Slack (ns):              3.751
  Arrival (ns):           10.130
  Required (ns):          13.881
  Operating Conditions: slow_lv_ht

Path 8
  From: FIC_0_PERIPHERALS_0/DMA_CONTROLLER_inst_0/DMA_CONTROLLER_0/U_DMAController/DMATranCtrl/rdTranQueue_inst/numOfBytes_rdTranQueue0_Z[11]:CLK
  To:   FIC_0_PERIPHERALS_0/DMA_CONTROLLER_inst_0/DMA_CONTROLLER_0/U_DMAController/DMATranCtrl/rdTranQueue_inst/reqCnt_Z[0]:D
  Delay (ns):              3.971
  Slack (ns):              3.778
  Arrival (ns):           10.029
  Required (ns):          13.807
  Operating Conditions: slow_lv_ht

Path 9
  From: FIC_0_PERIPHERALS_0/DMA_CONTROLLER_inst_0/DMA_CONTROLLER_0/U_AXI4INITIATORDMACtrl/wrByteCnt[4]:CLK
  To:   FIC_0_PERIPHERALS_0/DMA_CONTROLLER_inst_0/DMA_CONTROLLER_0/U_AXI4INITIATORDMACtrl/wrByteCnt[6]:D
  Delay (ns):              4.047
  Slack (ns):              3.785
  Arrival (ns):           10.085
  Required (ns):          13.870
  Operating Conditions: slow_lv_ht

Path 10
  From: FIC_0_PERIPHERALS_0/DMA_CONTROLLER_inst_0/DMA_CONTROLLER_0/U_AXI4INITIATORDMACtrl/wrByteCnt[4]:CLK
  To:   FIC_0_PERIPHERALS_0/DMA_CONTROLLER_inst_0/DMA_CONTROLLER_0/U_AXI4INITIATORDMACtrl/wrByteCnt[5]:D
  Delay (ns):              4.050
  Slack (ns):              3.792
  Arrival (ns):           10.088
  Required (ns):          13.880
  Operating Conditions: slow_lv_ht

Path 11
  From: FIC_0_PERIPHERALS_0/DMA_CONTROLLER_inst_0/DMA_CONTROLLER_0/U_DMAController/DMATranCtrl/numOfBytesInRdReg[0]_U_DMAController.DMATranCtrl.numOfBytesInRdReg[0]_ram1_[10]:CLK
  To:   FIC_0_PERIPHERALS_0/DMA_CONTROLLER_inst_0/DMA_CONTROLLER_0/U_DMAController/DMATranCtrl/rdTranQueue_inst/reqCnt_Z[1]:D
  Delay (ns):              3.954
  Slack (ns):              3.796
  Arrival (ns):           10.011
  Required (ns):          13.807
  Operating Conditions: slow_lv_ht

Path 12
  From: FIC_0_PERIPHERALS_0/DMA_CONTROLLER_inst_0/DMA_CONTROLLER_0/U_AXI4INITIATORDMACtrl/wrByteCnt[2]:CLK
  To:   FIC_0_PERIPHERALS_0/DMA_CONTROLLER_inst_0/DMA_CONTROLLER_0/U_AXI4INITIATORDMACtrl/wrByteCnt[4]:D
  Delay (ns):              4.000
  Slack (ns):              3.797
  Arrival (ns):           10.062
  Required (ns):          13.859
  Operating Conditions: slow_lv_ht

Path 13
  From: FIC_0_PERIPHERALS_0/DMA_CONTROLLER_inst_0/DMA_CONTROLLER_0/U_AXI4INITIATORDMACtrl/wrByteCnt[4]:CLK
  To:   FIC_0_PERIPHERALS_0/DMA_CONTROLLER_inst_0/DMA_CONTROLLER_0/U_AXI4INITIATORDMACtrl/wrByteCnt[4]:D
  Delay (ns):              4.065
  Slack (ns):              3.800
  Arrival (ns):           10.103
  Required (ns):          13.903
  Operating Conditions: slow_lv_ht

Path 14
  From: FIC_0_PERIPHERALS_0/DMA_CONTROLLER_inst_0/DMA_CONTROLLER_0/U_DMAController/DMATranCtrl/numOfBytesInRdReg[0]_U_DMAController.DMATranCtrl.numOfBytesInRdReg[0]_ram1_[1]:CLK
  To:   FIC_0_PERIPHERALS_0/DMA_CONTROLLER_inst_0/DMA_CONTROLLER_0/U_DMAController/DMATranCtrl/rdTranQueue_inst/reqCnt_Z[1]:D
  Delay (ns):              3.937
  Slack (ns):              3.814
  Arrival (ns):            9.993
  Required (ns):          13.807
  Operating Conditions: slow_lv_ht

Path 15
  From: FIC_0_PERIPHERALS_0/DMA_CONTROLLER_inst_0/DMA_CONTROLLER_0/U_DMAController/DMATranCtrl/intErrorCtrl_inst/wrCache1Sel:CLK
  To:   FIC_0_PERIPHERALS_0/DMA_CONTROLLER_inst_0/DMA_CONTROLLER_0/U_DMAController/DMATranCtrl/intErrorCtrl_inst/extDscrptrAddr_extFetchReg[23]:D
  Delay (ns):              3.952
  Slack (ns):              3.821
  Arrival (ns):            9.998
  Required (ns):          13.819
  Operating Conditions: slow_lv_ht

Path 16
  From: FIC_0_PERIPHERALS_0/DMA_CONTROLLER_inst_0/DMA_CONTROLLER_0/U_DMAController/DMATranCtrl/intErrorCtrl_inst/wrCache1Sel:CLK
  To:   FIC_0_PERIPHERALS_0/DMA_CONTROLLER_inst_0/DMA_CONTROLLER_0/U_DMAController/DMATranCtrl/intErrorCtrl_inst/extDscrptrAddr_extFetchReg[20]:D
  Delay (ns):              3.963
  Slack (ns):              3.826
  Arrival (ns):           10.009
  Required (ns):          13.835
  Operating Conditions: slow_lv_ht

Path 17
  From: FIC_0_PERIPHERALS_0/DMA_CONTROLLER_inst_0/DMA_CONTROLLER_0/U_AXI4INITIATORDMACtrl/wrByteCnt[7]:CLK
  To:   FIC_0_PERIPHERALS_0/DMA_CONTROLLER_inst_0/DMA_CONTROLLER_0/U_AXI4INITIATORDMACtrl/wrByteCnt[2]:D
  Delay (ns):              4.012
  Slack (ns):              3.831
  Arrival (ns):           10.050
  Required (ns):          13.881
  Operating Conditions: slow_lv_ht

Path 18
  From: FIC_0_PERIPHERALS_0/DMA_CONTROLLER_inst_0/DMA_CONTROLLER_0/U_DMAController/DMATranCtrl/rdTranQueue_inst/numOfBytes_rdTranQueue1_Z[11]:CLK
  To:   FIC_0_PERIPHERALS_0/DMA_CONTROLLER_inst_0/DMA_CONTROLLER_0/U_DMAController/DMATranCtrl/rdTranQueue_inst/reqCnt_Z[0]:D
  Delay (ns):              3.914
  Slack (ns):              3.835
  Arrival (ns):            9.972
  Required (ns):          13.807
  Operating Conditions: slow_lv_ht

Path 19
  From: FIC_0_PERIPHERALS_0/DMA_CONTROLLER_inst_0/DMA_CONTROLLER_0/U_AXI4INITIATORDMACtrl/wrByteCnt[4]:CLK
  To:   FIC_0_PERIPHERALS_0/DMA_CONTROLLER_inst_0/DMA_CONTROLLER_0/U_AXI4INITIATORDMACtrl/WSTRBReg[1]:EN
  Delay (ns):              3.852
  Slack (ns):              3.836
  Arrival (ns):            9.890
  Required (ns):          13.726
  Operating Conditions: slow_lv_ht

Path 20
  From: FIC_0_PERIPHERALS_0/DMA_CONTROLLER_inst_0/DMA_CONTROLLER_0/U_DMAController/DMATranCtrl/numOfBytesInRdReg[0]_U_DMAController.DMATranCtrl.numOfBytesInRdReg[0]_ram1_[8]:CLK
  To:   FIC_0_PERIPHERALS_0/DMA_CONTROLLER_inst_0/DMA_CONTROLLER_0/U_DMAController/DMATranCtrl/rdTranQueue_inst/reqCnt_Z[1]:D
  Delay (ns):              3.912
  Slack (ns):              3.838
  Arrival (ns):            9.969
  Required (ns):          13.807
  Operating Conditions: slow_lv_ht

Path 21
  From: FIC_0_PERIPHERALS_0/DMA_CONTROLLER_inst_0/DMA_CONTROLLER_0/U_AXI4INITIATORDMACtrl/wrByteCnt[2]:CLK
  To:   FIC_0_PERIPHERALS_0/DMA_CONTROLLER_inst_0/DMA_CONTROLLER_0/U_AXI4INITIATORDMACtrl/wrByteCnt[2]:D
  Delay (ns):              4.027
  Slack (ns):              3.838
  Arrival (ns):           10.089
  Required (ns):          13.927
  Operating Conditions: slow_lv_ht

Path 22
  From: FIC_0_PERIPHERALS_0/DMA_CONTROLLER_inst_0/DMA_CONTROLLER_0/U_AXI4INITIATORDMACtrl/wrByteCnt[2]:CLK
  To:   FIC_0_PERIPHERALS_0/DMA_CONTROLLER_inst_0/DMA_CONTROLLER_0/U_AXI4INITIATORDMACtrl/wrByteCnt[6]:D
  Delay (ns):              3.982
  Slack (ns):              3.840
  Arrival (ns):           10.044
  Required (ns):          13.884
  Operating Conditions: slow_lv_ht

Path 23
  From: FIC_0_PERIPHERALS_0/DMA_CONTROLLER_inst_0/DMA_CONTROLLER_0/U_AXI4INITIATORDMACtrl/wrByteCnt[4]:CLK
  To:   FIC_0_PERIPHERALS_0/DMA_CONTROLLER_inst_0/DMA_CONTROLLER_0/U_AXI4INITIATORDMACtrl/WSTRBReg[2]:EN
  Delay (ns):              3.837
  Slack (ns):              3.851
  Arrival (ns):            9.875
  Required (ns):          13.726
  Operating Conditions: slow_lv_ht

Path 24
  From: FIC_0_PERIPHERALS_0/DMA_CONTROLLER_inst_0/DMA_CONTROLLER_0/U_AXI4INITIATORDMACtrl/wrByteCnt[4]:CLK
  To:   FIC_0_PERIPHERALS_0/DMA_CONTROLLER_inst_0/DMA_CONTROLLER_0/U_AXI4INITIATORDMACtrl/WSTRBReg[0]:EN
  Delay (ns):              3.837
  Slack (ns):              3.851
  Arrival (ns):            9.875
  Required (ns):          13.726
  Operating Conditions: slow_lv_ht

Path 25
  From: FIC_0_PERIPHERALS_0/DMA_CONTROLLER_inst_0/DMA_CONTROLLER_0/U_AXI4INITIATORDMACtrl/wrByteCnt[4]:CLK
  To:   FIC_0_PERIPHERALS_0/DMA_CONTROLLER_inst_0/DMA_CONTROLLER_0/U_AXI4INITIATORDMACtrl/WSTRBReg[3]:EN
  Delay (ns):              3.836
  Slack (ns):              3.852
  Arrival (ns):            9.874
  Required (ns):          13.726
  Operating Conditions: slow_lv_ht

Path 26
  From: FIC_0_PERIPHERALS_0/DMA_CONTROLLER_inst_0/DMA_CONTROLLER_0/U_DMAController/DMATranCtrl/numOfBytesInRdReg[0]_U_DMAController.DMATranCtrl.numOfBytesInRdReg[0]_ram0_[4]:CLK
  To:   FIC_0_PERIPHERALS_0/DMA_CONTROLLER_inst_0/DMA_CONTROLLER_0/U_DMAController/DMATranCtrl/rdTranQueue_inst/reqCnt_Z[1]:D
  Delay (ns):              3.899
  Slack (ns):              3.855
  Arrival (ns):            9.952
  Required (ns):          13.807
  Operating Conditions: slow_lv_ht

Path 27
  From: FIC_0_PERIPHERALS_0/DMA_CONTROLLER_inst_0/DMA_CONTROLLER_0/U_AXI4INITIATORDMACtrl/wrByteCnt[4]:CLK
  To:   FIC_0_PERIPHERALS_0/DMA_CONTROLLER_inst_0/DMA_CONTROLLER_0/U_AXI4INITIATORDMACtrl/wrByteCnt[9]:D
  Delay (ns):              3.980
  Slack (ns):              3.863
  Arrival (ns):           10.018
  Required (ns):          13.881
  Operating Conditions: slow_lv_ht

Path 28
  From: FIC_0_PERIPHERALS_0/DMA_CONTROLLER_inst_0/DMA_CONTROLLER_0/U_DMAController/DMATranCtrl/numOfBytesInRdReg[0]_U_DMAController.DMATranCtrl.numOfBytesInRdReg[0]_ram0_[8]:CLK
  To:   FIC_0_PERIPHERALS_0/DMA_CONTROLLER_inst_0/DMA_CONTROLLER_0/U_DMAController/DMATranCtrl/rdTranQueue_inst/reqCnt_Z[1]:D
  Delay (ns):              3.886
  Slack (ns):              3.864
  Arrival (ns):            9.943
  Required (ns):          13.807
  Operating Conditions: slow_lv_ht

Path 29
  From: FIC_0_PERIPHERALS_0/DMA_CONTROLLER_inst_0/DMA_CONTROLLER_0/U_DMAController/DMATranCtrl/intErrorCtrl_inst/wrCache1Sel:CLK
  To:   FIC_0_PERIPHERALS_0/DMA_CONTROLLER_inst_0/DMA_CONTROLLER_0/U_DMAController/DMATranCtrl/intErrorCtrl_inst/extDscrptrAddr_extFetchReg[22]:D
  Delay (ns):              3.909
  Slack (ns):              3.864
  Arrival (ns):            9.955
  Required (ns):          13.819
  Operating Conditions: slow_lv_ht

Path 30
  From: FIC_0_PERIPHERALS_0/DMA_CONTROLLER_inst_0/DMA_CONTROLLER_0/U_AXI4INITIATORDMACtrl/wrByteCnt[7]:CLK
  To:   FIC_0_PERIPHERALS_0/DMA_CONTROLLER_inst_0/DMA_CONTROLLER_0/U_AXI4INITIATORDMACtrl/wrByteCnt[6]:D
  Delay (ns):              3.967
  Slack (ns):              3.865
  Arrival (ns):           10.005
  Required (ns):          13.870
  Operating Conditions: slow_lv_ht

Path 31
  From: FIC_0_PERIPHERALS_0/DMA_CONTROLLER_inst_0/DMA_CONTROLLER_0/U_AXI4INITIATORDMACtrl/wrByteCnt[3]:CLK
  To:   FIC_0_PERIPHERALS_0/DMA_CONTROLLER_inst_0/DMA_CONTROLLER_0/U_AXI4INITIATORDMACtrl/wrByteCnt[4]:D
  Delay (ns):              3.933
  Slack (ns):              3.865
  Arrival (ns):            9.994
  Required (ns):          13.859
  Operating Conditions: slow_lv_ht

Path 32
  From: FIC_0_PERIPHERALS_0/DMA_CONTROLLER_inst_0/DMA_CONTROLLER_0/U_DMAController/DMATranCtrl/intErrorCtrl_inst/wrCache1Sel:CLK
  To:   FIC_0_PERIPHERALS_0/DMA_CONTROLLER_inst_0/DMA_CONTROLLER_0/U_DMAController/DMATranCtrl/intErrorCtrl_inst/extDscrptrAddr_extFetchReg[19]:D
  Delay (ns):              3.907
  Slack (ns):              3.866
  Arrival (ns):            9.953
  Required (ns):          13.819
  Operating Conditions: slow_lv_ht

Path 33
  From: FIC_0_PERIPHERALS_0/DMA_CONTROLLER_inst_0/DMA_CONTROLLER_0/U_AXI4INITIATORDMACtrl/wrByteCnt[2]:CLK
  To:   FIC_0_PERIPHERALS_0/DMA_CONTROLLER_inst_0/DMA_CONTROLLER_0/U_AXI4INITIATORDMACtrl/wrByteCnt[5]:D
  Delay (ns):              3.985
  Slack (ns):              3.870
  Arrival (ns):           10.047
  Required (ns):          13.917
  Operating Conditions: slow_lv_ht

Path 34
  From: FIC_0_PERIPHERALS_0/DMA_CONTROLLER_inst_0/DMA_CONTROLLER_0/U_AXI4INITIATORDMACtrl/wrByteCnt[7]:CLK
  To:   FIC_0_PERIPHERALS_0/DMA_CONTROLLER_inst_0/DMA_CONTROLLER_0/U_AXI4INITIATORDMACtrl/wrByteCnt[4]:D
  Delay (ns):              3.985
  Slack (ns):              3.871
  Arrival (ns):           10.023
  Required (ns):          13.894
  Operating Conditions: slow_lv_ht

Path 35
  From: FIC_0_PERIPHERALS_0/DMA_CONTROLLER_inst_0/DMA_CONTROLLER_0/U_AXI4INITIATORDMACtrl/wrByteCnt[7]:CLK
  To:   FIC_0_PERIPHERALS_0/DMA_CONTROLLER_inst_0/DMA_CONTROLLER_0/U_AXI4INITIATORDMACtrl/wrByteCnt[5]:D
  Delay (ns):              3.970
  Slack (ns):              3.872
  Arrival (ns):           10.008
  Required (ns):          13.880
  Operating Conditions: slow_lv_ht

Path 36
  From: FIC_0_PERIPHERALS_0/DMA_CONTROLLER_inst_0/DMA_CONTROLLER_0/U_AXI4INITIATORDMACtrl/wrByteCnt[2]:CLK
  To:   FIC_0_PERIPHERALS_0/DMA_CONTROLLER_inst_0/DMA_CONTROLLER_0/U_AXI4INITIATORDMACtrl/WSTRBReg[1]:EN
  Delay (ns):              3.787
  Slack (ns):              3.877
  Arrival (ns):            9.849
  Required (ns):          13.726
  Operating Conditions: slow_lv_ht

Path 37
  From: FIC_0_PERIPHERALS_0/DMA_CONTROLLER_inst_0/DMA_CONTROLLER_0/U_AXI4INITIATORDMACtrl/wrByteCnt[5]:CLK
  To:   FIC_0_PERIPHERALS_0/DMA_CONTROLLER_inst_0/DMA_CONTROLLER_0/U_AXI4INITIATORDMACtrl/wrByteCnt[4]:D
  Delay (ns):              3.917
  Slack (ns):              3.880
  Arrival (ns):            9.979
  Required (ns):          13.859
  Operating Conditions: slow_lv_ht

Path 38
  From: FIC_0_PERIPHERALS_0/DMA_CONTROLLER_inst_0/DMA_CONTROLLER_0/U_AXI4INITIATORDMACtrl/wrByteCnt[6]:CLK
  To:   FIC_0_PERIPHERALS_0/DMA_CONTROLLER_inst_0/DMA_CONTROLLER_0/U_AXI4INITIATORDMACtrl/wrByteCnt[4]:D
  Delay (ns):              3.928
  Slack (ns):              3.882
  Arrival (ns):            9.977
  Required (ns):          13.859
  Operating Conditions: slow_lv_ht

Path 39
  From: FIC_0_PERIPHERALS_0/DMA_CONTROLLER_inst_0/DMA_CONTROLLER_0/U_DMAController/DMATranCtrl/numOfBytesInRdReg[0]_U_DMAController.DMATranCtrl.numOfBytesInRdReg[0]_ram1_[10]:CLK
  To:   FIC_0_PERIPHERALS_0/DMA_CONTROLLER_inst_0/DMA_CONTROLLER_0/U_DMAController/DMATranCtrl/rdTranQueue_inst/reqCnt_Z[0]:D
  Delay (ns):              3.859
  Slack (ns):              3.891
  Arrival (ns):            9.916
  Required (ns):          13.807
  Operating Conditions: slow_lv_ht

Path 40
  From: FIC_0_PERIPHERALS_0/DMA_CONTROLLER_inst_0/DMA_CONTROLLER_0/U_AXI4INITIATORDMACtrl/wrByteCnt[6]:CLK
  To:   FIC_0_PERIPHERALS_0/DMA_CONTROLLER_inst_0/DMA_CONTROLLER_0/U_AXI4INITIATORDMACtrl/wrByteCnt[2]:D
  Delay (ns):              3.955
  Slack (ns):              3.891
  Arrival (ns):           10.004
  Required (ns):          13.895
  Operating Conditions: slow_lv_ht

Path 41
  From: FIC_0_PERIPHERALS_0/DMA_CONTROLLER_inst_0/DMA_CONTROLLER_0/U_AXI4INITIATORDMACtrl/wrByteCnt[2]:CLK
  To:   FIC_0_PERIPHERALS_0/DMA_CONTROLLER_inst_0/DMA_CONTROLLER_0/U_AXI4INITIATORDMACtrl/WSTRBReg[2]:EN
  Delay (ns):              3.772
  Slack (ns):              3.892
  Arrival (ns):            9.834
  Required (ns):          13.726
  Operating Conditions: slow_lv_ht

Path 42
  From: FIC_0_PERIPHERALS_0/DMA_CONTROLLER_inst_0/DMA_CONTROLLER_0/U_AXI4INITIATORDMACtrl/wrByteCnt[2]:CLK
  To:   FIC_0_PERIPHERALS_0/DMA_CONTROLLER_inst_0/DMA_CONTROLLER_0/U_AXI4INITIATORDMACtrl/WSTRBReg[0]:EN
  Delay (ns):              3.772
  Slack (ns):              3.892
  Arrival (ns):            9.834
  Required (ns):          13.726
  Operating Conditions: slow_lv_ht

Path 43
  From: FIC_0_PERIPHERALS_0/DMA_CONTROLLER_inst_0/DMA_CONTROLLER_0/U_AXI4INITIATORDMACtrl/wrByteCnt[2]:CLK
  To:   FIC_0_PERIPHERALS_0/DMA_CONTROLLER_inst_0/DMA_CONTROLLER_0/U_AXI4INITIATORDMACtrl/WSTRBReg[3]:EN
  Delay (ns):              3.771
  Slack (ns):              3.893
  Arrival (ns):            9.833
  Required (ns):          13.726
  Operating Conditions: slow_lv_ht

Path 44
  From: FIC_0_PERIPHERALS_0/DMA_CONTROLLER_inst_0/DMA_CONTROLLER_0/U_DMAController/DMATranCtrl/numOfBytesInRdReg[0]rff_0:CLK
  To:   FIC_0_PERIPHERALS_0/DMA_CONTROLLER_inst_0/DMA_CONTROLLER_0/U_DMAController/DMATranCtrl/rdTranQueue_inst/reqCnt_Z[1]:D
  Delay (ns):              3.855
  Slack (ns):              3.897
  Arrival (ns):            9.910
  Required (ns):          13.807
  Operating Conditions: slow_lv_ht

Path 45
  From: FIC_0_PERIPHERALS_0/DMA_CONTROLLER_inst_0/DMA_CONTROLLER_0/U_AXI4INITIATORDMACtrl/wrByteCnt[3]:CLK
  To:   FIC_0_PERIPHERALS_0/DMA_CONTROLLER_inst_0/DMA_CONTROLLER_0/U_AXI4INITIATORDMACtrl/wrByteCnt[2]:D
  Delay (ns):              3.960
  Slack (ns):              3.897
  Arrival (ns):           10.021
  Required (ns):          13.918
  Operating Conditions: slow_lv_ht

Path 46
  From: FIC_0_PERIPHERALS_0/DMA_CONTROLLER_inst_0/DMA_CONTROLLER_0/U_DMAController/DMATranCtrl/numOfBytesInRdReg[0]_U_DMAController.DMATranCtrl.numOfBytesInRdReg[0]_ram0_[10]:CLK
  To:   FIC_0_PERIPHERALS_0/DMA_CONTROLLER_inst_0/DMA_CONTROLLER_0/U_DMAController/DMATranCtrl/rdTranQueue_inst/reqCnt_Z[1]:D
  Delay (ns):              3.860
  Slack (ns):              3.902
  Arrival (ns):            9.905
  Required (ns):          13.807
  Operating Conditions: slow_lv_ht

Path 47
  From: FIC_0_PERIPHERALS_0/DMA_CONTROLLER_inst_0/DMA_CONTROLLER_0/U_AXI4INITIATORDMACtrl/wrByteCnt[3]:CLK
  To:   FIC_0_PERIPHERALS_0/DMA_CONTROLLER_inst_0/DMA_CONTROLLER_0/U_AXI4INITIATORDMACtrl/wrByteCnt[6]:D
  Delay (ns):              3.915
  Slack (ns):              3.908
  Arrival (ns):            9.976
  Required (ns):          13.884
  Operating Conditions: slow_lv_ht

Path 48
  From: FIC_0_PERIPHERALS_0/DMA_CONTROLLER_inst_0/DMA_CONTROLLER_0/U_DMAController/DMATranCtrl/numOfBytesInRdReg[0]_U_DMAController.DMATranCtrl.numOfBytesInRdReg[0]_ram1_[1]:CLK
  To:   FIC_0_PERIPHERALS_0/DMA_CONTROLLER_inst_0/DMA_CONTROLLER_0/U_DMAController/DMATranCtrl/rdTranQueue_inst/reqCnt_Z[0]:D
  Delay (ns):              3.842
  Slack (ns):              3.909
  Arrival (ns):            9.898
  Required (ns):          13.807
  Operating Conditions: slow_lv_ht

Path 49
  From: FIC_0_PERIPHERALS_0/DMA_CONTROLLER_inst_0/DMA_CONTROLLER_0/U_AXI4INITIATORDMACtrl/wrByteCnt[5]:CLK
  To:   FIC_0_PERIPHERALS_0/DMA_CONTROLLER_inst_0/DMA_CONTROLLER_0/U_AXI4INITIATORDMACtrl/wrByteCnt[2]:D
  Delay (ns):              3.944
  Slack (ns):              3.912
  Arrival (ns):           10.006
  Required (ns):          13.918
  Operating Conditions: slow_lv_ht

Path 50
  From: FIC_0_PERIPHERALS_0/FIC0_INITIATOR_inst_0/FIC0_INITIATOR_0/SlvConvertor_loop[0].slvcnv/slvdwc/genblk1.DownConverter_inst/writeWidthConv/caxi4interconnect_DWC_DownConv_Hold_Reg_Wr/sizeCnt_comb_P1_Z[1]:CLK
  To:   FIC_0_PERIPHERALS_0/FIC0_INITIATOR_inst_0/FIC0_INITIATOR_0/SlvConvertor_loop[0].slvcnv/rgsl/genblk4.wrs/sDat[68]:EN
  Delay (ns):              3.737
  Slack (ns):              3.914
  Arrival (ns):            9.802
  Required (ns):          13.716
  Operating Conditions: slow_lv_ht

Path 51
  From: FIC_0_PERIPHERALS_0/FIC0_INITIATOR_inst_0/FIC0_INITIATOR_0/SlvConvertor_loop[0].slvcnv/slvdwc/genblk1.DownConverter_inst/writeWidthConv/caxi4interconnect_DWC_DownConv_Hold_Reg_Wr/sizeCnt_comb_P1_Z[1]:CLK
  To:   FIC_0_PERIPHERALS_0/FIC0_INITIATOR_inst_0/FIC0_INITIATOR_0/SlvConvertor_loop[0].slvcnv/rgsl/genblk4.wrs/sDat[71]:EN
  Delay (ns):              3.736
  Slack (ns):              3.915
  Arrival (ns):            9.801
  Required (ns):          13.716
  Operating Conditions: slow_lv_ht

Path 52
  From: FIC_0_PERIPHERALS_0/FIC0_INITIATOR_inst_0/FIC0_INITIATOR_0/SlvConvertor_loop[0].slvcnv/slvdwc/genblk1.DownConverter_inst/writeWidthConv/caxi4interconnect_DWC_DownConv_Hold_Reg_Wr/sizeCnt_comb_P1_Z[1]:CLK
  To:   FIC_0_PERIPHERALS_0/FIC0_INITIATOR_inst_0/FIC0_INITIATOR_0/SlvConvertor_loop[0].slvcnv/rgsl/genblk4.wrs/sDat[59]:EN
  Delay (ns):              3.737
  Slack (ns):              3.915
  Arrival (ns):            9.802
  Required (ns):          13.717
  Operating Conditions: slow_lv_ht

Path 53
  From: FIC_0_PERIPHERALS_0/FIC0_INITIATOR_inst_0/FIC0_INITIATOR_0/SlvConvertor_loop[0].slvcnv/slvdwc/genblk1.DownConverter_inst/writeWidthConv/caxi4interconnect_DWC_DownConv_Hold_Reg_Wr/sizeCnt_comb_P1_Z[1]:CLK
  To:   FIC_0_PERIPHERALS_0/FIC0_INITIATOR_inst_0/FIC0_INITIATOR_0/SlvConvertor_loop[0].slvcnv/rgsl/genblk4.wrs/sDat[67]:EN
  Delay (ns):              3.735
  Slack (ns):              3.916
  Arrival (ns):            9.800
  Required (ns):          13.716
  Operating Conditions: slow_lv_ht

Path 54
  From: FIC_0_PERIPHERALS_0/DMA_CONTROLLER_inst_0/DMA_CONTROLLER_0/U_AXI4INITIATORDMACtrl/wrByteCnt[7]:CLK
  To:   FIC_0_PERIPHERALS_0/DMA_CONTROLLER_inst_0/DMA_CONTROLLER_0/U_AXI4INITIATORDMACtrl/WSTRBReg[1]:EN
  Delay (ns):              3.772
  Slack (ns):              3.916
  Arrival (ns):            9.810
  Required (ns):          13.726
  Operating Conditions: slow_lv_ht

Path 55
  From: FIC_0_PERIPHERALS_0/DMA_CONTROLLER_inst_0/DMA_CONTROLLER_0/U_AXI4INITIATORDMACtrl/wrByteCnt[5]:CLK
  To:   FIC_0_PERIPHERALS_0/DMA_CONTROLLER_inst_0/DMA_CONTROLLER_0/U_AXI4INITIATORDMACtrl/wrByteCnt[6]:D
  Delay (ns):              3.899
  Slack (ns):              3.923
  Arrival (ns):            9.961
  Required (ns):          13.884
  Operating Conditions: slow_lv_ht

Path 56
  From: MSS_WRAPPER_0/MPFS_DISCOVERY_KIT_MSS_0/I_MSS:FIC_3_PCLK
  To:   MSS_WRAPPER_0/MPFS_DISCOVERY_KIT_MSS_0/I_MSS:FIC_3_APB_M_PRDATA[7]
  Delay (ns):              6.151
  Slack (ns):              3.930
  Arrival (ns):           13.165
  Required (ns):          17.095
  Operating Conditions: slow_lv_ht

Path 57
  From: FIC_0_PERIPHERALS_0/security_core_0/dec/t[3]:CLK
  To:   FIC_0_PERIPHERALS_0/security_core_0/dec/s[2][10]:D
  Delay (ns):              3.853
  Slack (ns):              3.930
  Arrival (ns):            9.945
  Required (ns):          13.875
  Operating Conditions: slow_lv_ht

Path 58
  From: FIC_0_PERIPHERALS_0/FIC0_INITIATOR_inst_0/FIC0_INITIATOR_0/SlvConvertor_loop[0].slvcnv/slvdwc/genblk1.DownConverter_inst/writeWidthConv/caxi4interconnect_DWC_DownConv_Hold_Reg_Wr/sizeCnt_comb_P1_Z[1]:CLK
  To:   FIC_0_PERIPHERALS_0/FIC0_INITIATOR_inst_0/FIC0_INITIATOR_0/SlvConvertor_loop[0].slvcnv/rgsl/genblk4.wrs/sDat[6]:EN
  Delay (ns):              3.730
  Slack (ns):              3.931
  Arrival (ns):            9.795
  Required (ns):          13.726
  Operating Conditions: slow_lv_ht

Path 59
  From: FIC_0_PERIPHERALS_0/FIC0_INITIATOR_inst_0/FIC0_INITIATOR_0/SlvConvertor_loop[0].slvcnv/slvdwc/genblk1.DownConverter_inst/writeWidthConv/caxi4interconnect_DWC_DownConv_Hold_Reg_Wr/sizeCnt_comb_P1_Z[1]:CLK
  To:   FIC_0_PERIPHERALS_0/FIC0_INITIATOR_inst_0/FIC0_INITIATOR_0/SlvConvertor_loop[0].slvcnv/rgsl/genblk4.wrs/sDat[4]:EN
  Delay (ns):              3.731
  Slack (ns):              3.931
  Arrival (ns):            9.796
  Required (ns):          13.727
  Operating Conditions: slow_lv_ht

Path 60
  From: FIC_0_PERIPHERALS_0/DMA_CONTROLLER_inst_0/DMA_CONTROLLER_0/U_DMAController/DMATranCtrl/numOfBytesInRdReg[0]_U_DMAController.DMATranCtrl.numOfBytesInRdReg[0]_ram1_[0]:CLK
  To:   FIC_0_PERIPHERALS_0/DMA_CONTROLLER_inst_0/DMA_CONTROLLER_0/U_DMAController/DMATranCtrl/rdTranQueue_inst/reqCnt_Z[1]:D
  Delay (ns):              3.819
  Slack (ns):              3.931
  Arrival (ns):            9.876
  Required (ns):          13.807
  Operating Conditions: slow_lv_ht

Path 61
  From: FIC_0_PERIPHERALS_0/DMA_CONTROLLER_inst_0/DMA_CONTROLLER_0/U_AXI4INITIATORDMACtrl/wrByteCnt[7]:CLK
  To:   FIC_0_PERIPHERALS_0/DMA_CONTROLLER_inst_0/DMA_CONTROLLER_0/U_AXI4INITIATORDMACtrl/WSTRBReg[2]:EN
  Delay (ns):              3.757
  Slack (ns):              3.931
  Arrival (ns):            9.795
  Required (ns):          13.726
  Operating Conditions: slow_lv_ht

Path 62
  From: FIC_0_PERIPHERALS_0/DMA_CONTROLLER_inst_0/DMA_CONTROLLER_0/U_AXI4INITIATORDMACtrl/wrByteCnt[7]:CLK
  To:   FIC_0_PERIPHERALS_0/DMA_CONTROLLER_inst_0/DMA_CONTROLLER_0/U_AXI4INITIATORDMACtrl/WSTRBReg[0]:EN
  Delay (ns):              3.757
  Slack (ns):              3.931
  Arrival (ns):            9.795
  Required (ns):          13.726
  Operating Conditions: slow_lv_ht

Path 63
  From: FIC_0_PERIPHERALS_0/FIC0_INITIATOR_inst_0/FIC0_INITIATOR_0/SlvConvertor_loop[0].slvcnv/slvdwc/genblk1.DownConverter_inst/writeWidthConv/caxi4interconnect_DWC_DownConv_Hold_Reg_Wr/sizeCnt_comb_P1_Z[1]:CLK
  To:   FIC_0_PERIPHERALS_0/FIC0_INITIATOR_inst_0/FIC0_INITIATOR_0/SlvConvertor_loop[0].slvcnv/rgsl/genblk4.wrs/sDat[8]:EN
  Delay (ns):              3.730
  Slack (ns):              3.932
  Arrival (ns):            9.795
  Required (ns):          13.727
  Operating Conditions: slow_lv_ht

Path 64
  From: FIC_0_PERIPHERALS_0/FIC0_INITIATOR_inst_0/FIC0_INITIATOR_0/SlvConvertor_loop[0].slvcnv/slvdwc/genblk1.DownConverter_inst/writeWidthConv/caxi4interconnect_DWC_DownConv_Hold_Reg_Wr/sizeCnt_comb_P1_Z[1]:CLK
  To:   FIC_0_PERIPHERALS_0/FIC0_INITIATOR_inst_0/FIC0_INITIATOR_0/SlvConvertor_loop[0].slvcnv/rgsl/genblk4.wrs/sDat[7]:EN
  Delay (ns):              3.731
  Slack (ns):              3.932
  Arrival (ns):            9.796
  Required (ns):          13.728
  Operating Conditions: slow_lv_ht

Path 65
  From: FIC_0_PERIPHERALS_0/FIC0_INITIATOR_inst_0/FIC0_INITIATOR_0/SlvConvertor_loop[0].slvcnv/slvdwc/genblk1.DownConverter_inst/writeWidthConv/caxi4interconnect_DWC_DownConv_Hold_Reg_Wr/sizeCnt_comb_P1_Z[1]:CLK
  To:   FIC_0_PERIPHERALS_0/FIC0_INITIATOR_inst_0/FIC0_INITIATOR_0/SlvConvertor_loop[0].slvcnv/rgsl/genblk4.wrs/sDat[5]:EN
  Delay (ns):              3.730
  Slack (ns):              3.932
  Arrival (ns):            9.795
  Required (ns):          13.727
  Operating Conditions: slow_lv_ht

Path 66
  From: FIC_0_PERIPHERALS_0/DMA_CONTROLLER_inst_0/DMA_CONTROLLER_0/U_AXI4INITIATORDMACtrl/wrByteCnt[7]:CLK
  To:   FIC_0_PERIPHERALS_0/DMA_CONTROLLER_inst_0/DMA_CONTROLLER_0/U_AXI4INITIATORDMACtrl/WSTRBReg[3]:EN
  Delay (ns):              3.756
  Slack (ns):              3.932
  Arrival (ns):            9.794
  Required (ns):          13.726
  Operating Conditions: slow_lv_ht

Path 67
  From: FIC_0_PERIPHERALS_0/DMA_CONTROLLER_inst_0/DMA_CONTROLLER_0/U_AXI4INITIATORDMACtrl/wrByteCnt[6]:CLK
  To:   FIC_0_PERIPHERALS_0/DMA_CONTROLLER_inst_0/DMA_CONTROLLER_0/U_AXI4INITIATORDMACtrl/wrByteCnt[5]:D
  Delay (ns):              3.913
  Slack (ns):              3.932
  Arrival (ns):            9.962
  Required (ns):          13.894
  Operating Conditions: slow_lv_ht

Path 68
  From: FIC_0_PERIPHERALS_0/FIC0_INITIATOR_inst_0/FIC0_INITIATOR_0/SlvConvertor_loop[0].slvcnv/slvdwc/genblk1.DownConverter_inst/writeWidthConv/caxi4interconnect_DWC_DownConv_Hold_Reg_Wr/sizeCnt_comb_P1_Z[1]:CLK
  To:   FIC_0_PERIPHERALS_0/FIC0_INITIATOR_inst_0/FIC0_INITIATOR_0/SlvConvertor_loop[0].slvcnv/rgsl/genblk4.wrs/sDat[11]:EN
  Delay (ns):              3.729
  Slack (ns):              3.933
  Arrival (ns):            9.794
  Required (ns):          13.727
  Operating Conditions: slow_lv_ht

Path 69
  From: FIC_0_PERIPHERALS_0/DMA_CONTROLLER_inst_0/DMA_CONTROLLER_0/U_DMAController/DMATranCtrl/numOfBytesInRdReg[0]_U_DMAController.DMATranCtrl.numOfBytesInRdReg[0]_ram1_[8]:CLK
  To:   FIC_0_PERIPHERALS_0/DMA_CONTROLLER_inst_0/DMA_CONTROLLER_0/U_DMAController/DMATranCtrl/rdTranQueue_inst/reqCnt_Z[0]:D
  Delay (ns):              3.817
  Slack (ns):              3.933
  Arrival (ns):            9.874
  Required (ns):          13.807
  Operating Conditions: slow_lv_ht

Path 70
  From: FIC_0_PERIPHERALS_0/DMA_CONTROLLER_inst_0/DMA_CONTROLLER_0/U_DMAController/DMATranCtrl/numOfBytesInRdReg[0]_U_DMAController.DMATranCtrl.numOfBytesInRdReg[0]_ram1_[2]:CLK
  To:   FIC_0_PERIPHERALS_0/DMA_CONTROLLER_inst_0/DMA_CONTROLLER_0/U_DMAController/DMATranCtrl/rdTranQueue_inst/reqCnt_Z[1]:D
  Delay (ns):              3.814
  Slack (ns):              3.936
  Arrival (ns):            9.871
  Required (ns):          13.807
  Operating Conditions: slow_lv_ht

Path 71
  From: FIC_0_PERIPHERALS_0/DMA_CONTROLLER_inst_0/DMA_CONTROLLER_0/U_AXI4INITIATORDMACtrl/wrByteCnt[3]:CLK
  To:   FIC_0_PERIPHERALS_0/DMA_CONTROLLER_inst_0/DMA_CONTROLLER_0/U_AXI4INITIATORDMACtrl/wrByteCnt[5]:D
  Delay (ns):              3.918
  Slack (ns):              3.938
  Arrival (ns):            9.979
  Required (ns):          13.917
  Operating Conditions: slow_lv_ht

Path 72
  From: FIC_0_PERIPHERALS_0/DMA_CONTROLLER_inst_0/DMA_CONTROLLER_0/U_AXI4INITIATORDMACtrl/wrByteCnt[2]:CLK
  To:   FIC_0_PERIPHERALS_0/DMA_CONTROLLER_inst_0/DMA_CONTROLLER_0/U_AXI4INITIATORDMACtrl/wrByteCnt[9]:D
  Delay (ns):              3.915
  Slack (ns):              3.941
  Arrival (ns):            9.977
  Required (ns):          13.918
  Operating Conditions: slow_lv_ht

Path 73
  From: FIC_0_PERIPHERALS_0/security_core_0/dec/t[2]:CLK
  To:   FIC_0_PERIPHERALS_0/security_core_0/dec/s[2][10]:D
  Delay (ns):              3.840
  Slack (ns):              3.943
  Arrival (ns):            9.932
  Required (ns):          13.875
  Operating Conditions: slow_lv_ht

Path 74
  From: FIC_0_PERIPHERALS_0/DMA_CONTROLLER_inst_0/DMA_CONTROLLER_0/U_AXI4INITIATORDMACtrl/wrByteCnt[7]:CLK
  To:   FIC_0_PERIPHERALS_0/DMA_CONTROLLER_inst_0/DMA_CONTROLLER_0/U_AXI4INITIATORDMACtrl/wrByteCnt[9]:D
  Delay (ns):              3.900
  Slack (ns):              3.943
  Arrival (ns):            9.938
  Required (ns):          13.881
  Operating Conditions: slow_lv_ht

Path 75
  From: FIC_0_PERIPHERALS_0/DMA_CONTROLLER_inst_0/DMA_CONTROLLER_0/U_AXI4INITIATORDMACtrl/wrByteCnt[3]:CLK
  To:   FIC_0_PERIPHERALS_0/DMA_CONTROLLER_inst_0/DMA_CONTROLLER_0/U_AXI4INITIATORDMACtrl/WSTRBReg[1]:EN
  Delay (ns):              3.720
  Slack (ns):              3.945
  Arrival (ns):            9.781
  Required (ns):          13.726
  Operating Conditions: slow_lv_ht

Path 76
  From: FIC_0_PERIPHERALS_0/DMA_CONTROLLER_inst_0/DMA_CONTROLLER_0/U_DMAController/DMATranCtrl/numOfBytesInRdReg[0]_U_DMAController.DMATranCtrl.numOfBytesInRdReg[0]_ram0_[1]:CLK
  To:   FIC_0_PERIPHERALS_0/DMA_CONTROLLER_inst_0/DMA_CONTROLLER_0/U_DMAController/DMATranCtrl/rdTranQueue_inst/reqCnt_Z[1]:D
  Delay (ns):              3.807
  Slack (ns):              3.947
  Arrival (ns):            9.860
  Required (ns):          13.807
  Operating Conditions: slow_lv_ht

Path 77
  From: FIC_0_PERIPHERALS_0/DMA_CONTROLLER_inst_0/DMA_CONTROLLER_0/U_DMAController/DMATranCtrl/intErrorCtrl_inst/wrCache1Sel:CLK
  To:   FIC_0_PERIPHERALS_0/DMA_CONTROLLER_inst_0/DMA_CONTROLLER_0/U_DMAController/DMATranCtrl/intErrorCtrl_inst/extDscrptrAddr_extFetchReg[1]:D
  Delay (ns):              3.835
  Slack (ns):              3.949
  Arrival (ns):            9.881
  Required (ns):          13.830
  Operating Conditions: slow_lv_ht

Path 78
  From: FIC_0_PERIPHERALS_0/DMA_CONTROLLER_inst_0/DMA_CONTROLLER_0/U_DMAController/DMATranCtrl/numOfBytesInRdReg[0]_U_DMAController.DMATranCtrl.numOfBytesInRdReg[0]_ram0_[4]:CLK
  To:   FIC_0_PERIPHERALS_0/DMA_CONTROLLER_inst_0/DMA_CONTROLLER_0/U_DMAController/DMATranCtrl/rdTranQueue_inst/reqCnt_Z[0]:D
  Delay (ns):              3.804
  Slack (ns):              3.950
  Arrival (ns):            9.857
  Required (ns):          13.807
  Operating Conditions: slow_lv_ht

Path 79
  From: FIC_0_PERIPHERALS_0/DMA_CONTROLLER_inst_0/DMA_CONTROLLER_0/U_DMAController/DMATranCtrl/numOfBytesInRdReg[0]rff_1:CLK
  To:   FIC_0_PERIPHERALS_0/DMA_CONTROLLER_inst_0/DMA_CONTROLLER_0/U_DMAController/DMATranCtrl/rdTranQueue_inst/reqCnt_Z[1]:D
  Delay (ns):              3.802
  Slack (ns):              3.952
  Arrival (ns):            9.855
  Required (ns):          13.807
  Operating Conditions: slow_lv_ht

Path 80
  From: FIC_0_PERIPHERALS_0/DMA_CONTROLLER_inst_0/DMA_CONTROLLER_0/U_DMAController/DMATranCtrl/numOfBytesInRdReg[0]_U_DMAController.DMATranCtrl.numOfBytesInRdReg[0]_ram1_[6]:CLK
  To:   FIC_0_PERIPHERALS_0/DMA_CONTROLLER_inst_0/DMA_CONTROLLER_0/U_DMAController/DMATranCtrl/rdTranQueue_inst/reqCnt_Z[1]:D
  Delay (ns):              3.798
  Slack (ns):              3.952
  Arrival (ns):            9.855
  Required (ns):          13.807
  Operating Conditions: slow_lv_ht

Path 81
  From: FIC_0_PERIPHERALS_0/DMA_CONTROLLER_inst_0/DMA_CONTROLLER_0/U_DMAController/DMATranCtrl/intErrorCtrl_inst/wrCache1Sel:CLK
  To:   FIC_0_PERIPHERALS_0/DMA_CONTROLLER_inst_0/DMA_CONTROLLER_0/U_DMAController/DMATranCtrl/intErrorCtrl_inst/extDscrptrAddr_extFetchReg[0]:D
  Delay (ns):              3.832
  Slack (ns):              3.952
  Arrival (ns):            9.878
  Required (ns):          13.830
  Operating Conditions: slow_lv_ht

Path 82
  From: FIC_0_PERIPHERALS_0/DMA_CONTROLLER_inst_0/DMA_CONTROLLER_0/U_AXI4INITIATORDMACtrl/wrByteCnt[6]:CLK
  To:   FIC_0_PERIPHERALS_0/DMA_CONTROLLER_inst_0/DMA_CONTROLLER_0/U_AXI4INITIATORDMACtrl/wrByteCnt[6]:D
  Delay (ns):              3.910
  Slack (ns):              3.955
  Arrival (ns):            9.959
  Required (ns):          13.914
  Operating Conditions: slow_lv_ht

Path 83
  From: FIC_0_PERIPHERALS_0/FIC0_INITIATOR_inst_0/FIC0_INITIATOR_0/SlvConvertor_loop[0].slvcnv/slvdwc/genblk1.DownConverter_inst/writeWidthConv/DWC_DownConv_preCalcCmdFifoWrCtrl_inst/tot_len_pre_Z[4]:CLK
  To:   FIC_0_PERIPHERALS_0/FIC0_INITIATOR_inst_0/FIC0_INITIATOR_0/SlvConvertor_loop[0].slvcnv/slvdwc/genblk1.DownConverter_inst/writeWidthConv/wrCmdFifoWriteCtrl/len_latched[8]:D
  Delay (ns):              3.862
  Slack (ns):              3.958
  Arrival (ns):            9.903
  Required (ns):          13.861
  Operating Conditions: slow_lv_ht

Path 84
  From: FIC_0_PERIPHERALS_0/FIC0_INITIATOR_inst_0/FIC0_INITIATOR_0/SlvConvertor_loop[0].slvcnv/slvdwc/genblk1.DownConverter_inst/writeWidthConv/DWC_DownConv_preCalcCmdFifoWrCtrl_inst/length_comb_pre_Z[7]:CLK
  To:   FIC_0_PERIPHERALS_0/FIC0_INITIATOR_inst_0/FIC0_INITIATOR_0/SlvConvertor_loop[0].slvcnv/slvdwc/genblk1.DownConverter_inst/writeWidthConv/wrCmdFifoWriteCtrl/len_latched[8]:D
  Delay (ns):              3.858
  Slack (ns):              3.959
  Arrival (ns):            9.902
  Required (ns):          13.861
  Operating Conditions: slow_lv_ht

Path 85
  From: FIC_0_PERIPHERALS_0/DMA_CONTROLLER_inst_0/DMA_CONTROLLER_0/U_DMAController/DMATranCtrl/numOfBytesInRdReg[0]_U_DMAController.DMATranCtrl.numOfBytesInRdReg[0]_ram0_[8]:CLK
  To:   FIC_0_PERIPHERALS_0/DMA_CONTROLLER_inst_0/DMA_CONTROLLER_0/U_DMAController/DMATranCtrl/rdTranQueue_inst/reqCnt_Z[0]:D
  Delay (ns):              3.791
  Slack (ns):              3.959
  Arrival (ns):            9.848
  Required (ns):          13.807
  Operating Conditions: slow_lv_ht

Path 86
  From: FIC_0_PERIPHERALS_0/DMA_CONTROLLER_inst_0/DMA_CONTROLLER_0/U_AXI4INITIATORDMACtrl/wrByteCnt[5]:CLK
  To:   FIC_0_PERIPHERALS_0/DMA_CONTROLLER_inst_0/DMA_CONTROLLER_0/U_AXI4INITIATORDMACtrl/WSTRBReg[1]:EN
  Delay (ns):              3.704
  Slack (ns):              3.960
  Arrival (ns):            9.766
  Required (ns):          13.726
  Operating Conditions: slow_lv_ht

Path 87
  From: FIC_0_PERIPHERALS_0/DMA_CONTROLLER_inst_0/DMA_CONTROLLER_0/U_AXI4INITIATORDMACtrl/wrByteCnt[3]:CLK
  To:   FIC_0_PERIPHERALS_0/DMA_CONTROLLER_inst_0/DMA_CONTROLLER_0/U_AXI4INITIATORDMACtrl/WSTRBReg[2]:EN
  Delay (ns):              3.705
  Slack (ns):              3.960
  Arrival (ns):            9.766
  Required (ns):          13.726
  Operating Conditions: slow_lv_ht

Path 88
  From: FIC_0_PERIPHERALS_0/DMA_CONTROLLER_inst_0/DMA_CONTROLLER_0/U_AXI4INITIATORDMACtrl/wrByteCnt[3]:CLK
  To:   FIC_0_PERIPHERALS_0/DMA_CONTROLLER_inst_0/DMA_CONTROLLER_0/U_AXI4INITIATORDMACtrl/WSTRBReg[0]:EN
  Delay (ns):              3.705
  Slack (ns):              3.960
  Arrival (ns):            9.766
  Required (ns):          13.726
  Operating Conditions: slow_lv_ht

Path 89
  From: FIC_0_PERIPHERALS_0/DMA_CONTROLLER_inst_0/DMA_CONTROLLER_0/U_AXI4INITIATORDMACtrl/wrByteCnt[3]:CLK
  To:   FIC_0_PERIPHERALS_0/DMA_CONTROLLER_inst_0/DMA_CONTROLLER_0/U_AXI4INITIATORDMACtrl/WSTRBReg[3]:EN
  Delay (ns):              3.704
  Slack (ns):              3.961
  Arrival (ns):            9.765
  Required (ns):          13.726
  Operating Conditions: slow_lv_ht

Path 90
  From: FIC_0_PERIPHERALS_0/DMA_CONTROLLER_inst_0/DMA_CONTROLLER_0/U_AXI4INITIATORDMACtrl/wrByteCnt[6]:CLK
  To:   FIC_0_PERIPHERALS_0/DMA_CONTROLLER_inst_0/DMA_CONTROLLER_0/U_AXI4INITIATORDMACtrl/WSTRBReg[1]:EN
  Delay (ns):              3.715
  Slack (ns):              3.962
  Arrival (ns):            9.764
  Required (ns):          13.726
  Operating Conditions: slow_lv_ht

Path 91
  From: FIC_0_PERIPHERALS_0/DMA_CONTROLLER_inst_0/DMA_CONTROLLER_0/U_AXI4INITIATORDMACtrl/wrByteCnt[4]:CLK
  To:   FIC_0_PERIPHERALS_0/DMA_CONTROLLER_inst_0/DMA_CONTROLLER_0/U_AXI4INITIATORDMACtrl/wrByteCnt[10]:D
  Delay (ns):              3.873
  Slack (ns):              3.962
  Arrival (ns):            9.911
  Required (ns):          13.873
  Operating Conditions: slow_lv_ht

Path 92
  From: FIC_0_PERIPHERALS_0/DMA_CONTROLLER_inst_0/DMA_CONTROLLER_0/U_AXI4INITIATORDMACtrl/wrByteCnt[5]:CLK
  To:   FIC_0_PERIPHERALS_0/DMA_CONTROLLER_inst_0/DMA_CONTROLLER_0/U_AXI4INITIATORDMACtrl/wrByteCnt[5]:D
  Delay (ns):              3.902
  Slack (ns):              3.963
  Arrival (ns):            9.964
  Required (ns):          13.927
  Operating Conditions: slow_lv_ht

Path 93
  From: FIC_0_PERIPHERALS_0/DMA_CONTROLLER_inst_0/DMA_CONTROLLER_0/U_DMAController/DMATranCtrl/numOfBytesInRdReg[0]_U_DMAController.DMATranCtrl.numOfBytesInRdReg[0]_ram0_[0]:CLK
  To:   FIC_0_PERIPHERALS_0/DMA_CONTROLLER_inst_0/DMA_CONTROLLER_0/U_DMAController/DMATranCtrl/rdTranQueue_inst/reqCnt_Z[1]:D
  Delay (ns):              3.789
  Slack (ns):              3.965
  Arrival (ns):            9.842
  Required (ns):          13.807
  Operating Conditions: slow_lv_ht

Path 94
  From: FIC_0_PERIPHERALS_0/DMA_CONTROLLER_inst_0/DMA_CONTROLLER_0/U_DMAController/DMATranCtrl/rdTranQueue_inst/numOfBytes_rdTranQueue1_Z[10]:CLK
  To:   FIC_0_PERIPHERALS_0/DMA_CONTROLLER_inst_0/DMA_CONTROLLER_0/U_DMAController/DMATranCtrl/rdTranQueue_inst/reqCnt_Z[1]:D
  Delay (ns):              3.781
  Slack (ns):              3.967
  Arrival (ns):            9.840
  Required (ns):          13.807
  Operating Conditions: slow_lv_ht

Path 95
  From: FIC_0_PERIPHERALS_0/security_core_0/dec/t[1]:CLK
  To:   FIC_0_PERIPHERALS_0/security_core_0/dec/s[2][10]:D
  Delay (ns):              3.818
  Slack (ns):              3.968
  Arrival (ns):            9.907
  Required (ns):          13.875
  Operating Conditions: slow_lv_ht

Path 96
  From: FIC_0_PERIPHERALS_0/DMA_CONTROLLER_inst_0/DMA_CONTROLLER_0/U_DMAController/DMATranCtrl/rdTranQueue_inst/numOfBytes_rdTranQueue1_Z[2]:CLK
  To:   FIC_0_PERIPHERALS_0/DMA_CONTROLLER_inst_0/DMA_CONTROLLER_0/U_DMAController/DMATranCtrl/rdTranQueue_inst/reqCnt_Z[1]:D
  Delay (ns):              3.780
  Slack (ns):              3.969
  Arrival (ns):            9.838
  Required (ns):          13.807
  Operating Conditions: slow_lv_ht

Path 97
  From: FIC_0_PERIPHERALS_0/DMA_CONTROLLER_inst_0/DMA_CONTROLLER_0/U_AXI4INITIATORDMACtrl/wrByteCnt[5]:CLK
  To:   FIC_0_PERIPHERALS_0/DMA_CONTROLLER_inst_0/DMA_CONTROLLER_0/U_AXI4INITIATORDMACtrl/WSTRBReg[2]:EN
  Delay (ns):              3.689
  Slack (ns):              3.975
  Arrival (ns):            9.751
  Required (ns):          13.726
  Operating Conditions: slow_lv_ht

Path 98
  From: FIC_0_PERIPHERALS_0/DMA_CONTROLLER_inst_0/DMA_CONTROLLER_0/U_AXI4INITIATORDMACtrl/wrByteCnt[5]:CLK
  To:   FIC_0_PERIPHERALS_0/DMA_CONTROLLER_inst_0/DMA_CONTROLLER_0/U_AXI4INITIATORDMACtrl/WSTRBReg[0]:EN
  Delay (ns):              3.689
  Slack (ns):              3.975
  Arrival (ns):            9.751
  Required (ns):          13.726
  Operating Conditions: slow_lv_ht

Path 99
  From: FIC_0_PERIPHERALS_0/DMA_CONTROLLER_inst_0/DMA_CONTROLLER_0/U_DMAController/DMATranCtrl/numOfBytesInRdReg[0]_U_DMAController.DMATranCtrl.numOfBytesInRdReg[0]_ram1_[5]:CLK
  To:   FIC_0_PERIPHERALS_0/DMA_CONTROLLER_inst_0/DMA_CONTROLLER_0/U_DMAController/DMATranCtrl/rdTranQueue_inst/reqCnt_Z[1]:D
  Delay (ns):              3.778
  Slack (ns):              3.976
  Arrival (ns):            9.831
  Required (ns):          13.807
  Operating Conditions: slow_lv_ht

Path 100
  From: FIC_0_PERIPHERALS_0/DMA_CONTROLLER_inst_0/DMA_CONTROLLER_0/U_AXI4INITIATORDMACtrl/wrByteCnt[5]:CLK
  To:   FIC_0_PERIPHERALS_0/DMA_CONTROLLER_inst_0/DMA_CONTROLLER_0/U_AXI4INITIATORDMACtrl/WSTRBReg[3]:EN
  Delay (ns):              3.688
  Slack (ns):              3.976
  Arrival (ns):            9.750
  Required (ns):          13.726
  Operating Conditions: slow_lv_ht

