Timing Violation Report Min Delay Analysis

SmartTime Version 2025.2
Microchip Technology Inc. - Microchip Libero Software Release 2025.2 (Version 2025.2.0.14)
Date: Sun Apr  5 02:59:54 2026


Design: MPFS_DISCOVERY_KIT
Family: PolarFireSoC
Die: MPFS095T
Package: FCSG325
Temperature Range: 0 - 100 C
Voltage Range: 0.97 - 1.03 V
Speed Grade: -1
Design State: Post-Layout
Data source: Production
Multi Corner Report Operating Conditions: slow_lv_lt,fast_hv_lt,slow_lv_ht


Path 1
  From: FIC_0_PERIPHERALS_0/security_core_0/hash_block_4[27]:CLK
  To:   FIC_0_PERIPHERALS_0/security_core_0/hash_core/buffer[155]:D
  Delay (ns):              0.290
  Slack (ns):              0.036
  Arrival (ns):            5.538
  Required (ns):           5.502
  Operating Conditions: slow_lv_lt

Path 2
  From: FIC_0_PERIPHERALS_0/security_core_0/hash_block_12[27]:CLK
  To:   FIC_0_PERIPHERALS_0/security_core_0/hash_core/buffer[411]:D
  Delay (ns):              0.293
  Slack (ns):              0.039
  Arrival (ns):            5.541
  Required (ns):           5.502
  Operating Conditions: slow_lv_lt

Path 3
  From: FIC_0_PERIPHERALS_0/FIC0_INITIATOR_inst_0/FIC0_INITIATOR_0/SlvConvertor_loop[2].slvcnv/slvdwc/genblk1.DownConverter_inst/writeWidthConv/DWC_DownConv_preCalcCmdFifoWrCtrl_inst/sizeCnt_comb_pre_Z[3]:CLK
  To:   FIC_0_PERIPHERALS_0/FIC0_INITIATOR_inst_0/FIC0_INITIATOR_0/SlvConvertor_loop[2].slvcnv/slvdwc/genblk1.DownConverter_inst/writeWidthConv/wrCmdFifoWriteCtrl/sizeCnt_reg[3]:D
  Delay (ns):              0.298
  Slack (ns):              0.044
  Arrival (ns):            5.549
  Required (ns):           5.505
  Operating Conditions: slow_lv_lt

Path 4
  From: FIC_0_PERIPHERALS_0/security_core_0/hash_block_8[27]:CLK
  To:   FIC_0_PERIPHERALS_0/security_core_0/hash_core/buffer[283]:D
  Delay (ns):              0.303
  Slack (ns):              0.048
  Arrival (ns):            5.550
  Required (ns):           5.502
  Operating Conditions: slow_lv_lt

Path 5
  From: FIC_0_PERIPHERALS_0/DMA_CONTROLLER_inst_0/DMA_CONTROLLER_0/U_AXI4INITIATORDMACtrl/AWADDRReg[21]:CLK
  To:   FIC_0_PERIPHERALS_0/DMA_INITIATOR_inst_0/DMA_INITIATOR_0/MstConvertor_loop[0].mstrconv/mstrDWC/genblk1.MstUpConv/DWC_UpConv_preCalcAChannel_aw_inst/MASTER_AADDR_out[21]:D
  Delay (ns):              0.144
  Slack (ns):              0.067
  Arrival (ns):            3.822
  Required (ns):           3.755
  Operating Conditions: fast_hv_lt

Path 6
  From: FIC_0_PERIPHERALS_0/security_core_0/sbox/y_hi_r0[1][1]:CLK
  To:   FIC_0_PERIPHERALS_0/security_core_0/sbox/y_hi_r1[1][1]:D
  Delay (ns):              0.217
  Slack (ns):              0.069
  Arrival (ns):            5.473
  Required (ns):           5.404
  Operating Conditions: slow_lv_lt

Path 7
  From: FIC_0_PERIPHERALS_0/security_core_0/hash_block_9[10]:CLK
  To:   FIC_0_PERIPHERALS_0/security_core_0/hash_block_10[10]:D
  Delay (ns):              0.146
  Slack (ns):              0.069
  Arrival (ns):            3.800
  Required (ns):           3.731
  Operating Conditions: fast_hv_lt

Path 8
  From: FIC_0_PERIPHERALS_0/security_core_0/hash_block_6[9]:CLK
  To:   FIC_0_PERIPHERALS_0/security_core_0/hash_block_7[9]:D
  Delay (ns):              0.146
  Slack (ns):              0.069
  Arrival (ns):            3.807
  Required (ns):           3.738
  Operating Conditions: fast_hv_lt

Path 9
  From: FIC_0_PERIPHERALS_0/security_core_0/hash_block_11[7]:CLK
  To:   FIC_0_PERIPHERALS_0/security_core_0/hash_core/buffer[359]:D
  Delay (ns):              0.146
  Slack (ns):              0.069
  Arrival (ns):            3.808
  Required (ns):           3.739
  Operating Conditions: fast_hv_lt

Path 10
  From: FIC_0_PERIPHERALS_0/security_core_0/hash_block_4[22]:CLK
  To:   FIC_0_PERIPHERALS_0/security_core_0/hash_block_5[22]:D
  Delay (ns):              0.147
  Slack (ns):              0.070
  Arrival (ns):            3.821
  Required (ns):           3.751
  Operating Conditions: fast_hv_lt

Path 11
  From: FIC_0_PERIPHERALS_0/security_core_0/hash_block_4[21]:CLK
  To:   FIC_0_PERIPHERALS_0/security_core_0/hash_block_5[21]:D
  Delay (ns):              0.148
  Slack (ns):              0.070
  Arrival (ns):            3.804
  Required (ns):           3.734
  Operating Conditions: fast_hv_lt

Path 12
  From: FIC_0_PERIPHERALS_0/security_core_0/hash_block_15[14]:CLK
  To:   FIC_0_PERIPHERALS_0/security_core_0/hash_core/buffer[494]:D
  Delay (ns):              0.219
  Slack (ns):              0.070
  Arrival (ns):            5.471
  Required (ns):           5.401
  Operating Conditions: slow_lv_lt

Path 13
  From: FIC_0_PERIPHERALS_0/security_core_0/hash_block_14[7]:CLK
  To:   FIC_0_PERIPHERALS_0/security_core_0/hash_block_15[7]:D
  Delay (ns):              0.147
  Slack (ns):              0.070
  Arrival (ns):            3.809
  Required (ns):           3.739
  Operating Conditions: fast_hv_lt

Path 14
  From: FIC_0_PERIPHERALS_0/FIC0_INITIATOR_inst_0/FIC0_INITIATOR_0/SlvConvertor_loop[2].slvcnv/slvdwc/genblk1.DownConverter_inst/writeWidthConv/DWC_DownConv_preCalcCmdFifoWrCtrl_inst/sizeMax_pre_Z[5]:CLK
  To:   FIC_0_PERIPHERALS_0/FIC0_INITIATOR_inst_0/FIC0_INITIATOR_0/SlvConvertor_loop[2].slvcnv/slvdwc/genblk1.DownConverter_inst/writeWidthConv/wrCmdFifoWriteCtrl/SizeMax_reg[5]:D
  Delay (ns):              0.148
  Slack (ns):              0.070
  Arrival (ns):            3.827
  Required (ns):           3.757
  Operating Conditions: fast_hv_lt

Path 15
  From: FIC_0_PERIPHERALS_0/security_core_0/rng/neoTRNG_0/entropy_cell_gen.1.neoTRNG_cell_inst/sreg_5[0]:CLK
  To:   FIC_0_PERIPHERALS_0/security_core_0/rng/neoTRNG_0/entropy_cell_gen.1.neoTRNG_cell_inst/sreg_6[0]:D
  Delay (ns):              0.148
  Slack (ns):              0.071
  Arrival (ns):            3.785
  Required (ns):           3.714
  Operating Conditions: fast_hv_lt

Path 16
  From: FIC_0_PERIPHERALS_0/security_core_0/rng/neoTRNG_0/entropy_cell_gen.1.neoTRNG_cell_inst/sreg_4[0]:CLK
  To:   FIC_0_PERIPHERALS_0/security_core_0/rng/neoTRNG_0/entropy_cell_gen.1.neoTRNG_cell_inst/sreg_5[0]:D
  Delay (ns):              0.148
  Slack (ns):              0.071
  Arrival (ns):            3.785
  Required (ns):           3.714
  Operating Conditions: fast_hv_lt

Path 17
  From: FIC_0_PERIPHERALS_0/security_core_0/rng/neoTRNG_0/entropy_cell_gen.0.neoTRNG_cell_inst/sreg_0[0]:CLK
  To:   FIC_0_PERIPHERALS_0/security_core_0/rng/neoTRNG_0/entropy_cell_gen.0.neoTRNG_cell_inst/sreg_1[0]:D
  Delay (ns):              0.148
  Slack (ns):              0.071
  Arrival (ns):            3.785
  Required (ns):           3.714
  Operating Conditions: fast_hv_lt

Path 18
  From: FIC_0_PERIPHERALS_0/security_core_0/hash_block_8[4]:CLK
  To:   FIC_0_PERIPHERALS_0/security_core_0/hash_block_9[4]:D
  Delay (ns):              0.148
  Slack (ns):              0.071
  Arrival (ns):            3.827
  Required (ns):           3.756
  Operating Conditions: fast_hv_lt

Path 19
  From: FIC_0_PERIPHERALS_0/security_core_0/hash_block_7[9]:CLK
  To:   FIC_0_PERIPHERALS_0/security_core_0/hash_block_8[9]:D
  Delay (ns):              0.148
  Slack (ns):              0.071
  Arrival (ns):            3.809
  Required (ns):           3.738
  Operating Conditions: fast_hv_lt

Path 20
  From: FIC_0_PERIPHERALS_0/security_core_0/hash_block_7[10]:CLK
  To:   FIC_0_PERIPHERALS_0/security_core_0/hash_block_8[10]:D
  Delay (ns):              0.148
  Slack (ns):              0.071
  Arrival (ns):            3.801
  Required (ns):           3.730
  Operating Conditions: fast_hv_lt

Path 21
  From: FIC_0_PERIPHERALS_0/security_core_0/hash_block_6[13]:CLK
  To:   FIC_0_PERIPHERALS_0/security_core_0/hash_block_7[13]:D
  Delay (ns):              0.148
  Slack (ns):              0.071
  Arrival (ns):            3.809
  Required (ns):           3.738
  Operating Conditions: fast_hv_lt

Path 22
  From: FIC_0_PERIPHERALS_0/security_core_0/hash_block_5[8]:CLK
  To:   FIC_0_PERIPHERALS_0/security_core_0/hash_block_6[8]:D
  Delay (ns):              0.148
  Slack (ns):              0.071
  Arrival (ns):            3.801
  Required (ns):           3.730
  Operating Conditions: fast_hv_lt

Path 23
  From: FIC_0_PERIPHERALS_0/security_core_0/hash_block_5[3]:CLK
  To:   FIC_0_PERIPHERALS_0/security_core_0/hash_block_6[3]:D
  Delay (ns):              0.148
  Slack (ns):              0.071
  Arrival (ns):            3.826
  Required (ns):           3.755
  Operating Conditions: fast_hv_lt

Path 24
  From: FIC_0_PERIPHERALS_0/security_core_0/hash_block_15[13]:CLK
  To:   FIC_0_PERIPHERALS_0/security_core_0/hash_core/buffer[493]:D
  Delay (ns):              0.219
  Slack (ns):              0.071
  Arrival (ns):            5.473
  Required (ns):           5.402
  Operating Conditions: slow_lv_lt

Path 25
  From: FIC_0_PERIPHERALS_0/security_core_0/hash_block_11[18]:CLK
  To:   FIC_0_PERIPHERALS_0/security_core_0/hash_core/buffer[370]:D
  Delay (ns):              0.148
  Slack (ns):              0.071
  Arrival (ns):            3.807
  Required (ns):           3.736
  Operating Conditions: fast_hv_lt

Path 26
  From: FIC_0_PERIPHERALS_0/security_core_0/hash_block_10[21]:CLK
  To:   FIC_0_PERIPHERALS_0/security_core_0/hash_block_11[21]:D
  Delay (ns):              0.148
  Slack (ns):              0.071
  Arrival (ns):            3.804
  Required (ns):           3.733
  Operating Conditions: fast_hv_lt

Path 27
  From: FIC_0_PERIPHERALS_0/DMA_INITIATOR_inst_0/DMA_INITIATOR_0/MstConvertor_loop[0].mstrconv/mstrDWC/genblk1.MstUpConv/DWC_UpConv_preCalcAChannel_ar_inst/MASTER_AADDR_out[30]:CLK
  To:   FIC_0_PERIPHERALS_0/DMA_INITIATOR_inst_0/DMA_INITIATOR_0/MstConvertor_loop[0].mstrconv/mstrDWC/genblk1.MstUpConv/DWC_ARChan/SLAVE_AADDR[30]:D
  Delay (ns):              0.145
  Slack (ns):              0.071
  Arrival (ns):            3.812
  Required (ns):           3.741
  Operating Conditions: fast_hv_lt

Path 28
  From: FIC_0_PERIPHERALS_0/DMA_CONTROLLER_inst_0/DMA_CONTROLLER_0/U_AXI4INITIATORDMACtrl/AWADDRReg[7]:CLK
  To:   FIC_0_PERIPHERALS_0/DMA_INITIATOR_inst_0/DMA_INITIATOR_0/MstConvertor_loop[0].mstrconv/mstrDWC/genblk1.MstUpConv/DWC_UpConv_preCalcAChannel_aw_inst/MASTER_AADDR_out[7]:D
  Delay (ns):              0.219
  Slack (ns):              0.071
  Arrival (ns):            5.487
  Required (ns):           5.416
  Operating Conditions: slow_lv_lt

Path 29
  From: FIC_3_PERIPHERALS_0/SPI_FOR_7_SEG_0/SPI_FOR_7_SEG_0/USPI/UCC/mtx_re:CLK
  To:   FIC_3_PERIPHERALS_0/SPI_FOR_7_SEG_0/SPI_FOR_7_SEG_0/USPI/UCC/mtx_re_q1:D
  Delay (ns):              0.149
  Slack (ns):              0.072
  Arrival (ns):            4.224
  Required (ns):           4.152
  Operating Conditions: fast_hv_lt

Path 30
  From: FIC_3_PERIPHERALS_0/PWM/corepwm_C0_0/genblk3.corepwm_reg_if/psh_prescale_reg[9]:CLK
  To:   FIC_3_PERIPHERALS_0/PWM/corepwm_C0_0/genblk3.corepwm_reg_if/prescale_reg_Z[9]:D
  Delay (ns):              0.150
  Slack (ns):              0.072
  Arrival (ns):            4.221
  Required (ns):           4.149
  Operating Conditions: fast_hv_lt

Path 31
  From: FIC_0_PERIPHERALS_0/security_core_0/sbox/y_lo_r3[2][2]:CLK
  To:   FIC_0_PERIPHERALS_0/security_core_0/sbox/y_lo_r4[2][2]:D
  Delay (ns):              0.149
  Slack (ns):              0.072
  Arrival (ns):            3.812
  Required (ns):           3.740
  Operating Conditions: fast_hv_lt

Path 32
  From: FIC_0_PERIPHERALS_0/security_core_0/sbox/y_lo_r2[2][2]:CLK
  To:   FIC_0_PERIPHERALS_0/security_core_0/sbox/y_lo_r3[2][2]:D
  Delay (ns):              0.149
  Slack (ns):              0.072
  Arrival (ns):            3.812
  Required (ns):           3.740
  Operating Conditions: fast_hv_lt

Path 33
  From: FIC_0_PERIPHERALS_0/security_core_0/rng/trivium_0/A[0][4]:CLK
  To:   FIC_0_PERIPHERALS_0/security_core_0/rng/trivium_0/A[1][4]:D
  Delay (ns):              0.149
  Slack (ns):              0.072
  Arrival (ns):            3.780
  Required (ns):           3.708
  Operating Conditions: fast_hv_lt

Path 34
  From: FIC_0_PERIPHERALS_0/security_core_0/hash_block_9[30]:CLK
  To:   FIC_0_PERIPHERALS_0/security_core_0/hash_block_10[30]:D
  Delay (ns):              0.149
  Slack (ns):              0.072
  Arrival (ns):            3.800
  Required (ns):           3.728
  Operating Conditions: fast_hv_lt

Path 35
  From: FIC_0_PERIPHERALS_0/security_core_0/hash_block_9[13]:CLK
  To:   FIC_0_PERIPHERALS_0/security_core_0/hash_block_10[13]:D
  Delay (ns):              0.149
  Slack (ns):              0.072
  Arrival (ns):            3.810
  Required (ns):           3.738
  Operating Conditions: fast_hv_lt

Path 36
  From: FIC_0_PERIPHERALS_0/security_core_0/hash_block_7[18]:CLK
  To:   FIC_0_PERIPHERALS_0/security_core_0/hash_core/buffer[242]:D
  Delay (ns):              0.221
  Slack (ns):              0.072
  Arrival (ns):            5.474
  Required (ns):           5.402
  Operating Conditions: slow_lv_lt

Path 37
  From: FIC_0_PERIPHERALS_0/security_core_0/hash_block_5[13]:CLK
  To:   FIC_0_PERIPHERALS_0/security_core_0/hash_block_6[13]:D
  Delay (ns):              0.149
  Slack (ns):              0.072
  Arrival (ns):            3.810
  Required (ns):           3.738
  Operating Conditions: fast_hv_lt

Path 38
  From: FIC_0_PERIPHERALS_0/security_core_0/hash_block_13[7]:CLK
  To:   FIC_0_PERIPHERALS_0/security_core_0/hash_block_14[7]:D
  Delay (ns):              0.149
  Slack (ns):              0.072
  Arrival (ns):            3.811
  Required (ns):           3.739
  Operating Conditions: fast_hv_lt

Path 39
  From: FIC_0_PERIPHERALS_0/security_core_0/hash_block_13[19]:CLK
  To:   FIC_0_PERIPHERALS_0/security_core_0/hash_block_14[19]:D
  Delay (ns):              0.150
  Slack (ns):              0.072
  Arrival (ns):            3.805
  Required (ns):           3.733
  Operating Conditions: fast_hv_lt

Path 40
  From: FIC_0_PERIPHERALS_0/security_core_0/hash_block_12[30]:CLK
  To:   FIC_0_PERIPHERALS_0/security_core_0/hash_block_13[30]:D
  Delay (ns):              0.149
  Slack (ns):              0.072
  Arrival (ns):            3.800
  Required (ns):           3.728
  Operating Conditions: fast_hv_lt

Path 41
  From: FIC_0_PERIPHERALS_0/security_core_0/hash_block_10[3]:CLK
  To:   FIC_0_PERIPHERALS_0/security_core_0/hash_block_11[3]:D
  Delay (ns):              0.149
  Slack (ns):              0.072
  Arrival (ns):            3.827
  Required (ns):           3.755
  Operating Conditions: fast_hv_lt

Path 42
  From: FIC_0_PERIPHERALS_0/security_core_0/hash_block_10[10]:CLK
  To:   FIC_0_PERIPHERALS_0/security_core_0/hash_block_11[10]:D
  Delay (ns):              0.149
  Slack (ns):              0.072
  Arrival (ns):            3.803
  Required (ns):           3.731
  Operating Conditions: fast_hv_lt

Path 43
  From: FIC_0_PERIPHERALS_0/DMA_INITIATOR_inst_0/DMA_INITIATOR_0/SlvConvertor_loop[0].slvcnv/rgsl/genblk5.brs/sDat[2]:CLK
  To:   FIC_0_PERIPHERALS_0/DMA_INITIATOR_inst_0/DMA_INITIATOR_0/MstConvertor_loop[0].mstrconv/rgsl/genblk5.brs/holdDat[2]:D
  Delay (ns):              0.149
  Slack (ns):              0.072
  Arrival (ns):            3.794
  Required (ns):           3.722
  Operating Conditions: fast_hv_lt

Path 44
  From: FIC_0_PERIPHERALS_0/DMA_INITIATOR_inst_0/DMA_INITIATOR_0/MstConvertor_loop[0].mstrconv/mstrDWC/genblk1.MstUpConv/DWC_AWChan/SLAVE_ABURST[0]:CLK
  To:   FIC_0_PERIPHERALS_0/DMA_INITIATOR_inst_0/DMA_INITIATOR_0/MstConvertor_loop[0].mstrconv/rgsl/genblk1.awrs/holdDat[18]:D
  Delay (ns):              0.149
  Slack (ns):              0.072
  Arrival (ns):            3.801
  Required (ns):           3.729
  Operating Conditions: fast_hv_lt

Path 45
  From: FIC_0_PERIPHERALS_0/security_core_0/sbox/y_lo_r0[1][0]:CLK
  To:   FIC_0_PERIPHERALS_0/security_core_0/sbox/y_lo_r1[1][0]:D
  Delay (ns):              0.150
  Slack (ns):              0.073
  Arrival (ns):            3.808
  Required (ns):           3.735
  Operating Conditions: fast_hv_lt

Path 46
  From: FIC_0_PERIPHERALS_0/security_core_0/sbox/y_hi_r2[2][1]:CLK
  To:   FIC_0_PERIPHERALS_0/security_core_0/sbox/y_hi_r3[2][1]:D
  Delay (ns):              0.145
  Slack (ns):              0.073
  Arrival (ns):            3.798
  Required (ns):           3.725
  Operating Conditions: fast_hv_lt

Path 47
  From: FIC_0_PERIPHERALS_0/security_core_0/hash_block_9[11]:CLK
  To:   FIC_0_PERIPHERALS_0/security_core_0/hash_core/buffer[299]:D
  Delay (ns):              0.151
  Slack (ns):              0.073
  Arrival (ns):            3.810
  Required (ns):           3.737
  Operating Conditions: fast_hv_lt

Path 48
  From: FIC_0_PERIPHERALS_0/security_core_0/hash_block_5[21]:CLK
  To:   FIC_0_PERIPHERALS_0/security_core_0/hash_block_6[21]:D
  Delay (ns):              0.150
  Slack (ns):              0.073
  Arrival (ns):            3.807
  Required (ns):           3.734
  Operating Conditions: fast_hv_lt

Path 49
  From: FIC_0_PERIPHERALS_0/security_core_0/hash_block_3[4]:CLK
  To:   FIC_0_PERIPHERALS_0/security_core_0/hash_block_4[4]:D
  Delay (ns):              0.149
  Slack (ns):              0.073
  Arrival (ns):            3.797
  Required (ns):           3.724
  Operating Conditions: fast_hv_lt

Path 50
  From: FIC_3_PERIPHERALS_0/CoreUARTapb_C0_0/CoreUARTapb_C0_0/uUART/make_RX/rx_shift[4]:CLK
  To:   FIC_3_PERIPHERALS_0/CoreUARTapb_C0_0/CoreUARTapb_C0_0/uUART/make_RX/rx_shift[3]:D
  Delay (ns):              0.151
  Slack (ns):              0.074
  Arrival (ns):            4.210
  Required (ns):           4.136
  Operating Conditions: fast_hv_lt

Path 51
  From: FIC_0_PERIPHERALS_0/security_core_0/rng/neoTRNG_0/entropy_cell_gen.0.neoTRNG_cell_inst/sync[0]:CLK
  To:   FIC_0_PERIPHERALS_0/security_core_0/rng/neoTRNG_0/entropy_cell_gen.0.neoTRNG_cell_inst/sync[1]:D
  Delay (ns):              0.148
  Slack (ns):              0.074
  Arrival (ns):            3.772
  Required (ns):           3.698
  Operating Conditions: fast_hv_lt

Path 52
  From: FIC_0_PERIPHERALS_0/security_core_0/hash_block_8[11]:CLK
  To:   FIC_0_PERIPHERALS_0/security_core_0/hash_core/buffer[267]:D
  Delay (ns):              0.151
  Slack (ns):              0.074
  Arrival (ns):            3.811
  Required (ns):           3.737
  Operating Conditions: fast_hv_lt

Path 53
  From: FIC_0_PERIPHERALS_0/security_core_0/hash_block_6[7]:CLK
  To:   FIC_0_PERIPHERALS_0/security_core_0/hash_block_7[7]:D
  Delay (ns):              0.151
  Slack (ns):              0.074
  Arrival (ns):            3.814
  Required (ns):           3.740
  Operating Conditions: fast_hv_lt

Path 54
  From: FIC_0_PERIPHERALS_0/security_core_0/hash_block_6[22]:CLK
  To:   FIC_0_PERIPHERALS_0/security_core_0/hash_block_7[22]:D
  Delay (ns):              0.151
  Slack (ns):              0.074
  Arrival (ns):            3.825
  Required (ns):           3.751
  Operating Conditions: fast_hv_lt

Path 55
  From: FIC_0_PERIPHERALS_0/security_core_0/hash_block_4[13]:CLK
  To:   FIC_0_PERIPHERALS_0/security_core_0/hash_block_5[13]:D
  Delay (ns):              0.151
  Slack (ns):              0.074
  Arrival (ns):            3.812
  Required (ns):           3.738
  Operating Conditions: fast_hv_lt

Path 56
  From: FIC_0_PERIPHERALS_0/security_core_0/hash_block_2[21]:CLK
  To:   FIC_0_PERIPHERALS_0/security_core_0/hash_block_3[21]:D
  Delay (ns):              0.152
  Slack (ns):              0.074
  Arrival (ns):            3.808
  Required (ns):           3.734
  Operating Conditions: fast_hv_lt

Path 57
  From: FIC_0_PERIPHERALS_0/security_core_0/hash_block_1[21]:CLK
  To:   FIC_0_PERIPHERALS_0/security_core_0/hash_core/buffer[53]:D
  Delay (ns):              0.151
  Slack (ns):              0.074
  Arrival (ns):            3.808
  Required (ns):           3.734
  Operating Conditions: fast_hv_lt

Path 58
  From: FIC_0_PERIPHERALS_0/security_core_0/hash_block_1[21]:CLK
  To:   FIC_0_PERIPHERALS_0/security_core_0/hash_block_2[21]:D
  Delay (ns):              0.151
  Slack (ns):              0.074
  Arrival (ns):            3.808
  Required (ns):           3.734
  Operating Conditions: fast_hv_lt

Path 59
  From: FIC_0_PERIPHERALS_0/security_core_0/hash_block_14[4]:CLK
  To:   FIC_0_PERIPHERALS_0/security_core_0/hash_core/buffer[452]:D
  Delay (ns):              0.151
  Slack (ns):              0.074
  Arrival (ns):            3.830
  Required (ns):           3.756
  Operating Conditions: fast_hv_lt

Path 60
  From: FIC_0_PERIPHERALS_0/security_core_0/hash_block_13[4]:CLK
  To:   FIC_0_PERIPHERALS_0/security_core_0/hash_block_14[4]:D
  Delay (ns):              0.151
  Slack (ns):              0.074
  Arrival (ns):            3.830
  Required (ns):           3.756
  Operating Conditions: fast_hv_lt

Path 61
  From: FIC_0_PERIPHERALS_0/security_core_0/hash_block_11[3]:CLK
  To:   FIC_0_PERIPHERALS_0/security_core_0/hash_block_12[3]:D
  Delay (ns):              0.151
  Slack (ns):              0.074
  Arrival (ns):            3.829
  Required (ns):           3.755
  Operating Conditions: fast_hv_lt

Path 62
  From: FIC_0_PERIPHERALS_0/FIC0_INITIATOR_inst_0/FIC0_INITIATOR_0/arst_aclk_sync/sysReset_f1:CLK
  To:   FIC_0_PERIPHERALS_0/FIC0_INITIATOR_inst_0/FIC0_INITIATOR_0/arst_aclk_sync/sysReset:D
  Delay (ns):              0.222
  Slack (ns):              0.074
  Arrival (ns):            5.460
  Required (ns):           5.386
  Operating Conditions: slow_lv_lt

Path 63
  From: FIC_3_PERIPHERALS_0/PWM/corepwm_C0_0/genblk3.corepwm_reg_if/psh_prescale_reg[27]:CLK
  To:   FIC_3_PERIPHERALS_0/PWM/corepwm_C0_0/genblk3.corepwm_reg_if/prescale_reg_Z[27]:D
  Delay (ns):              0.149
  Slack (ns):              0.075
  Arrival (ns):            4.201
  Required (ns):           4.126
  Operating Conditions: fast_hv_lt

Path 64
  From: FIC_3_PERIPHERALS_0/CoreUARTapb_C0_0/CoreUARTapb_C0_0/uUART/make_RX/rx_shift[1]:CLK
  To:   FIC_3_PERIPHERALS_0/CoreUARTapb_C0_0/CoreUARTapb_C0_0/uUART/make_RX/rx_shift[0]:D
  Delay (ns):              0.153
  Slack (ns):              0.075
  Arrival (ns):            4.211
  Required (ns):           4.136
  Operating Conditions: fast_hv_lt

Path 65
  From: FIC_0_PERIPHERALS_0/security_core_0/sbox/y_lo_r0[1][3]:CLK
  To:   FIC_0_PERIPHERALS_0/security_core_0/sbox/y_lo_r1[1][3]:D
  Delay (ns):              0.149
  Slack (ns):              0.075
  Arrival (ns):            3.781
  Required (ns):           3.706
  Operating Conditions: fast_hv_lt

Path 66
  From: FIC_0_PERIPHERALS_0/security_core_0/sbox/y_hi_r2[0][2]:CLK
  To:   FIC_0_PERIPHERALS_0/security_core_0/sbox/y_hi_r3[0][2]:D
  Delay (ns):              0.149
  Slack (ns):              0.075
  Arrival (ns):            3.809
  Required (ns):           3.734
  Operating Conditions: fast_hv_lt

Path 67
  From: FIC_0_PERIPHERALS_0/security_core_0/hash_block_7[3]:CLK
  To:   FIC_0_PERIPHERALS_0/security_core_0/hash_block_8[3]:D
  Delay (ns):              0.153
  Slack (ns):              0.075
  Arrival (ns):            3.830
  Required (ns):           3.755
  Operating Conditions: fast_hv_lt

Path 68
  From: FIC_0_PERIPHERALS_0/security_core_0/hash_block_6[3]:CLK
  To:   FIC_0_PERIPHERALS_0/security_core_0/hash_block_7[3]:D
  Delay (ns):              0.152
  Slack (ns):              0.075
  Arrival (ns):            3.830
  Required (ns):           3.755
  Operating Conditions: fast_hv_lt

Path 69
  From: FIC_0_PERIPHERALS_0/security_core_0/hash_block_1[0]:CLK
  To:   FIC_0_PERIPHERALS_0/security_core_0/hash_block_2[0]:D
  Delay (ns):              0.152
  Slack (ns):              0.075
  Arrival (ns):            3.812
  Required (ns):           3.737
  Operating Conditions: fast_hv_lt

Path 70
  From: FIC_0_PERIPHERALS_0/DMA_INITIATOR_inst_0/DMA_INITIATOR_0/MstConvertor_loop[0].mstrconv/mstrDWC/genblk1.MstUpConv/DWC_UpConv_preCalcAChannel_aw_inst/MASTER_AADDR_out[28]:CLK
  To:   FIC_0_PERIPHERALS_0/DMA_INITIATOR_inst_0/DMA_INITIATOR_0/MstConvertor_loop[0].mstrconv/mstrDWC/genblk1.MstUpConv/DWC_AWChan/SLAVE_AADDR[28]:D
  Delay (ns):              0.149
  Slack (ns):              0.075
  Arrival (ns):            3.798
  Required (ns):           3.723
  Operating Conditions: fast_hv_lt

Path 71
  From: CLOCKS_AND_RESETS_0/RESET_FIC_3_CLK/CORERESET_0/dff_7[0]:CLK
  To:   CLOCKS_AND_RESETS_0/RESET_FIC_3_CLK/CORERESET_0/dff_8[0]:D
  Delay (ns):              0.149
  Slack (ns):              0.075
  Arrival (ns):            4.196
  Required (ns):           4.121
  Operating Conditions: fast_hv_lt

Path 72
  From: FIC_3_PERIPHERALS_0/CoreUARTapb_C0_0/CoreUARTapb_C0_0/uUART/make_RX/samples_1[0]:CLK
  To:   FIC_3_PERIPHERALS_0/CoreUARTapb_C0_0/CoreUARTapb_C0_0/uUART/make_RX/samples_0[0]:D
  Delay (ns):              0.150
  Slack (ns):              0.076
  Arrival (ns):            4.212
  Required (ns):           4.136
  Operating Conditions: fast_hv_lt

Path 73
  From: FIC_0_PERIPHERALS_0/security_core_0/sbox/y_hi_r2[1][0]:CLK
  To:   FIC_0_PERIPHERALS_0/security_core_0/sbox/y_hi_r3[1][0]:D
  Delay (ns):              0.150
  Slack (ns):              0.076
  Arrival (ns):            3.806
  Required (ns):           3.730
  Operating Conditions: fast_hv_lt

Path 74
  From: FIC_0_PERIPHERALS_0/security_core_0/sbox/y_hi_r1[2][1]:CLK
  To:   FIC_0_PERIPHERALS_0/security_core_0/sbox/y_hi_r2[2][1]:D
  Delay (ns):              0.150
  Slack (ns):              0.076
  Arrival (ns):            3.802
  Required (ns):           3.726
  Operating Conditions: fast_hv_lt

Path 75
  From: FIC_0_PERIPHERALS_0/security_core_0/hash_block_8[8]:CLK
  To:   FIC_0_PERIPHERALS_0/security_core_0/hash_block_9[8]:D
  Delay (ns):              0.153
  Slack (ns):              0.076
  Arrival (ns):            3.806
  Required (ns):           3.730
  Operating Conditions: fast_hv_lt

Path 76
  From: FIC_0_PERIPHERALS_0/security_core_0/hash_block_6[20]:CLK
  To:   FIC_0_PERIPHERALS_0/security_core_0/hash_block_7[20]:D
  Delay (ns):              0.150
  Slack (ns):              0.076
  Arrival (ns):            3.829
  Required (ns):           3.753
  Operating Conditions: fast_hv_lt

Path 77
  From: FIC_0_PERIPHERALS_0/security_core_0/hash_block_3[25]:CLK
  To:   FIC_0_PERIPHERALS_0/security_core_0/hash_block_4[25]:D
  Delay (ns):              0.150
  Slack (ns):              0.076
  Arrival (ns):            3.825
  Required (ns):           3.749
  Operating Conditions: fast_hv_lt

Path 78
  From: FIC_0_PERIPHERALS_0/security_core_0/hash_block_3[18]:CLK
  To:   FIC_0_PERIPHERALS_0/security_core_0/hash_block_4[18]:D
  Delay (ns):              0.150
  Slack (ns):              0.076
  Arrival (ns):            3.798
  Required (ns):           3.722
  Operating Conditions: fast_hv_lt

Path 79
  From: FIC_0_PERIPHERALS_0/security_core_0/hash_block_2[4]:CLK
  To:   FIC_0_PERIPHERALS_0/security_core_0/hash_block_3[4]:D
  Delay (ns):              0.153
  Slack (ns):              0.076
  Arrival (ns):            3.801
  Required (ns):           3.725
  Operating Conditions: fast_hv_lt

Path 80
  From: FIC_0_PERIPHERALS_0/security_core_0/hash_block_1[26]:CLK
  To:   FIC_0_PERIPHERALS_0/security_core_0/hash_block_2[26]:D
  Delay (ns):              0.153
  Slack (ns):              0.076
  Arrival (ns):            3.802
  Required (ns):           3.726
  Operating Conditions: fast_hv_lt

Path 81
  From: FIC_0_PERIPHERALS_0/security_core_0/hash_block_14[21]:CLK
  To:   FIC_0_PERIPHERALS_0/security_core_0/hash_block_15[21]:D
  Delay (ns):              0.153
  Slack (ns):              0.076
  Arrival (ns):            3.809
  Required (ns):           3.733
  Operating Conditions: fast_hv_lt

Path 82
  From: FIC_0_PERIPHERALS_0/security_core_0/hash_block_13[14]:CLK
  To:   FIC_0_PERIPHERALS_0/security_core_0/hash_core/buffer[430]:D
  Delay (ns):              0.150
  Slack (ns):              0.076
  Arrival (ns):            3.819
  Required (ns):           3.743
  Operating Conditions: fast_hv_lt

Path 83
  From: FIC_0_PERIPHERALS_0/security_core_0/hash_block_13[10]:CLK
  To:   FIC_0_PERIPHERALS_0/security_core_0/hash_core/buffer[426]:D
  Delay (ns):              0.153
  Slack (ns):              0.076
  Arrival (ns):            3.807
  Required (ns):           3.731
  Operating Conditions: fast_hv_lt

Path 84
  From: FIC_0_PERIPHERALS_0/security_core_0/hash_block_12[21]:CLK
  To:   FIC_0_PERIPHERALS_0/security_core_0/hash_block_13[21]:D
  Delay (ns):              0.153
  Slack (ns):              0.076
  Arrival (ns):            3.809
  Required (ns):           3.733
  Operating Conditions: fast_hv_lt

Path 85
  From: FIC_0_PERIPHERALS_0/security_core_0/hash_block_11[13]:CLK
  To:   FIC_0_PERIPHERALS_0/security_core_0/hash_block_12[13]:D
  Delay (ns):              0.153
  Slack (ns):              0.076
  Arrival (ns):            3.818
  Required (ns):           3.742
  Operating Conditions: fast_hv_lt

Path 86
  From: FIC_0_PERIPHERALS_0/security_core_0/hash_block_11[0]:CLK
  To:   FIC_0_PERIPHERALS_0/security_core_0/hash_block_12[0]:D
  Delay (ns):              0.150
  Slack (ns):              0.076
  Arrival (ns):            3.819
  Required (ns):           3.743
  Operating Conditions: fast_hv_lt

Path 87
  From: FIC_0_PERIPHERALS_0/security_core_0/hash_block_10[31]:CLK
  To:   FIC_0_PERIPHERALS_0/security_core_0/hash_core/buffer[351]:D
  Delay (ns):              0.150
  Slack (ns):              0.076
  Arrival (ns):            3.818
  Required (ns):           3.742
  Operating Conditions: fast_hv_lt

Path 88
  From: FIC_0_PERIPHERALS_0/FIC0_INITIATOR_inst_0/FIC0_INITIATOR_0/SlvConvertor_loop[0].slvcnv/slvdwc/genblk1.DownConverter_inst/readWidthConv/rdCmdFifoWriteCtrl/SLAVE_ABURST[0]:CLK
  To:   FIC_0_PERIPHERALS_0/FIC0_INITIATOR_inst_0/FIC0_INITIATOR_0/SlvConvertor_loop[0].slvcnv/slvProtConv/genblk1.u_AXILtePC/SlvPCRd/latARBURST[0]:D
  Delay (ns):              0.153
  Slack (ns):              0.076
  Arrival (ns):            3.814
  Required (ns):           3.738
  Operating Conditions: fast_hv_lt

Path 89
  From: FIC_0_PERIPHERALS_0/DMA_INITIATOR_inst_0/DMA_INITIATOR_0/MstConvertor_loop[0].mstrconv/mstrDWC/genblk1.MstUpConv/DWC_UpConv_preCalcAChannel_aw_inst/MASTER_AADDR_out[30]:CLK
  To:   FIC_0_PERIPHERALS_0/DMA_INITIATOR_inst_0/DMA_INITIATOR_0/MstConvertor_loop[0].mstrconv/mstrDWC/genblk1.MstUpConv/DWC_AWChan/SLAVE_AADDR[30]:D
  Delay (ns):              0.150
  Slack (ns):              0.076
  Arrival (ns):            3.798
  Required (ns):           3.722
  Operating Conditions: fast_hv_lt

Path 90
  From: FIC_0_PERIPHERALS_0/DMA_INITIATOR_inst_0/DMA_INITIATOR_0/MstConvertor_loop[0].mstrconv/mstrDWC/genblk1.MstUpConv/DWC_UpConv_preCalcAChannel_aw_inst/MASTER_AADDR_out[29]:CLK
  To:   FIC_0_PERIPHERALS_0/DMA_INITIATOR_inst_0/DMA_INITIATOR_0/MstConvertor_loop[0].mstrconv/mstrDWC/genblk1.MstUpConv/DWC_AWChan/SLAVE_AADDR[29]:D
  Delay (ns):              0.150
  Slack (ns):              0.076
  Arrival (ns):            3.799
  Required (ns):           3.723
  Operating Conditions: fast_hv_lt

Path 91
  From: CLOCKS_AND_RESETS_0/RESET_FIC_3_CLK/CORERESET_0/dff_8[0]:CLK
  To:   CLOCKS_AND_RESETS_0/RESET_FIC_3_CLK/CORERESET_0/dff_9[0]:D
  Delay (ns):              0.150
  Slack (ns):              0.076
  Arrival (ns):            4.197
  Required (ns):           4.121
  Operating Conditions: fast_hv_lt

Path 92
  From: FIC_0_PERIPHERALS_0/security_core_0/hash_block_7[24]:CLK
  To:   FIC_0_PERIPHERALS_0/security_core_0/hash_block_8[24]:D
  Delay (ns):              0.151
  Slack (ns):              0.077
  Arrival (ns):            3.804
  Required (ns):           3.727
  Operating Conditions: fast_hv_lt

Path 93
  From: FIC_0_PERIPHERALS_0/security_core_0/hash_block_7[13]:CLK
  To:   FIC_0_PERIPHERALS_0/security_core_0/hash_block_8[13]:D
  Delay (ns):              0.154
  Slack (ns):              0.077
  Arrival (ns):            3.815
  Required (ns):           3.738
  Operating Conditions: fast_hv_lt

Path 94
  From: FIC_0_PERIPHERALS_0/security_core_0/hash_block_4[31]:CLK
  To:   FIC_0_PERIPHERALS_0/security_core_0/hash_block_5[31]:D
  Delay (ns):              0.151
  Slack (ns):              0.077
  Arrival (ns):            3.818
  Required (ns):           3.741
  Operating Conditions: fast_hv_lt

Path 95
  From: FIC_0_PERIPHERALS_0/security_core_0/hash_block_11[6]:CLK
  To:   FIC_0_PERIPHERALS_0/security_core_0/hash_block_12[6]:D
  Delay (ns):              0.153
  Slack (ns):              0.077
  Arrival (ns):            3.802
  Required (ns):           3.725
  Operating Conditions: fast_hv_lt

Path 96
  From: FIC_0_PERIPHERALS_0/security_core_0/hash_block_11[4]:CLK
  To:   FIC_0_PERIPHERALS_0/security_core_0/hash_block_12[4]:D
  Delay (ns):              0.154
  Slack (ns):              0.077
  Arrival (ns):            3.833
  Required (ns):           3.756
  Operating Conditions: fast_hv_lt

Path 97
  From: FIC_0_PERIPHERALS_0/security_core_0/hash_block_10[30]:CLK
  To:   FIC_0_PERIPHERALS_0/security_core_0/hash_block_11[30]:D
  Delay (ns):              0.154
  Slack (ns):              0.077
  Arrival (ns):            3.805
  Required (ns):           3.728
  Operating Conditions: fast_hv_lt

Path 98
  From: FIC_0_PERIPHERALS_0/DMA_INITIATOR_inst_0/DMA_INITIATOR_0/MstConvertor_loop[0].mstrconv/mstrDWC/genblk1.MstUpConv/DWC_UpConv_preCalcAChannel_aw_inst/MASTER_AADDR_out[8]:CLK
  To:   FIC_0_PERIPHERALS_0/DMA_INITIATOR_inst_0/DMA_INITIATOR_0/MstConvertor_loop[0].mstrconv/mstrDWC/genblk1.MstUpConv/DWC_AWChan/SLAVE_AADDR[8]:D
  Delay (ns):              0.151
  Slack (ns):              0.077
  Arrival (ns):            3.799
  Required (ns):           3.722
  Operating Conditions: fast_hv_lt

Path 99
  From: FIC_0_PERIPHERALS_0/DMA_INITIATOR_inst_0/DMA_INITIATOR_0/MstConvertor_loop[0].mstrconv/mstrDWC/genblk1.MstUpConv/DWC_UpConv_preCalcAChannel_aw_inst/MASTER_AADDR_out[25]:CLK
  To:   FIC_0_PERIPHERALS_0/DMA_INITIATOR_inst_0/DMA_INITIATOR_0/MstConvertor_loop[0].mstrconv/mstrDWC/genblk1.MstUpConv/DWC_AWChan/SLAVE_AADDR[25]:D
  Delay (ns):              0.151
  Slack (ns):              0.077
  Arrival (ns):            3.800
  Required (ns):           3.723
  Operating Conditions: fast_hv_lt

Path 100
  From: FIC_0_PERIPHERALS_0/DMA_CONTROLLER_inst_0/DMA_CONTROLLER_0/U_AXI4INITIATORDMACtrl/AWADDRReg[5]:CLK
  To:   FIC_0_PERIPHERALS_0/DMA_INITIATOR_inst_0/DMA_INITIATOR_0/MstConvertor_loop[0].mstrconv/mstrDWC/genblk1.MstUpConv/DWC_UpConv_preCalcAChannel_aw_inst/MASTER_AADDR_out[5]:D
  Delay (ns):              0.154
  Slack (ns):              0.077
  Arrival (ns):            3.829
  Required (ns):           3.752
  Operating Conditions: fast_hv_lt

