Timing Violation Report Min Delay Analysis

SmartTime Version 2025.2
Microchip Technology Inc. - Microchip Libero Software Release 2025.2 (Version 2025.2.0.14)
Date: Mon Mar 23 10:37:22 2026


Design: MPFS_DISCOVERY_KIT
Family: PolarFireSoC
Die: MPFS095T
Package: FCSG325
Temperature Range: 0 - 100 C
Voltage Range: 0.97 - 1.03 V
Speed Grade: -1
Design State: Post-Layout
Data source: Production
Multi Corner Report Operating Conditions: slow_lv_lt,fast_hv_lt,slow_lv_ht


Path 1
  From: FIC_0_PERIPHERALS_0/FIC0_INITIATOR_inst_0/FIC0_INITIATOR_0/SlvConvertor_loop[0].slvcnv/slvdwc/genblk1.DownConverter_inst/readWidthConv/genblk1.widthConvrd/MASTER_RDATA[42]:CLK
  To:   FIC_0_PERIPHERALS_0/FIC0_INITIATOR_inst_0/FIC0_INITIATOR_0/SlvConvertor_loop[0].slvcnv/rgsl/genblk3.rrs/holdDat[46]:D
  Delay (ns):              0.284
  Slack (ns):              0.017
  Arrival (ns):            5.746
  Required (ns):           5.729
  Operating Conditions: slow_lv_ht

Path 2
  From: FIC_0_PERIPHERALS_0/FIC0_INITIATOR_inst_0/FIC0_INITIATOR_0/SlvConvertor_loop[0].slvcnv/slvdwc/genblk1.DownConverter_inst/readWidthConv/genblk1.widthConvrd/MASTER_RDATA[17]:CLK
  To:   FIC_0_PERIPHERALS_0/FIC0_INITIATOR_inst_0/FIC0_INITIATOR_0/SlvConvertor_loop[0].slvcnv/rgsl/genblk3.rrs/holdDat[21]:D
  Delay (ns):              0.292
  Slack (ns):              0.034
  Arrival (ns):            5.526
  Required (ns):           5.492
  Operating Conditions: slow_lv_lt

Path 3
  From: FIC_0_PERIPHERALS_0/FIC0_INITIATOR_inst_0/FIC0_INITIATOR_0/SlvConvertor_loop[0].slvcnv/slvdwc/genblk1.DownConverter_inst/readWidthConv/genblk1.widthConvrd/MASTER_RDATA[41]:CLK
  To:   FIC_0_PERIPHERALS_0/FIC0_INITIATOR_inst_0/FIC0_INITIATOR_0/SlvConvertor_loop[0].slvcnv/rgsl/genblk3.rrs/holdDat[45]:D
  Delay (ns):              0.306
  Slack (ns):              0.048
  Arrival (ns):            5.545
  Required (ns):           5.497
  Operating Conditions: slow_lv_lt

Path 4
  From: FIC_0_PERIPHERALS_0/FIC0_INITIATOR_inst_0/FIC0_INITIATOR_0/SlvConvertor_loop[0].slvcnv/slvdwc/genblk1.DownConverter_inst/readWidthConv/genblk1.widthConvrd/MASTER_RDATA[22]:CLK
  To:   FIC_0_PERIPHERALS_0/FIC0_INITIATOR_inst_0/FIC0_INITIATOR_0/SlvConvertor_loop[0].slvcnv/rgsl/genblk3.rrs/holdDat[26]:D
  Delay (ns):              0.304
  Slack (ns):              0.050
  Arrival (ns):            5.541
  Required (ns):           5.491
  Operating Conditions: slow_lv_lt

Path 5
  From: FIC_0_PERIPHERALS_0/FIC0_INITIATOR_inst_0/FIC0_INITIATOR_0/SlvConvertor_loop[0].slvcnv/slvdwc/genblk1.DownConverter_inst/readWidthConv/genblk1.widthConvrd/MASTER_RDATA[19]:CLK
  To:   FIC_0_PERIPHERALS_0/FIC0_INITIATOR_inst_0/FIC0_INITIATOR_0/SlvConvertor_loop[0].slvcnv/rgsl/genblk3.rrs/holdDat[23]:D
  Delay (ns):              0.311
  Slack (ns):              0.053
  Arrival (ns):            5.545
  Required (ns):           5.492
  Operating Conditions: slow_lv_lt

Path 6
  From: FIC_0_PERIPHERALS_0/FIC0_INITIATOR_inst_0/FIC0_INITIATOR_0/SlvConvertor_loop[0].slvcnv/slvdwc/genblk1.DownConverter_inst/readWidthConv/genblk1.widthConvrd/MASTER_RDATA[54]:CLK
  To:   FIC_0_PERIPHERALS_0/FIC0_INITIATOR_inst_0/FIC0_INITIATOR_0/SlvConvertor_loop[0].slvcnv/rgsl/genblk3.rrs/holdDat[58]:D
  Delay (ns):              0.312
  Slack (ns):              0.058
  Arrival (ns):            5.549
  Required (ns):           5.491
  Operating Conditions: slow_lv_lt

Path 7
  From: FIC_0_PERIPHERALS_0/security_core_0/hash_block_15[14]:CLK
  To:   FIC_0_PERIPHERALS_0/security_core_0/hash_core/buffer[494]:D
  Delay (ns):              0.303
  Slack (ns):              0.060
  Arrival (ns):            5.549
  Required (ns):           5.489
  Operating Conditions: slow_lv_lt

Path 8
  From: CLOCKS_AND_RESETS_0/RESET_FIC_0_CLK/CORERESET_0/dff_8[0]:CLK
  To:   CLOCKS_AND_RESETS_0/RESET_FIC_0_CLK/CORERESET_0/dff_9[0]:D
  Delay (ns):              0.143
  Slack (ns):              0.066
  Arrival (ns):            3.822
  Required (ns):           3.756
  Operating Conditions: fast_hv_lt

Path 9
  From: CLOCKS_AND_RESETS_0/RESET_FIC_0_CLK/CORERESET_0/dff_6[0]:CLK
  To:   CLOCKS_AND_RESETS_0/RESET_FIC_0_CLK/CORERESET_0/dff_7[0]:D
  Delay (ns):              0.215
  Slack (ns):              0.066
  Arrival (ns):            5.486
  Required (ns):           5.420
  Operating Conditions: slow_lv_lt

Path 10
  From: CLOCKS_AND_RESETS_0/RESET_FIC_0_CLK/CORERESET_0/dff_5[0]:CLK
  To:   CLOCKS_AND_RESETS_0/RESET_FIC_0_CLK/CORERESET_0/dff_6[0]:D
  Delay (ns):              0.144
  Slack (ns):              0.067
  Arrival (ns):            3.823
  Required (ns):           3.756
  Operating Conditions: fast_hv_lt

Path 11
  From: CLOCKS_AND_RESETS_0/RESET_FIC_0_CLK/CORERESET_0/dff_0[0]:CLK
  To:   CLOCKS_AND_RESETS_0/RESET_FIC_0_CLK/CORERESET_0/dff_1[0]:D
  Delay (ns):              0.144
  Slack (ns):              0.067
  Arrival (ns):            3.823
  Required (ns):           3.756
  Operating Conditions: fast_hv_lt

Path 12
  From: FIC_0_PERIPHERALS_0/security_core_0/hash_block_8[24]:CLK
  To:   FIC_0_PERIPHERALS_0/security_core_0/hash_block_9[24]:D
  Delay (ns):              0.146
  Slack (ns):              0.069
  Arrival (ns):            3.808
  Required (ns):           3.739
  Operating Conditions: fast_hv_lt

Path 13
  From: FIC_0_PERIPHERALS_0/security_core_0/hash_block_1[26]:CLK
  To:   FIC_0_PERIPHERALS_0/security_core_0/hash_block_2[26]:D
  Delay (ns):              0.146
  Slack (ns):              0.069
  Arrival (ns):            3.809
  Required (ns):           3.740
  Operating Conditions: fast_hv_lt

Path 14
  From: FIC_0_PERIPHERALS_0/security_core_0/sbox/t_hi_r0[2][1]:CLK
  To:   FIC_0_PERIPHERALS_0/security_core_0/sbox/t_hi_r1[2][1]:D
  Delay (ns):              0.147
  Slack (ns):              0.070
  Arrival (ns):            3.806
  Required (ns):           3.736
  Operating Conditions: fast_hv_lt

Path 15
  From: FIC_0_PERIPHERALS_0/security_core_0/hash_block_9[18]:CLK
  To:   FIC_0_PERIPHERALS_0/security_core_0/hash_block_10[18]:D
  Delay (ns):              0.148
  Slack (ns):              0.070
  Arrival (ns):            3.800
  Required (ns):           3.730
  Operating Conditions: fast_hv_lt

Path 16
  From: FIC_0_PERIPHERALS_0/security_core_0/hash_block_6[22]:CLK
  To:   FIC_0_PERIPHERALS_0/security_core_0/hash_block_7[22]:D
  Delay (ns):              0.147
  Slack (ns):              0.070
  Arrival (ns):            3.802
  Required (ns):           3.732
  Operating Conditions: fast_hv_lt

Path 17
  From: FIC_0_PERIPHERALS_0/security_core_0/hash_block_4[9]:CLK
  To:   FIC_0_PERIPHERALS_0/security_core_0/hash_block_5[9]:D
  Delay (ns):              0.147
  Slack (ns):              0.070
  Arrival (ns):            3.802
  Required (ns):           3.732
  Operating Conditions: fast_hv_lt

Path 18
  From: FIC_0_PERIPHERALS_0/security_core_0/hash_block_11[15]:CLK
  To:   FIC_0_PERIPHERALS_0/security_core_0/hash_core/buffer[367]:D
  Delay (ns):              0.146
  Slack (ns):              0.070
  Arrival (ns):            3.824
  Required (ns):           3.754
  Operating Conditions: fast_hv_lt

Path 19
  From: FIC_0_PERIPHERALS_0/DMA_CONTROLLER_inst_0/DMA_CONTROLLER_0/U_AXI4INITIATORDMACtrl/ARADDRReg[15]:CLK
  To:   FIC_0_PERIPHERALS_0/DMA_INITIATOR_inst_0/DMA_INITIATOR_0/MstConvertor_loop[0].mstrconv/mstrDWC/genblk1.MstUpConv/DWC_UpConv_preCalcAChannel_ar_inst/MASTER_AADDR_out[15]:D
  Delay (ns):              0.219
  Slack (ns):              0.070
  Arrival (ns):            5.489
  Required (ns):           5.419
  Operating Conditions: slow_lv_lt

Path 20
  From: FIC_0_PERIPHERALS_0/security_core_0/hash_block_9[5]:CLK
  To:   FIC_0_PERIPHERALS_0/security_core_0/hash_block_10[5]:D
  Delay (ns):              0.148
  Slack (ns):              0.071
  Arrival (ns):            3.805
  Required (ns):           3.734
  Operating Conditions: fast_hv_lt

Path 21
  From: FIC_0_PERIPHERALS_0/security_core_0/hash_block_9[26]:CLK
  To:   FIC_0_PERIPHERALS_0/security_core_0/hash_block_10[26]:D
  Delay (ns):              0.148
  Slack (ns):              0.071
  Arrival (ns):            3.810
  Required (ns):           3.739
  Operating Conditions: fast_hv_lt

Path 22
  From: FIC_0_PERIPHERALS_0/security_core_0/hash_block_8[5]:CLK
  To:   FIC_0_PERIPHERALS_0/security_core_0/hash_block_9[5]:D
  Delay (ns):              0.148
  Slack (ns):              0.071
  Arrival (ns):            3.805
  Required (ns):           3.734
  Operating Conditions: fast_hv_lt

Path 23
  From: FIC_0_PERIPHERALS_0/security_core_0/hash_block_7[18]:CLK
  To:   FIC_0_PERIPHERALS_0/security_core_0/hash_block_8[18]:D
  Delay (ns):              0.148
  Slack (ns):              0.071
  Arrival (ns):            3.801
  Required (ns):           3.730
  Operating Conditions: fast_hv_lt

Path 24
  From: FIC_0_PERIPHERALS_0/security_core_0/hash_block_5[26]:CLK
  To:   FIC_0_PERIPHERALS_0/security_core_0/hash_core/buffer[186]:D
  Delay (ns):              0.148
  Slack (ns):              0.071
  Arrival (ns):            3.811
  Required (ns):           3.740
  Operating Conditions: fast_hv_lt

Path 25
  From: FIC_0_PERIPHERALS_0/security_core_0/hash_block_5[18]:CLK
  To:   FIC_0_PERIPHERALS_0/security_core_0/hash_block_6[18]:D
  Delay (ns):              0.148
  Slack (ns):              0.071
  Arrival (ns):            3.801
  Required (ns):           3.730
  Operating Conditions: fast_hv_lt

Path 26
  From: FIC_0_PERIPHERALS_0/security_core_0/hash_block_3[9]:CLK
  To:   FIC_0_PERIPHERALS_0/security_core_0/hash_block_4[9]:D
  Delay (ns):              0.148
  Slack (ns):              0.071
  Arrival (ns):            3.803
  Required (ns):           3.732
  Operating Conditions: fast_hv_lt

Path 27
  From: FIC_0_PERIPHERALS_0/security_core_0/hash_block_3[30]:CLK
  To:   FIC_0_PERIPHERALS_0/security_core_0/hash_core/buffer[126]:D
  Delay (ns):              0.148
  Slack (ns):              0.071
  Arrival (ns):            3.824
  Required (ns):           3.753
  Operating Conditions: fast_hv_lt

Path 28
  From: FIC_0_PERIPHERALS_0/security_core_0/hash_block_3[27]:CLK
  To:   FIC_0_PERIPHERALS_0/security_core_0/hash_block_4[27]:D
  Delay (ns):              0.148
  Slack (ns):              0.071
  Arrival (ns):            3.823
  Required (ns):           3.752
  Operating Conditions: fast_hv_lt

Path 29
  From: FIC_0_PERIPHERALS_0/security_core_0/hash_block_2[30]:CLK
  To:   FIC_0_PERIPHERALS_0/security_core_0/hash_block_3[30]:D
  Delay (ns):              0.148
  Slack (ns):              0.071
  Arrival (ns):            3.824
  Required (ns):           3.753
  Operating Conditions: fast_hv_lt

Path 30
  From: FIC_0_PERIPHERALS_0/security_core_0/hash_block_12[21]:CLK
  To:   FIC_0_PERIPHERALS_0/security_core_0/hash_core/buffer[405]:D
  Delay (ns):              0.148
  Slack (ns):              0.071
  Arrival (ns):            3.807
  Required (ns):           3.736
  Operating Conditions: fast_hv_lt

Path 31
  From: FIC_0_PERIPHERALS_0/security_core_0/hash_block_10[24]:CLK
  To:   FIC_0_PERIPHERALS_0/security_core_0/hash_core/buffer[344]:D
  Delay (ns):              0.148
  Slack (ns):              0.071
  Arrival (ns):            3.810
  Required (ns):           3.739
  Operating Conditions: fast_hv_lt

Path 32
  From: FIC_0_PERIPHERALS_0/security_core_0/hash_block_10[22]:CLK
  To:   FIC_0_PERIPHERALS_0/security_core_0/hash_block_11[22]:D
  Delay (ns):              0.148
  Slack (ns):              0.071
  Arrival (ns):            3.803
  Required (ns):           3.732
  Operating Conditions: fast_hv_lt

Path 33
  From: FIC_0_PERIPHERALS_0/DMA_INITIATOR_inst_0/DMA_INITIATOR_0/MstConvertor_loop[0].mstrconv/mstrDWC/genblk1.MstUpConv/DWC_UpConv_preCalcAChannel_ar_inst/MASTER_AADDR_out[29]:CLK
  To:   FIC_0_PERIPHERALS_0/DMA_INITIATOR_inst_0/DMA_INITIATOR_0/MstConvertor_loop[0].mstrconv/mstrDWC/genblk1.MstUpConv/DWC_ARChan/SLAVE_AADDR[29]:D
  Delay (ns):              0.148
  Slack (ns):              0.071
  Arrival (ns):            3.807
  Required (ns):           3.736
  Operating Conditions: fast_hv_lt

Path 34
  From: FIC_0_PERIPHERALS_0/security_core_0/rng/neoTRNG_0/sample_en:CLK
  To:   FIC_0_PERIPHERALS_0/security_core_0/rng/neoTRNG_0/entropy_cell_gen.0.neoTRNG_cell_inst/sreg_0[0]:D
  Delay (ns):              0.149
  Slack (ns):              0.072
  Arrival (ns):            3.800
  Required (ns):           3.728
  Operating Conditions: fast_hv_lt

Path 35
  From: FIC_0_PERIPHERALS_0/security_core_0/hash_block_6[24]:CLK
  To:   FIC_0_PERIPHERALS_0/security_core_0/hash_core/buffer[216]:D
  Delay (ns):              0.149
  Slack (ns):              0.072
  Arrival (ns):            3.811
  Required (ns):           3.739
  Operating Conditions: fast_hv_lt

Path 36
  From: FIC_0_PERIPHERALS_0/security_core_0/hash_block_6[17]:CLK
  To:   FIC_0_PERIPHERALS_0/security_core_0/hash_core/buffer[209]:D
  Delay (ns):              0.149
  Slack (ns):              0.072
  Arrival (ns):            3.806
  Required (ns):           3.734
  Operating Conditions: fast_hv_lt

Path 37
  From: FIC_0_PERIPHERALS_0/security_core_0/hash_block_4[6]:CLK
  To:   FIC_0_PERIPHERALS_0/security_core_0/hash_block_5[6]:D
  Delay (ns):              0.149
  Slack (ns):              0.072
  Arrival (ns):            3.826
  Required (ns):           3.754
  Operating Conditions: fast_hv_lt

Path 38
  From: FIC_0_PERIPHERALS_0/security_core_0/hash_block_4[18]:CLK
  To:   FIC_0_PERIPHERALS_0/security_core_0/hash_block_5[18]:D
  Delay (ns):              0.149
  Slack (ns):              0.072
  Arrival (ns):            3.802
  Required (ns):           3.730
  Operating Conditions: fast_hv_lt

Path 39
  From: FIC_0_PERIPHERALS_0/security_core_0/hash_block_11[10]:CLK
  To:   FIC_0_PERIPHERALS_0/security_core_0/hash_block_12[10]:D
  Delay (ns):              0.150
  Slack (ns):              0.072
  Arrival (ns):            3.813
  Required (ns):           3.741
  Operating Conditions: fast_hv_lt

Path 40
  From: FIC_0_PERIPHERALS_0/FIC0_INITIATOR_inst_0/FIC0_INITIATOR_0/SlvConvertor_loop[1].slvcnv/rgsl/genblk4.wrs/sDat[54]:CLK
  To:   FIC_0_PERIPHERALS_0/MSS_LSRAM_inst_0/COREAXI4SRAM_0/genblk1.genblk1.U_MSS_LSRAM_COREAXI4SRAM_0_CoreAXI4SRAM_MAINCTRL/genblk1.wdata_sc_r[44]:D
  Delay (ns):              0.221
  Slack (ns):              0.072
  Arrival (ns):            5.496
  Required (ns):           5.424
  Operating Conditions: slow_lv_lt

Path 41
  From: FIC_0_PERIPHERALS_0/FIC0_INITIATOR_inst_0/FIC0_INITIATOR_0/SlvConvertor_loop[0].slvcnv/rgsl/genblk2.arrs/sDat[73]:CLK
  To:   FIC_0_PERIPHERALS_0/FIC0_INITIATOR_inst_0/FIC0_INITIATOR_0/SlvConvertor_loop[0].slvcnv/slvdwc/genblk1.DownConverter_inst/readWidthConv/DWC_DownConv_preCalcCmdFifoWrCtrl_inst/MASTER_AID_out[4]:D
  Delay (ns):              0.150
  Slack (ns):              0.072
  Arrival (ns):            3.826
  Required (ns):           3.754
  Operating Conditions: fast_hv_lt

Path 42
  From: FIC_0_PERIPHERALS_0/DMA_INITIATOR_inst_0/DMA_INITIATOR_0/MstConvertor_loop[0].mstrconv/mstrDWC/genblk1.MstUpConv/DWC_ARChan/SLAVE_AADDR[20]:CLK
  To:   FIC_0_PERIPHERALS_0/DMA_INITIATOR_inst_0/DMA_INITIATOR_0/MstConvertor_loop[0].mstrconv/rgsl/genblk2.arrs/holdDat[51]:D
  Delay (ns):              0.149
  Slack (ns):              0.072
  Arrival (ns):            3.798
  Required (ns):           3.726
  Operating Conditions: fast_hv_lt

Path 43
  From: FIC_0_PERIPHERALS_0/DMA_CONTROLLER_inst_0/DMA_CONTROLLER_0/U_AXI4INITIATORDMACtrl/ARADDRReg[30]:CLK
  To:   FIC_0_PERIPHERALS_0/DMA_INITIATOR_inst_0/DMA_INITIATOR_0/MstConvertor_loop[0].mstrconv/mstrDWC/genblk1.MstUpConv/DWC_UpConv_preCalcAChannel_ar_inst/MASTER_AADDR_out[30]:D
  Delay (ns):              0.221
  Slack (ns):              0.072
  Arrival (ns):            5.474
  Required (ns):           5.402
  Operating Conditions: slow_lv_lt

Path 44
  From: CLOCKS_AND_RESETS_0/RESET_FIC_3_CLK/CORERESET_0/dff_13[0]:CLK
  To:   CLOCKS_AND_RESETS_0/RESET_FIC_3_CLK/CORERESET_0/dff_14[0]:D
  Delay (ns):              0.221
  Slack (ns):              0.072
  Arrival (ns):            6.083
  Required (ns):           6.011
  Operating Conditions: slow_lv_lt

Path 45
  From: FIC_0_PERIPHERALS_0/security_core_0/hash_block_8[10]:CLK
  To:   FIC_0_PERIPHERALS_0/security_core_0/hash_core/buffer[266]:D
  Delay (ns):              0.150
  Slack (ns):              0.073
  Arrival (ns):            3.814
  Required (ns):           3.741
  Operating Conditions: fast_hv_lt

Path 46
  From: FIC_0_PERIPHERALS_0/security_core_0/hash_block_3[17]:CLK
  To:   FIC_0_PERIPHERALS_0/security_core_0/hash_block_4[17]:D
  Delay (ns):              0.281
  Slack (ns):              0.073
  Arrival (ns):            5.551
  Required (ns):           5.478
  Operating Conditions: slow_lv_lt

Path 47
  From: FIC_0_PERIPHERALS_0/security_core_0/hash_block_11[26]:CLK
  To:   FIC_0_PERIPHERALS_0/security_core_0/hash_block_12[26]:D
  Delay (ns):              0.150
  Slack (ns):              0.073
  Arrival (ns):            3.812
  Required (ns):           3.739
  Operating Conditions: fast_hv_lt

Path 48
  From: FIC_0_PERIPHERALS_0/FIC0_INITIATOR_inst_0/FIC0_INITIATOR_0/SlvConvertor_loop[1].slvcnv/rgsl/genblk4.wrs/sDat[59]:CLK
  To:   FIC_0_PERIPHERALS_0/MSS_LSRAM_inst_0/COREAXI4SRAM_0/genblk1.genblk1.U_MSS_LSRAM_COREAXI4SRAM_0_CoreAXI4SRAM_MAINCTRL/genblk1.wdata_sc_r[49]:D
  Delay (ns):              0.147
  Slack (ns):              0.073
  Arrival (ns):            3.797
  Required (ns):           3.724
  Operating Conditions: fast_hv_lt

Path 49
  From: FIC_0_PERIPHERALS_0/DMA_INITIATOR_inst_0/DMA_INITIATOR_0/MstConvertor_loop[0].mstrconv/mstrDWC/genblk1.MstUpConv/DWC_UpConv_preCalcAChannel_aw_inst/sizeDiff_pre[0]:CLK
  To:   FIC_0_PERIPHERALS_0/DMA_INITIATOR_inst_0/DMA_INITIATOR_0/MstConvertor_loop[0].mstrconv/mstrDWC/genblk1.MstUpConv/DWC_AWChan/sizeDiff_reg[0]:D
  Delay (ns):              0.150
  Slack (ns):              0.073
  Arrival (ns):            3.805
  Required (ns):           3.732
  Operating Conditions: fast_hv_lt

Path 50
  From: FIC_0_PERIPHERALS_0/DMA_CONTROLLER_inst_0/DMA_CONTROLLER_0/U_AXI4INITIATORDMACtrl/ARADDRReg[8]:CLK
  To:   FIC_0_PERIPHERALS_0/DMA_INITIATOR_inst_0/DMA_INITIATOR_0/MstConvertor_loop[0].mstrconv/mstrDWC/genblk1.MstUpConv/DWC_UpConv_preCalcAChannel_ar_inst/MASTER_AADDR_out[8]:D
  Delay (ns):              0.150
  Slack (ns):              0.073
  Arrival (ns):            3.811
  Required (ns):           3.738
  Operating Conditions: fast_hv_lt

Path 51
  From: CLOCKS_AND_RESETS_0/RESET_FIC_0_CLK/CORERESET_0/dff_1[0]:CLK
  To:   CLOCKS_AND_RESETS_0/RESET_FIC_0_CLK/CORERESET_0/dff_2[0]:D
  Delay (ns):              0.150
  Slack (ns):              0.073
  Arrival (ns):            3.829
  Required (ns):           3.756
  Operating Conditions: fast_hv_lt

Path 52
  From: CLOCKS_AND_RESETS_0/RESET_FIC_0_CLK/CORERESET_0/dff_13[0]:CLK
  To:   CLOCKS_AND_RESETS_0/RESET_FIC_0_CLK/CORERESET_0/dff_14[0]:D
  Delay (ns):              0.150
  Slack (ns):              0.073
  Arrival (ns):            3.802
  Required (ns):           3.729
  Operating Conditions: fast_hv_lt

Path 53
  From: FIC_0_PERIPHERALS_0/security_core_0/sbox/y_lo_r3[2][0]:CLK
  To:   FIC_0_PERIPHERALS_0/security_core_0/sbox/y_lo_r4[2][0]:D
  Delay (ns):              0.151
  Slack (ns):              0.074
  Arrival (ns):            3.803
  Required (ns):           3.729
  Operating Conditions: fast_hv_lt

Path 54
  From: FIC_0_PERIPHERALS_0/security_core_0/sbox/y_lo_r2[0][1]:CLK
  To:   FIC_0_PERIPHERALS_0/security_core_0/sbox/y_lo_r3[0][1]:D
  Delay (ns):              0.148
  Slack (ns):              0.074
  Arrival (ns):            3.791
  Required (ns):           3.717
  Operating Conditions: fast_hv_lt

Path 55
  From: FIC_0_PERIPHERALS_0/security_core_0/sbox/y_hi_r2[2][1]:CLK
  To:   FIC_0_PERIPHERALS_0/security_core_0/sbox/y_hi_r3[2][1]:D
  Delay (ns):              0.148
  Slack (ns):              0.074
  Arrival (ns):            3.809
  Required (ns):           3.735
  Operating Conditions: fast_hv_lt

Path 56
  From: FIC_0_PERIPHERALS_0/security_core_0/hash_block_7[12]:CLK
  To:   FIC_0_PERIPHERALS_0/security_core_0/hash_core/buffer[236]:D
  Delay (ns):              0.151
  Slack (ns):              0.074
  Arrival (ns):            3.798
  Required (ns):           3.724
  Operating Conditions: fast_hv_lt

Path 57
  From: FIC_0_PERIPHERALS_0/security_core_0/hash_block_5[30]:CLK
  To:   FIC_0_PERIPHERALS_0/security_core_0/hash_block_6[30]:D
  Delay (ns):              0.152
  Slack (ns):              0.074
  Arrival (ns):            3.827
  Required (ns):           3.753
  Operating Conditions: fast_hv_lt

Path 58
  From: FIC_0_PERIPHERALS_0/security_core_0/hash_block_4[30]:CLK
  To:   FIC_0_PERIPHERALS_0/security_core_0/hash_block_5[30]:D
  Delay (ns):              0.151
  Slack (ns):              0.074
  Arrival (ns):            3.827
  Required (ns):           3.753
  Operating Conditions: fast_hv_lt

Path 59
  From: FIC_0_PERIPHERALS_0/security_core_0/hash_block_1[9]:CLK
  To:   FIC_0_PERIPHERALS_0/security_core_0/hash_core/buffer[41]:D
  Delay (ns):              0.151
  Slack (ns):              0.074
  Arrival (ns):            3.806
  Required (ns):           3.732
  Operating Conditions: fast_hv_lt

Path 60
  From: FIC_0_PERIPHERALS_0/FIC0_INITIATOR_inst_0/FIC0_INITIATOR_0/arst_aclk_sync/sysReset_f1:CLK
  To:   FIC_0_PERIPHERALS_0/FIC0_INITIATOR_inst_0/FIC0_INITIATOR_0/arst_aclk_sync/sysReset:D
  Delay (ns):              0.150
  Slack (ns):              0.074
  Arrival (ns):            3.796
  Required (ns):           3.722
  Operating Conditions: fast_hv_lt

Path 61
  From: FIC_0_PERIPHERALS_0/FIC0_INITIATOR_inst_0/FIC0_INITIATOR_0/SlvConvertor_loop[0].slvcnv/slvdwc/genblk1.DownConverter_inst/writeWidthConv/genblk1.brespCtrl/MASTER_BID[1]:CLK
  To:   FIC_0_PERIPHERALS_0/FIC0_INITIATOR_inst_0/FIC0_INITIATOR_0/SlvConvertor_loop[0].slvcnv/rgsl/genblk5.brs/holdDat[4]:D
  Delay (ns):              0.151
  Slack (ns):              0.074
  Arrival (ns):            3.816
  Required (ns):           3.742
  Operating Conditions: fast_hv_lt

Path 62
  From: FIC_0_PERIPHERALS_0/security_core_0/sbox/y_lo_r0[2][0]:CLK
  To:   FIC_0_PERIPHERALS_0/security_core_0/sbox/y_lo_r1[2][0]:D
  Delay (ns):              0.149
  Slack (ns):              0.075
  Arrival (ns):            3.806
  Required (ns):           3.731
  Operating Conditions: fast_hv_lt

Path 63
  From: FIC_0_PERIPHERALS_0/security_core_0/sbox/y_hi_r0[2][1]:CLK
  To:   FIC_0_PERIPHERALS_0/security_core_0/sbox/y_hi_r1[2][1]:D
  Delay (ns):              0.149
  Slack (ns):              0.075
  Arrival (ns):            3.810
  Required (ns):           3.735
  Operating Conditions: fast_hv_lt

Path 64
  From: FIC_0_PERIPHERALS_0/security_core_0/hash_block_8[18]:CLK
  To:   FIC_0_PERIPHERALS_0/security_core_0/hash_block_9[18]:D
  Delay (ns):              0.152
  Slack (ns):              0.075
  Arrival (ns):            3.805
  Required (ns):           3.730
  Operating Conditions: fast_hv_lt

Path 65
  From: FIC_0_PERIPHERALS_0/security_core_0/hash_block_8[12]:CLK
  To:   FIC_0_PERIPHERALS_0/security_core_0/hash_core/buffer[268]:D
  Delay (ns):              0.151
  Slack (ns):              0.075
  Arrival (ns):            3.799
  Required (ns):           3.724
  Operating Conditions: fast_hv_lt

Path 66
  From: FIC_0_PERIPHERALS_0/security_core_0/hash_block_8[12]:CLK
  To:   FIC_0_PERIPHERALS_0/security_core_0/hash_block_9[12]:D
  Delay (ns):              0.151
  Slack (ns):              0.075
  Arrival (ns):            3.799
  Required (ns):           3.724
  Operating Conditions: fast_hv_lt

Path 67
  From: FIC_0_PERIPHERALS_0/security_core_0/hash_block_6[16]:CLK
  To:   FIC_0_PERIPHERALS_0/security_core_0/hash_block_7[16]:D
  Delay (ns):              0.151
  Slack (ns):              0.075
  Arrival (ns):            3.825
  Required (ns):           3.750
  Operating Conditions: fast_hv_lt

Path 68
  From: FIC_0_PERIPHERALS_0/security_core_0/hash_block_5[9]:CLK
  To:   FIC_0_PERIPHERALS_0/security_core_0/hash_block_6[9]:D
  Delay (ns):              0.152
  Slack (ns):              0.075
  Arrival (ns):            3.807
  Required (ns):           3.732
  Operating Conditions: fast_hv_lt

Path 69
  From: FIC_0_PERIPHERALS_0/security_core_0/hash_block_1[31]:CLK
  To:   FIC_0_PERIPHERALS_0/security_core_0/hash_block_2[31]:D
  Delay (ns):              0.149
  Slack (ns):              0.075
  Arrival (ns):            3.820
  Required (ns):           3.745
  Operating Conditions: fast_hv_lt

Path 70
  From: FIC_0_PERIPHERALS_0/security_core_0/hash_block_1[16]:CLK
  To:   FIC_0_PERIPHERALS_0/security_core_0/hash_block_2[16]:D
  Delay (ns):              0.149
  Slack (ns):              0.075
  Arrival (ns):            3.824
  Required (ns):           3.749
  Operating Conditions: fast_hv_lt

Path 71
  From: FIC_0_PERIPHERALS_0/security_core_0/hash_block_15[0]:CLK
  To:   FIC_0_PERIPHERALS_0/security_core_0/hash_core/buffer[480]:D
  Delay (ns):              0.149
  Slack (ns):              0.075
  Arrival (ns):            3.830
  Required (ns):           3.755
  Operating Conditions: fast_hv_lt

Path 72
  From: FIC_0_PERIPHERALS_0/security_core_0/hash_block_13[26]:CLK
  To:   FIC_0_PERIPHERALS_0/security_core_0/hash_block_14[26]:D
  Delay (ns):              0.152
  Slack (ns):              0.075
  Arrival (ns):            3.814
  Required (ns):           3.739
  Operating Conditions: fast_hv_lt

Path 73
  From: FIC_0_PERIPHERALS_0/security_core_0/hash_block_10[18]:CLK
  To:   FIC_0_PERIPHERALS_0/security_core_0/hash_block_11[18]:D
  Delay (ns):              0.152
  Slack (ns):              0.075
  Arrival (ns):            3.805
  Required (ns):           3.730
  Operating Conditions: fast_hv_lt

Path 74
  From: FIC_0_PERIPHERALS_0/FIC0_INITIATOR_inst_0/FIC0_INITIATOR_0/MstConvertor_loop[0].mstrconv/rgsl/genblk1.awrs/sDat[41]:CLK
  To:   FIC_0_PERIPHERALS_0/FIC0_INITIATOR_inst_0/FIC0_INITIATOR_0/axicb/cb.awcon/trgmx/slaveAADDR[10]:D
  Delay (ns):              0.153
  Slack (ns):              0.075
  Arrival (ns):            3.820
  Required (ns):           3.745
  Operating Conditions: fast_hv_lt

Path 75
  From: FIC_0_PERIPHERALS_0/DMA_CONTROLLER_inst_0/DMA_CONTROLLER_0/U_AXI4INITIATORDMACtrl/AWADDRReg[6]:CLK
  To:   FIC_0_PERIPHERALS_0/DMA_INITIATOR_inst_0/DMA_INITIATOR_0/MstConvertor_loop[0].mstrconv/mstrDWC/genblk1.MstUpConv/DWC_UpConv_preCalcAChannel_aw_inst/MASTER_AADDR_out[6]:D
  Delay (ns):              0.150
  Slack (ns):              0.075
  Arrival (ns):            3.798
  Required (ns):           3.723
  Operating Conditions: fast_hv_lt

Path 76
  From: FIC_0_PERIPHERALS_0/security_core_0/sbox/y_lo_r1[2][2]:CLK
  To:   FIC_0_PERIPHERALS_0/security_core_0/sbox/y_lo_r2[2][2]:D
  Delay (ns):              0.150
  Slack (ns):              0.076
  Arrival (ns):            3.809
  Required (ns):           3.733
  Operating Conditions: fast_hv_lt

Path 77
  From: FIC_0_PERIPHERALS_0/security_core_0/sbox/y_hi_r2[2][2]:CLK
  To:   FIC_0_PERIPHERALS_0/security_core_0/sbox/y_hi_r3[2][2]:D
  Delay (ns):              0.150
  Slack (ns):              0.076
  Arrival (ns):            3.818
  Required (ns):           3.742
  Operating Conditions: fast_hv_lt

Path 78
  From: FIC_0_PERIPHERALS_0/security_core_0/sbox/y_hi_r1[2][0]:CLK
  To:   FIC_0_PERIPHERALS_0/security_core_0/sbox/y_hi_r2[2][0]:D
  Delay (ns):              0.150
  Slack (ns):              0.076
  Arrival (ns):            3.811
  Required (ns):           3.735
  Operating Conditions: fast_hv_lt

Path 79
  From: FIC_0_PERIPHERALS_0/security_core_0/rng/trng_acc_0/seed_o_2[0]:CLK
  To:   FIC_0_PERIPHERALS_0/security_core_0/rng/trng_acc_0/seed_o_3[0]:D
  Delay (ns):              0.153
  Slack (ns):              0.076
  Arrival (ns):            3.821
  Required (ns):           3.745
  Operating Conditions: fast_hv_lt

Path 80
  From: FIC_0_PERIPHERALS_0/security_core_0/hash_block_2[4]:CLK
  To:   FIC_0_PERIPHERALS_0/security_core_0/hash_core/buffer[68]:D
  Delay (ns):              0.150
  Slack (ns):              0.076
  Arrival (ns):            3.824
  Required (ns):           3.748
  Operating Conditions: fast_hv_lt

Path 81
  From: FIC_0_PERIPHERALS_0/security_core_0/hash_block_12[9]:CLK
  To:   FIC_0_PERIPHERALS_0/security_core_0/hash_core/buffer[393]:D
  Delay (ns):              0.150
  Slack (ns):              0.076
  Arrival (ns):            3.803
  Required (ns):           3.727
  Operating Conditions: fast_hv_lt

Path 82
  From: FIC_0_PERIPHERALS_0/security_core_0/hash_block_12[10]:CLK
  To:   FIC_0_PERIPHERALS_0/security_core_0/hash_block_13[10]:D
  Delay (ns):              0.153
  Slack (ns):              0.076
  Arrival (ns):            3.817
  Required (ns):           3.741
  Operating Conditions: fast_hv_lt

Path 83
  From: FIC_0_PERIPHERALS_0/security_core_0/hash_block_10[4]:CLK
  To:   FIC_0_PERIPHERALS_0/security_core_0/hash_block_11[4]:D
  Delay (ns):              0.150
  Slack (ns):              0.076
  Arrival (ns):            3.823
  Required (ns):           3.747
  Operating Conditions: fast_hv_lt

Path 84
  From: FIC_0_PERIPHERALS_0/FIC0_INITIATOR_inst_0/FIC0_INITIATOR_0/SlvConvertor_loop[1].slvcnv/rgsl/genblk1.awrs/sDat[18]:CLK
  To:   FIC_0_PERIPHERALS_0/MSS_LSRAM_inst_0/COREAXI4SRAM_0/U_MSS_LSRAM_COREAXI4SRAM_0_CoreAXI4SRAM_SLVIF/AWBURST_slvif_Z[0]:D
  Delay (ns):              0.150
  Slack (ns):              0.076
  Arrival (ns):            3.831
  Required (ns):           3.755
  Operating Conditions: fast_hv_lt

Path 85
  From: CLOCKS_AND_RESETS_0/RESET_FIC_0_CLK/CORERESET_0/dff_9[0]:CLK
  To:   CLOCKS_AND_RESETS_0/RESET_FIC_0_CLK/CORERESET_0/dff_10[0]:D
  Delay (ns):              0.153
  Slack (ns):              0.076
  Arrival (ns):            3.832
  Required (ns):           3.756
  Operating Conditions: fast_hv_lt

Path 86
  From: FIC_3_PERIPHERALS_0/CoreUARTapb_C0_0/CoreUARTapb_C0_0/uUART/make_RX/rx_shift[5]:CLK
  To:   FIC_3_PERIPHERALS_0/CoreUARTapb_C0_0/CoreUARTapb_C0_0/uUART/make_RX/rx_shift[4]:D
  Delay (ns):              0.151
  Slack (ns):              0.077
  Arrival (ns):            4.207
  Required (ns):           4.130
  Operating Conditions: fast_hv_lt

Path 87
  From: FIC_3_PERIPHERALS_0/CoreUARTapb_C0_0/CoreUARTapb_C0_0/uUART/make_RX/rx_shift[1]:CLK
  To:   FIC_3_PERIPHERALS_0/CoreUARTapb_C0_0/CoreUARTapb_C0_0/uUART/make_RX/rx_shift[0]:D
  Delay (ns):              0.151
  Slack (ns):              0.077
  Arrival (ns):            4.207
  Required (ns):           4.130
  Operating Conditions: fast_hv_lt

Path 88
  From: FIC_0_PERIPHERALS_0/security_core_0/sbox/y_lo_r3[1][1]:CLK
  To:   FIC_0_PERIPHERALS_0/security_core_0/sbox/y_lo_r4[1][1]:D
  Delay (ns):              0.151
  Slack (ns):              0.077
  Arrival (ns):            3.798
  Required (ns):           3.721
  Operating Conditions: fast_hv_lt

Path 89
  From: FIC_0_PERIPHERALS_0/security_core_0/sbox/y_hi_r1[2][2]:CLK
  To:   FIC_0_PERIPHERALS_0/security_core_0/sbox/y_hi_r2[2][2]:D
  Delay (ns):              0.151
  Slack (ns):              0.077
  Arrival (ns):            3.819
  Required (ns):           3.742
  Operating Conditions: fast_hv_lt

Path 90
  From: FIC_0_PERIPHERALS_0/security_core_0/hash_block_9[30]:CLK
  To:   FIC_0_PERIPHERALS_0/security_core_0/hash_block_10[30]:D
  Delay (ns):              0.151
  Slack (ns):              0.077
  Arrival (ns):            3.818
  Required (ns):           3.741
  Operating Conditions: fast_hv_lt

Path 91
  From: FIC_0_PERIPHERALS_0/security_core_0/hash_block_8[21]:CLK
  To:   FIC_0_PERIPHERALS_0/security_core_0/hash_block_9[21]:D
  Delay (ns):              0.155
  Slack (ns):              0.077
  Arrival (ns):            3.813
  Required (ns):           3.736
  Operating Conditions: fast_hv_lt

Path 92
  From: FIC_0_PERIPHERALS_0/security_core_0/hash_block_7[24]:CLK
  To:   FIC_0_PERIPHERALS_0/security_core_0/hash_block_8[24]:D
  Delay (ns):              0.154
  Slack (ns):              0.077
  Arrival (ns):            3.816
  Required (ns):           3.739
  Operating Conditions: fast_hv_lt

Path 93
  From: FIC_0_PERIPHERALS_0/security_core_0/hash_block_7[11]:CLK
  To:   FIC_0_PERIPHERALS_0/security_core_0/hash_block_8[11]:D
  Delay (ns):              0.151
  Slack (ns):              0.077
  Arrival (ns):            3.809
  Required (ns):           3.732
  Operating Conditions: fast_hv_lt

Path 94
  From: FIC_0_PERIPHERALS_0/security_core_0/hash_block_6[30]:CLK
  To:   FIC_0_PERIPHERALS_0/security_core_0/hash_block_7[30]:D
  Delay (ns):              0.154
  Slack (ns):              0.077
  Arrival (ns):            3.830
  Required (ns):           3.753
  Operating Conditions: fast_hv_lt

Path 95
  From: FIC_0_PERIPHERALS_0/security_core_0/hash_block_5[21]:CLK
  To:   FIC_0_PERIPHERALS_0/security_core_0/hash_block_6[21]:D
  Delay (ns):              0.151
  Slack (ns):              0.077
  Arrival (ns):            3.812
  Required (ns):           3.735
  Operating Conditions: fast_hv_lt

Path 96
  From: FIC_0_PERIPHERALS_0/security_core_0/hash_block_4[5]:CLK
  To:   FIC_0_PERIPHERALS_0/security_core_0/hash_block_5[5]:D
  Delay (ns):              0.154
  Slack (ns):              0.077
  Arrival (ns):            3.811
  Required (ns):           3.734
  Operating Conditions: fast_hv_lt

Path 97
  From: FIC_0_PERIPHERALS_0/security_core_0/hash_block_2[27]:CLK
  To:   FIC_0_PERIPHERALS_0/security_core_0/hash_block_3[27]:D
  Delay (ns):              0.153
  Slack (ns):              0.077
  Arrival (ns):            3.829
  Required (ns):           3.752
  Operating Conditions: fast_hv_lt

Path 98
  From: FIC_0_PERIPHERALS_0/security_core_0/hash_block_14[29]:CLK
  To:   FIC_0_PERIPHERALS_0/security_core_0/hash_block_15[29]:D
  Delay (ns):              0.151
  Slack (ns):              0.077
  Arrival (ns):            3.802
  Required (ns):           3.725
  Operating Conditions: fast_hv_lt

Path 99
  From: FIC_0_PERIPHERALS_0/security_core_0/hash_block_12[6]:CLK
  To:   FIC_0_PERIPHERALS_0/security_core_0/hash_block_13[6]:D
  Delay (ns):              0.151
  Slack (ns):              0.077
  Arrival (ns):            3.803
  Required (ns):           3.726
  Operating Conditions: fast_hv_lt

Path 100
  From: FIC_0_PERIPHERALS_0/security_core_0/hash_block_12[10]:CLK
  To:   FIC_0_PERIPHERALS_0/security_core_0/hash_core/buffer[394]:D
  Delay (ns):              0.154
  Slack (ns):              0.077
  Arrival (ns):            3.818
  Required (ns):           3.741
  Operating Conditions: fast_hv_lt

