Timing Violation Report Min Delay Analysis

SmartTime Version 2025.2
Microchip Technology Inc. - Microchip Libero Software Release 2025.2 (Version 2025.2.0.14)
Date: Sun Mar 22 22:50:52 2026


Design: MPFS_DISCOVERY_KIT
Family: PolarFireSoC
Die: MPFS095T
Package: FCSG325
Temperature Range: 0 - 100 C
Voltage Range: 0.97 - 1.03 V
Speed Grade: -1
Design State: Post-Layout
Data source: Production
Multi Corner Report Operating Conditions: slow_lv_lt,fast_hv_lt,slow_lv_ht


Path 1
  From: FIC_0_PERIPHERALS_0/security_core_0/rng/trivium_0/B[0][18]:CLK
  To:   FIC_0_PERIPHERALS_0/security_core_0/rng/trivium_0/B[1][18]:D
  Delay (ns):              0.292
  Slack (ns):              0.032
  Arrival (ns):            5.757
  Required (ns):           5.725
  Operating Conditions: slow_lv_ht

Path 2
  From: FIC_0_PERIPHERALS_0/FIC0_INITIATOR_inst_0/FIC0_INITIATOR_0/SlvConvertor_loop[2].slvcnv/slvdwc/genblk1.DownConverter_inst/readWidthConv/genblk1.widthConvrd/MASTER_RDATA[18]:CLK
  To:   FIC_0_PERIPHERALS_0/FIC0_INITIATOR_inst_0/FIC0_INITIATOR_0/SlvConvertor_loop[2].slvcnv/rgsl/genblk3.rrs/holdDat[22]:D
  Delay (ns):              0.298
  Slack (ns):              0.038
  Arrival (ns):            5.543
  Required (ns):           5.505
  Operating Conditions: slow_lv_lt

Path 3
  From: FIC_0_PERIPHERALS_0/security_core_0/rng/neoTRNG_0/entropy_cell_gen.2.neoTRNG_cell_inst/sync[0]:CLK
  To:   FIC_0_PERIPHERALS_0/security_core_0/rng/neoTRNG_0/entropy_cell_gen.2.neoTRNG_cell_inst/sync[1]:D
  Delay (ns):              0.294
  Slack (ns):              0.045
  Arrival (ns):            5.536
  Required (ns):           5.491
  Operating Conditions: slow_lv_lt

Path 4
  From: FIC_0_PERIPHERALS_0/FIC0_INITIATOR_inst_0/FIC0_INITIATOR_0/SlvConvertor_loop[2].slvcnv/slvdwc/genblk1.DownConverter_inst/readWidthConv/genblk1.widthConvrd/MASTER_RDATA[50]:CLK
  To:   FIC_0_PERIPHERALS_0/FIC0_INITIATOR_inst_0/FIC0_INITIATOR_0/SlvConvertor_loop[2].slvcnv/rgsl/genblk3.rrs/holdDat[54]:D
  Delay (ns):              0.309
  Slack (ns):              0.049
  Arrival (ns):            5.554
  Required (ns):           5.505
  Operating Conditions: slow_lv_lt

Path 5
  From: FIC_0_PERIPHERALS_0/FIC0_INITIATOR_inst_0/FIC0_INITIATOR_0/SlvConvertor_loop[0].slvcnv/rgsl/genblk4.wrs/sDat[63]:CLK
  To:   FIC_0_PERIPHERALS_0/FIC0_INITIATOR_inst_0/FIC0_INITIATOR_0/SlvConvertor_loop[0].slvcnv/slvdwc/genblk1.DownConverter_inst/writeWidthConv/widthConvwr/MASTER_WDATA_reg[53]:D
  Delay (ns):              0.300
  Slack (ns):              0.050
  Arrival (ns):            5.552
  Required (ns):           5.502
  Operating Conditions: slow_lv_lt

Path 6
  From: FIC_0_PERIPHERALS_0/FIC0_INITIATOR_inst_0/FIC0_INITIATOR_0/SlvConvertor_loop[2].slvcnv/slvdwc/genblk1.DownConverter_inst/writeWidthConv/DWC_DownConv_preCalcCmdFifoWrCtrl_inst/sizeCnt_comb_pre_Z[1]:CLK
  To:   FIC_0_PERIPHERALS_0/FIC0_INITIATOR_inst_0/FIC0_INITIATOR_0/SlvConvertor_loop[2].slvcnv/slvdwc/genblk1.DownConverter_inst/writeWidthConv/wrCmdFifoWriteCtrl/sizeCnt_reg[1]:D
  Delay (ns):              0.301
  Slack (ns):              0.052
  Arrival (ns):            5.546
  Required (ns):           5.494
  Operating Conditions: slow_lv_lt

Path 7
  From: FIC_0_PERIPHERALS_0/FIC0_INITIATOR_inst_0/FIC0_INITIATOR_0/SlvConvertor_loop[0].slvcnv/rgsl/genblk4.wrs/sDat[56]:CLK
  To:   FIC_0_PERIPHERALS_0/FIC0_INITIATOR_inst_0/FIC0_INITIATOR_0/SlvConvertor_loop[0].slvcnv/slvdwc/genblk1.DownConverter_inst/writeWidthConv/widthConvwr/MASTER_WDATA_reg[46]:D
  Delay (ns):              0.304
  Slack (ns):              0.052
  Arrival (ns):            5.556
  Required (ns):           5.504
  Operating Conditions: slow_lv_lt

Path 8
  From: FIC_0_PERIPHERALS_0/FIC0_INITIATOR_inst_0/FIC0_INITIATOR_0/SlvConvertor_loop[0].slvcnv/rgsl/genblk4.wrs/sDat[8]:CLK
  To:   FIC_0_PERIPHERALS_0/FIC0_INITIATOR_inst_0/FIC0_INITIATOR_0/SlvConvertor_loop[0].slvcnv/slvdwc/genblk1.DownConverter_inst/writeWidthConv/widthConvwr/MASTER_WSTRB_reg[6]:D
  Delay (ns):              0.308
  Slack (ns):              0.055
  Arrival (ns):            5.559
  Required (ns):           5.504
  Operating Conditions: slow_lv_lt

Path 9
  From: FIC_0_PERIPHERALS_0/FIC0_INITIATOR_inst_0/FIC0_INITIATOR_0/SlvConvertor_loop[0].slvcnv/rgsl/genblk4.wrs/sDat[58]:CLK
  To:   FIC_0_PERIPHERALS_0/FIC0_INITIATOR_inst_0/FIC0_INITIATOR_0/SlvConvertor_loop[0].slvcnv/slvdwc/genblk1.DownConverter_inst/writeWidthConv/widthConvwr/MASTER_WDATA_reg[48]:D
  Delay (ns):              0.305
  Slack (ns):              0.055
  Arrival (ns):            5.558
  Required (ns):           5.503
  Operating Conditions: slow_lv_lt

Path 10
  From: FIC_0_PERIPHERALS_0/FIC0_INITIATOR_inst_0/FIC0_INITIATOR_0/SlvConvertor_loop[0].slvcnv/rgsl/genblk4.wrs/sDat[12]:CLK
  To:   FIC_0_PERIPHERALS_0/FIC0_INITIATOR_inst_0/FIC0_INITIATOR_0/SlvConvertor_loop[0].slvcnv/slvdwc/genblk1.DownConverter_inst/writeWidthConv/widthConvwr/MASTER_WDATA_reg[2]:D
  Delay (ns):              0.309
  Slack (ns):              0.058
  Arrival (ns):            5.561
  Required (ns):           5.503
  Operating Conditions: slow_lv_lt

Path 11
  From: CLOCKS_AND_RESETS_0/RESET_FIC_0_CLK/CORERESET_0/dff_4[0]:CLK
  To:   CLOCKS_AND_RESETS_0/RESET_FIC_0_CLK/CORERESET_0/dff_5[0]:D
  Delay (ns):              0.143
  Slack (ns):              0.066
  Arrival (ns):            3.824
  Required (ns):           3.758
  Operating Conditions: fast_hv_lt

Path 12
  From: FIC_0_PERIPHERALS_0/security_core_0/hash_block_9[20]:CLK
  To:   FIC_0_PERIPHERALS_0/security_core_0/hash_core/buffer[308]:D
  Delay (ns):              0.146
  Slack (ns):              0.069
  Arrival (ns):            3.801
  Required (ns):           3.732
  Operating Conditions: fast_hv_lt

Path 13
  From: FIC_0_PERIPHERALS_0/security_core_0/hash_block_1[12]:CLK
  To:   FIC_0_PERIPHERALS_0/security_core_0/hash_block_2[12]:D
  Delay (ns):              0.146
  Slack (ns):              0.069
  Arrival (ns):            3.801
  Required (ns):           3.732
  Operating Conditions: fast_hv_lt

Path 14
  From: FIC_0_PERIPHERALS_0/DMA_INITIATOR_inst_0/DMA_INITIATOR_0/MstConvertor_loop[0].mstrconv/mstrDWC/genblk1.MstUpConv/DWC_UpConv_preCalcAChannel_aw_inst/MASTER_AADDR_out[31]:CLK
  To:   FIC_0_PERIPHERALS_0/DMA_INITIATOR_inst_0/DMA_INITIATOR_0/MstConvertor_loop[0].mstrconv/mstrDWC/genblk1.MstUpConv/DWC_AWChan/SLAVE_AADDR[31]:D
  Delay (ns):              0.146
  Slack (ns):              0.069
  Arrival (ns):            3.800
  Required (ns):           3.731
  Operating Conditions: fast_hv_lt

Path 15
  From: FIC_0_PERIPHERALS_0/security_core_0/sbox/y_lo_r2[2][0]:CLK
  To:   FIC_0_PERIPHERALS_0/security_core_0/sbox/y_lo_r3[2][0]:D
  Delay (ns):              0.219
  Slack (ns):              0.070
  Arrival (ns):            5.471
  Required (ns):           5.401
  Operating Conditions: slow_lv_lt

Path 16
  From: FIC_0_PERIPHERALS_0/security_core_0/rng/neoTRNG_0/entropy_cell_gen.1.neoTRNG_cell_inst/sreg_1[0]:CLK
  To:   FIC_0_PERIPHERALS_0/security_core_0/rng/neoTRNG_0/entropy_cell_gen.1.neoTRNG_cell_inst/sreg_2[0]:D
  Delay (ns):              0.147
  Slack (ns):              0.070
  Arrival (ns):            3.817
  Required (ns):           3.747
  Operating Conditions: fast_hv_lt

Path 17
  From: FIC_0_PERIPHERALS_0/security_core_0/rng/neoTRNG_0/entropy_cell_gen.0.neoTRNG_cell_inst/sreg_4[0]:CLK
  To:   FIC_0_PERIPHERALS_0/security_core_0/rng/neoTRNG_0/entropy_cell_gen.1.neoTRNG_cell_inst/sreg_0[0]:D
  Delay (ns):              0.147
  Slack (ns):              0.070
  Arrival (ns):            3.817
  Required (ns):           3.747
  Operating Conditions: fast_hv_lt

Path 18
  From: FIC_0_PERIPHERALS_0/security_core_0/hash_block_14[7]:CLK
  To:   FIC_0_PERIPHERALS_0/security_core_0/hash_block_15[7]:D
  Delay (ns):              0.147
  Slack (ns):              0.070
  Arrival (ns):            3.810
  Required (ns):           3.740
  Operating Conditions: fast_hv_lt

Path 19
  From: FIC_0_PERIPHERALS_0/security_core_0/hash_block_13[22]:CLK
  To:   FIC_0_PERIPHERALS_0/security_core_0/hash_block_14[22]:D
  Delay (ns):              0.147
  Slack (ns):              0.070
  Arrival (ns):            3.807
  Required (ns):           3.737
  Operating Conditions: fast_hv_lt

Path 20
  From: FIC_0_PERIPHERALS_0/security_core_0/hash_block_12[4]:CLK
  To:   FIC_0_PERIPHERALS_0/security_core_0/hash_block_13[4]:D
  Delay (ns):              0.147
  Slack (ns):              0.070
  Arrival (ns):            3.808
  Required (ns):           3.738
  Operating Conditions: fast_hv_lt

Path 21
  From: FIC_3_PERIPHERALS_0/SPI_FOR_7_SEG_0/SPI_FOR_7_SEG_0/USPI/UCC/SYNC1_stxp_dataerr:CLK
  To:   FIC_3_PERIPHERALS_0/SPI_FOR_7_SEG_0/SPI_FOR_7_SEG_0/USPI/UCC/SYNC2_stxp_dataerr:D
  Delay (ns):              0.145
  Slack (ns):              0.071
  Arrival (ns):            4.196
  Required (ns):           4.125
  Operating Conditions: fast_hv_lt

Path 22
  From: FIC_0_PERIPHERALS_0/security_core_0/rng/neoTRNG_0/entropy_cell_gen.0.neoTRNG_cell_inst/sreg_3[0]:CLK
  To:   FIC_0_PERIPHERALS_0/security_core_0/rng/neoTRNG_0/entropy_cell_gen.0.neoTRNG_cell_inst/sreg_4[0]:D
  Delay (ns):              0.148
  Slack (ns):              0.071
  Arrival (ns):            3.818
  Required (ns):           3.747
  Operating Conditions: fast_hv_lt

Path 23
  From: FIC_0_PERIPHERALS_0/security_core_0/hash_block_9[28]:CLK
  To:   FIC_0_PERIPHERALS_0/security_core_0/hash_block_10[28]:D
  Delay (ns):              0.148
  Slack (ns):              0.071
  Arrival (ns):            3.806
  Required (ns):           3.735
  Operating Conditions: fast_hv_lt

Path 24
  From: FIC_0_PERIPHERALS_0/security_core_0/hash_block_8[18]:CLK
  To:   FIC_0_PERIPHERALS_0/security_core_0/hash_core/buffer[274]:D
  Delay (ns):              0.148
  Slack (ns):              0.071
  Arrival (ns):            3.806
  Required (ns):           3.735
  Operating Conditions: fast_hv_lt

Path 25
  From: FIC_0_PERIPHERALS_0/security_core_0/hash_block_5[6]:CLK
  To:   FIC_0_PERIPHERALS_0/security_core_0/hash_block_6[6]:D
  Delay (ns):              0.148
  Slack (ns):              0.071
  Arrival (ns):            3.812
  Required (ns):           3.741
  Operating Conditions: fast_hv_lt

Path 26
  From: FIC_0_PERIPHERALS_0/security_core_0/hash_block_2[17]:CLK
  To:   FIC_0_PERIPHERALS_0/security_core_0/hash_block_3[17]:D
  Delay (ns):              0.148
  Slack (ns):              0.071
  Arrival (ns):            3.802
  Required (ns):           3.731
  Operating Conditions: fast_hv_lt

Path 27
  From: FIC_0_PERIPHERALS_0/security_core_0/hash_block_1[17]:CLK
  To:   FIC_0_PERIPHERALS_0/security_core_0/hash_block_2[17]:D
  Delay (ns):              0.148
  Slack (ns):              0.071
  Arrival (ns):            3.802
  Required (ns):           3.731
  Operating Conditions: fast_hv_lt

Path 28
  From: FIC_0_PERIPHERALS_0/security_core_0/hash_block_14[8]:CLK
  To:   FIC_0_PERIPHERALS_0/security_core_0/hash_core/buffer[456]:D
  Delay (ns):              0.148
  Slack (ns):              0.071
  Arrival (ns):            3.811
  Required (ns):           3.740
  Operating Conditions: fast_hv_lt

Path 29
  From: FIC_0_PERIPHERALS_0/security_core_0/hash_block_12[24]:CLK
  To:   FIC_0_PERIPHERALS_0/security_core_0/hash_core/buffer[408]:D
  Delay (ns):              0.148
  Slack (ns):              0.071
  Arrival (ns):            3.808
  Required (ns):           3.737
  Operating Conditions: fast_hv_lt

Path 30
  From: FIC_0_PERIPHERALS_0/security_core_0/hash_block_11[15]:CLK
  To:   FIC_0_PERIPHERALS_0/security_core_0/hash_core/buffer[367]:D
  Delay (ns):              0.148
  Slack (ns):              0.071
  Arrival (ns):            3.827
  Required (ns):           3.756
  Operating Conditions: fast_hv_lt

Path 31
  From: FIC_0_PERIPHERALS_0/security_core_0/sbox/y_hi_r1[2][1]:CLK
  To:   FIC_0_PERIPHERALS_0/security_core_0/sbox/y_hi_r2[2][1]:D
  Delay (ns):              0.149
  Slack (ns):              0.072
  Arrival (ns):            3.808
  Required (ns):           3.736
  Operating Conditions: fast_hv_lt

Path 32
  From: FIC_0_PERIPHERALS_0/security_core_0/sbox/y_hi_r1[2][0]:CLK
  To:   FIC_0_PERIPHERALS_0/security_core_0/sbox/y_hi_r2[2][0]:D
  Delay (ns):              0.149
  Slack (ns):              0.072
  Arrival (ns):            3.807
  Required (ns):           3.735
  Operating Conditions: fast_hv_lt

Path 33
  From: FIC_0_PERIPHERALS_0/security_core_0/hash_block_4[13]:CLK
  To:   FIC_0_PERIPHERALS_0/security_core_0/hash_block_5[13]:D
  Delay (ns):              0.149
  Slack (ns):              0.072
  Arrival (ns):            3.827
  Required (ns):           3.755
  Operating Conditions: fast_hv_lt

Path 34
  From: FIC_0_PERIPHERALS_0/security_core_0/hash_block_3[17]:CLK
  To:   FIC_0_PERIPHERALS_0/security_core_0/hash_block_4[17]:D
  Delay (ns):              0.149
  Slack (ns):              0.072
  Arrival (ns):            3.803
  Required (ns):           3.731
  Operating Conditions: fast_hv_lt

Path 35
  From: FIC_0_PERIPHERALS_0/security_core_0/hash_block_2[26]:CLK
  To:   FIC_0_PERIPHERALS_0/security_core_0/hash_block_3[26]:D
  Delay (ns):              0.221
  Slack (ns):              0.072
  Arrival (ns):            5.475
  Required (ns):           5.403
  Operating Conditions: slow_lv_lt

Path 36
  From: FIC_0_PERIPHERALS_0/security_core_0/hash_block_14[13]:CLK
  To:   FIC_0_PERIPHERALS_0/security_core_0/hash_block_15[13]:D
  Delay (ns):              0.149
  Slack (ns):              0.072
  Arrival (ns):            3.811
  Required (ns):           3.739
  Operating Conditions: fast_hv_lt

Path 37
  From: FIC_0_PERIPHERALS_0/security_core_0/hash_block_10[20]:CLK
  To:   FIC_0_PERIPHERALS_0/security_core_0/hash_block_11[20]:D
  Delay (ns):              0.149
  Slack (ns):              0.072
  Arrival (ns):            3.804
  Required (ns):           3.732
  Operating Conditions: fast_hv_lt

Path 38
  From: CLOCKS_AND_RESETS_0/RESET_FIC_3_CLK/CORERESET_0/dff_8[0]:CLK
  To:   CLOCKS_AND_RESETS_0/RESET_FIC_3_CLK/CORERESET_0/dff_9[0]:D
  Delay (ns):              0.149
  Slack (ns):              0.072
  Arrival (ns):            4.207
  Required (ns):           4.135
  Operating Conditions: fast_hv_lt

Path 39
  From: CLOCKS_AND_RESETS_0/RESET_FIC_0_CLK/CORERESET_0/dff_6[0]:CLK
  To:   CLOCKS_AND_RESETS_0/RESET_FIC_0_CLK/CORERESET_0/dff_7[0]:D
  Delay (ns):              0.150
  Slack (ns):              0.072
  Arrival (ns):            3.830
  Required (ns):           3.758
  Operating Conditions: fast_hv_lt

Path 40
  From: FIC_0_PERIPHERALS_0/security_core_0/sbox/t_lo_r0[0][1]:CLK
  To:   FIC_0_PERIPHERALS_0/security_core_0/sbox/t_lo_r1[0][1]:D
  Delay (ns):              0.150
  Slack (ns):              0.073
  Arrival (ns):            3.821
  Required (ns):           3.748
  Operating Conditions: fast_hv_lt

Path 41
  From: FIC_0_PERIPHERALS_0/FIC0_INITIATOR_inst_0/FIC0_INITIATOR_0/axicb/cb.awcon/trgmx/slaveABURST[0]:CLK
  To:   FIC_0_PERIPHERALS_0/FIC0_INITIATOR_inst_0/FIC0_INITIATOR_0/SlvConvertor_loop[1].slvcnv/rgsl/genblk1.awrs/holdDat[18]:D
  Delay (ns):              0.293
  Slack (ns):              0.073
  Arrival (ns):            5.792
  Required (ns):           5.719
  Operating Conditions: slow_lv_ht

Path 42
  From: FIC_0_PERIPHERALS_0/DMA_INITIATOR_inst_0/DMA_INITIATOR_0/SlvConvertor_loop[0].slvcnv/rgsl/genblk3.rrs/sDat[13]:CLK
  To:   FIC_0_PERIPHERALS_0/DMA_INITIATOR_inst_0/DMA_INITIATOR_0/MstConvertor_loop[0].mstrconv/rgsl/genblk3.rrs/holdDat[13]:D
  Delay (ns):              0.150
  Slack (ns):              0.073
  Arrival (ns):            3.804
  Required (ns):           3.731
  Operating Conditions: fast_hv_lt

Path 43
  From: FIC_0_PERIPHERALS_0/security_core_0/rng/neoTRNG_0/entropy_cell_gen.1.neoTRNG_cell_inst/sreg_4[0]:CLK
  To:   FIC_0_PERIPHERALS_0/security_core_0/rng/neoTRNG_0/entropy_cell_gen.1.neoTRNG_cell_inst/sreg_5[0]:D
  Delay (ns):              0.151
  Slack (ns):              0.074
  Arrival (ns):            3.821
  Required (ns):           3.747
  Operating Conditions: fast_hv_lt

Path 44
  From: FIC_0_PERIPHERALS_0/security_core_0/hash_block_6[6]:CLK
  To:   FIC_0_PERIPHERALS_0/security_core_0/hash_core/buffer[198]:D
  Delay (ns):              0.151
  Slack (ns):              0.074
  Arrival (ns):            3.815
  Required (ns):           3.741
  Operating Conditions: fast_hv_lt

Path 45
  From: FIC_0_PERIPHERALS_0/security_core_0/hash_block_3[1]:CLK
  To:   FIC_0_PERIPHERALS_0/security_core_0/hash_core/buffer[97]:D
  Delay (ns):              0.150
  Slack (ns):              0.074
  Arrival (ns):            3.824
  Required (ns):           3.750
  Operating Conditions: fast_hv_lt

Path 46
  From: FIC_0_PERIPHERALS_0/security_core_0/hash_block_11[8]:CLK
  To:   FIC_0_PERIPHERALS_0/security_core_0/hash_block_12[8]:D
  Delay (ns):              0.151
  Slack (ns):              0.074
  Arrival (ns):            3.809
  Required (ns):           3.735
  Operating Conditions: fast_hv_lt

Path 47
  From: FIC_0_PERIPHERALS_0/security_core_0/hash_block_11[22]:CLK
  To:   FIC_0_PERIPHERALS_0/security_core_0/hash_core/buffer[374]:D
  Delay (ns):              0.152
  Slack (ns):              0.074
  Arrival (ns):            3.811
  Required (ns):           3.737
  Operating Conditions: fast_hv_lt

Path 48
  From: FIC_0_PERIPHERALS_0/security_core_0/hash_block_10[22]:CLK
  To:   FIC_0_PERIPHERALS_0/security_core_0/hash_core/buffer[342]:D
  Delay (ns):              0.151
  Slack (ns):              0.074
  Arrival (ns):            3.811
  Required (ns):           3.737
  Operating Conditions: fast_hv_lt

Path 49
  From: FIC_3_PERIPHERALS_0/PWM/corepwm_C0_0/genblk3.corepwm_reg_if/psh_period_reg[22]:CLK
  To:   FIC_3_PERIPHERALS_0/PWM/corepwm_C0_0/genblk3.corepwm_reg_if/period_reg_Z[22]:D
  Delay (ns):              0.152
  Slack (ns):              0.075
  Arrival (ns):            4.212
  Required (ns):           4.137
  Operating Conditions: fast_hv_lt

Path 50
  From: FIC_0_PERIPHERALS_0/security_core_0/rng/trng_acc_0/seed_o_0[7]:CLK
  To:   FIC_0_PERIPHERALS_0/security_core_0/rng/trng_acc_0/seed_o_1[7]:D
  Delay (ns):              0.149
  Slack (ns):              0.075
  Arrival (ns):            3.814
  Required (ns):           3.739
  Operating Conditions: fast_hv_lt

Path 51
  From: FIC_0_PERIPHERALS_0/security_core_0/rng/trivium_0/C[0][21]:CLK
  To:   FIC_0_PERIPHERALS_0/security_core_0/rng/trivium_0/C[1][21]:D
  Delay (ns):              0.152
  Slack (ns):              0.075
  Arrival (ns):            3.806
  Required (ns):           3.731
  Operating Conditions: fast_hv_lt

Path 52
  From: FIC_0_PERIPHERALS_0/security_core_0/hash_block_9[13]:CLK
  To:   FIC_0_PERIPHERALS_0/security_core_0/hash_block_10[13]:D
  Delay (ns):              0.152
  Slack (ns):              0.075
  Arrival (ns):            3.830
  Required (ns):           3.755
  Operating Conditions: fast_hv_lt

Path 53
  From: FIC_0_PERIPHERALS_0/security_core_0/hash_block_3[29]:CLK
  To:   FIC_0_PERIPHERALS_0/security_core_0/hash_core/buffer[125]:D
  Delay (ns):              0.152
  Slack (ns):              0.075
  Arrival (ns):            3.827
  Required (ns):           3.752
  Operating Conditions: fast_hv_lt

Path 54
  From: FIC_0_PERIPHERALS_0/security_core_0/hash_block_15[26]:CLK
  To:   FIC_0_PERIPHERALS_0/security_core_0/hash_core/buffer[506]:D
  Delay (ns):              0.149
  Slack (ns):              0.075
  Arrival (ns):            3.830
  Required (ns):           3.755
  Operating Conditions: fast_hv_lt

Path 55
  From: FIC_0_PERIPHERALS_0/security_core_0/hash_block_14[14]:CLK
  To:   FIC_0_PERIPHERALS_0/security_core_0/hash_block_15[14]:D
  Delay (ns):              0.152
  Slack (ns):              0.075
  Arrival (ns):            3.804
  Required (ns):           3.729
  Operating Conditions: fast_hv_lt

Path 56
  From: FIC_0_PERIPHERALS_0/FIC0_INITIATOR_inst_0/FIC0_INITIATOR_0/SlvConvertor_loop[2].slvcnv/slvdwc/genblk1.DownConverter_inst/readWidthConv/DWC_DownConv_preCalcCmdFifoWrCtrl_inst/sizeCnt_comb_pre_Z[3]:CLK
  To:   FIC_0_PERIPHERALS_0/FIC0_INITIATOR_inst_0/FIC0_INITIATOR_0/SlvConvertor_loop[2].slvcnv/slvdwc/genblk1.DownConverter_inst/readWidthConv/rdCmdFifoWriteCtrl/sizeCnt_reg[3]:D
  Delay (ns):              0.153
  Slack (ns):              0.075
  Arrival (ns):            3.807
  Required (ns):           3.732
  Operating Conditions: fast_hv_lt

Path 57
  From: FIC_0_PERIPHERALS_0/DMA_CONTROLLER_inst_0/DMA_CONTROLLER_0/U_AXI4INITIATORDMACtrl/AWADDRReg[16]:CLK
  To:   FIC_0_PERIPHERALS_0/DMA_INITIATOR_inst_0/DMA_INITIATOR_0/MstConvertor_loop[0].mstrconv/mstrDWC/genblk1.MstUpConv/DWC_UpConv_preCalcAChannel_aw_inst/MASTER_AADDR_out[16]:D
  Delay (ns):              0.150
  Slack (ns):              0.075
  Arrival (ns):            3.799
  Required (ns):           3.724
  Operating Conditions: fast_hv_lt

Path 58
  From: FIC_0_PERIPHERALS_0/DMA_CONTROLLER_inst_0/DMA_CONTROLLER_0/U_AXI4INITIATORDMACtrl/ARADDRReg[14]:CLK
  To:   FIC_0_PERIPHERALS_0/DMA_INITIATOR_inst_0/DMA_INITIATOR_0/MstConvertor_loop[0].mstrconv/mstrDWC/genblk1.MstUpConv/DWC_UpConv_preCalcAChannel_ar_inst/MASTER_AADDR_out[14]:D
  Delay (ns):              0.149
  Slack (ns):              0.075
  Arrival (ns):            3.827
  Required (ns):           3.752
  Operating Conditions: fast_hv_lt

Path 59
  From: CLOCKS_AND_RESETS_0/RESET_FIC_0_CLK/CORERESET_0/dff_13[0]:CLK
  To:   CLOCKS_AND_RESETS_0/RESET_FIC_0_CLK/CORERESET_0/dff_14[0]:D
  Delay (ns):              0.149
  Slack (ns):              0.075
  Arrival (ns):            3.805
  Required (ns):           3.730
  Operating Conditions: fast_hv_lt

Path 60
  From: FIC_0_PERIPHERALS_0/security_core_0/rng/trng_acc_0/seed_o_1[1]:CLK
  To:   FIC_0_PERIPHERALS_0/security_core_0/rng/trng_acc_0/seed_o_2[1]:D
  Delay (ns):              0.153
  Slack (ns):              0.076
  Arrival (ns):            3.809
  Required (ns):           3.733
  Operating Conditions: fast_hv_lt

Path 61
  From: FIC_0_PERIPHERALS_0/security_core_0/rng/trng_acc_0/seed_o_0[1]:CLK
  To:   FIC_0_PERIPHERALS_0/security_core_0/rng/trng_acc_0/seed_o_1[1]:D
  Delay (ns):              0.153
  Slack (ns):              0.076
  Arrival (ns):            3.809
  Required (ns):           3.733
  Operating Conditions: fast_hv_lt

Path 62
  From: FIC_0_PERIPHERALS_0/security_core_0/hash_block_9[4]:CLK
  To:   FIC_0_PERIPHERALS_0/security_core_0/hash_core/buffer[292]:D
  Delay (ns):              0.150
  Slack (ns):              0.076
  Arrival (ns):            3.803
  Required (ns):           3.727
  Operating Conditions: fast_hv_lt

Path 63
  From: FIC_0_PERIPHERALS_0/security_core_0/hash_block_5[30]:CLK
  To:   FIC_0_PERIPHERALS_0/security_core_0/hash_block_6[30]:D
  Delay (ns):              0.153
  Slack (ns):              0.076
  Arrival (ns):            3.806
  Required (ns):           3.730
  Operating Conditions: fast_hv_lt

Path 64
  From: FIC_0_PERIPHERALS_0/security_core_0/hash_block_4[2]:CLK
  To:   FIC_0_PERIPHERALS_0/security_core_0/hash_block_5[2]:D
  Delay (ns):              0.153
  Slack (ns):              0.076
  Arrival (ns):            3.831
  Required (ns):           3.755
  Operating Conditions: fast_hv_lt

Path 65
  From: FIC_0_PERIPHERALS_0/security_core_0/hash_block_4[11]:CLK
  To:   FIC_0_PERIPHERALS_0/security_core_0/hash_block_5[11]:D
  Delay (ns):              0.150
  Slack (ns):              0.076
  Arrival (ns):            3.798
  Required (ns):           3.722
  Operating Conditions: fast_hv_lt

Path 66
  From: FIC_0_PERIPHERALS_0/security_core_0/hash_block_3[28]:CLK
  To:   FIC_0_PERIPHERALS_0/security_core_0/hash_block_4[28]:D
  Delay (ns):              0.153
  Slack (ns):              0.076
  Arrival (ns):            3.811
  Required (ns):           3.735
  Operating Conditions: fast_hv_lt

Path 67
  From: FIC_0_PERIPHERALS_0/security_core_0/hash_block_1[1]:CLK
  To:   FIC_0_PERIPHERALS_0/security_core_0/hash_block_2[1]:D
  Delay (ns):              0.153
  Slack (ns):              0.076
  Arrival (ns):            3.827
  Required (ns):           3.751
  Operating Conditions: fast_hv_lt

Path 68
  From: FIC_0_PERIPHERALS_0/security_core_0/hash_block_15[12]:CLK
  To:   FIC_0_PERIPHERALS_0/security_core_0/hash_core/buffer[492]:D
  Delay (ns):              0.150
  Slack (ns):              0.076
  Arrival (ns):            3.833
  Required (ns):           3.757
  Operating Conditions: fast_hv_lt

Path 69
  From: FIC_0_PERIPHERALS_0/security_core_0/hash_block_14[28]:CLK
  To:   FIC_0_PERIPHERALS_0/security_core_0/hash_block_15[28]:D
  Delay (ns):              0.153
  Slack (ns):              0.076
  Arrival (ns):            3.805
  Required (ns):           3.729
  Operating Conditions: fast_hv_lt

Path 70
  From: FIC_0_PERIPHERALS_0/security_core_0/hash_block_13[0]:CLK
  To:   FIC_0_PERIPHERALS_0/security_core_0/hash_core/buffer[416]:D
  Delay (ns):              0.150
  Slack (ns):              0.076
  Arrival (ns):            3.808
  Required (ns):           3.732
  Operating Conditions: fast_hv_lt

Path 71
  From: FIC_0_PERIPHERALS_0/security_core_0/hash_block_11[25]:CLK
  To:   FIC_0_PERIPHERALS_0/security_core_0/hash_core/buffer[377]:D
  Delay (ns):              0.150
  Slack (ns):              0.076
  Arrival (ns):            3.805
  Required (ns):           3.729
  Operating Conditions: fast_hv_lt

Path 72
  From: FIC_0_PERIPHERALS_0/security_core_0/hash_block_10[13]:CLK
  To:   FIC_0_PERIPHERALS_0/security_core_0/hash_block_11[13]:D
  Delay (ns):              0.154
  Slack (ns):              0.076
  Arrival (ns):            3.831
  Required (ns):           3.755
  Operating Conditions: fast_hv_lt

Path 73
  From: FIC_0_PERIPHERALS_0/DMA_INITIATOR_inst_0/DMA_INITIATOR_0/MstConvertor_loop[0].mstrconv/mstrDWC/genblk1.MstUpConv/DWC_UpConv_preCalcAChannel_aw_inst/MASTER_AADDR_out[28]:CLK
  To:   FIC_0_PERIPHERALS_0/DMA_INITIATOR_inst_0/DMA_INITIATOR_0/MstConvertor_loop[0].mstrconv/mstrDWC/genblk1.MstUpConv/DWC_AWChan/SLAVE_AADDR[28]:D
  Delay (ns):              0.150
  Slack (ns):              0.076
  Arrival (ns):            3.792
  Required (ns):           3.716
  Operating Conditions: fast_hv_lt

Path 74
  From: FIC_0_PERIPHERALS_0/DMA_INITIATOR_inst_0/DMA_INITIATOR_0/MstConvertor_loop[0].mstrconv/mstrDWC/genblk1.MstUpConv/DWC_UpConv_preCalcAChannel_ar_inst/MASTER_AADDR_out[29]:CLK
  To:   FIC_0_PERIPHERALS_0/DMA_INITIATOR_inst_0/DMA_INITIATOR_0/MstConvertor_loop[0].mstrconv/mstrDWC/genblk1.MstUpConv/DWC_ARChan/SLAVE_AADDR[29]:D
  Delay (ns):              0.150
  Slack (ns):              0.076
  Arrival (ns):            3.823
  Required (ns):           3.747
  Operating Conditions: fast_hv_lt

Path 75
  From: CLOCKS_AND_RESETS_0/RESET_FIC_0_CLK/CORERESET_0/dff_7[0]:CLK
  To:   CLOCKS_AND_RESETS_0/RESET_FIC_0_CLK/CORERESET_0/dff_8[0]:D
  Delay (ns):              0.153
  Slack (ns):              0.076
  Arrival (ns):            3.834
  Required (ns):           3.758
  Operating Conditions: fast_hv_lt

Path 76
  From: FIC_0_PERIPHERALS_0/security_core_0/sbox/y_lo_r1[2][0]:CLK
  To:   FIC_0_PERIPHERALS_0/security_core_0/sbox/y_lo_r2[2][0]:D
  Delay (ns):              0.154
  Slack (ns):              0.077
  Arrival (ns):            3.812
  Required (ns):           3.735
  Operating Conditions: fast_hv_lt

Path 77
  From: FIC_0_PERIPHERALS_0/security_core_0/sbox/y_lo_r0[2][1]:CLK
  To:   FIC_0_PERIPHERALS_0/security_core_0/sbox/y_lo_r1[2][1]:D
  Delay (ns):              0.151
  Slack (ns):              0.077
  Arrival (ns):            3.799
  Required (ns):           3.722
  Operating Conditions: fast_hv_lt

Path 78
  From: FIC_0_PERIPHERALS_0/security_core_0/rng/neoTRNG_0/entropy_cell_gen.1.neoTRNG_cell_inst/sreg_5[0]:CLK
  To:   FIC_0_PERIPHERALS_0/security_core_0/rng/neoTRNG_0/entropy_cell_gen.1.neoTRNG_cell_inst/sreg_6[0]:D
  Delay (ns):              0.154
  Slack (ns):              0.077
  Arrival (ns):            3.824
  Required (ns):           3.747
  Operating Conditions: fast_hv_lt

Path 79
  From: FIC_0_PERIPHERALS_0/security_core_0/hash_block_7[11]:CLK
  To:   FIC_0_PERIPHERALS_0/security_core_0/hash_block_8[11]:D
  Delay (ns):              0.151
  Slack (ns):              0.077
  Arrival (ns):            3.799
  Required (ns):           3.722
  Operating Conditions: fast_hv_lt

Path 80
  From: FIC_0_PERIPHERALS_0/security_core_0/hash_block_6[7]:CLK
  To:   FIC_0_PERIPHERALS_0/security_core_0/hash_block_7[7]:D
  Delay (ns):              0.154
  Slack (ns):              0.077
  Arrival (ns):            3.807
  Required (ns):           3.730
  Operating Conditions: fast_hv_lt

Path 81
  From: FIC_0_PERIPHERALS_0/security_core_0/hash_block_4[30]:CLK
  To:   FIC_0_PERIPHERALS_0/security_core_0/hash_block_5[30]:D
  Delay (ns):              0.154
  Slack (ns):              0.077
  Arrival (ns):            3.807
  Required (ns):           3.730
  Operating Conditions: fast_hv_lt

Path 82
  From: FIC_0_PERIPHERALS_0/security_core_0/hash_block_3[13]:CLK
  To:   FIC_0_PERIPHERALS_0/security_core_0/hash_block_4[13]:D
  Delay (ns):              0.154
  Slack (ns):              0.077
  Arrival (ns):            3.832
  Required (ns):           3.755
  Operating Conditions: fast_hv_lt

Path 83
  From: FIC_0_PERIPHERALS_0/security_core_0/hash_block_14[19]:CLK
  To:   FIC_0_PERIPHERALS_0/security_core_0/hash_core/buffer[467]:D
  Delay (ns):              0.151
  Slack (ns):              0.077
  Arrival (ns):            3.817
  Required (ns):           3.740
  Operating Conditions: fast_hv_lt

Path 84
  From: FIC_0_PERIPHERALS_0/security_core_0/hash_block_13[5]:CLK
  To:   FIC_0_PERIPHERALS_0/security_core_0/hash_block_14[5]:D
  Delay (ns):              0.151
  Slack (ns):              0.077
  Arrival (ns):            3.817
  Required (ns):           3.740
  Operating Conditions: fast_hv_lt

Path 85
  From: FIC_0_PERIPHERALS_0/security_core_0/hash_block_13[12]:CLK
  To:   FIC_0_PERIPHERALS_0/security_core_0/hash_core/buffer[428]:D
  Delay (ns):              0.151
  Slack (ns):              0.077
  Arrival (ns):            3.820
  Required (ns):           3.743
  Operating Conditions: fast_hv_lt

Path 86
  From: FIC_0_PERIPHERALS_0/security_core_0/hash_block_12[15]:CLK
  To:   FIC_0_PERIPHERALS_0/security_core_0/hash_core/buffer[399]:D
  Delay (ns):              0.154
  Slack (ns):              0.077
  Arrival (ns):            3.833
  Required (ns):           3.756
  Operating Conditions: fast_hv_lt

Path 87
  From: FIC_0_PERIPHERALS_0/security_core_0/hash_block_11[8]:CLK
  To:   FIC_0_PERIPHERALS_0/security_core_0/hash_core/buffer[360]:D
  Delay (ns):              0.154
  Slack (ns):              0.077
  Arrival (ns):            3.812
  Required (ns):           3.735
  Operating Conditions: fast_hv_lt

Path 88
  From: FIC_0_PERIPHERALS_0/security_core_0/hash_block_11[3]:CLK
  To:   FIC_0_PERIPHERALS_0/security_core_0/hash_block_12[3]:D
  Delay (ns):              0.151
  Slack (ns):              0.077
  Arrival (ns):            3.799
  Required (ns):           3.722
  Operating Conditions: fast_hv_lt

Path 89
  From: FIC_0_PERIPHERALS_0/FIC0_INITIATOR_inst_0/FIC0_INITIATOR_0/MstConvertor_loop[0].mstrconv/rgsl/genblk1.awrs/sDat[74]:CLK
  To:   FIC_0_PERIPHERALS_0/FIC0_INITIATOR_inst_0/FIC0_INITIATOR_0/axicb/cb.awcon/mstctrlBlk[0].mstctrl/trnscon/genblk3[3].openTransVec[3][11]:D
  Delay (ns):              0.154
  Slack (ns):              0.077
  Arrival (ns):            3.819
  Required (ns):           3.742
  Operating Conditions: fast_hv_lt

Path 90
  From: FIC_0_PERIPHERALS_0/DMA_INITIATOR_inst_0/DMA_INITIATOR_0/MstConvertor_loop[0].mstrconv/mstrDWC/genblk1.MstUpConv/DWC_UpConv_preCalcAChannel_ar_inst/MASTER_AADDR_out[25]:CLK
  To:   FIC_0_PERIPHERALS_0/DMA_INITIATOR_inst_0/DMA_INITIATOR_0/MstConvertor_loop[0].mstrconv/mstrDWC/genblk1.MstUpConv/DWC_ARChan/SLAVE_AADDR[25]:D
  Delay (ns):              0.151
  Slack (ns):              0.077
  Arrival (ns):            3.823
  Required (ns):           3.746
  Operating Conditions: fast_hv_lt

Path 91
  From: CLOCKS_AND_RESETS_0/RESET_FIC_0_CLK/CORERESET_0/dff_9[0]:CLK
  To:   CLOCKS_AND_RESETS_0/RESET_FIC_0_CLK/CORERESET_0/dff_10[0]:D
  Delay (ns):              0.154
  Slack (ns):              0.077
  Arrival (ns):            3.835
  Required (ns):           3.758
  Operating Conditions: fast_hv_lt

Path 92
  From: FIC_0_PERIPHERALS_0/security_core_0/hash_block_3[1]:CLK
  To:   FIC_0_PERIPHERALS_0/security_core_0/hash_block_4[1]:D
  Delay (ns):              0.155
  Slack (ns):              0.078
  Arrival (ns):            3.829
  Required (ns):           3.751
  Operating Conditions: fast_hv_lt

Path 93
  From: FIC_0_PERIPHERALS_0/security_core_0/hash_block_2[21]:CLK
  To:   FIC_0_PERIPHERALS_0/security_core_0/hash_core/buffer[85]:D
  Delay (ns):              0.151
  Slack (ns):              0.078
  Arrival (ns):            3.788
  Required (ns):           3.710
  Operating Conditions: fast_hv_lt

Path 94
  From: FIC_0_PERIPHERALS_0/FIC0_INITIATOR_inst_0/FIC0_INITIATOR_0/SlvConvertor_loop[1].slvcnv/rgsl/genblk4.wrs/sDat[57]:CLK
  To:   FIC_0_PERIPHERALS_0/MSS_LSRAM_inst_0/COREAXI4SRAM_0/genblk1.genblk1.U_MSS_LSRAM_COREAXI4SRAM_0_CoreAXI4SRAM_MAINCTRL/genblk1.wdata_sc_r[47]:D
  Delay (ns):              0.227
  Slack (ns):              0.078
  Arrival (ns):            5.503
  Required (ns):           5.425
  Operating Conditions: slow_lv_lt

Path 95
  From: FIC_0_PERIPHERALS_0/FIC0_INITIATOR_inst_0/FIC0_INITIATOR_0/SlvConvertor_loop[1].slvcnv/rgsl/genblk4.wrs/sDat[32]:CLK
  To:   FIC_0_PERIPHERALS_0/MSS_LSRAM_inst_0/COREAXI4SRAM_0/genblk1.genblk1.U_MSS_LSRAM_COREAXI4SRAM_0_CoreAXI4SRAM_MAINCTRL/genblk1.wdata_sc_r[22]:D
  Delay (ns):              0.152
  Slack (ns):              0.078
  Arrival (ns):            3.805
  Required (ns):           3.727
  Operating Conditions: fast_hv_lt

Path 96
  From: FIC_0_PERIPHERALS_0/FIC0_INITIATOR_inst_0/FIC0_INITIATOR_0/MstConvertor_loop[0].mstrconv/rgsl/genblk2.arrs/sDat[34]:CLK
  To:   FIC_0_PERIPHERALS_0/FIC0_INITIATOR_inst_0/FIC0_INITIATOR_0/axicb/cb.arcon/trgmx/slaveAADDR[3]:D
  Delay (ns):              0.152
  Slack (ns):              0.078
  Arrival (ns):            3.819
  Required (ns):           3.741
  Operating Conditions: fast_hv_lt

Path 97
  From: FIC_0_PERIPHERALS_0/DMA_INITIATOR_inst_0/DMA_INITIATOR_0/MstConvertor_loop[0].mstrconv/mstrDWC/genblk1.MstUpConv/DWC_UpConv_preCalcAChannel_aw_inst/MASTER_AADDR_out[22]:CLK
  To:   FIC_0_PERIPHERALS_0/DMA_INITIATOR_inst_0/DMA_INITIATOR_0/MstConvertor_loop[0].mstrconv/mstrDWC/genblk1.MstUpConv/DWC_AWChan/SLAVE_AADDR[22]:D
  Delay (ns):              0.152
  Slack (ns):              0.078
  Arrival (ns):            3.794
  Required (ns):           3.716
  Operating Conditions: fast_hv_lt

Path 98
  From: FIC_0_PERIPHERALS_0/DMA_CONTROLLER_inst_0/DMA_CONTROLLER_0/U_AXI4INITIATORDMACtrl/AWADDRReg[13]:CLK
  To:   FIC_0_PERIPHERALS_0/DMA_INITIATOR_inst_0/DMA_INITIATOR_0/MstConvertor_loop[0].mstrconv/mstrDWC/genblk1.MstUpConv/DWC_UpConv_preCalcAChannel_aw_inst/MASTER_AADDR_out[13]:D
  Delay (ns):              0.155
  Slack (ns):              0.078
  Arrival (ns):            3.804
  Required (ns):           3.726
  Operating Conditions: fast_hv_lt

Path 99
  From: CLOCKS_AND_RESETS_0/RESET_FIC_3_CLK/CORERESET_0/dff_2[0]:CLK
  To:   CLOCKS_AND_RESETS_0/RESET_FIC_3_CLK/CORERESET_0/dff_3[0]:D
  Delay (ns):              0.155
  Slack (ns):              0.078
  Arrival (ns):            4.213
  Required (ns):           4.135
  Operating Conditions: fast_hv_lt

Path 100
  From: CLOCKS_AND_RESETS_0/RESET_FIC_0_CLK/CORERESET_0/dff_8[0]:CLK
  To:   CLOCKS_AND_RESETS_0/RESET_FIC_0_CLK/CORERESET_0/dff_9[0]:D
  Delay (ns):              0.155
  Slack (ns):              0.078
  Arrival (ns):            3.836
  Required (ns):           3.758
  Operating Conditions: fast_hv_lt

