Timing Violation Report Max Delay Analysis

SmartTime Version 2025.2
Microchip Technology Inc. - Microchip Libero Software Release 2025.2 (Version 2025.2.0.14)
Date: Thu Apr  9 00:25:03 2026


Design: MPFS_DISCOVERY_KIT
Family: PolarFireSoC
Die: MPFS095T
Package: FCSG325
Temperature Range: 0 - 100 C
Voltage Range: 0.97 - 1.03 V
Speed Grade: -1
Design State: Post-Layout
Data source: Production
Multi Corner Report Operating Conditions: slow_lv_lt,fast_hv_lt,slow_lv_ht


Path 1
  From: MIPI_CAMERA_0/mipicsi2rxdecoderPF_C0_0/MSC_i_0/sot_r1_pclk:CLK
  To:   MIPI_CAMERA_0/mipicsi2rxdecoderPF_C0_0/MSC_i_0/sot_r0_cclk:EN
  Delay (ns):              0.631
  Slack (ns):             -0.212
  Arrival (ns):            8.084
  Required (ns):           7.872
  Operating Conditions: slow_lv_ht

Path 2
  From: CLOCKS_AND_RESETS_0/RESET_FIC_0_CLK/CORERESET_0/dff_15[0]:CLK
  To:   MIPI_CAMERA_0/mipicsi2rxdecoderPF_C0_0/MSC_i_0/MSC_i_4/MSC_i_10/MSC_i_12/MSC_i_13/rdaddr_r[7]:ALn
  Delay (ns):              2.970
  Slack (ns):             -0.210
  Arrival (ns):           10.590
  Required (ns):          10.380
  Operating Conditions: slow_lv_ht

Path 3
  From: MIPI_CAMERA_0/VDMA_C0_0/VDMA_C0_0/dma_top_0/vdma_write_0/buff_addr_fifo/RAM2PORT_ASYNC_FIFO_INST/ram_ram_0_0/INST_RAM1K20_IP:A_CLK
  To:   MIPI_CAMERA_0/VDMA_C0_0/VDMA_C0_0/dma_top_0/vdma_write_0/ddr_write_vdma/ddr_write_controller_vdma_0/write_start_addr_o_1[35]:D
  Delay (ns):              1.783
  Slack (ns):             -0.121
  Arrival (ns):            9.432
  Required (ns):           9.311
  Operating Conditions: slow_lv_ht

Path 4
  From: MIPI_CAMERA_0/VDMA_C0_0/VDMA_C0_0/dma_top_0/vdma_write_0/buff_addr_fifo/RAM2PORT_ASYNC_FIFO_INST/ram_ram_0_0/INST_RAM1K20_IP:A_CLK
  To:   MIPI_CAMERA_0/VDMA_C0_0/VDMA_C0_0/dma_top_0/vdma_write_0/ddr_write_vdma/ddr_write_controller_vdma_0/write_start_addr_o_1[37]:D
  Delay (ns):              1.780
  Slack (ns):             -0.118
  Arrival (ns):            9.429
  Required (ns):           9.311
  Operating Conditions: slow_lv_ht

Path 5
  From: MIPI_CAMERA_0/VDMA_C0_0/VDMA_C0_0/dma_top_0/vdma_write_0/buff_addr_fifo/RAM2PORT_ASYNC_FIFO_INST/ram_ram_0_0/INST_RAM1K20_IP:A_CLK
  To:   MIPI_CAMERA_0/VDMA_C0_0/VDMA_C0_0/dma_top_0/vdma_write_0/ddr_write_vdma/ddr_write_controller_vdma_0/write_start_addr_o_1[32]:D
  Delay (ns):              1.763
  Slack (ns):             -0.101
  Arrival (ns):            9.412
  Required (ns):           9.311
  Operating Conditions: slow_lv_ht

Path 6
  From: CLOCKS_AND_RESETS_0/RESET_FIC_0_CLK/CORERESET_0/dff_15[0]:CLK
  To:   MIPI_CAMERA_0/mipicsi2rxdecoderPF_C0_0/MSC_i_0/MSC_i_4/FIFO_SIZE_O_1[2]:ALn
  Delay (ns):              2.855
  Slack (ns):             -0.098
  Arrival (ns):           10.475
  Required (ns):          10.377
  Operating Conditions: slow_lv_ht

Path 7
  From: CLOCKS_AND_RESETS_0/RESET_FIC_0_CLK/CORERESET_0/dff_15[0]:CLK
  To:   MIPI_CAMERA_0/mipicsi2rxdecoderPF_C0_0/MSC_i_0/MSC_i_4/MSC_i_10/data_type_reg1_0[1]:ALn
  Delay (ns):              2.854
  Slack (ns):             -0.097
  Arrival (ns):           10.474
  Required (ns):          10.377
  Operating Conditions: slow_lv_ht

Path 8
  From: MIPI_CAMERA_0/VDMA_C0_0/VDMA_C0_0/dma_top_0/vdma_write_0/buff_addr_fifo/RAM2PORT_ASYNC_FIFO_INST/ram_ram_0_0/INST_RAM1K20_IP:A_CLK
  To:   MIPI_CAMERA_0/VDMA_C0_0/VDMA_C0_0/dma_top_0/vdma_write_0/ddr_write_vdma/ddr_write_controller_vdma_0/write_start_addr_o_1[34]:D
  Delay (ns):              1.753
  Slack (ns):             -0.091
  Arrival (ns):            9.402
  Required (ns):           9.311
  Operating Conditions: slow_lv_ht

Path 9
  From: CLOCKS_AND_RESETS_0/RESET_FIC_0_CLK/CORERESET_0/dff_15[0]:CLK
  To:   MIPI_CAMERA_0/mipicsi2rxdecoderPF_C0_0/MSC_i_0/MSC_i_4/MSC_i_10/MSC_i_12/genblk7.pixel_data_o[2]:ALn
  Delay (ns):              2.815
  Slack (ns):             -0.082
  Arrival (ns):           10.435
  Required (ns):          10.353
  Operating Conditions: slow_lv_ht

Path 10
  From: MIPI_CAMERA_0/VDMA_C0_0/VDMA_C0_0/dma_top_0/vdma_write_0/buff_addr_fifo/RAM2PORT_ASYNC_FIFO_INST/ram_ram_0_0/INST_RAM1K20_IP:A_CLK
  To:   MIPI_CAMERA_0/VDMA_C0_0/VDMA_C0_0/dma_top_0/vdma_write_0/ddr_write_vdma/ddr_write_controller_vdma_0/write_start_addr_o_1[29]:D
  Delay (ns):              1.734
  Slack (ns):             -0.072
  Arrival (ns):            9.383
  Required (ns):           9.311
  Operating Conditions: slow_lv_ht

Path 11
  From: MIPI_CAMERA_0/VDMA_C0_0/VDMA_C0_0/dma_top_0/vdma_write_0/buff_addr_fifo/RAM2PORT_ASYNC_FIFO_INST/ram_ram_0_0/INST_RAM1K20_IP:A_CLK
  To:   MIPI_CAMERA_0/VDMA_C0_0/VDMA_C0_0/dma_top_0/vdma_write_0/ddr_write_vdma/ddr_write_controller_vdma_0/write_start_addr_o_1[31]:D
  Delay (ns):              1.732
  Slack (ns):             -0.070
  Arrival (ns):            9.381
  Required (ns):           9.311
  Operating Conditions: slow_lv_ht

Path 12
  From: MIPI_CAMERA_0/VDMA_C0_0/VDMA_C0_0/dma_top_0/vdma_write_0/buff_addr_fifo/RAM2PORT_ASYNC_FIFO_INST/ram_ram_0_0/INST_RAM1K20_IP:A_CLK
  To:   MIPI_CAMERA_0/VDMA_C0_0/VDMA_C0_0/dma_top_0/vdma_write_0/ddr_write_vdma/ddr_write_controller_vdma_0/write_start_addr_o_1[36]:D
  Delay (ns):              1.728
  Slack (ns):             -0.066
  Arrival (ns):            9.377
  Required (ns):           9.311
  Operating Conditions: slow_lv_ht

Path 13
  From: MIPI_CAMERA_0/VDMA_C0_0/VDMA_C0_0/dma_top_0/vdma_write_0/buff_addr_fifo/RAM2PORT_ASYNC_FIFO_INST/ram_ram_0_0/INST_RAM1K20_IP:A_CLK
  To:   MIPI_CAMERA_0/VDMA_C0_0/VDMA_C0_0/dma_top_0/vdma_write_0/ddr_write_vdma/ddr_write_controller_vdma_0/write_start_addr_o_1[33]:D
  Delay (ns):              1.702
  Slack (ns):             -0.041
  Arrival (ns):            9.351
  Required (ns):           9.310
  Operating Conditions: slow_lv_ht

Path 14
  From: MIPI_CAMERA_0/VDMA_C0_0/VDMA_C0_0/dma_top_0/vdma_write_0/buff_addr_fifo/RAM2PORT_ASYNC_FIFO_INST/ram_ram_0_0/INST_RAM1K20_IP:A_CLK
  To:   MIPI_CAMERA_0/VDMA_C0_0/VDMA_C0_0/dma_top_0/vdma_write_0/ddr_write_vdma/ddr_write_controller_vdma_0/write_start_addr_o_1[28]:D
  Delay (ns):              1.702
  Slack (ns):             -0.039
  Arrival (ns):            9.351
  Required (ns):           9.312
  Operating Conditions: slow_lv_ht

Path 15
  From: MIPI_CAMERA_0/VDMA_C0_0/VDMA_C0_0/dma_top_0/vdma_write_0/buff_addr_fifo/RAM2PORT_ASYNC_FIFO_INST/ram_ram_0_0/INST_RAM1K20_IP:A_CLK
  To:   MIPI_CAMERA_0/VDMA_C0_0/VDMA_C0_0/dma_top_0/vdma_write_0/ddr_write_vdma/ddr_write_controller_vdma_0/write_start_addr_o_1[26]:D
  Delay (ns):              1.699
  Slack (ns):             -0.037
  Arrival (ns):            9.348
  Required (ns):           9.311
  Operating Conditions: slow_lv_ht

Path 16
  From: MIPI_CAMERA_0/VDMA_C0_0/VDMA_C0_0/dma_top_0/vdma_write_0/buff_addr_fifo/RAM2PORT_ASYNC_FIFO_INST/ram_ram_0_0/INST_RAM1K20_IP:A_CLK
  To:   MIPI_CAMERA_0/VDMA_C0_0/VDMA_C0_0/dma_top_0/vdma_write_0/ddr_write_vdma/ddr_write_controller_vdma_0/write_start_addr_o_1[30]:D
  Delay (ns):              1.682
  Slack (ns):             -0.020
  Arrival (ns):            9.331
  Required (ns):           9.311
  Operating Conditions: slow_lv_ht

Path 17
  From: MIPI_CAMERA_0/VDMA_C0_0/VDMA_C0_0/dma_top_0/vdma_write_0/buff_addr_fifo/RAM2PORT_ASYNC_FIFO_INST/ram_ram_0_0/INST_RAM1K20_IP:A_CLK
  To:   MIPI_CAMERA_0/VDMA_C0_0/VDMA_C0_0/dma_top_0/vdma_write_0/ddr_write_vdma/ddr_write_controller_vdma_0/write_start_addr_o_1[23]:D
  Delay (ns):              1.671
  Slack (ns):             -0.009
  Arrival (ns):            9.320
  Required (ns):           9.311
  Operating Conditions: slow_lv_ht

Path 18
  From: MIPI_CAMERA_0/VDMA_C0_0/VDMA_C0_0/dma_top_0/vdma_write_0/buff_addr_fifo/RAM2PORT_ASYNC_FIFO_INST/ram_ram_0_0/INST_RAM1K20_IP:A_CLK
  To:   MIPI_CAMERA_0/VDMA_C0_0/VDMA_C0_0/dma_top_0/vdma_write_0/ddr_write_vdma/ddr_write_controller_vdma_0/write_start_addr_o_1[25]:D
  Delay (ns):              1.668
  Slack (ns):             -0.006
  Arrival (ns):            9.317
  Required (ns):           9.311
  Operating Conditions: slow_lv_ht

Path 19
  From: MIPI_CAMERA_0/VDMA_C0_0/VDMA_C0_0/dma_top_0/vdma_write_0/buff_addr_fifo/RAM2PORT_ASYNC_FIFO_INST/ram_ram_0_0/INST_RAM1K20_IP:A_CLK
  To:   MIPI_CAMERA_0/VDMA_C0_0/VDMA_C0_0/dma_top_0/vdma_write_0/ddr_write_vdma/ddr_write_controller_vdma_0/write_start_addr_o_1[27]:D
  Delay (ns):              1.653
  Slack (ns):              0.009
  Arrival (ns):            9.302
  Required (ns):           9.311
  Operating Conditions: slow_lv_ht

Path 20
  From: MIPI_CAMERA_0/VDMA_C0_0/VDMA_C0_0/dma_top_0/vdma_write_0/buff_addr_fifo/RAM2PORT_ASYNC_FIFO_INST/ram_ram_0_0/INST_RAM1K20_IP:A_CLK
  To:   MIPI_CAMERA_0/VDMA_C0_0/VDMA_C0_0/dma_top_0/vdma_write_0/ddr_write_vdma/ddr_write_controller_vdma_0/write_start_addr_o_1[20]:D
  Delay (ns):              1.651
  Slack (ns):              0.011
  Arrival (ns):            9.300
  Required (ns):           9.311
  Operating Conditions: slow_lv_ht

Path 21
  From: MIPI_CAMERA_0/VDMA_C0_0/VDMA_C0_0/dma_top_0/vdma_write_0/buff_addr_fifo/RAM2PORT_ASYNC_FIFO_INST/ram_ram_0_0/INST_RAM1K20_IP:A_CLK
  To:   MIPI_CAMERA_0/VDMA_C0_0/VDMA_C0_0/dma_top_0/vdma_write_0/ddr_write_vdma/ddr_write_controller_vdma_0/write_start_addr_o_1[22]:D
  Delay (ns):              1.641
  Slack (ns):              0.021
  Arrival (ns):            9.290
  Required (ns):           9.311
  Operating Conditions: slow_lv_ht

Path 22
  From: CLOCKS_AND_RESETS_0/RESET_FIC_0_CLK/CORERESET_0/dff_15[0]:CLK
  To:   MIPI_CAMERA_0/VDMA_C0_0/VDMA_C0_0/dma_top_0/vdma_ip_reset_0/synchronizer_circuit_2stage_video_clk/sync_out_o:ALn
  Delay (ns):              2.727
  Slack (ns):              0.022
  Arrival (ns):           10.347
  Required (ns):          10.369
  Operating Conditions: slow_lv_ht

Path 23
  From: CLOCKS_AND_RESETS_0/RESET_FIC_0_CLK/CORERESET_0/dff_15[0]:CLK
  To:   MIPI_CAMERA_0/VDMA_C0_0/VDMA_C0_0/dma_top_0/vdma_ip_reset_0/synchronizer_circuit_2stage_video_clk/s_data_in:ALn
  Delay (ns):              2.727
  Slack (ns):              0.022
  Arrival (ns):           10.347
  Required (ns):          10.369
  Operating Conditions: slow_lv_ht

Path 24
  From: CLOCKS_AND_RESETS_0/RESET_FIC_0_CLK/CORERESET_0/dff_15[0]:CLK
  To:   MIPI_CAMERA_0/mipicsi2rxdecoderPF_C0_0/MSC_i_0/MSC_i_4/MSC_i_10/ecc_error_done:ALn
  Delay (ns):              2.720
  Slack (ns):              0.031
  Arrival (ns):           10.340
  Required (ns):          10.371
  Operating Conditions: slow_lv_ht

Path 25
  From: FIC_0_PERIPHERALS_0/security_core_0/hash_core/t_fast[2]:CLK
  To:   FIC_0_PERIPHERALS_0/security_core_0/hash_core/a[30]:D
  Delay (ns):              7.718
  Slack (ns):              0.035
  Arrival (ns):           15.382
  Required (ns):          15.417
  Operating Conditions: slow_lv_ht

Path 26
  From: MIPI_CAMERA_0/VDMA_C0_0/VDMA_C0_0/dma_top_0/vdma_write_0/buff_addr_fifo/RAM2PORT_ASYNC_FIFO_INST/ram_ram_0_0/INST_RAM1K20_IP:A_CLK
  To:   MIPI_CAMERA_0/VDMA_C0_0/VDMA_C0_0/dma_top_0/vdma_write_0/ddr_write_vdma/ddr_write_controller_vdma_0/write_start_addr_o_1[17]:D
  Delay (ns):              1.622
  Slack (ns):              0.040
  Arrival (ns):            9.271
  Required (ns):           9.311
  Operating Conditions: slow_lv_ht

Path 27
  From: MIPI_CAMERA_0/VDMA_C0_0/VDMA_C0_0/dma_top_0/vdma_write_0/buff_addr_fifo/RAM2PORT_ASYNC_FIFO_INST/ram_ram_0_0/INST_RAM1K20_IP:A_CLK
  To:   MIPI_CAMERA_0/VDMA_C0_0/VDMA_C0_0/dma_top_0/vdma_write_0/ddr_write_vdma/ddr_write_controller_vdma_0/write_start_addr_o_1[19]:D
  Delay (ns):              1.620
  Slack (ns):              0.042
  Arrival (ns):            9.269
  Required (ns):           9.311
  Operating Conditions: slow_lv_ht

Path 28
  From: MIPI_CAMERA_0/VDMA_C0_0/VDMA_C0_0/dma_top_0/vdma_write_0/buff_addr_fifo/RAM2PORT_ASYNC_FIFO_INST/ram_ram_0_0/INST_RAM1K20_IP:A_CLK
  To:   MIPI_CAMERA_0/VDMA_C0_0/VDMA_C0_0/dma_top_0/vdma_write_0/ddr_write_vdma/ddr_write_controller_vdma_0/write_start_addr_o_1[24]:D
  Delay (ns):              1.616
  Slack (ns):              0.046
  Arrival (ns):            9.265
  Required (ns):           9.311
  Operating Conditions: slow_lv_ht

Path 29
  From: FIC_0_PERIPHERALS_0/security_core_0/hash_core/t_Z[4]:CLK
  To:   FIC_0_PERIPHERALS_0/security_core_0/hash_core/a[30]:D
  Delay (ns):              7.706
  Slack (ns):              0.048
  Arrival (ns):           15.369
  Required (ns):          15.417
  Operating Conditions: slow_lv_ht

Path 30
  From: CLOCKS_AND_RESETS_0/RESET_FIC_0_CLK/CORERESET_0/dff_15[0]:CLK
  To:   MIPI_CAMERA_0/mipicsi2rxdecoderPF_C0_0/MSC_i_0/MSC_i_4/MSC_i_10/crc_error_reg1:ALn
  Delay (ns):              2.672
  Slack (ns):              0.069
  Arrival (ns):           10.292
  Required (ns):          10.361
  Operating Conditions: slow_lv_ht

Path 31
  From: CLOCKS_AND_RESETS_0/RESET_FIC_0_CLK/CORERESET_0/dff_15[0]:CLK
  To:   MIPI_CAMERA_0/mipicsi2rxdecoderPF_C0_0/MSC_i_0/MSC_i_4/MSC_i_10/MSC_i_12/MSC_i_13/wraddr_sync_rr[6]:ALn
  Delay (ns):              2.675
  Slack (ns):              0.069
  Arrival (ns):           10.295
  Required (ns):          10.364
  Operating Conditions: slow_lv_ht

Path 32
  From: CLOCKS_AND_RESETS_0/RESET_FIC_0_CLK/CORERESET_0/dff_15[0]:CLK
  To:   MIPI_CAMERA_0/mipicsi2rxdecoderPF_C0_0/MSC_i_0/MSC_i_4/MSC_i_10/ecc_error_reg1:ALn
  Delay (ns):              2.670
  Slack (ns):              0.071
  Arrival (ns):           10.290
  Required (ns):          10.361
  Operating Conditions: slow_lv_ht

Path 33
  From: CLOCKS_AND_RESETS_0/RESET_FIC_0_CLK/CORERESET_0/dff_15[0]:CLK
  To:   MIPI_CAMERA_0/mipicsi2rxdecoderPF_C0_0/MSC_i_0/MSC_i_4/MSC_i_10/data_type_o_2[2]:ALn
  Delay (ns):              2.674
  Slack (ns):              0.071
  Arrival (ns):           10.294
  Required (ns):          10.365
  Operating Conditions: slow_lv_ht

Path 34
  From: CLOCKS_AND_RESETS_0/RESET_FIC_0_CLK/CORERESET_0/dff_15[0]:CLK
  To:   MIPI_CAMERA_0/mipicsi2rxdecoderPF_C0_0/MSC_i_0/MSC_i_4/MSC_i_10/MSC_i_12/wait_count[5]:ALn
  Delay (ns):              2.673
  Slack (ns):              0.071
  Arrival (ns):           10.293
  Required (ns):          10.364
  Operating Conditions: slow_lv_ht

Path 35
  From: MIPI_CAMERA_0/VDMA_C0_0/VDMA_C0_0/dma_top_0/vdma_write_0/buff_addr_fifo/RAM2PORT_ASYNC_FIFO_INST/ram_ram_0_0/INST_RAM1K20_IP:A_CLK
  To:   MIPI_CAMERA_0/VDMA_C0_0/VDMA_C0_0/dma_top_0/vdma_write_0/ddr_write_vdma/ddr_write_controller_vdma_0/write_start_addr_o_1[21]:D
  Delay (ns):              1.590
  Slack (ns):              0.072
  Arrival (ns):            9.239
  Required (ns):           9.311
  Operating Conditions: slow_lv_ht

Path 36
  From: MIPI_CAMERA_0/VDMA_C0_0/VDMA_C0_0/dma_top_0/vdma_write_0/buff_addr_fifo/RAM2PORT_ASYNC_FIFO_INST/ram_ram_0_0/INST_RAM1K20_IP:A_CLK
  To:   MIPI_CAMERA_0/VDMA_C0_0/VDMA_C0_0/dma_top_0/vdma_write_0/ddr_write_vdma/ddr_write_controller_vdma_0/write_start_addr_o_1[16]:D
  Delay (ns):              1.590
  Slack (ns):              0.072
  Arrival (ns):            9.239
  Required (ns):           9.311
  Operating Conditions: slow_lv_ht

Path 37
  From: CLOCKS_AND_RESETS_0/RESET_FIC_0_CLK/CORERESET_0/dff_15[0]:CLK
  To:   MIPI_CAMERA_0/mipicsi2rxdecoderPF_C0_0/MSC_i_0/MSC_i_4/MSC_i_10/word_count_o_2[10]:ALn
  Delay (ns):              2.673
  Slack (ns):              0.072
  Arrival (ns):           10.293
  Required (ns):          10.365
  Operating Conditions: slow_lv_ht

Path 38
  From: CLOCKS_AND_RESETS_0/RESET_FIC_0_CLK/CORERESET_0/dff_15[0]:CLK
  To:   MIPI_CAMERA_0/mipicsi2rxdecoderPF_C0_0/MSC_i_0/MIPI_CAM_LANES_CONFIG_r[1]:ALn
  Delay (ns):              2.678
  Slack (ns):              0.074
  Arrival (ns):           10.298
  Required (ns):          10.372
  Operating Conditions: slow_lv_ht

Path 39
  From: CLOCKS_AND_RESETS_0/RESET_FIC_0_CLK/CORERESET_0/dff_15[0]:CLK
  To:   MIPI_CAMERA_0/mipicsi2rxdecoderPF_C0_0/MSC_i_0/MIPI_CAM_LANES_CONFIG_r[0]:ALn
  Delay (ns):              2.677
  Slack (ns):              0.075
  Arrival (ns):           10.297
  Required (ns):          10.372
  Operating Conditions: slow_lv_ht

Path 40
  From: MIPI_CAMERA_0/VDMA_C0_0/VDMA_C0_0/dma_top_0/vdma_write_0/buff_addr_fifo/RAM2PORT_ASYNC_FIFO_INST/ram_ram_0_0/INST_RAM1K20_IP:A_CLK
  To:   MIPI_CAMERA_0/VDMA_C0_0/VDMA_C0_0/dma_top_0/vdma_write_0/ddr_write_vdma/ddr_write_controller_vdma_0/write_start_addr_o_1[14]:D
  Delay (ns):              1.587
  Slack (ns):              0.076
  Arrival (ns):            9.236
  Required (ns):           9.312
  Operating Conditions: slow_lv_ht

Path 41
  From: FIC_0_PERIPHERALS_0/security_core_0/hash_core/t_Z[5]:CLK
  To:   FIC_0_PERIPHERALS_0/security_core_0/hash_core/a[30]:D
  Delay (ns):              7.668
  Slack (ns):              0.086
  Arrival (ns):           15.331
  Required (ns):          15.417
  Operating Conditions: slow_lv_ht

Path 42
  From: FIC_0_PERIPHERALS_0/security_core_0/hash_core/t_fast[2]:CLK
  To:   FIC_0_PERIPHERALS_0/security_core_0/hash_core/a[31]:D
  Delay (ns):              7.667
  Slack (ns):              0.087
  Arrival (ns):           15.331
  Required (ns):          15.418
  Operating Conditions: slow_lv_ht

Path 43
  From: CLOCKS_AND_RESETS_0/RESET_FIC_0_CLK/CORERESET_0/dff_15[0]:CLK
  To:   MIPI_CAMERA_0/mipicsi2rxdecoderPF_C0_0/MSC_i_0/r_isr[2]:ALn
  Delay (ns):              2.668
  Slack (ns):              0.087
  Arrival (ns):           10.288
  Required (ns):          10.375
  Operating Conditions: slow_lv_ht

Path 44
  From: CLOCKS_AND_RESETS_0/RESET_FIC_0_CLK/CORERESET_0/dff_15[0]:CLK
  To:   MIPI_CAMERA_0/mipicsi2rxdecoderPF_C0_0/MSC_i_0/r_int_dly3:ALn
  Delay (ns):              2.668
  Slack (ns):              0.087
  Arrival (ns):           10.288
  Required (ns):          10.375
  Operating Conditions: slow_lv_ht

Path 45
  From: CLOCKS_AND_RESETS_0/RESET_FIC_0_CLK/CORERESET_0/dff_15[0]:CLK
  To:   MIPI_CAMERA_0/mipicsi2rxdecoderPF_C0_0/MSC_i_0/r_isr[6]:ALn
  Delay (ns):              2.667
  Slack (ns):              0.088
  Arrival (ns):           10.287
  Required (ns):          10.375
  Operating Conditions: slow_lv_ht

Path 46
  From: CLOCKS_AND_RESETS_0/RESET_FIC_0_CLK/CORERESET_0/dff_15[0]:CLK
  To:   MIPI_CAMERA_0/mipicsi2rxdecoderPF_C0_0/MSC_i_0/r_isr[4]:ALn
  Delay (ns):              2.667
  Slack (ns):              0.088
  Arrival (ns):           10.287
  Required (ns):          10.375
  Operating Conditions: slow_lv_ht

Path 47
  From: CLOCKS_AND_RESETS_0/RESET_FIC_0_CLK/CORERESET_0/dff_15[0]:CLK
  To:   MIPI_CAMERA_0/mipicsi2rxdecoderPF_C0_0/MSC_i_0/r_isr[0]:ALn
  Delay (ns):              2.667
  Slack (ns):              0.088
  Arrival (ns):           10.287
  Required (ns):          10.375
  Operating Conditions: slow_lv_ht

Path 48
  From: MIPI_CAMERA_0/VDMA_C0_0/VDMA_C0_0/dma_top_0/vdma_write_0/buff_addr_fifo/RAM2PORT_ASYNC_FIFO_INST/ram_ram_0_0/INST_RAM1K20_IP:A_CLK
  To:   MIPI_CAMERA_0/VDMA_C0_0/VDMA_C0_0/dma_top_0/vdma_write_0/ddr_write_vdma/ddr_write_controller_vdma_0/write_start_addr_o_1[18]:D
  Delay (ns):              1.570
  Slack (ns):              0.092
  Arrival (ns):            9.219
  Required (ns):           9.311
  Operating Conditions: slow_lv_ht

Path 49
  From: FIC_0_PERIPHERALS_0/security_core_0/hash_core/t_Z[4]:CLK
  To:   FIC_0_PERIPHERALS_0/security_core_0/hash_core/a[31]:D
  Delay (ns):              7.655
  Slack (ns):              0.100
  Arrival (ns):           15.318
  Required (ns):          15.418
  Operating Conditions: slow_lv_ht

Path 50
  From: MIPI_CAMERA_0/VDMA_C0_0/VDMA_C0_0/dma_top_0/vdma_write_0/buff_addr_fifo/RAM2PORT_ASYNC_FIFO_INST/ram_ram_0_0/INST_RAM1K20_IP:A_CLK
  To:   MIPI_CAMERA_0/VDMA_C0_0/VDMA_C0_0/dma_top_0/vdma_write_0/ddr_write_vdma/ddr_write_controller_vdma_0/write_start_addr_o_1[11]:D
  Delay (ns):              1.560
  Slack (ns):              0.103
  Arrival (ns):            9.209
  Required (ns):           9.312
  Operating Conditions: slow_lv_ht

Path 51
  From: MIPI_CAMERA_0/mipicsi2rxdecoderPF_C0_0/MSC_i_0/sot_r1_pclk:CLK
  To:   MIPI_CAMERA_0/mipicsi2rxdecoderPF_C0_0/MSC_i_0/sot_r0_cclk:D
  Delay (ns):              0.442
  Slack (ns):              0.105
  Arrival (ns):            7.895
  Required (ns):           8.000
  Operating Conditions: slow_lv_ht

Path 52
  From: MIPI_CAMERA_0/VDMA_C0_0/VDMA_C0_0/dma_top_0/vdma_write_0/buff_addr_fifo/RAM2PORT_ASYNC_FIFO_INST/ram_ram_0_0/INST_RAM1K20_IP:A_CLK
  To:   MIPI_CAMERA_0/VDMA_C0_0/VDMA_C0_0/dma_top_0/vdma_write_0/ddr_write_vdma/ddr_write_controller_vdma_0/write_start_addr_o_1[13]:D
  Delay (ns):              1.556
  Slack (ns):              0.107
  Arrival (ns):            9.205
  Required (ns):           9.312
  Operating Conditions: slow_lv_ht

Path 53
  From: CLOCKS_AND_RESETS_0/RESET_FIC_0_CLK/CORERESET_0/dff_15[0]:CLK
  To:   MIPI_CAMERA_0/mipicsi2rxdecoderPF_C0_0/MSC_i_0/MSC_i_4/MSC_i_10/MSC_i_12/MSC_i_13/MSC_i_14/ram_block_ram_block_0_0/INST_RAM1K20_IP:A_DOUT_ARST_N
  Delay (ns):              2.755
  Slack (ns):              0.107
  Arrival (ns):           10.375
  Required (ns):          10.482
  Operating Conditions: slow_lv_ht

Path 54
  From: CLOCKS_AND_RESETS_0/RESET_FIC_0_CLK/CORERESET_0/dff_15[0]:CLK
  To:   MIPI_CAMERA_0/mipicsi2rxdecoderPF_C0_0/MSC_i_0/r_int_dly2:ALn
  Delay (ns):              2.638
  Slack (ns):              0.113
  Arrival (ns):           10.258
  Required (ns):          10.371
  Operating Conditions: slow_lv_ht

Path 55
  From: CLOCKS_AND_RESETS_0/RESET_FIC_0_CLK/CORERESET_0/dff_15[0]:CLK
  To:   MIPI_CAMERA_0/mipicsi2rxdecoderPF_C0_0/MSC_i_0/r_int_dly1:ALn
  Delay (ns):              2.638
  Slack (ns):              0.113
  Arrival (ns):           10.258
  Required (ns):          10.371
  Operating Conditions: slow_lv_ht

Path 56
  From: MIPI_CAMERA_0/VDMA_C0_0/VDMA_C0_0/dma_top_0/vdma_write_0/buff_addr_fifo/RAM2PORT_ASYNC_FIFO_INST/ram_ram_0_0/INST_RAM1K20_IP:A_CLK
  To:   MIPI_CAMERA_0/VDMA_C0_0/VDMA_C0_0/dma_top_0/vdma_write_0/ddr_write_vdma/ddr_write_controller_vdma_0/write_start_addr_o_1[15]:D
  Delay (ns):              1.541
  Slack (ns):              0.121
  Arrival (ns):            9.190
  Required (ns):           9.311
  Operating Conditions: slow_lv_ht

Path 57
  From: FIC_0_PERIPHERALS_0/security_core_0/hash_core/t_fast[2]:CLK
  To:   FIC_0_PERIPHERALS_0/security_core_0/hash_core/a[29]:D
  Delay (ns):              7.631
  Slack (ns):              0.122
  Arrival (ns):           15.295
  Required (ns):          15.417
  Operating Conditions: slow_lv_ht

Path 58
  From: CLOCKS_AND_RESETS_0/RESET_FIC_0_CLK/CORERESET_0/dff_15[0]:CLK
  To:   MIPI_CAMERA_0/mipicsi2rxdecoderPF_C0_0/MSC_i_0/MSC_i_4/MSC_i_10/MSC_i_12/MSC_i_13/wraddr_sync_rr[2]:ALn
  Delay (ns):              2.626
  Slack (ns):              0.122
  Arrival (ns):           10.246
  Required (ns):          10.368
  Operating Conditions: slow_lv_ht

Path 59
  From: CLOCKS_AND_RESETS_0/RESET_FIC_0_CLK/CORERESET_0/dff_15[0]:CLK
  To:   MIPI_CAMERA_0/mipicsi2rxdecoderPF_C0_0/MSC_i_0/r_isr[5]:ALn
  Delay (ns):              2.612
  Slack (ns):              0.126
  Arrival (ns):           10.232
  Required (ns):          10.358
  Operating Conditions: slow_lv_ht

Path 60
  From: CLOCKS_AND_RESETS_0/RESET_FIC_0_CLK/CORERESET_0/dff_15[0]:CLK
  To:   MIPI_CAMERA_0/VDMA_C0_0/VDMA_C0_0/dma_top_0/vdma_ip_reset_0/synchronizer_circuit_2stage_video_clk/s_data_in:D
  Delay (ns):              2.814
  Slack (ns):              0.131
  Arrival (ns):           10.434
  Required (ns):          10.565
  Operating Conditions: slow_lv_ht

Path 61
  From: MIPI_CAMERA_0/VDMA_C0_0/VDMA_C0_0/dma_top_0/vdma_write_0/buff_addr_fifo/RAM2PORT_ASYNC_FIFO_INST/ram_ram_0_0/INST_RAM1K20_IP:A_CLK
  To:   MIPI_CAMERA_0/VDMA_C0_0/VDMA_C0_0/dma_top_0/vdma_write_0/ddr_write_vdma/ddr_write_controller_vdma_0/write_start_addr_o_1[10]:D
  Delay (ns):              1.529
  Slack (ns):              0.134
  Arrival (ns):            9.178
  Required (ns):           9.312
  Operating Conditions: slow_lv_ht

Path 62
  From: FIC_0_PERIPHERALS_0/security_core_0/hash_core/t_fast[2]:CLK
  To:   FIC_0_PERIPHERALS_0/security_core_0/hash_core/a[27]:D
  Delay (ns):              7.678
  Slack (ns):              0.135
  Arrival (ns):           15.342
  Required (ns):          15.477
  Operating Conditions: slow_lv_ht

Path 63
  From: FIC_0_PERIPHERALS_0/security_core_0/hash_core/t_Z[4]:CLK
  To:   FIC_0_PERIPHERALS_0/security_core_0/hash_core/a[29]:D
  Delay (ns):              7.619
  Slack (ns):              0.135
  Arrival (ns):           15.282
  Required (ns):          15.417
  Operating Conditions: slow_lv_ht

Path 64
  From: FIC_0_PERIPHERALS_0/security_core_0/hash_core/t_fast[1]:CLK
  To:   FIC_0_PERIPHERALS_0/security_core_0/hash_core/a[30]:D
  Delay (ns):              7.617
  Slack (ns):              0.136
  Arrival (ns):           15.281
  Required (ns):          15.417
  Operating Conditions: slow_lv_ht

Path 65
  From: FIC_0_PERIPHERALS_0/security_core_0/hash_core/t_Z[5]:CLK
  To:   FIC_0_PERIPHERALS_0/security_core_0/hash_core/a[31]:D
  Delay (ns):              7.617
  Slack (ns):              0.138
  Arrival (ns):           15.280
  Required (ns):          15.418
  Operating Conditions: slow_lv_ht

Path 66
  From: FIC_0_PERIPHERALS_0/security_core_0/hash_core/t_Z[4]:CLK
  To:   FIC_0_PERIPHERALS_0/security_core_0/hash_core/a[27]:D
  Delay (ns):              7.666
  Slack (ns):              0.148
  Arrival (ns):           15.329
  Required (ns):          15.477
  Operating Conditions: slow_lv_ht

Path 67
  From: MIPI_CAMERA_0/VDMA_C0_0/VDMA_C0_0/dma_top_0/vdma_write_0/buff_addr_fifo/RAM2PORT_ASYNC_FIFO_INST/ram_ram_0_0/INST_RAM1K20_IP:A_CLK
  To:   MIPI_CAMERA_0/VDMA_C0_0/VDMA_C0_0/dma_top_0/vdma_write_0/ddr_write_vdma/ddr_write_controller_vdma_0/write_start_addr_o_1[12]:D
  Delay (ns):              1.505
  Slack (ns):              0.158
  Arrival (ns):            9.154
  Required (ns):           9.312
  Operating Conditions: slow_lv_ht

Path 68
  From: FIC_0_PERIPHERALS_0/security_core_0/hash_core/t_fast[2]:CLK
  To:   FIC_0_PERIPHERALS_0/security_core_0/hash_core/a[28]:D
  Delay (ns):              7.653
  Slack (ns):              0.160
  Arrival (ns):           15.317
  Required (ns):          15.477
  Operating Conditions: slow_lv_ht

Path 69
  From: FIC_0_PERIPHERALS_0/security_core_0/hash_core/t_Z[5]:CLK
  To:   FIC_0_PERIPHERALS_0/security_core_0/hash_core/a[29]:D
  Delay (ns):              7.581
  Slack (ns):              0.173
  Arrival (ns):           15.244
  Required (ns):          15.417
  Operating Conditions: slow_lv_ht

Path 70
  From: FIC_0_PERIPHERALS_0/security_core_0/hash_core/t_Z[4]:CLK
  To:   FIC_0_PERIPHERALS_0/security_core_0/hash_core/a[28]:D
  Delay (ns):              7.641
  Slack (ns):              0.173
  Arrival (ns):           15.304
  Required (ns):          15.477
  Operating Conditions: slow_lv_ht

Path 71
  From: MIPI_CAMERA_0/VDMA_C0_0/VDMA_C0_0/dma_top_0/vdma_write_0/buff_addr_fifo/RAM2PORT_ASYNC_FIFO_INST/ram_ram_0_0/INST_RAM1K20_IP:A_CLK
  To:   MIPI_CAMERA_0/VDMA_C0_0/VDMA_C0_0/dma_top_0/vdma_write_0/ddr_write_vdma/ddr_write_controller_vdma_0/write_start_addr_o_1[9]:D
  Delay (ns):              1.478
  Slack (ns):              0.185
  Arrival (ns):            9.127
  Required (ns):           9.312
  Operating Conditions: slow_lv_ht

Path 72
  From: FIC_0_PERIPHERALS_0/security_core_0/hash_core/t_Z[5]:CLK
  To:   FIC_0_PERIPHERALS_0/security_core_0/hash_core/a[27]:D
  Delay (ns):              7.628
  Slack (ns):              0.186
  Arrival (ns):           15.291
  Required (ns):          15.477
  Operating Conditions: slow_lv_ht

Path 73
  From: FIC_0_PERIPHERALS_0/security_core_0/hash_core/t_fast[1]:CLK
  To:   FIC_0_PERIPHERALS_0/security_core_0/hash_core/a[31]:D
  Delay (ns):              7.566
  Slack (ns):              0.188
  Arrival (ns):           15.230
  Required (ns):          15.418
  Operating Conditions: slow_lv_ht

Path 74
  From: MIPI_CAMERA_0/VDMA_C0_0/VDMA_C0_0/dma_top_0/vdma_ip_reset_0/synchronizer_circuit_2stage_video_clk/sync_out_o:CLK
  To:   MIPI_CAMERA_0/VDMA_C0_0/VDMA_C0_0/dma_top_0/vdma_write_0/ddr_write_vdma/async_fifo_vdma_0/rdata_count[5]:D
  Delay (ns):              1.648
  Slack (ns):              0.190
  Arrival (ns):            9.106
  Required (ns):           9.296
  Operating Conditions: slow_lv_ht

Path 75
  From: CLOCKS_AND_RESETS_0/RESET_FIC_0_CLK/CORERESET_0/dff_15[0]:CLK
  To:   MIPI_CAMERA_0/mipicsi2rxdecoderPF_C0_0/MSC_i_0/MSC_i_4/MSC_i_10/MSC_i_12/MSC_i_13/MSC_i_14/ram_block_ram_block_0_1/INST_RAM1K20_IP:A_DOUT_ARST_N
  Delay (ns):              2.656
  Slack (ns):              0.199
  Arrival (ns):           10.276
  Required (ns):          10.475
  Operating Conditions: slow_lv_ht

Path 76
  From: MIPI_CAMERA_0/mipicsi2rxdecoderPF_C0_0/MSC_i_0/MSC_i_4/MSC_i_10/crc_error_reg1:CLK
  To:   MIPI_CAMERA_0/mipicsi2rxdecoderPF_C0_0/MSC_i_0/MSC_i_4/MSC_i_10/crc_err_done_clk_reg0:D
  Delay (ns):              0.356
  Slack (ns):              0.201
  Arrival (ns):            7.819
  Required (ns):           8.020
  Operating Conditions: slow_lv_ht

Path 77
  From: MIPI_CAMERA_0/mipicsi2rxdecoderPF_C0_0/MSC_i_0/MSC_i_4/MSC_i_10/ecc_error_reg1:CLK
  To:   MIPI_CAMERA_0/mipicsi2rxdecoderPF_C0_0/MSC_i_0/MSC_i_4/MSC_i_10/error_done_cclk_reg0:D
  Delay (ns):              0.351
  Slack (ns):              0.205
  Arrival (ns):            7.815
  Required (ns):           8.020
  Operating Conditions: slow_lv_ht

Path 78
  From: FIC_0_PERIPHERALS_0/security_core_0/hash_core/t_Z[5]:CLK
  To:   FIC_0_PERIPHERALS_0/security_core_0/hash_core/a[28]:D
  Delay (ns):              7.603
  Slack (ns):              0.211
  Arrival (ns):           15.266
  Required (ns):          15.477
  Operating Conditions: slow_lv_ht

Path 79
  From: FIC_0_PERIPHERALS_0/security_core_0/hash_core/t_fast[1]:CLK
  To:   FIC_0_PERIPHERALS_0/security_core_0/hash_core/a[29]:D
  Delay (ns):              7.530
  Slack (ns):              0.223
  Arrival (ns):           15.194
  Required (ns):          15.417
  Operating Conditions: slow_lv_ht

Path 80
  From: MIPI_CAMERA_0/VDMA_C0_0/VDMA_C0_0/dma_top_0/vdma_ip_reset_0/synchronizer_circuit_2stage_video_clk/sync_out_o:CLK
  To:   MIPI_CAMERA_0/VDMA_C0_0/VDMA_C0_0/dma_top_0/vdma_write_0/ddr_write_vdma/async_fifo_vdma_0/rdata_count[8]:D
  Delay (ns):              1.614
  Slack (ns):              0.224
  Arrival (ns):            9.072
  Required (ns):           9.296
  Operating Conditions: slow_lv_ht

Path 81
  From: FIC_0_PERIPHERALS_0/security_core_0/hash_core/t_fast[2]:CLK
  To:   FIC_0_PERIPHERALS_0/security_core_0/hash_core/a[26]:D
  Delay (ns):              7.580
  Slack (ns):              0.233
  Arrival (ns):           15.244
  Required (ns):          15.477
  Operating Conditions: slow_lv_ht

Path 82
  From: FIC_0_PERIPHERALS_0/security_core_0/hash_core/t_fast[1]:CLK
  To:   FIC_0_PERIPHERALS_0/security_core_0/hash_core/a[27]:D
  Delay (ns):              7.577
  Slack (ns):              0.236
  Arrival (ns):           15.241
  Required (ns):          15.477
  Operating Conditions: slow_lv_ht

Path 83
  From: FIC_0_PERIPHERALS_0/security_core_0/hash_core/t_Z[4]:CLK
  To:   FIC_0_PERIPHERALS_0/security_core_0/hash_core/a[26]:D
  Delay (ns):              7.568
  Slack (ns):              0.246
  Arrival (ns):           15.231
  Required (ns):          15.477
  Operating Conditions: slow_lv_ht

Path 84
  From: CLOCKS_AND_RESETS_0/RESET_FIC_0_CLK/CORERESET_0/dff_15[0]:CLK
  To:   MIPI_CAMERA_0/mipicsi2rxdecoderPF_C0_0/MSC_i_0/MSC_i_4/MSC_i_10/word_count_reg1_0[14]:ALn
  Delay (ns):              2.509
  Slack (ns):              0.251
  Arrival (ns):           10.129
  Required (ns):          10.380
  Operating Conditions: slow_lv_ht

Path 85
  From: FIC_0_PERIPHERALS_0/security_core_0/hash_core/t_fast[1]:CLK
  To:   FIC_0_PERIPHERALS_0/security_core_0/hash_core/a[28]:D
  Delay (ns):              7.552
  Slack (ns):              0.261
  Arrival (ns):           15.216
  Required (ns):          15.477
  Operating Conditions: slow_lv_ht

Path 86
  From: MIPI_CAMERA_0/VDMA_C0_0/VDMA_C0_0/dma_top_0/vdma_ip_reset_0/synchronizer_circuit_2stage_video_clk/sync_out_o:CLK
  To:   MIPI_CAMERA_0/VDMA_C0_0/VDMA_C0_0/dma_top_0/vdma_write_0/ddr_write_vdma/async_fifo_vdma_0/rdata_count[1]:D
  Delay (ns):              1.561
  Slack (ns):              0.277
  Arrival (ns):            9.019
  Required (ns):           9.296
  Operating Conditions: slow_lv_ht

Path 87
  From: CLOCKS_AND_RESETS_0/RESET_FIC_0_CLK/CORERESET_0/dff_15[0]:CLK
  To:   MIPI_CAMERA_0/mipicsi2rxdecoderPF_C0_0/MSC_i_0/MSC_i_4/MSC_i_10/MSC_i_12/genblk7.pixel_data_o[1]:ALn
  Delay (ns):              2.454
  Slack (ns):              0.278
  Arrival (ns):           10.074
  Required (ns):          10.352
  Operating Conditions: slow_lv_ht

Path 88
  From: CLOCKS_AND_RESETS_0/RESET_FIC_0_CLK/CORERESET_0/dff_15[0]:CLK
  To:   MIPI_CAMERA_0/mipicsi2rxdecoderPF_C0_0/MSC_i_0/MSC_i_4/MSC_i_10/MSC_i_12/MSC_i_13/wraddr_sync_r[2]:ALn
  Delay (ns):              2.454
  Slack (ns):              0.278
  Arrival (ns):           10.074
  Required (ns):          10.352
  Operating Conditions: slow_lv_ht

Path 89
  From: CLOCKS_AND_RESETS_0/RESET_FIC_0_CLK/CORERESET_0/dff_15[0]:CLK
  To:   MIPI_CAMERA_0/mipicsi2rxdecoderPF_C0_0/MSC_i_0/MSC_i_4/MSC_i_10/virtual_channel_o_2[0]:ALn
  Delay (ns):              2.463
  Slack (ns):              0.279
  Arrival (ns):           10.083
  Required (ns):          10.362
  Operating Conditions: slow_lv_ht

Path 90
  From: FIC_0_PERIPHERALS_0/security_core_0/hash_core/t_Z[5]:CLK
  To:   FIC_0_PERIPHERALS_0/security_core_0/hash_core/a[26]:D
  Delay (ns):              7.530
  Slack (ns):              0.284
  Arrival (ns):           15.193
  Required (ns):          15.477
  Operating Conditions: slow_lv_ht

Path 91
  From: FIC_0_PERIPHERALS_0/security_core_0/hash_core/t_Z[5]:CLK
  To:   FIC_0_PERIPHERALS_0/security_core_0/hash_core/a[24]:D
  Delay (ns):              7.459
  Slack (ns):              0.285
  Arrival (ns):           15.122
  Required (ns):          15.407
  Operating Conditions: slow_lv_ht

Path 92
  From: FIC_0_PERIPHERALS_0/security_core_0/hash_core/t_fast[1]:CLK
  To:   FIC_0_PERIPHERALS_0/security_core_0/hash_core/a[24]:D
  Delay (ns):              7.428
  Slack (ns):              0.315
  Arrival (ns):           15.092
  Required (ns):          15.407
  Operating Conditions: slow_lv_ht

Path 93
  From: CLOCKS_AND_RESETS_0/RESET_FIC_0_CLK/CORERESET_0/dff_15[0]:CLK
  To:   MIPI_CAMERA_0/mipicsi2rxdecoderPF_C0_0/MSC_i_0/MSC_i_4/MSC_i_10/MSC_i_12/genblk7.pixel_data_o[5]:ALn
  Delay (ns):              2.432
  Slack (ns):              0.317
  Arrival (ns):           10.052
  Required (ns):          10.369
  Operating Conditions: slow_lv_ht

Path 94
  From: CLOCKS_AND_RESETS_0/RESET_FIC_0_CLK/CORERESET_0/dff_15[0]:CLK
  To:   MIPI_CAMERA_0/mipicsi2rxdecoderPF_C0_0/MSC_i_0/MSC_i_4/MSC_i_10/MSC_i_12/wait_count[0]:ALn
  Delay (ns):              2.431
  Slack (ns):              0.321
  Arrival (ns):           10.051
  Required (ns):          10.372
  Operating Conditions: slow_lv_ht

Path 95
  From: MIPI_CAMERA_0/VDMA_C0_0/VDMA_C0_0/dma_top_0/vdma_ip_reset_0/synchronizer_circuit_2stage_video_clk/sync_out_o:CLK
  To:   MIPI_CAMERA_0/VDMA_C0_0/VDMA_C0_0/dma_top_0/vdma_write_0/ddr_write_vdma/async_fifo_vdma_0/rdata_count[7]:D
  Delay (ns):              1.517
  Slack (ns):              0.329
  Arrival (ns):            8.738
  Required (ns):           9.067
  Operating Conditions: slow_lv_lt

Path 96
  From: FIC_0_PERIPHERALS_0/security_core_0/hash_core/t_fast[2]:CLK
  To:   FIC_0_PERIPHERALS_0/security_core_0/hash_core/a[24]:D
  Delay (ns):              7.410
  Slack (ns):              0.333
  Arrival (ns):           15.074
  Required (ns):          15.407
  Operating Conditions: slow_lv_ht

Path 97
  From: FIC_0_PERIPHERALS_0/security_core_0/hash_core/t_Z[5]:CLK
  To:   FIC_0_PERIPHERALS_0/security_core_0/hash_core/a[25]:D
  Delay (ns):              7.421
  Slack (ns):              0.333
  Arrival (ns):           15.084
  Required (ns):          15.417
  Operating Conditions: slow_lv_ht

Path 98
  From: MIPI_CAMERA_0/VDMA_C0_0/VDMA_C0_0/dma_top_0/vdma_write_0/buff_addr_fifo/RAM2PORT_ASYNC_FIFO_INST/ram_ram_0_0/INST_RAM1K20_IP:A_CLK
  To:   MIPI_CAMERA_0/VDMA_C0_0/VDMA_C0_0/dma_top_0/vdma_write_0/ddr_write_vdma/ddr_write_controller_vdma_0/write_start_addr_o_1[8]:D
  Delay (ns):              1.329
  Slack (ns):              0.334
  Arrival (ns):            8.978
  Required (ns):           9.312
  Operating Conditions: slow_lv_ht

Path 99
  From: FIC_0_PERIPHERALS_0/security_core_0/hash_core/t_fast[1]:CLK
  To:   FIC_0_PERIPHERALS_0/security_core_0/hash_core/a[26]:D
  Delay (ns):              7.479
  Slack (ns):              0.334
  Arrival (ns):           15.143
  Required (ns):          15.477
  Operating Conditions: slow_lv_ht

Path 100
  From: MIPI_CAMERA_0/VDMA_C0_0/VDMA_C0_0/dma_top_0/vdma_ip_reset_0/synchronizer_circuit_2stage_video_clk/sync_out_o:CLK
  To:   MIPI_CAMERA_0/VDMA_C0_0/VDMA_C0_0/dma_top_0/vdma_write_0/ddr_write_vdma/async_fifo_vdma_0/rdata_count[4]:D
  Delay (ns):              1.505
  Slack (ns):              0.341
  Arrival (ns):            8.726
  Required (ns):           9.067
  Operating Conditions: slow_lv_lt

