Timing Violation Report Max Delay Analysis

SmartTime Version 2025.2
Microchip Technology Inc. - Microchip Libero Software Release 2025.2 (Version 2025.2.0.14)
Date: Wed Mar 25 02:36:16 2026


Design: MPFS_DISCOVERY_KIT
Family: PolarFireSoC
Die: MPFS095T
Package: FCSG325
Temperature Range: 0 - 100 C
Voltage Range: 0.97 - 1.03 V
Speed Grade: -1
Design State: Post-Layout
Data source: Production
Multi Corner Report Operating Conditions: slow_lv_lt,fast_hv_lt,slow_lv_ht


Path 1
  From: FIC_0_PERIPHERALS_0/security_core_0/hash_core/t_Z[5]:CLK
  To:   FIC_0_PERIPHERALS_0/security_core_0/hash_core/a[31]:D
  Delay (ns):              8.118
  Slack (ns):             -0.410
  Arrival (ns):           14.221
  Required (ns):          13.811
  Operating Conditions: slow_lv_ht

Path 2
  From: FIC_0_PERIPHERALS_0/security_core_0/hash_core/t_Z[5]:CLK
  To:   FIC_0_PERIPHERALS_0/security_core_0/hash_core/a[29]:D
  Delay (ns):              8.078
  Slack (ns):             -0.361
  Arrival (ns):           14.181
  Required (ns):          13.820
  Operating Conditions: slow_lv_ht

Path 3
  From: FIC_0_PERIPHERALS_0/security_core_0/hash_core/t_Z[5]:CLK
  To:   FIC_0_PERIPHERALS_0/security_core_0/hash_core/a[28]:D
  Delay (ns):              8.067
  Slack (ns):             -0.359
  Arrival (ns):           14.170
  Required (ns):          13.811
  Operating Conditions: slow_lv_ht

Path 4
  From: FIC_0_PERIPHERALS_0/security_core_0/hash_core/t_Z[4]:CLK
  To:   FIC_0_PERIPHERALS_0/security_core_0/hash_core/a[31]:D
  Delay (ns):              8.058
  Slack (ns):             -0.351
  Arrival (ns):           14.162
  Required (ns):          13.811
  Operating Conditions: slow_lv_ht

Path 5
  From: FIC_0_PERIPHERALS_0/security_core_0/hash_core/t_fast[2]:CLK
  To:   FIC_0_PERIPHERALS_0/security_core_0/hash_core/a[31]:D
  Delay (ns):              8.045
  Slack (ns):             -0.337
  Arrival (ns):           14.148
  Required (ns):          13.811
  Operating Conditions: slow_lv_ht

Path 6
  From: FIC_0_PERIPHERALS_0/security_core_0/hash_core/t_Z[5]:CLK
  To:   FIC_0_PERIPHERALS_0/security_core_0/hash_core/a[30]:D
  Delay (ns):              8.029
  Slack (ns):             -0.321
  Arrival (ns):           14.132
  Required (ns):          13.811
  Operating Conditions: slow_lv_ht

Path 7
  From: FIC_0_PERIPHERALS_0/security_core_0/hash_core/t_Z[4]:CLK
  To:   FIC_0_PERIPHERALS_0/security_core_0/hash_core/a[29]:D
  Delay (ns):              8.018
  Slack (ns):             -0.302
  Arrival (ns):           14.122
  Required (ns):          13.820
  Operating Conditions: slow_lv_ht

Path 8
  From: FIC_0_PERIPHERALS_0/security_core_0/hash_core/t_Z[4]:CLK
  To:   FIC_0_PERIPHERALS_0/security_core_0/hash_core/a[28]:D
  Delay (ns):              8.007
  Slack (ns):             -0.300
  Arrival (ns):           14.111
  Required (ns):          13.811
  Operating Conditions: slow_lv_ht

Path 9
  From: FIC_0_PERIPHERALS_0/security_core_0/hash_core/t_fast[2]:CLK
  To:   FIC_0_PERIPHERALS_0/security_core_0/hash_core/a[29]:D
  Delay (ns):              8.005
  Slack (ns):             -0.288
  Arrival (ns):           14.108
  Required (ns):          13.820
  Operating Conditions: slow_lv_ht

Path 10
  From: FIC_0_PERIPHERALS_0/security_core_0/hash_core/t_fast[2]:CLK
  To:   FIC_0_PERIPHERALS_0/security_core_0/hash_core/a[28]:D
  Delay (ns):              7.994
  Slack (ns):             -0.286
  Arrival (ns):           14.097
  Required (ns):          13.811
  Operating Conditions: slow_lv_ht

Path 11
  From: FIC_0_PERIPHERALS_0/security_core_0/hash_core/t_fast[1]:CLK
  To:   FIC_0_PERIPHERALS_0/security_core_0/hash_core/a[31]:D
  Delay (ns):              7.990
  Slack (ns):             -0.284
  Arrival (ns):           14.095
  Required (ns):          13.811
  Operating Conditions: slow_lv_ht

Path 12
  From: FIC_0_PERIPHERALS_0/security_core_0/hash_core/t_Z[5]:CLK
  To:   FIC_0_PERIPHERALS_0/security_core_0/hash_core/a[26]:D
  Delay (ns):              7.997
  Slack (ns):             -0.280
  Arrival (ns):           14.100
  Required (ns):          13.820
  Operating Conditions: slow_lv_ht

Path 13
  From: FIC_0_PERIPHERALS_0/security_core_0/hash_core/t_Z[4]:CLK
  To:   FIC_0_PERIPHERALS_0/security_core_0/hash_core/a[30]:D
  Delay (ns):              7.969
  Slack (ns):             -0.262
  Arrival (ns):           14.073
  Required (ns):          13.811
  Operating Conditions: slow_lv_ht

Path 14
  From: FIC_0_PERIPHERALS_0/security_core_0/hash_core/t_Z[5]:CLK
  To:   FIC_0_PERIPHERALS_0/security_core_0/hash_core/a[27]:D
  Delay (ns):              7.978
  Slack (ns):             -0.261
  Arrival (ns):           14.081
  Required (ns):          13.820
  Operating Conditions: slow_lv_ht

Path 15
  From: FIC_0_PERIPHERALS_0/security_core_0/hash_core/t_fast[2]:CLK
  To:   FIC_0_PERIPHERALS_0/security_core_0/hash_core/a[30]:D
  Delay (ns):              7.956
  Slack (ns):             -0.248
  Arrival (ns):           14.059
  Required (ns):          13.811
  Operating Conditions: slow_lv_ht

Path 16
  From: FIC_0_PERIPHERALS_0/security_core_0/hash_core/t_fast[1]:CLK
  To:   FIC_0_PERIPHERALS_0/security_core_0/hash_core/a[29]:D
  Delay (ns):              7.950
  Slack (ns):             -0.235
  Arrival (ns):           14.055
  Required (ns):          13.820
  Operating Conditions: slow_lv_ht

Path 17
  From: FIC_0_PERIPHERALS_0/security_core_0/hash_core/t_fast[1]:CLK
  To:   FIC_0_PERIPHERALS_0/security_core_0/hash_core/a[28]:D
  Delay (ns):              7.939
  Slack (ns):             -0.233
  Arrival (ns):           14.044
  Required (ns):          13.811
  Operating Conditions: slow_lv_ht

Path 18
  From: FIC_0_PERIPHERALS_0/security_core_0/hash_core/t_Z[4]:CLK
  To:   FIC_0_PERIPHERALS_0/security_core_0/hash_core/a[26]:D
  Delay (ns):              7.937
  Slack (ns):             -0.221
  Arrival (ns):           14.041
  Required (ns):          13.820
  Operating Conditions: slow_lv_ht

Path 19
  From: FIC_0_PERIPHERALS_0/security_core_0/hash_core/t_fast[2]:CLK
  To:   FIC_0_PERIPHERALS_0/security_core_0/hash_core/a[26]:D
  Delay (ns):              7.924
  Slack (ns):             -0.207
  Arrival (ns):           14.027
  Required (ns):          13.820
  Operating Conditions: slow_lv_ht

Path 20
  From: FIC_0_PERIPHERALS_0/security_core_0/hash_core/t_Z[4]:CLK
  To:   FIC_0_PERIPHERALS_0/security_core_0/hash_core/a[27]:D
  Delay (ns):              7.918
  Slack (ns):             -0.202
  Arrival (ns):           14.022
  Required (ns):          13.820
  Operating Conditions: slow_lv_ht

Path 21
  From: FIC_0_PERIPHERALS_0/security_core_0/hash_core/t_fast[1]:CLK
  To:   FIC_0_PERIPHERALS_0/security_core_0/hash_core/a[30]:D
  Delay (ns):              7.901
  Slack (ns):             -0.195
  Arrival (ns):           14.006
  Required (ns):          13.811
  Operating Conditions: slow_lv_ht

Path 22
  From: FIC_0_PERIPHERALS_0/security_core_0/hash_core/t_fast[2]:CLK
  To:   FIC_0_PERIPHERALS_0/security_core_0/hash_core/a[27]:D
  Delay (ns):              7.905
  Slack (ns):             -0.188
  Arrival (ns):           14.008
  Required (ns):          13.820
  Operating Conditions: slow_lv_ht

Path 23
  From: FIC_0_PERIPHERALS_0/security_core_0/hash_core/t_Z[3]:CLK
  To:   FIC_0_PERIPHERALS_0/security_core_0/hash_core/a[31]:D
  Delay (ns):              7.874
  Slack (ns):             -0.166
  Arrival (ns):           13.977
  Required (ns):          13.811
  Operating Conditions: slow_lv_ht

Path 24
  From: FIC_0_PERIPHERALS_0/security_core_0/hash_core/t_Z[5]:CLK
  To:   FIC_0_PERIPHERALS_0/security_core_0/hash_core/a[20]:D
  Delay (ns):              7.881
  Slack (ns):             -0.155
  Arrival (ns):           13.984
  Required (ns):          13.829
  Operating Conditions: slow_lv_ht

Path 25
  From: FIC_0_PERIPHERALS_0/security_core_0/hash_core/t_fast[1]:CLK
  To:   FIC_0_PERIPHERALS_0/security_core_0/hash_core/a[26]:D
  Delay (ns):              7.869
  Slack (ns):             -0.154
  Arrival (ns):           13.974
  Required (ns):          13.820
  Operating Conditions: slow_lv_ht

Path 26
  From: FIC_0_PERIPHERALS_0/security_core_0/hash_core/t_fast[1]:CLK
  To:   FIC_0_PERIPHERALS_0/security_core_0/hash_core/a[20]:D
  Delay (ns):              7.868
  Slack (ns):             -0.144
  Arrival (ns):           13.973
  Required (ns):          13.829
  Operating Conditions: slow_lv_ht

Path 27
  From: FIC_0_PERIPHERALS_0/security_core_0/hash_core/t_fast[1]:CLK
  To:   FIC_0_PERIPHERALS_0/security_core_0/hash_core/a[27]:D
  Delay (ns):              7.850
  Slack (ns):             -0.135
  Arrival (ns):           13.955
  Required (ns):          13.820
  Operating Conditions: slow_lv_ht

Path 28
  From: FIC_0_PERIPHERALS_0/security_core_0/hash_core/t_Z[3]:CLK
  To:   FIC_0_PERIPHERALS_0/security_core_0/hash_core/a[29]:D
  Delay (ns):              7.834
  Slack (ns):             -0.117
  Arrival (ns):           13.937
  Required (ns):          13.820
  Operating Conditions: slow_lv_ht

Path 29
  From: FIC_0_PERIPHERALS_0/security_core_0/hash_core/t_Z[3]:CLK
  To:   FIC_0_PERIPHERALS_0/security_core_0/hash_core/a[28]:D
  Delay (ns):              7.823
  Slack (ns):             -0.115
  Arrival (ns):           13.926
  Required (ns):          13.811
  Operating Conditions: slow_lv_ht

Path 30
  From: FIC_0_PERIPHERALS_0/security_core_0/hash_core/t_Z[5]:CLK
  To:   FIC_0_PERIPHERALS_0/security_core_0/hash_core/a[25]:D
  Delay (ns):              7.831
  Slack (ns):             -0.114
  Arrival (ns):           13.934
  Required (ns):          13.820
  Operating Conditions: slow_lv_ht

Path 31
  From: FIC_0_PERIPHERALS_0/security_core_0/hash_core/g[3]:CLK
  To:   FIC_0_PERIPHERALS_0/security_core_0/hash_core/a[31]:D
  Delay (ns):              7.830
  Slack (ns):             -0.095
  Arrival (ns):           13.906
  Required (ns):          13.811
  Operating Conditions: slow_lv_ht

Path 32
  From: FIC_0_PERIPHERALS_0/security_core_0/hash_core/t_fast[2]:CLK
  To:   FIC_0_PERIPHERALS_0/security_core_0/hash_core/a[20]:D
  Delay (ns):              7.806
  Slack (ns):             -0.080
  Arrival (ns):           13.909
  Required (ns):          13.829
  Operating Conditions: slow_lv_ht

Path 33
  From: FIC_0_PERIPHERALS_0/security_core_0/hash_core/t_Z[3]:CLK
  To:   FIC_0_PERIPHERALS_0/security_core_0/hash_core/a[30]:D
  Delay (ns):              7.785
  Slack (ns):             -0.077
  Arrival (ns):           13.888
  Required (ns):          13.811
  Operating Conditions: slow_lv_ht

Path 34
  From: FIC_0_PERIPHERALS_0/security_core_0/hash_core/e[8]:CLK
  To:   FIC_0_PERIPHERALS_0/security_core_0/hash_core/a[31]:D
  Delay (ns):              7.805
  Slack (ns):             -0.077
  Arrival (ns):           13.888
  Required (ns):          13.811
  Operating Conditions: slow_lv_ht

Path 35
  From: FIC_0_PERIPHERALS_0/security_core_0/hash_core/f[1]:CLK
  To:   FIC_0_PERIPHERALS_0/security_core_0/hash_core/a[31]:D
  Delay (ns):              7.799
  Slack (ns):             -0.075
  Arrival (ns):           13.886
  Required (ns):          13.811
  Operating Conditions: slow_lv_ht

Path 36
  From: FIC_0_PERIPHERALS_0/security_core_0/hash_core/t_Z[4]:CLK
  To:   FIC_0_PERIPHERALS_0/security_core_0/hash_core/a[20]:D
  Delay (ns):              7.798
  Slack (ns):             -0.073
  Arrival (ns):           13.902
  Required (ns):          13.829
  Operating Conditions: slow_lv_ht

Path 37
  From: FIC_0_PERIPHERALS_0/security_core_0/hash_core/t_fast[1]:CLK
  To:   FIC_0_PERIPHERALS_0/security_core_0/hash_core/a[25]:D
  Delay (ns):              7.781
  Slack (ns):             -0.066
  Arrival (ns):           13.886
  Required (ns):          13.820
  Operating Conditions: slow_lv_ht

Path 38
  From: FIC_0_PERIPHERALS_0/security_core_0/hash_core/e[1]:CLK
  To:   FIC_0_PERIPHERALS_0/security_core_0/hash_core/a[31]:D
  Delay (ns):              7.790
  Slack (ns):             -0.066
  Arrival (ns):           13.877
  Required (ns):          13.811
  Operating Conditions: slow_lv_ht

Path 39
  From: FIC_0_PERIPHERALS_0/security_core_0/hash_core/t_Z[5]:CLK
  To:   FIC_0_PERIPHERALS_0/security_core_0/hash_core/a[22]:D
  Delay (ns):              7.779
  Slack (ns):             -0.064
  Arrival (ns):           13.882
  Required (ns):          13.818
  Operating Conditions: slow_lv_ht

Path 40
  From: FIC_0_PERIPHERALS_0/security_core_0/hash_core/t_Z[5]:CLK
  To:   FIC_0_PERIPHERALS_0/security_core_0/hash_core/a[23]:D
  Delay (ns):              7.771
  Slack (ns):             -0.056
  Arrival (ns):           13.874
  Required (ns):          13.818
  Operating Conditions: slow_lv_ht

Path 41
  From: FIC_0_PERIPHERALS_0/security_core_0/hash_core/t_Z[4]:CLK
  To:   FIC_0_PERIPHERALS_0/security_core_0/hash_core/a[25]:D
  Delay (ns):              7.771
  Slack (ns):             -0.055
  Arrival (ns):           13.875
  Required (ns):          13.820
  Operating Conditions: slow_lv_ht

Path 42
  From: FIC_0_PERIPHERALS_0/security_core_0/hash_core/t_fast[1]:CLK
  To:   FIC_0_PERIPHERALS_0/security_core_0/hash_core/a[22]:D
  Delay (ns):              7.766
  Slack (ns):             -0.053
  Arrival (ns):           13.871
  Required (ns):          13.818
  Operating Conditions: slow_lv_ht

Path 43
  From: FIC_0_PERIPHERALS_0/security_core_0/hash_core/g[3]:CLK
  To:   FIC_0_PERIPHERALS_0/security_core_0/hash_core/a[29]:D
  Delay (ns):              7.790
  Slack (ns):             -0.046
  Arrival (ns):           13.866
  Required (ns):          13.820
  Operating Conditions: slow_lv_ht

Path 44
  From: FIC_0_PERIPHERALS_0/security_core_0/hash_core/t_fast[1]:CLK
  To:   FIC_0_PERIPHERALS_0/security_core_0/hash_core/a[23]:D
  Delay (ns):              7.758
  Slack (ns):             -0.045
  Arrival (ns):           13.863
  Required (ns):          13.818
  Operating Conditions: slow_lv_ht

Path 45
  From: FIC_0_PERIPHERALS_0/security_core_0/hash_core/g[3]:CLK
  To:   FIC_0_PERIPHERALS_0/security_core_0/hash_core/a[28]:D
  Delay (ns):              7.779
  Slack (ns):             -0.044
  Arrival (ns):           13.855
  Required (ns):          13.811
  Operating Conditions: slow_lv_ht

Path 46
  From: FIC_0_PERIPHERALS_0/security_core_0/hash_core/t_fast[2]:CLK
  To:   FIC_0_PERIPHERALS_0/security_core_0/hash_core/a[25]:D
  Delay (ns):              7.758
  Slack (ns):             -0.041
  Arrival (ns):           13.861
  Required (ns):          13.820
  Operating Conditions: slow_lv_ht

Path 47
  From: FIC_0_PERIPHERALS_0/security_core_0/hash_core/f[3]:CLK
  To:   FIC_0_PERIPHERALS_0/security_core_0/hash_core/a[31]:D
  Delay (ns):              7.775
  Slack (ns):             -0.040
  Arrival (ns):           13.851
  Required (ns):          13.811
  Operating Conditions: slow_lv_ht

Path 48
  From: FIC_0_PERIPHERALS_0/security_core_0/hash_core/t_Z[3]:CLK
  To:   FIC_0_PERIPHERALS_0/security_core_0/hash_core/a[26]:D
  Delay (ns):              7.753
  Slack (ns):             -0.036
  Arrival (ns):           13.856
  Required (ns):          13.820
  Operating Conditions: slow_lv_ht

Path 49
  From: FIC_0_PERIPHERALS_0/security_core_0/hash_core/e[8]:CLK
  To:   FIC_0_PERIPHERALS_0/security_core_0/hash_core/a[29]:D
  Delay (ns):              7.765
  Slack (ns):             -0.028
  Arrival (ns):           13.848
  Required (ns):          13.820
  Operating Conditions: slow_lv_ht

Path 50
  From: FIC_0_PERIPHERALS_0/security_core_0/hash_core/g[1]:CLK
  To:   FIC_0_PERIPHERALS_0/security_core_0/hash_core/a[31]:D
  Delay (ns):              7.751
  Slack (ns):             -0.027
  Arrival (ns):           13.838
  Required (ns):          13.811
  Operating Conditions: slow_lv_ht

Path 51
  From: FIC_0_PERIPHERALS_0/security_core_0/hash_core/t_Z[3]:CLK
  To:   FIC_0_PERIPHERALS_0/security_core_0/hash_core/a[20]:D
  Delay (ns):              7.752
  Slack (ns):             -0.026
  Arrival (ns):           13.855
  Required (ns):          13.829
  Operating Conditions: slow_lv_ht

Path 52
  From: FIC_0_PERIPHERALS_0/security_core_0/hash_core/f[1]:CLK
  To:   FIC_0_PERIPHERALS_0/security_core_0/hash_core/a[29]:D
  Delay (ns):              7.759
  Slack (ns):             -0.026
  Arrival (ns):           13.846
  Required (ns):          13.820
  Operating Conditions: slow_lv_ht

Path 53
  From: FIC_0_PERIPHERALS_0/security_core_0/hash_core/e[8]:CLK
  To:   FIC_0_PERIPHERALS_0/security_core_0/hash_core/a[28]:D
  Delay (ns):              7.754
  Slack (ns):             -0.026
  Arrival (ns):           13.837
  Required (ns):          13.811
  Operating Conditions: slow_lv_ht

Path 54
  From: FIC_0_PERIPHERALS_0/security_core_0/hash_core/f[1]:CLK
  To:   FIC_0_PERIPHERALS_0/security_core_0/hash_core/a[28]:D
  Delay (ns):              7.748
  Slack (ns):             -0.024
  Arrival (ns):           13.835
  Required (ns):          13.811
  Operating Conditions: slow_lv_ht

Path 55
  From: FIC_0_PERIPHERALS_0/security_core_0/hash_core/t_Z[3]:CLK
  To:   FIC_0_PERIPHERALS_0/security_core_0/hash_core/a[27]:D
  Delay (ns):              7.734
  Slack (ns):             -0.017
  Arrival (ns):           13.837
  Required (ns):          13.820
  Operating Conditions: slow_lv_ht

Path 56
  From: FIC_0_PERIPHERALS_0/security_core_0/hash_core/e[1]:CLK
  To:   FIC_0_PERIPHERALS_0/security_core_0/hash_core/a[29]:D
  Delay (ns):              7.750
  Slack (ns):             -0.017
  Arrival (ns):           13.837
  Required (ns):          13.820
  Operating Conditions: slow_lv_ht

Path 57
  From: FIC_0_PERIPHERALS_0/security_core_0/hash_core/e[1]:CLK
  To:   FIC_0_PERIPHERALS_0/security_core_0/hash_core/a[28]:D
  Delay (ns):              7.739
  Slack (ns):             -0.015
  Arrival (ns):           13.826
  Required (ns):          13.811
  Operating Conditions: slow_lv_ht

Path 58
  From: FIC_0_PERIPHERALS_0/security_core_0/hash_core/g[3]:CLK
  To:   FIC_0_PERIPHERALS_0/security_core_0/hash_core/a[30]:D
  Delay (ns):              7.741
  Slack (ns):             -0.006
  Arrival (ns):           13.817
  Required (ns):          13.811
  Operating Conditions: slow_lv_ht

Path 59
  From: FIC_0_PERIPHERALS_0/security_core_0/hash_core/t_Z[5]:CLK
  To:   FIC_0_PERIPHERALS_0/security_core_0/hash_core/a[24]:D
  Delay (ns):              7.720
  Slack (ns):             -0.002
  Arrival (ns):           13.823
  Required (ns):          13.821
  Operating Conditions: slow_lv_ht

Path 60
  From: FIC_0_PERIPHERALS_0/security_core_0/hash_core/t_fast[1]:CLK
  To:   FIC_0_PERIPHERALS_0/security_core_0/hash_core/a[24]:D
  Delay (ns):              7.707
  Slack (ns):              0.009
  Arrival (ns):           13.812
  Required (ns):          13.821
  Operating Conditions: slow_lv_ht

Path 61
  From: FIC_0_PERIPHERALS_0/security_core_0/hash_core/f[3]:CLK
  To:   FIC_0_PERIPHERALS_0/security_core_0/hash_core/a[29]:D
  Delay (ns):              7.735
  Slack (ns):              0.009
  Arrival (ns):           13.811
  Required (ns):          13.820
  Operating Conditions: slow_lv_ht

Path 62
  From: FIC_0_PERIPHERALS_0/security_core_0/hash_core/t_fast[2]:CLK
  To:   FIC_0_PERIPHERALS_0/security_core_0/hash_core/a[22]:D
  Delay (ns):              7.704
  Slack (ns):              0.011
  Arrival (ns):           13.807
  Required (ns):          13.818
  Operating Conditions: slow_lv_ht

Path 63
  From: FIC_0_PERIPHERALS_0/security_core_0/hash_core/f[3]:CLK
  To:   FIC_0_PERIPHERALS_0/security_core_0/hash_core/a[28]:D
  Delay (ns):              7.724
  Slack (ns):              0.011
  Arrival (ns):           13.800
  Required (ns):          13.811
  Operating Conditions: slow_lv_ht

Path 64
  From: FIC_0_PERIPHERALS_0/security_core_0/hash_core/e[8]:CLK
  To:   FIC_0_PERIPHERALS_0/security_core_0/hash_core/a[30]:D
  Delay (ns):              7.716
  Slack (ns):              0.012
  Arrival (ns):           13.799
  Required (ns):          13.811
  Operating Conditions: slow_lv_ht

Path 65
  From: FIC_0_PERIPHERALS_0/security_core_0/hash_core/f[1]:CLK
  To:   FIC_0_PERIPHERALS_0/security_core_0/hash_core/a[30]:D
  Delay (ns):              7.710
  Slack (ns):              0.014
  Arrival (ns):           13.797
  Required (ns):          13.811
  Operating Conditions: slow_lv_ht

Path 66
  From: FIC_0_PERIPHERALS_0/security_core_0/hash_core/e[3]:CLK
  To:   FIC_0_PERIPHERALS_0/security_core_0/hash_core/a[31]:D
  Delay (ns):              7.719
  Slack (ns):              0.015
  Arrival (ns):           13.796
  Required (ns):          13.811
  Operating Conditions: slow_lv_ht

Path 67
  From: FIC_0_PERIPHERALS_0/security_core_0/hash_core/t_Z[4]:CLK
  To:   FIC_0_PERIPHERALS_0/security_core_0/hash_core/a[22]:D
  Delay (ns):              7.696
  Slack (ns):              0.018
  Arrival (ns):           13.800
  Required (ns):          13.818
  Operating Conditions: slow_lv_ht

Path 68
  From: FIC_0_PERIPHERALS_0/security_core_0/hash_core/t_fast[2]:CLK
  To:   FIC_0_PERIPHERALS_0/security_core_0/hash_core/a[23]:D
  Delay (ns):              7.696
  Slack (ns):              0.019
  Arrival (ns):           13.799
  Required (ns):          13.818
  Operating Conditions: slow_lv_ht

Path 69
  From: FIC_0_PERIPHERALS_0/security_core_0/hash_core/g[1]:CLK
  To:   FIC_0_PERIPHERALS_0/security_core_0/hash_core/a[29]:D
  Delay (ns):              7.711
  Slack (ns):              0.022
  Arrival (ns):           13.798
  Required (ns):          13.820
  Operating Conditions: slow_lv_ht

Path 70
  From: FIC_0_PERIPHERALS_0/security_core_0/hash_core/e[1]:CLK
  To:   FIC_0_PERIPHERALS_0/security_core_0/hash_core/a[30]:D
  Delay (ns):              7.701
  Slack (ns):              0.023
  Arrival (ns):           13.788
  Required (ns):          13.811
  Operating Conditions: slow_lv_ht

Path 71
  From: FIC_0_PERIPHERALS_0/security_core_0/hash_core/g[1]:CLK
  To:   FIC_0_PERIPHERALS_0/security_core_0/hash_core/a[28]:D
  Delay (ns):              7.700
  Slack (ns):              0.024
  Arrival (ns):           13.787
  Required (ns):          13.811
  Operating Conditions: slow_lv_ht

Path 72
  From: FIC_0_PERIPHERALS_0/security_core_0/hash_core/t_Z[4]:CLK
  To:   FIC_0_PERIPHERALS_0/security_core_0/hash_core/a[23]:D
  Delay (ns):              7.688
  Slack (ns):              0.026
  Arrival (ns):           13.792
  Required (ns):          13.818
  Operating Conditions: slow_lv_ht

Path 73
  From: FIC_0_PERIPHERALS_0/security_core_0/hash_core/e[9]:CLK
  To:   FIC_0_PERIPHERALS_0/security_core_0/hash_core/a[31]:D
  Delay (ns):              7.695
  Slack (ns):              0.032
  Arrival (ns):           13.779
  Required (ns):          13.811
  Operating Conditions: slow_lv_ht

Path 74
  From: FIC_0_PERIPHERALS_0/security_core_0/hash_core/g[3]:CLK
  To:   FIC_0_PERIPHERALS_0/security_core_0/hash_core/a[26]:D
  Delay (ns):              7.709
  Slack (ns):              0.035
  Arrival (ns):           13.785
  Required (ns):          13.820
  Operating Conditions: slow_lv_ht

Path 75
  From: FIC_0_PERIPHERALS_0/security_core_0/hash_core/t_Z[5]:CLK
  To:   FIC_0_PERIPHERALS_0/security_core_0/hash_core/a[21]:D
  Delay (ns):              7.671
  Slack (ns):              0.044
  Arrival (ns):           13.774
  Required (ns):          13.818
  Operating Conditions: slow_lv_ht

Path 76
  From: FIC_0_PERIPHERALS_0/security_core_0/hash_core/f[3]:CLK
  To:   FIC_0_PERIPHERALS_0/security_core_0/hash_core/a[30]:D
  Delay (ns):              7.686
  Slack (ns):              0.049
  Arrival (ns):           13.762
  Required (ns):          13.811
  Operating Conditions: slow_lv_ht

Path 77
  From: FIC_0_PERIPHERALS_0/security_core_0/hash_core/t_Z[3]:CLK
  To:   FIC_0_PERIPHERALS_0/security_core_0/hash_core/a[25]:D
  Delay (ns):              7.665
  Slack (ns):              0.052
  Arrival (ns):           13.768
  Required (ns):          13.820
  Operating Conditions: slow_lv_ht

Path 78
  From: FIC_0_PERIPHERALS_0/security_core_0/hash_core/e[8]:CLK
  To:   FIC_0_PERIPHERALS_0/security_core_0/hash_core/a[26]:D
  Delay (ns):              7.684
  Slack (ns):              0.053
  Arrival (ns):           13.767
  Required (ns):          13.820
  Operating Conditions: slow_lv_ht

Path 79
  From: FIC_0_PERIPHERALS_0/security_core_0/hash_core/g[3]:CLK
  To:   FIC_0_PERIPHERALS_0/security_core_0/hash_core/a[27]:D
  Delay (ns):              7.690
  Slack (ns):              0.054
  Arrival (ns):           13.766
  Required (ns):          13.820
  Operating Conditions: slow_lv_ht

Path 80
  From: FIC_0_PERIPHERALS_0/security_core_0/hash_core/t_fast[1]:CLK
  To:   FIC_0_PERIPHERALS_0/security_core_0/hash_core/a[21]:D
  Delay (ns):              7.658
  Slack (ns):              0.055
  Arrival (ns):           13.763
  Required (ns):          13.818
  Operating Conditions: slow_lv_ht

Path 81
  From: FIC_0_PERIPHERALS_0/security_core_0/hash_core/f[1]:CLK
  To:   FIC_0_PERIPHERALS_0/security_core_0/hash_core/a[26]:D
  Delay (ns):              7.678
  Slack (ns):              0.055
  Arrival (ns):           13.765
  Required (ns):          13.820
  Operating Conditions: slow_lv_ht

Path 82
  From: FIC_0_PERIPHERALS_0/security_core_0/hash_core/g[1]:CLK
  To:   FIC_0_PERIPHERALS_0/security_core_0/hash_core/a[30]:D
  Delay (ns):              7.662
  Slack (ns):              0.062
  Arrival (ns):           13.749
  Required (ns):          13.811
  Operating Conditions: slow_lv_ht

Path 83
  From: FIC_0_PERIPHERALS_0/security_core_0/hash_core/t_Z[5]:CLK
  To:   FIC_0_PERIPHERALS_0/security_core_0/hash_core/a[19]:D
  Delay (ns):              7.651
  Slack (ns):              0.064
  Arrival (ns):           13.754
  Required (ns):          13.818
  Operating Conditions: slow_lv_ht

Path 84
  From: FIC_0_PERIPHERALS_0/security_core_0/hash_core/e[3]:CLK
  To:   FIC_0_PERIPHERALS_0/security_core_0/hash_core/a[29]:D
  Delay (ns):              7.679
  Slack (ns):              0.064
  Arrival (ns):           13.756
  Required (ns):          13.820
  Operating Conditions: slow_lv_ht

Path 85
  From: FIC_0_PERIPHERALS_0/security_core_0/hash_core/e[1]:CLK
  To:   FIC_0_PERIPHERALS_0/security_core_0/hash_core/a[26]:D
  Delay (ns):              7.669
  Slack (ns):              0.064
  Arrival (ns):           13.756
  Required (ns):          13.820
  Operating Conditions: slow_lv_ht

Path 86
  From: FIC_0_PERIPHERALS_0/security_core_0/hash_core/t_Z[3]:CLK
  To:   FIC_0_PERIPHERALS_0/security_core_0/hash_core/a[22]:D
  Delay (ns):              7.650
  Slack (ns):              0.065
  Arrival (ns):           13.753
  Required (ns):          13.818
  Operating Conditions: slow_lv_ht

Path 87
  From: FIC_0_PERIPHERALS_0/security_core_0/hash_core/f[1]:CLK
  To:   FIC_0_PERIPHERALS_0/security_core_0/hash_core/a[20]:D
  Delay (ns):              7.676
  Slack (ns):              0.066
  Arrival (ns):           13.763
  Required (ns):          13.829
  Operating Conditions: slow_lv_ht

Path 88
  From: FIC_0_PERIPHERALS_0/security_core_0/hash_core/e[3]:CLK
  To:   FIC_0_PERIPHERALS_0/security_core_0/hash_core/a[28]:D
  Delay (ns):              7.668
  Slack (ns):              0.066
  Arrival (ns):           13.745
  Required (ns):          13.811
  Operating Conditions: slow_lv_ht

Path 89
  From: FIC_0_PERIPHERALS_0/security_core_0/hash_core/g[3]:CLK
  To:   FIC_0_PERIPHERALS_0/security_core_0/hash_core/a[20]:D
  Delay (ns):              7.681
  Slack (ns):              0.072
  Arrival (ns):           13.757
  Required (ns):          13.829
  Operating Conditions: slow_lv_ht

Path 90
  From: FIC_0_PERIPHERALS_0/security_core_0/hash_core/e[8]:CLK
  To:   FIC_0_PERIPHERALS_0/security_core_0/hash_core/a[27]:D
  Delay (ns):              7.665
  Slack (ns):              0.072
  Arrival (ns):           13.748
  Required (ns):          13.820
  Operating Conditions: slow_lv_ht

Path 91
  From: FIC_0_PERIPHERALS_0/security_core_0/hash_core/t_fast[2]:CLK
  To:   FIC_0_PERIPHERALS_0/security_core_0/hash_core/a[24]:D
  Delay (ns):              7.645
  Slack (ns):              0.073
  Arrival (ns):           13.748
  Required (ns):          13.821
  Operating Conditions: slow_lv_ht

Path 92
  From: FIC_0_PERIPHERALS_0/security_core_0/hash_core/t_Z[3]:CLK
  To:   FIC_0_PERIPHERALS_0/security_core_0/hash_core/a[23]:D
  Delay (ns):              7.642
  Slack (ns):              0.073
  Arrival (ns):           13.745
  Required (ns):          13.818
  Operating Conditions: slow_lv_ht

Path 93
  From: FIC_0_PERIPHERALS_0/security_core_0/hash_core/f[1]:CLK
  To:   FIC_0_PERIPHERALS_0/security_core_0/hash_core/a[27]:D
  Delay (ns):              7.659
  Slack (ns):              0.074
  Arrival (ns):           13.746
  Required (ns):          13.820
  Operating Conditions: slow_lv_ht

Path 94
  From: FIC_0_PERIPHERALS_0/security_core_0/hash_core/t_fast[1]:CLK
  To:   FIC_0_PERIPHERALS_0/security_core_0/hash_core/a[19]:D
  Delay (ns):              7.638
  Slack (ns):              0.075
  Arrival (ns):           13.743
  Required (ns):          13.818
  Operating Conditions: slow_lv_ht

Path 95
  From: FIC_0_PERIPHERALS_0/security_core_0/hash_core/e[1]:CLK
  To:   FIC_0_PERIPHERALS_0/security_core_0/hash_core/a[20]:D
  Delay (ns):              7.667
  Slack (ns):              0.075
  Arrival (ns):           13.754
  Required (ns):          13.829
  Operating Conditions: slow_lv_ht

Path 96
  From: FIC_0_PERIPHERALS_0/security_core_0/hash_core/t_Z[4]:CLK
  To:   FIC_0_PERIPHERALS_0/security_core_0/hash_core/a[24]:D
  Delay (ns):              7.637
  Slack (ns):              0.080
  Arrival (ns):           13.741
  Required (ns):          13.821
  Operating Conditions: slow_lv_ht

Path 97
  From: FIC_0_PERIPHERALS_0/security_core_0/hash_core/e[9]:CLK
  To:   FIC_0_PERIPHERALS_0/security_core_0/hash_core/a[29]:D
  Delay (ns):              7.655
  Slack (ns):              0.081
  Arrival (ns):           13.739
  Required (ns):          13.820
  Operating Conditions: slow_lv_ht

Path 98
  From: FIC_0_PERIPHERALS_0/security_core_0/hash_core/f[8]:CLK
  To:   FIC_0_PERIPHERALS_0/security_core_0/hash_core/a[31]:D
  Delay (ns):              7.646
  Slack (ns):              0.082
  Arrival (ns):           13.729
  Required (ns):          13.811
  Operating Conditions: slow_lv_ht

Path 99
  From: FIC_0_PERIPHERALS_0/security_core_0/hash_core/e[9]:CLK
  To:   FIC_0_PERIPHERALS_0/security_core_0/hash_core/a[28]:D
  Delay (ns):              7.644
  Slack (ns):              0.083
  Arrival (ns):           13.728
  Required (ns):          13.811
  Operating Conditions: slow_lv_ht

Path 100
  From: FIC_0_PERIPHERALS_0/security_core_0/hash_core/e[1]:CLK
  To:   FIC_0_PERIPHERALS_0/security_core_0/hash_core/a[27]:D
  Delay (ns):              7.650
  Slack (ns):              0.083
  Arrival (ns):           13.737
  Required (ns):          13.820
  Operating Conditions: slow_lv_ht

