Timing Violation Report Min Delay Analysis

SmartTime Version 2025.2
Microchip Technology Inc. - Microchip Libero Software Release 2025.2 (Version 2025.2.0.14)
Date: Mon Mar 23 10:50:25 2026


Design: MPFS_DISCOVERY_KIT
Family: PolarFireSoC
Die: MPFS095T
Package: FCSG325
Temperature Range: 0 - 100 C
Voltage Range: 0.97 - 1.03 V
Speed Grade: -1
Design State: Post-Layout
Data source: Production
Multi Corner Report Operating Conditions: slow_lv_lt,fast_hv_lt,slow_lv_ht


Path 1
  From: FIC_0_PERIPHERALS_0/security_core_0/sbox/y_hi_r3[1][1]:CLK
  To:   FIC_0_PERIPHERALS_0/security_core_0/sbox/y_hi_r4[1][1]:D
  Delay (ns):              0.296
  Slack (ns):              0.041
  Arrival (ns):            5.536
  Required (ns):           5.495
  Operating Conditions: slow_lv_lt

Path 2
  From: FIC_0_PERIPHERALS_0/FIC0_INITIATOR_inst_0/FIC0_INITIATOR_0/SlvConvertor_loop[0].slvcnv/slvdwc/genblk1.DownConverter_inst/readWidthConv/genblk1.widthConvrd/MASTER_RDATA[55]:CLK
  To:   FIC_0_PERIPHERALS_0/FIC0_INITIATOR_inst_0/FIC0_INITIATOR_0/SlvConvertor_loop[0].slvcnv/rgsl/genblk3.rrs/holdDat[59]:D
  Delay (ns):              0.310
  Slack (ns):              0.043
  Arrival (ns):            5.772
  Required (ns):           5.729
  Operating Conditions: slow_lv_ht

Path 3
  From: FIC_0_PERIPHERALS_0/FIC0_INITIATOR_inst_0/FIC0_INITIATOR_0/SlvConvertor_loop[0].slvcnv/slvdwc/genblk1.DownConverter_inst/readWidthConv/genblk1.widthConvrd/MASTER_RDATA[48]:CLK
  To:   FIC_0_PERIPHERALS_0/FIC0_INITIATOR_inst_0/FIC0_INITIATOR_0/SlvConvertor_loop[0].slvcnv/rgsl/genblk3.rrs/holdDat[52]:D
  Delay (ns):              0.302
  Slack (ns):              0.044
  Arrival (ns):            5.544
  Required (ns):           5.500
  Operating Conditions: slow_lv_lt

Path 4
  From: FIC_0_PERIPHERALS_0/FIC0_INITIATOR_inst_0/FIC0_INITIATOR_0/MstConvertor_loop[0].mstrconv/rgsl/genblk2.arrs/sDat[69]:CLK
  To:   FIC_0_PERIPHERALS_0/FIC0_INITIATOR_inst_0/FIC0_INITIATOR_0/axicb/cb.arcon/mstctrlBlk[0].mstctrl/trnscon/genblk3[1].openTransVec[1][6]:D
  Delay (ns):              0.300
  Slack (ns):              0.046
  Arrival (ns):            5.759
  Required (ns):           5.713
  Operating Conditions: slow_lv_ht

Path 5
  From: FIC_0_PERIPHERALS_0/FIC0_INITIATOR_inst_0/FIC0_INITIATOR_0/SlvConvertor_loop[2].slvcnv/slvdwc/genblk1.DownConverter_inst/readWidthConv/DWC_DownConv_preCalcCmdFifoWrCtrl_inst/length_comb_pre_Z[3]:CLK
  To:   FIC_0_PERIPHERALS_0/FIC0_INITIATOR_inst_0/FIC0_INITIATOR_0/SlvConvertor_loop[2].slvcnv/slvdwc/genblk1.DownConverter_inst/readWidthConv/rdCmdFifoWriteCtrl/length[3]:D
  Delay (ns):              0.309
  Slack (ns):              0.052
  Arrival (ns):            5.555
  Required (ns):           5.503
  Operating Conditions: slow_lv_lt

Path 6
  From: FIC_0_PERIPHERALS_0/FIC0_INITIATOR_inst_0/FIC0_INITIATOR_0/SlvConvertor_loop[0].slvcnv/slvdwc/genblk1.DownConverter_inst/readWidthConv/genblk1.widthConvrd/MASTER_RDATA[53]:CLK
  To:   FIC_0_PERIPHERALS_0/FIC0_INITIATOR_inst_0/FIC0_INITIATOR_0/SlvConvertor_loop[0].slvcnv/rgsl/genblk3.rrs/holdDat[57]:D
  Delay (ns):              0.313
  Slack (ns):              0.055
  Arrival (ns):            5.552
  Required (ns):           5.497
  Operating Conditions: slow_lv_lt

Path 7
  From: FIC_0_PERIPHERALS_0/FIC0_INITIATOR_inst_0/FIC0_INITIATOR_0/SlvConvertor_loop[0].slvcnv/slvdwc/genblk1.DownConverter_inst/readWidthConv/genblk1.widthConvrd/MASTER_RDATA[21]:CLK
  To:   FIC_0_PERIPHERALS_0/FIC0_INITIATOR_inst_0/FIC0_INITIATOR_0/SlvConvertor_loop[0].slvcnv/rgsl/genblk3.rrs/holdDat[25]:D
  Delay (ns):              0.315
  Slack (ns):              0.057
  Arrival (ns):            5.554
  Required (ns):           5.497
  Operating Conditions: slow_lv_lt

Path 8
  From: FIC_0_PERIPHERALS_0/FIC0_INITIATOR_inst_0/FIC0_INITIATOR_0/SlvConvertor_loop[0].slvcnv/slvdwc/genblk1.DownConverter_inst/readWidthConv/genblk1.widthConvrd/MASTER_RDATA[52]:CLK
  To:   FIC_0_PERIPHERALS_0/FIC0_INITIATOR_inst_0/FIC0_INITIATOR_0/SlvConvertor_loop[0].slvcnv/rgsl/genblk3.rrs/holdDat[56]:D
  Delay (ns):              0.319
  Slack (ns):              0.061
  Arrival (ns):            5.561
  Required (ns):           5.500
  Operating Conditions: slow_lv_lt

Path 9
  From: FIC_0_PERIPHERALS_0/FIC0_INITIATOR_inst_0/FIC0_INITIATOR_0/SlvConvertor_loop[0].slvcnv/rgsl/genblk4.wrs/sDat[44]:CLK
  To:   FIC_0_PERIPHERALS_0/FIC0_INITIATOR_inst_0/FIC0_INITIATOR_0/SlvConvertor_loop[0].slvcnv/slvdwc/genblk1.DownConverter_inst/writeWidthConv/widthConvwr/MASTER_WDATA_reg[34]:D
  Delay (ns):              0.310
  Slack (ns):              0.064
  Arrival (ns):            5.561
  Required (ns):           5.497
  Operating Conditions: slow_lv_lt

Path 10
  From: FIC_0_PERIPHERALS_0/FIC0_INITIATOR_inst_0/FIC0_INITIATOR_0/SlvConvertor_loop[2].slvcnv/slvdwc/genblk1.DownConverter_inst/readWidthConv/DWC_DownConv_preCalcCmdFifoWrCtrl_inst/ASIZE_pre_Z[0]:CLK
  To:   FIC_0_PERIPHERALS_0/FIC0_INITIATOR_inst_0/FIC0_INITIATOR_0/SlvConvertor_loop[2].slvcnv/slvdwc/genblk1.DownConverter_inst/readWidthConv/rdCmdFifoWriteCtrl/ASIZE_reg[0]:D
  Delay (ns):              0.314
  Slack (ns):              0.065
  Arrival (ns):            5.562
  Required (ns):           5.497
  Operating Conditions: slow_lv_lt

Path 11
  From: FIC_0_PERIPHERALS_0/security_core_0/sbox/y_lo_r2[1][1]:CLK
  To:   FIC_0_PERIPHERALS_0/security_core_0/sbox/y_lo_r3[1][1]:D
  Delay (ns):              0.144
  Slack (ns):              0.066
  Arrival (ns):            3.810
  Required (ns):           3.744
  Operating Conditions: fast_hv_lt

Path 12
  From: FIC_0_PERIPHERALS_0/security_core_0/rng/neoTRNG_0/entropy_cell_gen.0.neoTRNG_cell_inst/sync[0]:CLK
  To:   FIC_0_PERIPHERALS_0/security_core_0/rng/neoTRNG_0/entropy_cell_gen.0.neoTRNG_cell_inst/sync[1]:D
  Delay (ns):              0.276
  Slack (ns):              0.066
  Arrival (ns):            5.542
  Required (ns):           5.476
  Operating Conditions: slow_lv_lt

Path 13
  From: FIC_0_PERIPHERALS_0/DMA_CONTROLLER_inst_0/DMA_CONTROLLER_0/U_AXI4INITIATORDMACtrl/ARADDRReg[9]:CLK
  To:   FIC_0_PERIPHERALS_0/DMA_INITIATOR_inst_0/DMA_INITIATOR_0/MstConvertor_loop[0].mstrconv/mstrDWC/genblk1.MstUpConv/DWC_UpConv_preCalcAChannel_ar_inst/MASTER_AADDR_out[9]:D
  Delay (ns):              0.144
  Slack (ns):              0.066
  Arrival (ns):            3.798
  Required (ns):           3.732
  Operating Conditions: fast_hv_lt

Path 14
  From: FIC_3_PERIPHERALS_0/SPI_FOR_7_SEG_0/SPI_FOR_7_SEG_0/USPI/UCC/SYNC1_msrxp_strobe:CLK
  To:   FIC_3_PERIPHERALS_0/SPI_FOR_7_SEG_0/SPI_FOR_7_SEG_0/USPI/UCC/SYNC2_msrxp_strobe:D
  Delay (ns):              0.144
  Slack (ns):              0.067
  Arrival (ns):            4.205
  Required (ns):           4.138
  Operating Conditions: fast_hv_lt

Path 15
  From: FIC_0_PERIPHERALS_0/security_core_0/sbox/y_hi_r2[0][0]:CLK
  To:   FIC_0_PERIPHERALS_0/security_core_0/sbox/y_hi_r3[0][0]:D
  Delay (ns):              0.144
  Slack (ns):              0.067
  Arrival (ns):            3.806
  Required (ns):           3.739
  Operating Conditions: fast_hv_lt

Path 16
  From: FIC_0_PERIPHERALS_0/security_core_0/sbox/y_lo_r2[1][2]:CLK
  To:   FIC_0_PERIPHERALS_0/security_core_0/sbox/y_lo_r3[1][2]:D
  Delay (ns):              0.217
  Slack (ns):              0.069
  Arrival (ns):            5.484
  Required (ns):           5.415
  Operating Conditions: slow_lv_lt

Path 17
  From: FIC_0_PERIPHERALS_0/security_core_0/hash_block_3[7]:CLK
  To:   FIC_0_PERIPHERALS_0/security_core_0/hash_block_4[7]:D
  Delay (ns):              0.146
  Slack (ns):              0.069
  Arrival (ns):            3.804
  Required (ns):           3.735
  Operating Conditions: fast_hv_lt

Path 18
  From: FIC_0_PERIPHERALS_0/security_core_0/hash_block_14[23]:CLK
  To:   FIC_0_PERIPHERALS_0/security_core_0/hash_block_15[23]:D
  Delay (ns):              0.146
  Slack (ns):              0.069
  Arrival (ns):            3.801
  Required (ns):           3.732
  Operating Conditions: fast_hv_lt

Path 19
  From: FIC_0_PERIPHERALS_0/FIC0_INITIATOR_inst_0/FIC0_INITIATOR_0/MstConvertor_loop[0].mstrconv/rgsl/genblk2.arrs/sDat[71]:CLK
  To:   FIC_0_PERIPHERALS_0/FIC0_INITIATOR_inst_0/FIC0_INITIATOR_0/axicb/cb.arcon/mstctrlBlk[0].mstctrl/trnscon/genblk3[1].openTransVec[1][8]:D
  Delay (ns):              0.318
  Slack (ns):              0.069
  Arrival (ns):            5.555
  Required (ns):           5.486
  Operating Conditions: slow_lv_lt

Path 20
  From: FIC_0_PERIPHERALS_0/security_core_0/sbox/y_hi_r3[1][2]:CLK
  To:   FIC_0_PERIPHERALS_0/security_core_0/sbox/y_hi_r4[1][2]:D
  Delay (ns):              0.147
  Slack (ns):              0.070
  Arrival (ns):            3.811
  Required (ns):           3.741
  Operating Conditions: fast_hv_lt

Path 21
  From: FIC_0_PERIPHERALS_0/security_core_0/rng/neoTRNG_0/entropy_cell_gen.1.neoTRNG_cell_inst/sreg_0[0]:CLK
  To:   FIC_0_PERIPHERALS_0/security_core_0/rng/neoTRNG_0/entropy_cell_gen.1.neoTRNG_cell_inst/sreg_1[0]:D
  Delay (ns):              0.147
  Slack (ns):              0.070
  Arrival (ns):            3.828
  Required (ns):           3.758
  Operating Conditions: fast_hv_lt

Path 22
  From: FIC_0_PERIPHERALS_0/security_core_0/hash_block_6[1]:CLK
  To:   FIC_0_PERIPHERALS_0/security_core_0/hash_block_7[1]:D
  Delay (ns):              0.148
  Slack (ns):              0.070
  Arrival (ns):            3.829
  Required (ns):           3.759
  Operating Conditions: fast_hv_lt

Path 23
  From: FIC_0_PERIPHERALS_0/FIC0_INITIATOR_inst_0/FIC0_INITIATOR_0/SlvConvertor_loop[0].slvcnv/slvdwc/genblk1.DownConverter_inst/readWidthConv/DWC_DownConv_preCalcCmdFifoWrCtrl_inst/MASTER_AID_out[4]:CLK
  To:   FIC_0_PERIPHERALS_0/FIC0_INITIATOR_inst_0/FIC0_INITIATOR_0/SlvConvertor_loop[0].slvcnv/slvdwc/genblk1.DownConverter_inst/readWidthConv/rdCmdFifoWriteCtrl/MASTER_AID_reg[4]:D
  Delay (ns):              0.147
  Slack (ns):              0.070
  Arrival (ns):            3.819
  Required (ns):           3.749
  Operating Conditions: fast_hv_lt

Path 24
  From: FIC_3_PERIPHERALS_0/PWM/corepwm_C0_0/genblk3.corepwm_reg_if/psh_prescale_reg[22]:CLK
  To:   FIC_3_PERIPHERALS_0/PWM/corepwm_C0_0/genblk3.corepwm_reg_if/prescale_reg_Z[22]:D
  Delay (ns):              0.145
  Slack (ns):              0.071
  Arrival (ns):            4.194
  Required (ns):           4.123
  Operating Conditions: fast_hv_lt

Path 25
  From: FIC_0_PERIPHERALS_0/security_core_0/rng/trng_acc_0/seed_o_6[7]:CLK
  To:   FIC_0_PERIPHERALS_0/security_core_0/rng/trng_acc_0/seed_o_7[7]:D
  Delay (ns):              0.148
  Slack (ns):              0.071
  Arrival (ns):            3.807
  Required (ns):           3.736
  Operating Conditions: fast_hv_lt

Path 26
  From: FIC_0_PERIPHERALS_0/security_core_0/rng/trng_acc_0/seed_o_2[1]:CLK
  To:   FIC_0_PERIPHERALS_0/security_core_0/rng/trng_acc_0/seed_o_3[1]:D
  Delay (ns):              0.148
  Slack (ns):              0.071
  Arrival (ns):            3.807
  Required (ns):           3.736
  Operating Conditions: fast_hv_lt

Path 27
  From: FIC_0_PERIPHERALS_0/security_core_0/hash_block_9[29]:CLK
  To:   FIC_0_PERIPHERALS_0/security_core_0/hash_block_10[29]:D
  Delay (ns):              0.148
  Slack (ns):              0.071
  Arrival (ns):            3.826
  Required (ns):           3.755
  Operating Conditions: fast_hv_lt

Path 28
  From: FIC_0_PERIPHERALS_0/security_core_0/hash_block_8[18]:CLK
  To:   FIC_0_PERIPHERALS_0/security_core_0/hash_block_9[18]:D
  Delay (ns):              0.148
  Slack (ns):              0.071
  Arrival (ns):            3.812
  Required (ns):           3.741
  Operating Conditions: fast_hv_lt

Path 29
  From: FIC_0_PERIPHERALS_0/security_core_0/hash_block_2[15]:CLK
  To:   FIC_0_PERIPHERALS_0/security_core_0/hash_block_3[15]:D
  Delay (ns):              0.148
  Slack (ns):              0.071
  Arrival (ns):            3.805
  Required (ns):           3.734
  Operating Conditions: fast_hv_lt

Path 30
  From: FIC_0_PERIPHERALS_0/security_core_0/sbox/y_lo_r3[1][3]:CLK
  To:   FIC_0_PERIPHERALS_0/security_core_0/sbox/y_lo_r4[1][3]:D
  Delay (ns):              0.221
  Slack (ns):              0.072
  Arrival (ns):            5.484
  Required (ns):           5.412
  Operating Conditions: slow_lv_lt

Path 31
  From: FIC_0_PERIPHERALS_0/security_core_0/sbox/y_lo_r2[0][0]:CLK
  To:   FIC_0_PERIPHERALS_0/security_core_0/sbox/y_lo_r3[0][0]:D
  Delay (ns):              0.149
  Slack (ns):              0.072
  Arrival (ns):            3.793
  Required (ns):           3.721
  Operating Conditions: fast_hv_lt

Path 32
  From: FIC_0_PERIPHERALS_0/security_core_0/sbox/y_hi_r0[2][3]:CLK
  To:   FIC_0_PERIPHERALS_0/security_core_0/sbox/y_hi_r1[2][3]:D
  Delay (ns):              0.221
  Slack (ns):              0.072
  Arrival (ns):            5.458
  Required (ns):           5.386
  Operating Conditions: slow_lv_lt

Path 33
  From: FIC_0_PERIPHERALS_0/security_core_0/hash_block_5[8]:CLK
  To:   FIC_0_PERIPHERALS_0/security_core_0/hash_core/buffer[168]:D
  Delay (ns):              0.149
  Slack (ns):              0.072
  Arrival (ns):            3.811
  Required (ns):           3.739
  Operating Conditions: fast_hv_lt

Path 34
  From: FIC_0_PERIPHERALS_0/security_core_0/hash_block_13[4]:CLK
  To:   FIC_0_PERIPHERALS_0/security_core_0/hash_block_14[4]:D
  Delay (ns):              0.149
  Slack (ns):              0.072
  Arrival (ns):            3.811
  Required (ns):           3.739
  Operating Conditions: fast_hv_lt

Path 35
  From: FIC_0_PERIPHERALS_0/security_core_0/hash_block_11[10]:CLK
  To:   FIC_0_PERIPHERALS_0/security_core_0/hash_block_12[10]:D
  Delay (ns):              0.148
  Slack (ns):              0.072
  Arrival (ns):            3.805
  Required (ns):           3.733
  Operating Conditions: fast_hv_lt

Path 36
  From: FIC_0_PERIPHERALS_0/security_core_0/hash_block_10[2]:CLK
  To:   FIC_0_PERIPHERALS_0/security_core_0/hash_block_11[2]:D
  Delay (ns):              0.221
  Slack (ns):              0.072
  Arrival (ns):            5.493
  Required (ns):           5.421
  Operating Conditions: slow_lv_lt

Path 37
  From: FIC_3_PERIPHERALS_0/PWM/corepwm_C0_0/genblk3.corepwm_reg_if/psh_period_reg[14]:CLK
  To:   FIC_3_PERIPHERALS_0/PWM/corepwm_C0_0/genblk3.corepwm_reg_if/period_reg_Z[14]:D
  Delay (ns):              0.222
  Slack (ns):              0.073
  Arrival (ns):            6.077
  Required (ns):           6.004
  Operating Conditions: slow_lv_lt

Path 38
  From: FIC_0_PERIPHERALS_0/security_core_0/hash_block_7[4]:CLK
  To:   FIC_0_PERIPHERALS_0/security_core_0/hash_block_8[4]:D
  Delay (ns):              0.150
  Slack (ns):              0.073
  Arrival (ns):            3.812
  Required (ns):           3.739
  Operating Conditions: fast_hv_lt

Path 39
  From: FIC_0_PERIPHERALS_0/DMA_INITIATOR_inst_0/DMA_INITIATOR_0/SlvConvertor_loop[0].slvcnv/rgsl/genblk3.rrs/sDat[58]:CLK
  To:   FIC_0_PERIPHERALS_0/DMA_INITIATOR_inst_0/DMA_INITIATOR_0/MstConvertor_loop[0].mstrconv/rgsl/genblk3.rrs/holdDat[58]:D
  Delay (ns):              0.150
  Slack (ns):              0.073
  Arrival (ns):            3.819
  Required (ns):           3.746
  Operating Conditions: fast_hv_lt

Path 40
  From: FIC_0_PERIPHERALS_0/DMA_INITIATOR_inst_0/DMA_INITIATOR_0/MstConvertor_loop[0].mstrconv/mstrDWC/genblk1.MstUpConv/DWC_UpConv_preCalcAChannel_aw_inst/MASTER_AADDR_out[12]:CLK
  To:   FIC_0_PERIPHERALS_0/DMA_INITIATOR_inst_0/DMA_INITIATOR_0/MstConvertor_loop[0].mstrconv/mstrDWC/genblk1.MstUpConv/DWC_AWChan/SLAVE_AADDR[12]:D
  Delay (ns):              0.222
  Slack (ns):              0.073
  Arrival (ns):            5.468
  Required (ns):           5.395
  Operating Conditions: slow_lv_lt

Path 41
  From: FIC_0_PERIPHERALS_0/security_core_0/sbox/y_lo_r2[2][3]:CLK
  To:   FIC_0_PERIPHERALS_0/security_core_0/sbox/y_lo_r3[2][3]:D
  Delay (ns):              0.148
  Slack (ns):              0.074
  Arrival (ns):            3.784
  Required (ns):           3.710
  Operating Conditions: fast_hv_lt

Path 42
  From: FIC_0_PERIPHERALS_0/security_core_0/hash_block_7[1]:CLK
  To:   FIC_0_PERIPHERALS_0/security_core_0/hash_core/buffer[225]:D
  Delay (ns):              0.151
  Slack (ns):              0.074
  Arrival (ns):            3.833
  Required (ns):           3.759
  Operating Conditions: fast_hv_lt

Path 43
  From: FIC_0_PERIPHERALS_0/security_core_0/hash_block_5[1]:CLK
  To:   FIC_0_PERIPHERALS_0/security_core_0/hash_block_6[1]:D
  Delay (ns):              0.151
  Slack (ns):              0.074
  Arrival (ns):            3.833
  Required (ns):           3.759
  Operating Conditions: fast_hv_lt

Path 44
  From: FIC_0_PERIPHERALS_0/security_core_0/hash_block_3[25]:CLK
  To:   FIC_0_PERIPHERALS_0/security_core_0/hash_block_4[25]:D
  Delay (ns):              0.151
  Slack (ns):              0.074
  Arrival (ns):            3.818
  Required (ns):           3.744
  Operating Conditions: fast_hv_lt

Path 45
  From: FIC_0_PERIPHERALS_0/security_core_0/hash_block_3[1]:CLK
  To:   FIC_0_PERIPHERALS_0/security_core_0/hash_block_4[1]:D
  Delay (ns):              0.151
  Slack (ns):              0.074
  Arrival (ns):            3.833
  Required (ns):           3.759
  Operating Conditions: fast_hv_lt

Path 46
  From: FIC_0_PERIPHERALS_0/security_core_0/hash_block_3[15]:CLK
  To:   FIC_0_PERIPHERALS_0/security_core_0/hash_block_4[15]:D
  Delay (ns):              0.151
  Slack (ns):              0.074
  Arrival (ns):            3.808
  Required (ns):           3.734
  Operating Conditions: fast_hv_lt

Path 47
  From: FIC_0_PERIPHERALS_0/security_core_0/hash_block_12[18]:CLK
  To:   FIC_0_PERIPHERALS_0/security_core_0/hash_block_13[18]:D
  Delay (ns):              0.151
  Slack (ns):              0.074
  Arrival (ns):            3.815
  Required (ns):           3.741
  Operating Conditions: fast_hv_lt

Path 48
  From: FIC_3_PERIPHERALS_0/SPI_FOR_7_SEG_0/SPI_FOR_7_SEG_0/USPI/UCC/mtx_re_q1:CLK
  To:   FIC_3_PERIPHERALS_0/SPI_FOR_7_SEG_0/SPI_FOR_7_SEG_0/USPI/UCC/mtx_re_q2:D
  Delay (ns):              0.151
  Slack (ns):              0.075
  Arrival (ns):            4.211
  Required (ns):           4.136
  Operating Conditions: fast_hv_lt

Path 49
  From: FIC_0_PERIPHERALS_0/security_core_0/sbox/y_lo_r2[0][1]:CLK
  To:   FIC_0_PERIPHERALS_0/security_core_0/sbox/y_lo_r3[0][1]:D
  Delay (ns):              0.149
  Slack (ns):              0.075
  Arrival (ns):            3.780
  Required (ns):           3.705
  Operating Conditions: fast_hv_lt

Path 50
  From: FIC_0_PERIPHERALS_0/security_core_0/rng/trng_acc_0/seed_o_5[0]:CLK
  To:   FIC_0_PERIPHERALS_0/security_core_0/rng/trng_acc_0/seed_o_6[0]:D
  Delay (ns):              0.149
  Slack (ns):              0.075
  Arrival (ns):            3.793
  Required (ns):           3.718
  Operating Conditions: fast_hv_lt

Path 51
  From: FIC_0_PERIPHERALS_0/security_core_0/rng/neoTRNG_0/entropy_cell_gen.1.neoTRNG_cell_inst/sync[0]:CLK
  To:   FIC_0_PERIPHERALS_0/security_core_0/rng/neoTRNG_0/entropy_cell_gen.1.neoTRNG_cell_inst/sync[1]:D
  Delay (ns):              0.285
  Slack (ns):              0.075
  Arrival (ns):            5.551
  Required (ns):           5.476
  Operating Conditions: slow_lv_lt

Path 52
  From: FIC_0_PERIPHERALS_0/security_core_0/rng/neoTRNG_0/entropy_cell_gen.0.neoTRNG_cell_inst/sreg_3[0]:CLK
  To:   FIC_0_PERIPHERALS_0/security_core_0/rng/neoTRNG_0/entropy_cell_gen.0.neoTRNG_cell_inst/sreg_4[0]:D
  Delay (ns):              0.152
  Slack (ns):              0.075
  Arrival (ns):            3.833
  Required (ns):           3.758
  Operating Conditions: fast_hv_lt

Path 53
  From: FIC_0_PERIPHERALS_0/security_core_0/hash_block_8[23]:CLK
  To:   FIC_0_PERIPHERALS_0/security_core_0/hash_block_9[23]:D
  Delay (ns):              0.152
  Slack (ns):              0.075
  Arrival (ns):            3.807
  Required (ns):           3.732
  Operating Conditions: fast_hv_lt

Path 54
  From: FIC_0_PERIPHERALS_0/security_core_0/hash_block_13[20]:CLK
  To:   FIC_0_PERIPHERALS_0/security_core_0/hash_block_14[20]:D
  Delay (ns):              0.153
  Slack (ns):              0.075
  Arrival (ns):            3.813
  Required (ns):           3.738
  Operating Conditions: fast_hv_lt

Path 55
  From: FIC_0_PERIPHERALS_0/security_core_0/hash_block_10[17]:CLK
  To:   FIC_0_PERIPHERALS_0/security_core_0/hash_block_11[17]:D
  Delay (ns):              0.152
  Slack (ns):              0.075
  Arrival (ns):            3.812
  Required (ns):           3.737
  Operating Conditions: fast_hv_lt

Path 56
  From: FIC_0_PERIPHERALS_0/FIC0_INITIATOR_inst_0/FIC0_INITIATOR_0/SlvConvertor_loop[2].slvcnv/slvdwc/genblk1.DownConverter_inst/writeWidthConv/caxi4interconnect_DWC_DownConv_Hold_Reg_Wr/DWC_DownConv_hold_data_out[0]:CLK
  To:   FIC_0_PERIPHERALS_0/FIC0_INITIATOR_inst_0/FIC0_INITIATOR_0/SlvConvertor_loop[2].slvcnv/slvdwc/genblk1.DownConverter_inst/writeWidthConv/widthConvwr/lastTx_reg:D
  Delay (ns):              0.149
  Slack (ns):              0.075
  Arrival (ns):            3.800
  Required (ns):           3.725
  Operating Conditions: fast_hv_lt

Path 57
  From: FIC_0_PERIPHERALS_0/FIC0_INITIATOR_inst_0/FIC0_INITIATOR_0/SlvConvertor_loop[2].slvcnv/slvdwc/genblk1.DownConverter_inst/readWidthConv/DWC_DownConv_preCalcCmdFifoWrCtrl_inst/MASTER_AID_out[4]:CLK
  To:   FIC_0_PERIPHERALS_0/FIC0_INITIATOR_inst_0/FIC0_INITIATOR_0/SlvConvertor_loop[2].slvcnv/slvdwc/genblk1.DownConverter_inst/readWidthConv/rdCmdFifoWriteCtrl/MASTER_AID_reg[4]:D
  Delay (ns):              0.152
  Slack (ns):              0.075
  Arrival (ns):            3.833
  Required (ns):           3.758
  Operating Conditions: fast_hv_lt

Path 58
  From: FIC_0_PERIPHERALS_0/FIC0_INITIATOR_inst_0/FIC0_INITIATOR_0/SlvConvertor_loop[0].slvcnv/slvdwc/genblk1.DownConverter_inst/readWidthConv/DWC_DownConv_preCalcCmdFifoWrCtrl_inst/sizeMax_pre_Z[4]:CLK
  To:   FIC_0_PERIPHERALS_0/FIC0_INITIATOR_inst_0/FIC0_INITIATOR_0/SlvConvertor_loop[0].slvcnv/slvdwc/genblk1.DownConverter_inst/readWidthConv/rdCmdFifoWriteCtrl/SizeMax_reg[4]:D
  Delay (ns):              0.149
  Slack (ns):              0.075
  Arrival (ns):            3.817
  Required (ns):           3.742
  Operating Conditions: fast_hv_lt

Path 59
  From: FIC_0_PERIPHERALS_0/DMA_INITIATOR_inst_0/DMA_INITIATOR_0/SlvConvertor_loop[0].slvcnv/rgsl/genblk3.rrs/sDat[29]:CLK
  To:   FIC_0_PERIPHERALS_0/DMA_INITIATOR_inst_0/DMA_INITIATOR_0/MstConvertor_loop[0].mstrconv/rgsl/genblk3.rrs/holdDat[29]:D
  Delay (ns):              0.153
  Slack (ns):              0.075
  Arrival (ns):            3.810
  Required (ns):           3.735
  Operating Conditions: fast_hv_lt

Path 60
  From: CLOCKS_AND_RESETS_0/RESET_FIC_0_CLK/CORERESET_0/dff_15[0]:CLK
  To:   FIC_0_PERIPHERALS_0/DMA_CONTROLLER_inst_0/DMA_CONTROLLER_0/U_DMAController/DMAArbiter_inst/DSCRPTR_CACHE/genblk1.genblk1.UI_ram_wrapper_1/ram_dscCacheNM/DMA_CONTROLLER_DMA_CONTROLLER_0_SRAM_dscCacheNM_R0C5/R_DATA_8_inst:SLn
  Delay (ns):              0.421
  Slack (ns):              0.075
  Arrival (ns):            5.665
  Required (ns):           5.590
  Operating Conditions: slow_lv_lt

Path 61
  From: CLOCKS_AND_RESETS_0/RESET_FIC_0_CLK/CORERESET_0/dff_15[0]:CLK
  To:   FIC_0_PERIPHERALS_0/DMA_CONTROLLER_inst_0/DMA_CONTROLLER_0/U_DMAController/DMAArbiter_inst/DSCRPTR_CACHE/genblk1.genblk1.UI_ram_wrapper_1/ram_dscCacheNM/DMA_CONTROLLER_DMA_CONTROLLER_0_SRAM_dscCacheNM_R0C5/R_DATA_7_inst:SLn
  Delay (ns):              0.421
  Slack (ns):              0.075
  Arrival (ns):            5.665
  Required (ns):           5.590
  Operating Conditions: slow_lv_lt

Path 62
  From: CLOCKS_AND_RESETS_0/RESET_FIC_0_CLK/CORERESET_0/dff_15[0]:CLK
  To:   FIC_0_PERIPHERALS_0/DMA_CONTROLLER_inst_0/DMA_CONTROLLER_0/U_DMAController/DMAArbiter_inst/DSCRPTR_CACHE/genblk1.genblk1.UI_ram_wrapper_1/ram_dscCacheNM/DMA_CONTROLLER_DMA_CONTROLLER_0_SRAM_dscCacheNM_R0C5/R_ADDR_1_inst:SLn
  Delay (ns):              0.421
  Slack (ns):              0.075
  Arrival (ns):            5.665
  Required (ns):           5.590
  Operating Conditions: slow_lv_lt

Path 63
  From: CLOCKS_AND_RESETS_0/RESET_FIC_0_CLK/CORERESET_0/dff_15[0]:CLK
  To:   FIC_0_PERIPHERALS_0/DMA_CONTROLLER_inst_0/DMA_CONTROLLER_0/U_DMAController/DMAArbiter_inst/DSCRPTR_CACHE/genblk1.genblk1.UI_ram_wrapper_1/ram_dscCacheNM/DMA_CONTROLLER_DMA_CONTROLLER_0_SRAM_dscCacheNM_R0C5/R_ADDR_0_inst:SLn
  Delay (ns):              0.421
  Slack (ns):              0.075
  Arrival (ns):            5.665
  Required (ns):           5.590
  Operating Conditions: slow_lv_lt

Path 64
  From: FIC_0_PERIPHERALS_0/security_core_0/sbox/t_hi_r0[0][1]:CLK
  To:   FIC_0_PERIPHERALS_0/security_core_0/sbox/t_hi_r1[0][1]:D
  Delay (ns):              0.150
  Slack (ns):              0.076
  Arrival (ns):            3.801
  Required (ns):           3.725
  Operating Conditions: fast_hv_lt

Path 65
  From: FIC_0_PERIPHERALS_0/security_core_0/rng/trng_acc_0/seed_o_3[7]:CLK
  To:   FIC_0_PERIPHERALS_0/security_core_0/rng/trng_acc_0/seed_o_4[7]:D
  Delay (ns):              0.153
  Slack (ns):              0.076
  Arrival (ns):            3.812
  Required (ns):           3.736
  Operating Conditions: fast_hv_lt

Path 66
  From: FIC_0_PERIPHERALS_0/security_core_0/rng/trng_acc_0/seed_o_2[7]:CLK
  To:   FIC_0_PERIPHERALS_0/security_core_0/rng/trng_acc_0/seed_o_3[7]:D
  Delay (ns):              0.153
  Slack (ns):              0.076
  Arrival (ns):            3.812
  Required (ns):           3.736
  Operating Conditions: fast_hv_lt

Path 67
  From: FIC_0_PERIPHERALS_0/security_core_0/rng/neoTRNG_0/entropy_cell_gen.1.neoTRNG_cell_inst/sreg_2[0]:CLK
  To:   FIC_0_PERIPHERALS_0/security_core_0/rng/neoTRNG_0/entropy_cell_gen.1.neoTRNG_cell_inst/sreg_3[0]:D
  Delay (ns):              0.153
  Slack (ns):              0.076
  Arrival (ns):            3.834
  Required (ns):           3.758
  Operating Conditions: fast_hv_lt

Path 68
  From: FIC_0_PERIPHERALS_0/security_core_0/rng/neoTRNG_0/entropy_cell_gen.0.neoTRNG_cell_inst/sreg_4[0]:CLK
  To:   FIC_0_PERIPHERALS_0/security_core_0/rng/neoTRNG_0/entropy_cell_gen.1.neoTRNG_cell_inst/sreg_0[0]:D
  Delay (ns):              0.153
  Slack (ns):              0.076
  Arrival (ns):            3.834
  Required (ns):           3.758
  Operating Conditions: fast_hv_lt

Path 69
  From: FIC_0_PERIPHERALS_0/security_core_0/hash_block_5[8]:CLK
  To:   FIC_0_PERIPHERALS_0/security_core_0/hash_block_6[8]:D
  Delay (ns):              0.153
  Slack (ns):              0.076
  Arrival (ns):            3.815
  Required (ns):           3.739
  Operating Conditions: fast_hv_lt

Path 70
  From: FIC_0_PERIPHERALS_0/security_core_0/hash_block_5[20]:CLK
  To:   FIC_0_PERIPHERALS_0/security_core_0/hash_block_6[20]:D
  Delay (ns):              0.153
  Slack (ns):              0.076
  Arrival (ns):            3.813
  Required (ns):           3.737
  Operating Conditions: fast_hv_lt

Path 71
  From: FIC_0_PERIPHERALS_0/security_core_0/hash_block_13[23]:CLK
  To:   FIC_0_PERIPHERALS_0/security_core_0/hash_block_14[23]:D
  Delay (ns):              0.153
  Slack (ns):              0.076
  Arrival (ns):            3.808
  Required (ns):           3.732
  Operating Conditions: fast_hv_lt

Path 72
  From: FIC_0_PERIPHERALS_0/security_core_0/hash_block_12[4]:CLK
  To:   FIC_0_PERIPHERALS_0/security_core_0/hash_block_13[4]:D
  Delay (ns):              0.153
  Slack (ns):              0.076
  Arrival (ns):            3.815
  Required (ns):           3.739
  Operating Conditions: fast_hv_lt

Path 73
  From: FIC_0_PERIPHERALS_0/security_core_0/hash_block_12[2]:CLK
  To:   FIC_0_PERIPHERALS_0/security_core_0/hash_core/buffer[386]:D
  Delay (ns):              0.153
  Slack (ns):              0.076
  Arrival (ns):            3.832
  Required (ns):           3.756
  Operating Conditions: fast_hv_lt

Path 74
  From: FIC_0_PERIPHERALS_0/security_core_0/hash_block_11[20]:CLK
  To:   FIC_0_PERIPHERALS_0/security_core_0/hash_block_12[20]:D
  Delay (ns):              0.154
  Slack (ns):              0.076
  Arrival (ns):            3.814
  Required (ns):           3.738
  Operating Conditions: fast_hv_lt

Path 75
  From: FIC_0_PERIPHERALS_0/security_core_0/hash_block_11[18]:CLK
  To:   FIC_0_PERIPHERALS_0/security_core_0/hash_block_12[18]:D
  Delay (ns):              0.153
  Slack (ns):              0.076
  Arrival (ns):            3.817
  Required (ns):           3.741
  Operating Conditions: fast_hv_lt

Path 76
  From: FIC_0_PERIPHERALS_0/security_core_0/hash_block_10[28]:CLK
  To:   FIC_0_PERIPHERALS_0/security_core_0/hash_block_11[28]:D
  Delay (ns):              0.153
  Slack (ns):              0.076
  Arrival (ns):            3.826
  Required (ns):           3.750
  Operating Conditions: fast_hv_lt

Path 77
  From: FIC_0_PERIPHERALS_0/security_core_0/hash_block_10[18]:CLK
  To:   FIC_0_PERIPHERALS_0/security_core_0/hash_block_11[18]:D
  Delay (ns):              0.153
  Slack (ns):              0.076
  Arrival (ns):            3.817
  Required (ns):           3.741
  Operating Conditions: fast_hv_lt

Path 78
  From: FIC_0_PERIPHERALS_0/FIC0_INITIATOR_inst_0/FIC0_INITIATOR_0/SlvConvertor_loop[2].slvcnv/slvdwc/genblk1.DownConverter_inst/readWidthConv/rdCmdFifoWriteCtrl/SizeMax_reg[2]:CLK
  To:   FIC_0_PERIPHERALS_0/FIC0_INITIATOR_inst_0/FIC0_INITIATOR_0/SlvConvertor_loop[2].slvcnv/slvdwc/genblk1.DownConverter_inst/readWidthConv/rdCmdFifoWriteCtrl/CmdFifoWrData[3]:D
  Delay (ns):              0.231
  Slack (ns):              0.076
  Arrival (ns):            3.891
  Required (ns):           3.815
  Operating Conditions: fast_hv_lt

Path 79
  From: FIC_0_PERIPHERALS_0/DMA_INITIATOR_inst_0/DMA_INITIATOR_0/SlvConvertor_loop[0].slvcnv/rgsl/genblk3.rrs/sDat[36]:CLK
  To:   FIC_0_PERIPHERALS_0/DMA_INITIATOR_inst_0/DMA_INITIATOR_0/MstConvertor_loop[0].mstrconv/rgsl/genblk3.rrs/holdDat[36]:D
  Delay (ns):              0.154
  Slack (ns):              0.076
  Arrival (ns):            3.811
  Required (ns):           3.735
  Operating Conditions: fast_hv_lt

Path 80
  From: CLOCKS_AND_RESETS_0/RESET_FIC_3_CLK/CORERESET_0/dff_4[0]:CLK
  To:   CLOCKS_AND_RESETS_0/RESET_FIC_3_CLK/CORERESET_0/dff_5[0]:D
  Delay (ns):              0.150
  Slack (ns):              0.076
  Arrival (ns):            4.215
  Required (ns):           4.139
  Operating Conditions: fast_hv_lt

Path 81
  From: CLOCKS_AND_RESETS_0/RESET_FIC_0_CLK/CORERESET_0/dff_4[0]:CLK
  To:   CLOCKS_AND_RESETS_0/RESET_FIC_0_CLK/CORERESET_0/dff_5[0]:D
  Delay (ns):              0.150
  Slack (ns):              0.076
  Arrival (ns):            3.818
  Required (ns):           3.742
  Operating Conditions: fast_hv_lt

Path 82
  From: CLOCKS_AND_RESETS_0/RESET_FIC_0_CLK/CORERESET_0/dff_15[0]:CLK
  To:   FIC_0_PERIPHERALS_0/DMA_CONTROLLER_inst_0/DMA_CONTROLLER_0/U_DMAController/DMAArbiter_inst/DSCRPTR_CACHE/genblk1.genblk1.UI_ram_wrapper_1/ram_dscCacheNM/DMA_CONTROLLER_DMA_CONTROLLER_0_SRAM_dscCacheNM_R0C5/R_DATA_6_inst:SLn
  Delay (ns):              0.422
  Slack (ns):              0.076
  Arrival (ns):            5.666
  Required (ns):           5.590
  Operating Conditions: slow_lv_lt

Path 83
  From: FIC_3_PERIPHERALS_0/SPI_FOR_7_SEG_0/SPI_FOR_7_SEG_0/USPI/UCC/clock_rx_q2:CLK
  To:   FIC_3_PERIPHERALS_0/SPI_FOR_7_SEG_0/SPI_FOR_7_SEG_0/USPI/UCC/clock_rx_q3:D
  Delay (ns):              0.154
  Slack (ns):              0.077
  Arrival (ns):            4.214
  Required (ns):           4.137
  Operating Conditions: fast_hv_lt

Path 84
  From: FIC_0_PERIPHERALS_0/security_core_0/sbox/y_lo_r0[1][1]:CLK
  To:   FIC_0_PERIPHERALS_0/security_core_0/sbox/y_lo_r1[1][1]:D
  Delay (ns):              0.151
  Slack (ns):              0.077
  Arrival (ns):            3.814
  Required (ns):           3.737
  Operating Conditions: fast_hv_lt

Path 85
  From: FIC_0_PERIPHERALS_0/security_core_0/rng/neoTRNG_0/entropy_cell_gen.1.neoTRNG_cell_inst/sreg_3[0]:CLK
  To:   FIC_0_PERIPHERALS_0/security_core_0/rng/neoTRNG_0/entropy_cell_gen.1.neoTRNG_cell_inst/sreg_4[0]:D
  Delay (ns):              0.154
  Slack (ns):              0.077
  Arrival (ns):            3.835
  Required (ns):           3.758
  Operating Conditions: fast_hv_lt

Path 86
  From: FIC_0_PERIPHERALS_0/security_core_0/hash_block_8[28]:CLK
  To:   FIC_0_PERIPHERALS_0/security_core_0/hash_block_9[28]:D
  Delay (ns):              0.154
  Slack (ns):              0.077
  Arrival (ns):            3.827
  Required (ns):           3.750
  Operating Conditions: fast_hv_lt

Path 87
  From: FIC_0_PERIPHERALS_0/security_core_0/hash_block_8[17]:CLK
  To:   FIC_0_PERIPHERALS_0/security_core_0/hash_block_9[17]:D
  Delay (ns):              0.154
  Slack (ns):              0.077
  Arrival (ns):            3.814
  Required (ns):           3.737
  Operating Conditions: fast_hv_lt

Path 88
  From: FIC_0_PERIPHERALS_0/security_core_0/hash_block_5[10]:CLK
  To:   FIC_0_PERIPHERALS_0/security_core_0/hash_core/buffer[170]:D
  Delay (ns):              0.151
  Slack (ns):              0.077
  Arrival (ns):            3.822
  Required (ns):           3.745
  Operating Conditions: fast_hv_lt

Path 89
  From: FIC_0_PERIPHERALS_0/security_core_0/hash_block_14[4]:CLK
  To:   FIC_0_PERIPHERALS_0/security_core_0/hash_core/buffer[452]:D
  Delay (ns):              0.154
  Slack (ns):              0.077
  Arrival (ns):            3.816
  Required (ns):           3.739
  Operating Conditions: fast_hv_lt

Path 90
  From: FIC_0_PERIPHERALS_0/security_core_0/hash_block_13[25]:CLK
  To:   FIC_0_PERIPHERALS_0/security_core_0/hash_block_14[25]:D
  Delay (ns):              0.151
  Slack (ns):              0.077
  Arrival (ns):            3.823
  Required (ns):           3.746
  Operating Conditions: fast_hv_lt

Path 91
  From: FIC_0_PERIPHERALS_0/FIC0_INITIATOR_inst_0/FIC0_INITIATOR_0/arst_aclk_sync/sysReset_f1:CLK
  To:   FIC_0_PERIPHERALS_0/FIC0_INITIATOR_inst_0/FIC0_INITIATOR_0/arst_aclk_sync/sysReset:D
  Delay (ns):              0.153
  Slack (ns):              0.077
  Arrival (ns):            3.825
  Required (ns):           3.748
  Operating Conditions: fast_hv_lt

Path 92
  From: FIC_0_PERIPHERALS_0/FIC0_INITIATOR_inst_0/FIC0_INITIATOR_0/SlvConvertor_loop[2].slvcnv/slvdwc/genblk1.DownConverter_inst/readWidthConv/genblk1.widthConvrd/MASTER_RDATA[33]:CLK
  To:   FIC_0_PERIPHERALS_0/FIC0_INITIATOR_inst_0/FIC0_INITIATOR_0/SlvConvertor_loop[2].slvcnv/rgsl/genblk3.rrs/holdDat[37]:D
  Delay (ns):              0.154
  Slack (ns):              0.077
  Arrival (ns):            3.812
  Required (ns):           3.735
  Operating Conditions: fast_hv_lt

Path 93
  From: FIC_0_PERIPHERALS_0/DMA_CONTROLLER_inst_0/DMA_CONTROLLER_0/U_AXI4INITIATORDMACtrl/ARADDRReg[16]:CLK
  To:   FIC_0_PERIPHERALS_0/DMA_INITIATOR_inst_0/DMA_INITIATOR_0/MstConvertor_loop[0].mstrconv/mstrDWC/genblk1.MstUpConv/DWC_UpConv_preCalcAChannel_ar_inst/MASTER_AADDR_out[16]:D
  Delay (ns):              0.154
  Slack (ns):              0.077
  Arrival (ns):            3.811
  Required (ns):           3.734
  Operating Conditions: fast_hv_lt

Path 94
  From: CLOCKS_AND_RESETS_0/RESET_FIC_0_CLK/CORERESET_0/dff_15[0]:CLK
  To:   FIC_0_PERIPHERALS_0/DMA_CONTROLLER_inst_0/DMA_CONTROLLER_0/U_DMAController/DMAArbiter_inst/DSCRPTR_CACHE/genblk1.genblk1.UI_ram_wrapper_1/ram_dscCacheNM/DMA_CONTROLLER_DMA_CONTROLLER_0_SRAM_dscCacheNM_R0C5/R_DATA_5_inst:SLn
  Delay (ns):              0.423
  Slack (ns):              0.077
  Arrival (ns):            5.667
  Required (ns):           5.590
  Operating Conditions: slow_lv_lt

Path 95
  From: CLOCKS_AND_RESETS_0/RESET_FIC_0_CLK/CORERESET_0/dff_10[0]:CLK
  To:   CLOCKS_AND_RESETS_0/RESET_FIC_0_CLK/CORERESET_0/dff_11[0]:D
  Delay (ns):              0.151
  Slack (ns):              0.077
  Arrival (ns):            3.819
  Required (ns):           3.742
  Operating Conditions: fast_hv_lt

Path 96
  From: FIC_0_PERIPHERALS_0/security_core_0/hash_block_9[27]:CLK
  To:   FIC_0_PERIPHERALS_0/security_core_0/hash_core/buffer[315]:D
  Delay (ns):              0.152
  Slack (ns):              0.078
  Arrival (ns):            3.824
  Required (ns):           3.746
  Operating Conditions: fast_hv_lt

Path 97
  From: FIC_0_PERIPHERALS_0/security_core_0/hash_block_6[22]:CLK
  To:   FIC_0_PERIPHERALS_0/security_core_0/hash_core/buffer[214]:D
  Delay (ns):              0.152
  Slack (ns):              0.078
  Arrival (ns):            3.822
  Required (ns):           3.744
  Operating Conditions: fast_hv_lt

Path 98
  From: FIC_0_PERIPHERALS_0/security_core_0/hash_block_14[12]:CLK
  To:   FIC_0_PERIPHERALS_0/security_core_0/hash_core/buffer[460]:D
  Delay (ns):              0.155
  Slack (ns):              0.078
  Arrival (ns):            3.836
  Required (ns):           3.758
  Operating Conditions: fast_hv_lt

Path 99
  From: FIC_0_PERIPHERALS_0/security_core_0/hash_block_13[29]:CLK
  To:   FIC_0_PERIPHERALS_0/security_core_0/hash_core/buffer[445]:D
  Delay (ns):              0.155
  Slack (ns):              0.078
  Arrival (ns):            3.833
  Required (ns):           3.755
  Operating Conditions: fast_hv_lt

Path 100
  From: FIC_0_PERIPHERALS_0/security_core_0/hash_block_12[8]:CLK
  To:   FIC_0_PERIPHERALS_0/security_core_0/hash_block_13[8]:D
  Delay (ns):              0.152
  Slack (ns):              0.078
  Arrival (ns):            3.804
  Required (ns):           3.726
  Operating Conditions: fast_hv_lt

