Timing Violation Report Max Delay Analysis

SmartTime Version 2025.2
Microchip Technology Inc. - Microchip Libero Software Release 2025.2 (Version 2025.2.0.14)
Date: Sat Apr 11 21:46:05 2026


Design: MPFS_DISCOVERY_KIT
Family: PolarFireSoC
Die: MPFS095T
Package: FCSG325
Temperature Range: 0 - 100 C
Voltage Range: 0.97 - 1.03 V
Speed Grade: -1
Design State: Post-Layout
Data source: Production
Multi Corner Report Operating Conditions: slow_lv_lt,fast_hv_lt,slow_lv_ht


Path 1
  From: CLOCKS_AND_RESETS_0/RESET_FIC_0_CLK/CORERESET_0/dff_15[0]:CLK
  To:   MIPI_CAMERA_0/mipicsi2rxdecoderPF_C0_0/MSC_i_0/MSC_i_4/MSC_i_10/MSC_i_12/wait_count[0]:ALn
  Delay (ns):              2.847
  Slack (ns):             -0.487
  Arrival (ns):           10.454
  Required (ns):           9.967
  Operating Conditions: slow_lv_ht

Path 2
  From: CLOCKS_AND_RESETS_0/RESET_FIC_0_CLK/CORERESET_0/dff_15[0]:CLK
  To:   MIPI_CAMERA_0/mipicsi2rxdecoderPF_C0_0/MSC_i_0/MSC_i_4/MSC_i_10/MSC_i_12/MSC_i_13/rdaddr_r[9]:ALn
  Delay (ns):              2.808
  Slack (ns):             -0.446
  Arrival (ns):           10.415
  Required (ns):           9.969
  Operating Conditions: slow_lv_ht

Path 3
  From: CLOCKS_AND_RESETS_0/RESET_FIC_0_CLK/CORERESET_0/dff_15[0]:CLK
  To:   MIPI_CAMERA_0/VDMA_C0_0/VDMA_C0_0/dma_top_0/vdma_ip_reset_0/synchronizer_circuit_2stage_video_clk/sync_out_o:ALn
  Delay (ns):              2.791
  Slack (ns):             -0.412
  Arrival (ns):           10.398
  Required (ns):           9.986
  Operating Conditions: slow_lv_ht

Path 4
  From: CLOCKS_AND_RESETS_0/RESET_FIC_0_CLK/CORERESET_0/dff_15[0]:CLK
  To:   MIPI_CAMERA_0/mipicsi2rxdecoderPF_C0_0/MSC_i_0/MSC_i_4/MSC_i_10/MSC_i_12/genblk7.pixel_data_o[1]:ALn
  Delay (ns):              2.743
  Slack (ns):             -0.363
  Arrival (ns):           10.350
  Required (ns):           9.987
  Operating Conditions: slow_lv_ht

Path 5
  From: CLOCKS_AND_RESETS_0/RESET_FIC_0_CLK/CORERESET_0/dff_15[0]:CLK
  To:   MIPI_CAMERA_0/VDMA_C0_0/VDMA_C0_0/dma_top_0/vdma_ip_reset_0/synchronizer_circuit_2stage_video_clk/s_data_in:ALn
  Delay (ns):              2.715
  Slack (ns):             -0.345
  Arrival (ns):           10.322
  Required (ns):           9.977
  Operating Conditions: slow_lv_ht

Path 6
  From: CLOCKS_AND_RESETS_0/RESET_FIC_0_CLK/CORERESET_0/dff_15[0]:CLK
  To:   MIPI_CAMERA_0/mipicsi2rxdecoderPF_C0_0/MSC_i_0/MSC_i_4/MSC_i_10/MSC_i_12/MSC_i_13/MSC_i_14/ram_block_ram_block_0_1/INST_RAM1K20_IP:A_DOUT_ARST_N
  Delay (ns):              2.793
  Slack (ns):             -0.307
  Arrival (ns):           10.400
  Required (ns):          10.093
  Operating Conditions: slow_lv_ht

Path 7
  From: CLOCKS_AND_RESETS_0/RESET_FIC_0_CLK/CORERESET_0/dff_15[0]:CLK
  To:   MIPI_CAMERA_0/mipicsi2rxdecoderPF_C0_0/MSC_i_0/MSC_i_4/MSC_i_10/ecc_error_reg1:ALn
  Delay (ns):              2.620
  Slack (ns):             -0.252
  Arrival (ns):           10.227
  Required (ns):           9.975
  Operating Conditions: slow_lv_ht

Path 8
  From: CLOCKS_AND_RESETS_0/RESET_FIC_0_CLK/CORERESET_0/dff_15[0]:CLK
  To:   MIPI_CAMERA_0/mipicsi2rxdecoderPF_C0_0/MSC_i_0/MSC_i_4/MSC_i_10/MSC_i_12/MSC_i_13/rdaddr_r[6]:ALn
  Delay (ns):              2.612
  Slack (ns):             -0.244
  Arrival (ns):           10.219
  Required (ns):           9.975
  Operating Conditions: slow_lv_ht

Path 9
  From: CLOCKS_AND_RESETS_0/RESET_FIC_0_CLK/CORERESET_0/dff_15[0]:CLK
  To:   MIPI_CAMERA_0/mipicsi2rxdecoderPF_C0_0/MSC_i_0/MSC_i_4/MSC_i_10/MSC_i_12/MSC_i_13/rdaddr_r[5]:ALn
  Delay (ns):              2.611
  Slack (ns):             -0.243
  Arrival (ns):           10.218
  Required (ns):           9.975
  Operating Conditions: slow_lv_ht

Path 10
  From: CLOCKS_AND_RESETS_0/RESET_FIC_0_CLK/CORERESET_0/dff_15[0]:CLK
  To:   MIPI_CAMERA_0/mipicsi2rxdecoderPF_C0_0/MSC_i_0/MSC_i_4/MSC_i_10/MSC_i_12/MSC_i_13/rdaddr_r[7]:ALn
  Delay (ns):              2.610
  Slack (ns):             -0.242
  Arrival (ns):           10.217
  Required (ns):           9.975
  Operating Conditions: slow_lv_ht

Path 11
  From: CLOCKS_AND_RESETS_0/RESET_FIC_0_CLK/CORERESET_0/dff_15[0]:CLK
  To:   MIPI_CAMERA_0/mipicsi2rxdecoderPF_C0_0/MSC_i_0/MSC_i_4/MSC_i_10/MSC_i_12/MSC_i_13/rdaddr_r[4]:ALn
  Delay (ns):              2.610
  Slack (ns):             -0.242
  Arrival (ns):           10.217
  Required (ns):           9.975
  Operating Conditions: slow_lv_ht

Path 12
  From: CLOCKS_AND_RESETS_0/RESET_FIC_0_CLK/CORERESET_0/dff_15[0]:CLK
  To:   MIPI_CAMERA_0/mipicsi2rxdecoderPF_C0_0/MSC_i_0/MSC_i_4/MSC_i_10/MSC_i_12/MSC_i_13/rdaddr_r[3]:ALn
  Delay (ns):              2.610
  Slack (ns):             -0.242
  Arrival (ns):           10.217
  Required (ns):           9.975
  Operating Conditions: slow_lv_ht

Path 13
  From: CLOCKS_AND_RESETS_0/RESET_FIC_0_CLK/CORERESET_0/dff_15[0]:CLK
  To:   MIPI_CAMERA_0/mipicsi2rxdecoderPF_C0_0/MSC_i_0/MSC_i_4/MSC_i_10/MSC_i_12/MSC_i_13/rdaddr_r[2]:ALn
  Delay (ns):              2.610
  Slack (ns):             -0.242
  Arrival (ns):           10.217
  Required (ns):           9.975
  Operating Conditions: slow_lv_ht

Path 14
  From: CLOCKS_AND_RESETS_0/RESET_FIC_0_CLK/CORERESET_0/dff_15[0]:CLK
  To:   MIPI_CAMERA_0/mipicsi2rxdecoderPF_C0_0/MSC_i_0/MSC_i_4/FIFO_SIZE_O_1[0]:ALn
  Delay (ns):              2.627
  Slack (ns):             -0.240
  Arrival (ns):           10.234
  Required (ns):           9.994
  Operating Conditions: slow_lv_ht

Path 15
  From: MIPI_CAMERA_0/mipicsi2rxdecoderPF_C0_0/MSC_i_0/sot_r1_pclk:CLK
  To:   MIPI_CAMERA_0/mipicsi2rxdecoderPF_C0_0/MSC_i_0/sot_r0_cclk:EN
  Delay (ns):              0.632
  Slack (ns):             -0.227
  Arrival (ns):            7.655
  Required (ns):           7.428
  Operating Conditions: slow_lv_ht

Path 16
  From: CLOCKS_AND_RESETS_0/RESET_FIC_0_CLK/CORERESET_0/dff_15[0]:CLK
  To:   MIPI_CAMERA_0/VDMA_C0_0/VDMA_C0_0/dma_top_0/vdma_ip_reset_0/synchronizer_circuit_2stage_video_clk/s_data_in:D
  Delay (ns):              2.793
  Slack (ns):             -0.227
  Arrival (ns):           10.400
  Required (ns):          10.173
  Operating Conditions: slow_lv_ht

Path 17
  From: CLOCKS_AND_RESETS_0/RESET_FIC_0_CLK/CORERESET_0/dff_15[0]:CLK
  To:   MIPI_CAMERA_0/mipicsi2rxdecoderPF_C0_0/MSC_i_0/MSC_i_4/MSC_i_10/data_type_o_2[0]:ALn
  Delay (ns):              2.599
  Slack (ns):             -0.223
  Arrival (ns):           10.206
  Required (ns):           9.983
  Operating Conditions: slow_lv_ht

Path 18
  From: CLOCKS_AND_RESETS_0/RESET_FIC_0_CLK/CORERESET_0/dff_15[0]:CLK
  To:   MIPI_CAMERA_0/mipicsi2rxdecoderPF_C0_0/MSC_i_0/MSC_i_4/MSC_i_10/ecc_error_o:ALn
  Delay (ns):              2.598
  Slack (ns):             -0.222
  Arrival (ns):           10.205
  Required (ns):           9.983
  Operating Conditions: slow_lv_ht

Path 19
  From: CLOCKS_AND_RESETS_0/RESET_FIC_0_CLK/CORERESET_0/dff_15[0]:CLK
  To:   MIPI_CAMERA_0/mipicsi2rxdecoderPF_C0_0/MSC_i_0/MSC_i_4/MSC_i_10/MSC_i_12/MSC_i_13/rdaddr_r[0]:ALn
  Delay (ns):              2.580
  Slack (ns):             -0.219
  Arrival (ns):           10.187
  Required (ns):           9.968
  Operating Conditions: slow_lv_ht

Path 20
  From: CLOCKS_AND_RESETS_0/RESET_FIC_0_CLK/CORERESET_0/dff_15[0]:CLK
  To:   MIPI_CAMERA_0/mipicsi2rxdecoderPF_C0_0/MSC_i_0/MSC_i_4/MSC_i_10/word_count_reg1_0[10]:ALn
  Delay (ns):              2.595
  Slack (ns):             -0.205
  Arrival (ns):           10.202
  Required (ns):           9.997
  Operating Conditions: slow_lv_ht

Path 21
  From: CLOCKS_AND_RESETS_0/RESET_FIC_0_CLK/CORERESET_0/dff_15[0]:CLK
  To:   MIPI_CAMERA_0/mipicsi2rxdecoderPF_C0_0/MSC_i_0/MSC_i_4/MSC_i_10/MSC_i_12/MSC_i_13/MSC_i_14/ram_block_ram_block_0_0/INST_RAM1K20_IP:A_DOUT_ARST_N
  Delay (ns):              2.666
  Slack (ns):             -0.187
  Arrival (ns):           10.273
  Required (ns):          10.086
  Operating Conditions: slow_lv_ht

Path 22
  From: CLOCKS_AND_RESETS_0/RESET_FIC_0_CLK/CORERESET_0/dff_15[0]:CLK
  To:   MIPI_CAMERA_0/mipicsi2rxdecoderPF_C0_0/MSC_i_0/MSC_i_4/MSC_i_10/ecc_error_reg2:ALn
  Delay (ns):              2.476
  Slack (ns):             -0.093
  Arrival (ns):           10.083
  Required (ns):           9.990
  Operating Conditions: slow_lv_ht

Path 23
  From: CLOCKS_AND_RESETS_0/RESET_FIC_0_CLK/CORERESET_0/dff_15[0]:CLK
  To:   MIPI_CAMERA_0/mipicsi2rxdecoderPF_C0_0/MSC_i_0/r_isr[6]:ALn
  Delay (ns):              2.433
  Slack (ns):             -0.076
  Arrival (ns):           10.040
  Required (ns):           9.964
  Operating Conditions: slow_lv_ht

Path 24
  From: CLOCKS_AND_RESETS_0/RESET_FIC_0_CLK/CORERESET_0/dff_15[0]:CLK
  To:   MIPI_CAMERA_0/mipicsi2rxdecoderPF_C0_0/MSC_i_0/MSC_i_4/MSC_i_10/word_count_o_2[10]:ALn
  Delay (ns):              2.465
  Slack (ns):             -0.074
  Arrival (ns):           10.072
  Required (ns):           9.998
  Operating Conditions: slow_lv_ht

Path 25
  From: CLOCKS_AND_RESETS_0/RESET_FIC_0_CLK/CORERESET_0/dff_15[0]:CLK
  To:   MIPI_CAMERA_0/mipicsi2rxdecoderPF_C0_0/MSC_i_0/MSC_i_4/MSC_i_10/word_count_reg2_1[10]:ALn
  Delay (ns):              2.441
  Slack (ns):             -0.065
  Arrival (ns):           10.048
  Required (ns):           9.983
  Operating Conditions: slow_lv_ht

Path 26
  From: CLOCKS_AND_RESETS_0/RESET_FIC_0_CLK/CORERESET_0/dff_15[0]:CLK
  To:   MIPI_CAMERA_0/mipicsi2rxdecoderPF_C0_0/MSC_i_0/r_isr[5]:ALn
  Delay (ns):              2.419
  Slack (ns):             -0.049
  Arrival (ns):           10.026
  Required (ns):           9.977
  Operating Conditions: slow_lv_ht

Path 27
  From: CLOCKS_AND_RESETS_0/RESET_FIC_0_CLK/CORERESET_0/dff_15[0]:CLK
  To:   MIPI_CAMERA_0/mipicsi2rxdecoderPF_C0_0/MSC_i_0/r_isr[2]:ALn
  Delay (ns):              2.418
  Slack (ns):             -0.048
  Arrival (ns):           10.025
  Required (ns):           9.977
  Operating Conditions: slow_lv_ht

Path 28
  From: CLOCKS_AND_RESETS_0/RESET_FIC_0_CLK/CORERESET_0/dff_15[0]:CLK
  To:   MIPI_CAMERA_0/mipicsi2rxdecoderPF_C0_0/MSC_i_0/MIPI_CAM_LANES_CONFIG_r[1]:ALn
  Delay (ns):              2.418
  Slack (ns):             -0.048
  Arrival (ns):           10.025
  Required (ns):           9.977
  Operating Conditions: slow_lv_ht

Path 29
  From: CLOCKS_AND_RESETS_0/RESET_FIC_0_CLK/CORERESET_0/dff_15[0]:CLK
  To:   MIPI_CAMERA_0/mipicsi2rxdecoderPF_C0_0/MSC_i_0/MIPI_CAM_LANES_CONFIG_r[0]:ALn
  Delay (ns):              2.418
  Slack (ns):             -0.048
  Arrival (ns):           10.025
  Required (ns):           9.977
  Operating Conditions: slow_lv_ht

Path 30
  From: CLOCKS_AND_RESETS_0/RESET_FIC_0_CLK/CORERESET_0/dff_15[0]:CLK
  To:   MIPI_CAMERA_0/mipicsi2rxdecoderPF_C0_0/MSC_i_0/MSC_i_4/MSC_i_10/word_count_o_2[5]:ALn
  Delay (ns):              2.410
  Slack (ns):             -0.044
  Arrival (ns):           10.017
  Required (ns):           9.973
  Operating Conditions: slow_lv_ht

Path 31
  From: CLOCKS_AND_RESETS_0/RESET_FIC_0_CLK/CORERESET_0/dff_15[0]:CLK
  To:   MIPI_CAMERA_0/mipicsi2rxdecoderPF_C0_0/MSC_i_0/MSC_i_4/MSC_i_10/fv_reg:ALn
  Delay (ns):              2.410
  Slack (ns):             -0.044
  Arrival (ns):           10.017
  Required (ns):           9.973
  Operating Conditions: slow_lv_ht

Path 32
  From: CLOCKS_AND_RESETS_0/RESET_FIC_0_CLK/CORERESET_0/dff_15[0]:CLK
  To:   MIPI_CAMERA_0/mipicsi2rxdecoderPF_C0_0/MSC_i_0/MSC_i_4/MSC_i_10/MSC_i_12/genblk7.pixel_data_o[9]:ALn
  Delay (ns):              2.389
  Slack (ns):             -0.039
  Arrival (ns):            9.996
  Required (ns):           9.957
  Operating Conditions: slow_lv_ht

Path 33
  From: CLOCKS_AND_RESETS_0/RESET_FIC_0_CLK/CORERESET_0/dff_15[0]:CLK
  To:   MIPI_CAMERA_0/mipicsi2rxdecoderPF_C0_0/MSC_i_0/MSC_i_4/MSC_i_10/MSC_i_12/MSC_i_13/rdaddr_r[10]:ALn
  Delay (ns):              2.387
  Slack (ns):             -0.037
  Arrival (ns):            9.994
  Required (ns):           9.957
  Operating Conditions: slow_lv_ht

Path 34
  From: CLOCKS_AND_RESETS_0/RESET_FIC_0_CLK/CORERESET_0/dff_15[0]:CLK
  To:   MIPI_CAMERA_0/mipicsi2rxdecoderPF_C0_0/MSC_i_0/MSC_i_4/MSC_i_10/MSC_i_12/genblk7.pixel_data_o[5]:ALn
  Delay (ns):              2.386
  Slack (ns):             -0.036
  Arrival (ns):            9.993
  Required (ns):           9.957
  Operating Conditions: slow_lv_ht

Path 35
  From: CLOCKS_AND_RESETS_0/RESET_FIC_0_CLK/CORERESET_0/dff_15[0]:CLK
  To:   MIPI_CAMERA_0/mipicsi2rxdecoderPF_C0_0/MSC_i_0/MSC_i_4/MSC_i_10/MSC_i_12/MSC_i_13/wraddr_sync_rr[1]:ALn
  Delay (ns):              2.388
  Slack (ns):             -0.005
  Arrival (ns):            9.995
  Required (ns):           9.990
  Operating Conditions: slow_lv_ht

Path 36
  From: CLOCKS_AND_RESETS_0/RESET_FIC_0_CLK/CORERESET_0/dff_15[0]:CLK
  To:   MIPI_CAMERA_0/mipicsi2rxdecoderPF_C0_0/MSC_i_0/r_isr[1]:ALn
  Delay (ns):              2.358
  Slack (ns):              0.003
  Arrival (ns):            9.965
  Required (ns):           9.968
  Operating Conditions: slow_lv_ht

Path 37
  From: CLOCKS_AND_RESETS_0/RESET_FIC_0_CLK/CORERESET_0/dff_15[0]:CLK
  To:   MIPI_CAMERA_0/mipicsi2rxdecoderPF_C0_0/MSC_i_0/r_isr[4]:ALn
  Delay (ns):              2.392
  Slack (ns):              0.014
  Arrival (ns):            9.999
  Required (ns):          10.013
  Operating Conditions: slow_lv_ht

Path 38
  From: CLOCKS_AND_RESETS_0/RESET_FIC_0_CLK/CORERESET_0/dff_15[0]:CLK
  To:   MIPI_CAMERA_0/mipicsi2rxdecoderPF_C0_0/MSC_i_0/r_isr[0]:ALn
  Delay (ns):              2.392
  Slack (ns):              0.014
  Arrival (ns):            9.999
  Required (ns):          10.013
  Operating Conditions: slow_lv_ht

Path 39
  From: CLOCKS_AND_RESETS_0/RESET_FIC_0_CLK/CORERESET_0/dff_15[0]:CLK
  To:   MIPI_CAMERA_0/mipicsi2rxdecoderPF_C0_0/MSC_i_0/r_int_dly4:ALn
  Delay (ns):              2.392
  Slack (ns):              0.014
  Arrival (ns):            9.999
  Required (ns):          10.013
  Operating Conditions: slow_lv_ht

Path 40
  From: CLOCKS_AND_RESETS_0/RESET_FIC_0_CLK/CORERESET_0/dff_15[0]:CLK
  To:   MIPI_CAMERA_0/mipicsi2rxdecoderPF_C0_0/MSC_i_0/r_int_dly3:ALn
  Delay (ns):              2.392
  Slack (ns):              0.014
  Arrival (ns):            9.999
  Required (ns):          10.013
  Operating Conditions: slow_lv_ht

Path 41
  From: CLOCKS_AND_RESETS_0/RESET_FIC_0_CLK/CORERESET_0/dff_15[0]:CLK
  To:   MIPI_CAMERA_0/mipicsi2rxdecoderPF_C0_0/MSC_i_0/r_int_dly2:ALn
  Delay (ns):              2.392
  Slack (ns):              0.014
  Arrival (ns):            9.999
  Required (ns):          10.013
  Operating Conditions: slow_lv_ht

Path 42
  From: CLOCKS_AND_RESETS_0/RESET_FIC_0_CLK/CORERESET_0/dff_15[0]:CLK
  To:   MIPI_CAMERA_0/mipicsi2rxdecoderPF_C0_0/MSC_i_0/r_int_dly1:ALn
  Delay (ns):              2.392
  Slack (ns):              0.014
  Arrival (ns):            9.999
  Required (ns):          10.013
  Operating Conditions: slow_lv_ht

Path 43
  From: CLOCKS_AND_RESETS_0/RESET_FIC_0_CLK/CORERESET_0/dff_15[0]:CLK
  To:   MIPI_CAMERA_0/mipicsi2rxdecoderPF_C0_0/MSC_i_0/GL_IPT_EN_reg:ALn
  Delay (ns):              2.392
  Slack (ns):              0.014
  Arrival (ns):            9.999
  Required (ns):          10.013
  Operating Conditions: slow_lv_ht

Path 44
  From: CLOCKS_AND_RESETS_0/RESET_FIC_0_CLK/CORERESET_0/dff_15[0]:CLK
  To:   MIPI_CAMERA_0/mipicsi2rxdecoderPF_C0_0/MSC_i_0/MSC_i_4/MSC_i_10/word_count_o_2[0]:ALn
  Delay (ns):              2.361
  Slack (ns):              0.024
  Arrival (ns):            9.968
  Required (ns):           9.992
  Operating Conditions: slow_lv_ht

Path 45
  From: CLOCKS_AND_RESETS_0/RESET_FIC_0_CLK/CORERESET_0/dff_15[0]:CLK
  To:   MIPI_CAMERA_0/mipicsi2rxdecoderPF_C0_0/MSC_i_0/MSC_i_4/MSC_i_10/crc_error_done:ALn
  Delay (ns):              2.361
  Slack (ns):              0.024
  Arrival (ns):            9.968
  Required (ns):           9.992
  Operating Conditions: slow_lv_ht

Path 46
  From: CLOCKS_AND_RESETS_0/RESET_FIC_0_CLK/CORERESET_0/dff_15[0]:CLK
  To:   MIPI_CAMERA_0/mipicsi2rxdecoderPF_C0_0/MSC_i_0/MSC_i_4/MSC_i_10/crc_error_reg1:ALn
  Delay (ns):              2.360
  Slack (ns):              0.025
  Arrival (ns):            9.967
  Required (ns):           9.992
  Operating Conditions: slow_lv_ht

Path 47
  From: CLOCKS_AND_RESETS_0/RESET_FIC_0_CLK/CORERESET_0/dff_15[0]:CLK
  To:   MIPI_CAMERA_0/mipicsi2rxdecoderPF_C0_0/MSC_i_0/MSC_i_4/MSC_i_10/data_type_reg2_1[0]:ALn
  Delay (ns):              2.330
  Slack (ns):              0.027
  Arrival (ns):            9.937
  Required (ns):           9.964
  Operating Conditions: slow_lv_ht

Path 48
  From: CLOCKS_AND_RESETS_0/RESET_FIC_0_CLK/CORERESET_0/dff_15[0]:CLK
  To:   MIPI_CAMERA_0/mipicsi2rxdecoderPF_C0_0/MSC_i_0/MSC_i_4/MSC_i_10/data_type_o_2[4]:ALn
  Delay (ns):              2.317
  Slack (ns):              0.030
  Arrival (ns):            9.924
  Required (ns):           9.954
  Operating Conditions: slow_lv_ht

Path 49
  From: CLOCKS_AND_RESETS_0/RESET_FIC_0_CLK/CORERESET_0/dff_15[0]:CLK
  To:   MIPI_CAMERA_0/mipicsi2rxdecoderPF_C0_0/MSC_i_0/MSC_i_4/MSC_i_10/word_count_reg1_0[15]:ALn
  Delay (ns):              2.318
  Slack (ns):              0.054
  Arrival (ns):            9.925
  Required (ns):           9.979
  Operating Conditions: slow_lv_ht

Path 50
  From: CLOCKS_AND_RESETS_0/RESET_FIC_0_CLK/CORERESET_0/dff_15[0]:CLK
  To:   MIPI_CAMERA_0/mipicsi2rxdecoderPF_C0_0/MSC_i_0/MSC_i_4/MSC_i_10/word_count_reg1_0[3]:ALn
  Delay (ns):              2.331
  Slack (ns):              0.066
  Arrival (ns):            9.938
  Required (ns):          10.004
  Operating Conditions: slow_lv_ht

Path 51
  From: CLOCKS_AND_RESETS_0/RESET_FIC_0_CLK/CORERESET_0/dff_15[0]:CLK
  To:   MIPI_CAMERA_0/mipicsi2rxdecoderPF_C0_0/MSC_i_0/MSC_i_4/MSC_i_10/MSC_i_12/MSC_i_13/wraddr_sync_rr[4]:ALn
  Delay (ns):              2.286
  Slack (ns):              0.073
  Arrival (ns):            9.893
  Required (ns):           9.966
  Operating Conditions: slow_lv_ht

Path 52
  From: CLOCKS_AND_RESETS_0/RESET_FIC_0_CLK/CORERESET_0/dff_15[0]:CLK
  To:   MIPI_CAMERA_0/mipicsi2rxdecoderPF_C0_0/MSC_i_0/MSC_i_4/MSC_i_10/data_type_reg1_0[1]:ALn
  Delay (ns):              2.317
  Slack (ns):              0.074
  Arrival (ns):            9.924
  Required (ns):           9.998
  Operating Conditions: slow_lv_ht

Path 53
  From: CLOCKS_AND_RESETS_0/RESET_FIC_0_CLK/CORERESET_0/dff_15[0]:CLK
  To:   MIPI_CAMERA_0/mipicsi2rxdecoderPF_C0_0/MSC_i_0/MSC_i_4/MSC_i_10/MSC_i_12/MSC_i_13/wraddr_sync_r[4]:ALn
  Delay (ns):              2.285
  Slack (ns):              0.074
  Arrival (ns):            9.892
  Required (ns):           9.966
  Operating Conditions: slow_lv_ht

Path 54
  From: CLOCKS_AND_RESETS_0/RESET_FIC_0_CLK/CORERESET_0/dff_15[0]:CLK
  To:   MIPI_CAMERA_0/mipicsi2rxdecoderPF_C0_0/MSC_i_0/MSC_i_4/MSC_i_10/MSC_i_12/MSC_i_13/wraddr_sync_r[1]:ALn
  Delay (ns):              2.285
  Slack (ns):              0.074
  Arrival (ns):            9.892
  Required (ns):           9.966
  Operating Conditions: slow_lv_ht

Path 55
  From: MIPI_CAMERA_0/mipicsi2rxdecoderPF_C0_0/MSC_i_0/sot_r1_pclk:CLK
  To:   MIPI_CAMERA_0/mipicsi2rxdecoderPF_C0_0/MSC_i_0/sot_r0_cclk:D
  Delay (ns):              0.450
  Slack (ns):              0.083
  Arrival (ns):            7.473
  Required (ns):           7.556
  Operating Conditions: slow_lv_ht

Path 56
  From: CLOCKS_AND_RESETS_0/RESET_FIC_0_CLK/CORERESET_0/dff_15[0]:CLK
  To:   MIPI_CAMERA_0/mipicsi2rxdecoderPF_C0_0/MSC_i_0/MSC_i_4/MSC_i_10/word_count_reg1_0[8]:ALn
  Delay (ns):              2.282
  Slack (ns):              0.083
  Arrival (ns):            9.889
  Required (ns):           9.972
  Operating Conditions: slow_lv_ht

Path 57
  From: CLOCKS_AND_RESETS_0/RESET_FIC_0_CLK/CORERESET_0/dff_15[0]:CLK
  To:   MIPI_CAMERA_0/mipicsi2rxdecoderPF_C0_0/MSC_i_0/MSC_i_4/MSC_i_10/word_count_reg2_1[0]:ALn
  Delay (ns):              2.292
  Slack (ns):              0.089
  Arrival (ns):            9.899
  Required (ns):           9.988
  Operating Conditions: slow_lv_ht

Path 58
  From: CLOCKS_AND_RESETS_0/RESET_FIC_0_CLK/CORERESET_0/dff_15[0]:CLK
  To:   MIPI_CAMERA_0/mipicsi2rxdecoderPF_C0_0/MSC_i_0/MSC_i_4/MSC_i_10/word_count_reg1_0[0]:ALn
  Delay (ns):              2.292
  Slack (ns):              0.090
  Arrival (ns):            9.899
  Required (ns):           9.989
  Operating Conditions: slow_lv_ht

Path 59
  From: CLOCKS_AND_RESETS_0/RESET_FIC_0_CLK/CORERESET_0/dff_15[0]:CLK
  To:   MIPI_CAMERA_0/mipicsi2rxdecoderPF_C0_0/MSC_i_0/MSC_i_4/MSC_i_10/MSC_i_12/genblk7.pix_distribute_2lane:ALn
  Delay (ns):              2.291
  Slack (ns):              0.090
  Arrival (ns):            9.898
  Required (ns):           9.988
  Operating Conditions: slow_lv_ht

Path 60
  From: CLOCKS_AND_RESETS_0/RESET_FIC_0_CLK/CORERESET_0/dff_15[0]:CLK
  To:   MIPI_CAMERA_0/mipicsi2rxdecoderPF_C0_0/MSC_i_0/MSC_i_4/MSC_i_10/MSC_i_12/MSC_i_13/rdaddr_r[8]:ALn
  Delay (ns):              2.291
  Slack (ns):              0.091
  Arrival (ns):            9.898
  Required (ns):           9.989
  Operating Conditions: slow_lv_ht

Path 61
  From: CLOCKS_AND_RESETS_0/RESET_FIC_0_CLK/CORERESET_0/dff_15[0]:CLK
  To:   MIPI_CAMERA_0/mipicsi2rxdecoderPF_C0_0/MSC_i_0/MSC_i_4/MSC_i_10/word_count_reg1_0[5]:ALn
  Delay (ns):              2.256
  Slack (ns):              0.102
  Arrival (ns):            9.863
  Required (ns):           9.965
  Operating Conditions: slow_lv_ht

Path 62
  From: CLOCKS_AND_RESETS_0/RESET_FIC_0_CLK/CORERESET_0/dff_15[0]:CLK
  To:   MIPI_CAMERA_0/mipicsi2rxdecoderPF_C0_0/MSC_i_0/MSC_i_4/MSC_i_10/word_count_reg2_1[4]:ALn
  Delay (ns):              2.221
  Slack (ns):              0.139
  Arrival (ns):            9.828
  Required (ns):           9.967
  Operating Conditions: slow_lv_ht

Path 63
  From: CLOCKS_AND_RESETS_0/RESET_FIC_0_CLK/CORERESET_0/dff_15[0]:CLK
  To:   MIPI_CAMERA_0/mipicsi2rxdecoderPF_C0_0/MSC_i_0/MSC_i_4/MSC_i_10/data_type_o_2[3]:ALn
  Delay (ns):              2.221
  Slack (ns):              0.139
  Arrival (ns):            9.828
  Required (ns):           9.967
  Operating Conditions: slow_lv_ht

Path 64
  From: CLOCKS_AND_RESETS_0/RESET_FIC_0_CLK/CORERESET_0/dff_15[0]:CLK
  To:   MIPI_CAMERA_0/mipicsi2rxdecoderPF_C0_0/MSC_i_0/MSC_i_4/MSC_i_10/MSC_i_12/wait_count[5]:ALn
  Delay (ns):              2.221
  Slack (ns):              0.139
  Arrival (ns):            9.828
  Required (ns):           9.967
  Operating Conditions: slow_lv_ht

Path 65
  From: CLOCKS_AND_RESETS_0/RESET_FIC_0_CLK/CORERESET_0/dff_15[0]:CLK
  To:   MIPI_CAMERA_0/mipicsi2rxdecoderPF_C0_0/MSC_i_0/MSC_i_4/MSC_i_10/MSC_i_12/wait_count[4]:ALn
  Delay (ns):              2.221
  Slack (ns):              0.139
  Arrival (ns):            9.828
  Required (ns):           9.967
  Operating Conditions: slow_lv_ht

Path 66
  From: CLOCKS_AND_RESETS_0/RESET_FIC_0_CLK/CORERESET_0/dff_15[0]:CLK
  To:   MIPI_CAMERA_0/mipicsi2rxdecoderPF_C0_0/MSC_i_0/MSC_i_4/MSC_i_10/MSC_i_12/wait_count[3]:ALn
  Delay (ns):              2.221
  Slack (ns):              0.139
  Arrival (ns):            9.828
  Required (ns):           9.967
  Operating Conditions: slow_lv_ht

Path 67
  From: CLOCKS_AND_RESETS_0/RESET_FIC_0_CLK/CORERESET_0/dff_15[0]:CLK
  To:   MIPI_CAMERA_0/mipicsi2rxdecoderPF_C0_0/MSC_i_0/MSC_i_4/MSC_i_10/MSC_i_12/read_en_reg[1]:ALn
  Delay (ns):              2.221
  Slack (ns):              0.139
  Arrival (ns):            9.828
  Required (ns):           9.967
  Operating Conditions: slow_lv_ht

Path 68
  From: CLOCKS_AND_RESETS_0/RESET_FIC_0_CLK/CORERESET_0/dff_15[0]:CLK
  To:   MIPI_CAMERA_0/mipicsi2rxdecoderPF_C0_0/MSC_i_0/MSC_i_4/MSC_i_10/MSC_i_12/wait_count[1]:ALn
  Delay (ns):              2.221
  Slack (ns):              0.140
  Arrival (ns):            9.828
  Required (ns):           9.968
  Operating Conditions: slow_lv_ht

Path 69
  From: CLOCKS_AND_RESETS_0/RESET_FIC_0_CLK/CORERESET_0/dff_15[0]:CLK
  To:   MIPI_CAMERA_0/mipicsi2rxdecoderPF_C0_0/MSC_i_0/MSC_i_4/MSC_i_10/word_count_reg1_0[2]:ALn
  Delay (ns):              2.224
  Slack (ns):              0.141
  Arrival (ns):            9.831
  Required (ns):           9.972
  Operating Conditions: slow_lv_ht

Path 70
  From: CLOCKS_AND_RESETS_0/RESET_FIC_0_CLK/CORERESET_0/dff_15[0]:CLK
  To:   MIPI_CAMERA_0/mipicsi2rxdecoderPF_C0_0/MSC_i_0/MSC_i_4/MSC_i_10/word_count_reg1_0[4]:ALn
  Delay (ns):              2.209
  Slack (ns):              0.157
  Arrival (ns):            9.816
  Required (ns):           9.973
  Operating Conditions: slow_lv_ht

Path 71
  From: CLOCKS_AND_RESETS_0/RESET_FIC_0_CLK/CORERESET_0/dff_15[0]:CLK
  To:   MIPI_CAMERA_0/mipicsi2rxdecoderPF_C0_0/MSC_i_0/MSC_i_4/MSC_i_10/data_type_reg1_0[4]:ALn
  Delay (ns):              2.209
  Slack (ns):              0.157
  Arrival (ns):            9.816
  Required (ns):           9.973
  Operating Conditions: slow_lv_ht

Path 72
  From: CLOCKS_AND_RESETS_0/RESET_FIC_0_CLK/CORERESET_0/dff_15[0]:CLK
  To:   MIPI_CAMERA_0/mipicsi2rxdecoderPF_C0_0/MSC_i_0/MSC_i_4/MSC_i_10/word_count_o_2[6]:ALn
  Delay (ns):              2.195
  Slack (ns):              0.163
  Arrival (ns):            9.802
  Required (ns):           9.965
  Operating Conditions: slow_lv_ht

Path 73
  From: CLOCKS_AND_RESETS_0/RESET_FIC_0_CLK/CORERESET_0/dff_15[0]:CLK
  To:   MIPI_CAMERA_0/mipicsi2rxdecoderPF_C0_0/MSC_i_0/MSC_i_4/MSC_i_10/MSC_i_12/MSC_i_13/wraddr_sync_r[10]:ALn
  Delay (ns):              2.202
  Slack (ns):              0.165
  Arrival (ns):            9.809
  Required (ns):           9.974
  Operating Conditions: slow_lv_ht

Path 74
  From: CLOCKS_AND_RESETS_0/RESET_FIC_0_CLK/CORERESET_0/dff_15[0]:CLK
  To:   MIPI_CAMERA_0/mipicsi2rxdecoderPF_C0_0/MSC_i_0/MSC_i_4/MSC_i_10/data_type_reg1_0[3]:ALn
  Delay (ns):              2.201
  Slack (ns):              0.166
  Arrival (ns):            9.808
  Required (ns):           9.974
  Operating Conditions: slow_lv_ht

Path 75
  From: CLOCKS_AND_RESETS_0/RESET_FIC_0_CLK/CORERESET_0/dff_15[0]:CLK
  To:   MIPI_CAMERA_0/mipicsi2rxdecoderPF_C0_0/MSC_i_0/MSC_i_4/MSC_i_10/data_type_reg1_0[0]:ALn
  Delay (ns):              2.201
  Slack (ns):              0.166
  Arrival (ns):            9.808
  Required (ns):           9.974
  Operating Conditions: slow_lv_ht

Path 76
  From: CLOCKS_AND_RESETS_0/RESET_FIC_0_CLK/CORERESET_0/dff_15[0]:CLK
  To:   MIPI_CAMERA_0/mipicsi2rxdecoderPF_C0_0/MSC_i_0/MSC_i_4/MSC_i_10/MSC_i_12/MSC_i_13/wraddr_sync_rr[10]:ALn
  Delay (ns):              2.201
  Slack (ns):              0.166
  Arrival (ns):            9.808
  Required (ns):           9.974
  Operating Conditions: slow_lv_ht

Path 77
  From: MIPI_CAMERA_0/mipicsi2rxdecoderPF_C0_0/MSC_i_0/MSC_i_4/MSC_i_10/ecc_error_reg1:CLK
  To:   MIPI_CAMERA_0/mipicsi2rxdecoderPF_C0_0/MSC_i_0/MSC_i_4/MSC_i_10/error_done_cclk_reg0:D
  Delay (ns):              0.349
  Slack (ns):              0.182
  Arrival (ns):            7.390
  Required (ns):           7.572
  Operating Conditions: slow_lv_ht

Path 78
  From: MIPI_CAMERA_0/mipicsi2rxdecoderPF_C0_0/MSC_i_0/MSC_i_4/MSC_i_10/crc_error_reg1:CLK
  To:   MIPI_CAMERA_0/mipicsi2rxdecoderPF_C0_0/MSC_i_0/MSC_i_4/MSC_i_10/crc_err_done_clk_reg0:D
  Delay (ns):              0.345
  Slack (ns):              0.188
  Arrival (ns):            7.391
  Required (ns):           7.579
  Operating Conditions: slow_lv_ht

Path 79
  From: CLOCKS_AND_RESETS_0/RESET_FIC_0_CLK/CORERESET_0/dff_15[0]:CLK
  To:   MIPI_CAMERA_0/mipicsi2rxdecoderPF_C0_0/MSC_i_0/MSC_i_4/MSC_i_10/word_count_reg2_1[5]:ALn
  Delay (ns):              2.163
  Slack (ns):              0.196
  Arrival (ns):            9.770
  Required (ns):           9.966
  Operating Conditions: slow_lv_ht

Path 80
  From: CLOCKS_AND_RESETS_0/RESET_FIC_0_CLK/CORERESET_0/dff_15[0]:CLK
  To:   MIPI_CAMERA_0/mipicsi2rxdecoderPF_C0_0/MSC_i_0/MSC_i_4/MSC_i_10/MSC_i_12/genblk7.pixel_data_o[2]:ALn
  Delay (ns):              2.189
  Slack (ns):              0.200
  Arrival (ns):            9.796
  Required (ns):           9.996
  Operating Conditions: slow_lv_ht

Path 81
  From: CLOCKS_AND_RESETS_0/RESET_FIC_0_CLK/CORERESET_0/dff_15[0]:CLK
  To:   MIPI_CAMERA_0/mipicsi2rxdecoderPF_C0_0/MSC_i_0/MSC_i_4/MSC_i_10/MSC_i_12/wait_count[2]:ALn
  Delay (ns):              2.156
  Slack (ns):              0.206
  Arrival (ns):            9.763
  Required (ns):           9.969
  Operating Conditions: slow_lv_ht

Path 82
  From: CLOCKS_AND_RESETS_0/RESET_FIC_0_CLK/CORERESET_0/dff_15[0]:CLK
  To:   MIPI_CAMERA_0/mipicsi2rxdecoderPF_C0_0/MSC_i_0/MSC_i_4/MSC_i_10/MSC_i_12/MSC_i_13/rdaddr_r[1]:ALn
  Delay (ns):              2.156
  Slack (ns):              0.206
  Arrival (ns):            9.763
  Required (ns):           9.969
  Operating Conditions: slow_lv_ht

Path 83
  From: CLOCKS_AND_RESETS_0/RESET_FIC_0_CLK/CORERESET_0/dff_15[0]:CLK
  To:   MIPI_CAMERA_0/mipicsi2rxdecoderPF_C0_0/MSC_i_0/MSC_i_4/MSC_i_10/word_count_reg1_0[7]:ALn
  Delay (ns):              2.174
  Slack (ns):              0.214
  Arrival (ns):            9.781
  Required (ns):           9.995
  Operating Conditions: slow_lv_ht

Path 84
  From: CLOCKS_AND_RESETS_0/RESET_FIC_0_CLK/CORERESET_0/dff_15[0]:CLK
  To:   MIPI_CAMERA_0/mipicsi2rxdecoderPF_C0_0/MSC_i_0/MSC_i_4/MSC_i_10/MSC_i_12/line_valid_o:ALn
  Delay (ns):              2.106
  Slack (ns):              0.247
  Arrival (ns):            9.713
  Required (ns):           9.960
  Operating Conditions: slow_lv_ht

Path 85
  From: CLOCKS_AND_RESETS_0/RESET_FIC_0_CLK/CORERESET_0/dff_15[0]:CLK
  To:   MIPI_CAMERA_0/mipicsi2rxdecoderPF_C0_0/MSC_i_0/MSC_i_4/MSC_i_10/word_count_reg2_1[9]:ALn
  Delay (ns):              2.138
  Slack (ns):              0.248
  Arrival (ns):            9.745
  Required (ns):           9.993
  Operating Conditions: slow_lv_ht

Path 86
  From: CLOCKS_AND_RESETS_0/RESET_FIC_0_CLK/CORERESET_0/dff_15[0]:CLK
  To:   MIPI_CAMERA_0/mipicsi2rxdecoderPF_C0_0/MSC_i_0/MSC_i_4/MSC_i_10/word_count_reg1_0[9]:ALn
  Delay (ns):              2.138
  Slack (ns):              0.248
  Arrival (ns):            9.745
  Required (ns):           9.993
  Operating Conditions: slow_lv_ht

Path 87
  From: CLOCKS_AND_RESETS_0/RESET_FIC_0_CLK/CORERESET_0/dff_15[0]:CLK
  To:   MIPI_CAMERA_0/mipicsi2rxdecoderPF_C0_0/MSC_i_0/MSC_i_4/MSC_i_10/word_count_o_2[11]:ALn
  Delay (ns):              2.138
  Slack (ns):              0.248
  Arrival (ns):            9.745
  Required (ns):           9.993
  Operating Conditions: slow_lv_ht

Path 88
  From: CLOCKS_AND_RESETS_0/RESET_FIC_0_CLK/CORERESET_0/dff_15[0]:CLK
  To:   MIPI_CAMERA_0/mipicsi2rxdecoderPF_C0_0/MSC_i_0/MSC_i_4/MSC_i_10/MSC_i_12/genblk7.pixel_data_o[6]:ALn
  Delay (ns):              2.138
  Slack (ns):              0.248
  Arrival (ns):            9.745
  Required (ns):           9.993
  Operating Conditions: slow_lv_ht

Path 89
  From: CLOCKS_AND_RESETS_0/RESET_FIC_0_CLK/CORERESET_0/dff_15[0]:CLK
  To:   MIPI_CAMERA_0/mipicsi2rxdecoderPF_C0_0/MSC_i_0/MSC_i_4/MSC_i_10/word_count_o_2[9]:ALn
  Delay (ns):              2.137
  Slack (ns):              0.249
  Arrival (ns):            9.744
  Required (ns):           9.993
  Operating Conditions: slow_lv_ht

Path 90
  From: CLOCKS_AND_RESETS_0/RESET_FIC_0_CLK/CORERESET_0/dff_15[0]:CLK
  To:   MIPI_CAMERA_0/mipicsi2rxdecoderPF_C0_0/MSC_i_0/MSC_i_4/MSC_i_10/word_count_reg2_1[8]:ALn
  Delay (ns):              2.134
  Slack (ns):              0.253
  Arrival (ns):            9.741
  Required (ns):           9.994
  Operating Conditions: slow_lv_ht

Path 91
  From: CLOCKS_AND_RESETS_0/RESET_FIC_0_CLK/CORERESET_0/dff_15[0]:CLK
  To:   MIPI_CAMERA_0/mipicsi2rxdecoderPF_C0_0/MSC_i_0/MSC_i_4/MSC_i_10/word_count_o_2[8]:ALn
  Delay (ns):              2.134
  Slack (ns):              0.253
  Arrival (ns):            9.741
  Required (ns):           9.994
  Operating Conditions: slow_lv_ht

Path 92
  From: FIC_0_PERIPHERALS_0/security_core_0/hash_core/t_Z[4]:CLK
  To:   FIC_0_PERIPHERALS_0/security_core_0/hash_core/a[31]:D
  Delay (ns):              7.490
  Slack (ns):              0.257
  Arrival (ns):           15.144
  Required (ns):          15.401
  Operating Conditions: slow_lv_ht

Path 93
  From: FIC_0_PERIPHERALS_0/security_core_0/hash_core/t_Z[4]:CLK
  To:   FIC_0_PERIPHERALS_0/security_core_0/hash_core/a[29]:D
  Delay (ns):              7.480
  Slack (ns):              0.261
  Arrival (ns):           15.134
  Required (ns):          15.395
  Operating Conditions: slow_lv_ht

Path 94
  From: FIC_0_PERIPHERALS_0/security_core_0/hash_core/t_fast[2]:CLK
  To:   FIC_0_PERIPHERALS_0/security_core_0/hash_core/a[31]:D
  Delay (ns):              7.489
  Slack (ns):              0.262
  Arrival (ns):           15.139
  Required (ns):          15.401
  Operating Conditions: slow_lv_ht

Path 95
  From: FIC_0_PERIPHERALS_0/security_core_0/hash_core/t_fast[2]:CLK
  To:   FIC_0_PERIPHERALS_0/security_core_0/hash_core/a[29]:D
  Delay (ns):              7.472
  Slack (ns):              0.273
  Arrival (ns):           15.122
  Required (ns):          15.395
  Operating Conditions: slow_lv_ht

Path 96
  From: CLOCKS_AND_RESETS_0/RESET_FIC_0_CLK/CORERESET_0/dff_15[0]:CLK
  To:   MIPI_CAMERA_0/mipicsi2rxdecoderPF_C0_0/MSC_i_0/MSC_i_4/MSC_i_10/data_type_reg2_1[4]:ALn
  Delay (ns):              2.085
  Slack (ns):              0.278
  Arrival (ns):            9.692
  Required (ns):           9.970
  Operating Conditions: slow_lv_ht

Path 97
  From: FIC_0_PERIPHERALS_0/security_core_0/hash_core/t_fast[1]:CLK
  To:   FIC_0_PERIPHERALS_0/security_core_0/hash_core/a[29]:D
  Delay (ns):              7.460
  Slack (ns):              0.280
  Arrival (ns):           15.115
  Required (ns):          15.395
  Operating Conditions: slow_lv_ht

Path 98
  From: MIPI_CAMERA_0/VDMA_C0_0/VDMA_C0_0/dma_top_0/vdma_write_0/buff_addr_fifo/RAM2PORT_ASYNC_FIFO_INST/ram_ram_0_0/INST_RAM1K20_IP:A_CLK
  To:   MIPI_CAMERA_0/VDMA_C0_0/VDMA_C0_0/dma_top_0/vdma_write_0/ddr_write_vdma/ddr_write_controller_vdma_0/write_start_addr_o_1[35]:D
  Delay (ns):              1.769
  Slack (ns):              0.288
  Arrival (ns):            9.002
  Required (ns):           9.290
  Operating Conditions: slow_lv_ht

Path 99
  From: CLOCKS_AND_RESETS_0/RESET_FIC_0_CLK/CORERESET_0/dff_15[0]:CLK
  To:   MIPI_CAMERA_0/mipicsi2rxdecoderPF_C0_0/MSC_i_0/MSC_i_4/MSC_i_10/MSC_i_12/MSC_i_13/wraddr_sync_rr[0]:ALn
  Delay (ns):              2.098
  Slack (ns):              0.291
  Arrival (ns):            9.705
  Required (ns):           9.996
  Operating Conditions: slow_lv_ht

Path 100
  From: CLOCKS_AND_RESETS_0/RESET_FIC_0_CLK/CORERESET_0/dff_15[0]:CLK
  To:   MIPI_CAMERA_0/mipicsi2rxdecoderPF_C0_0/MSC_i_0/MSC_i_4/MSC_i_10/MSC_i_12/MSC_i_13/wraddr_sync_r[0]:ALn
  Delay (ns):              2.098
  Slack (ns):              0.291
  Arrival (ns):            9.705
  Required (ns):           9.996
  Operating Conditions: slow_lv_ht

