Timing Violation Report Min Delay Analysis

SmartTime Version 2025.2
Microchip Technology Inc. - Microchip Libero Software Release 2025.2 (Version 2025.2.0.14)
Date: Sun Mar 22 23:20:37 2026


Design: MPFS_DISCOVERY_KIT
Family: PolarFireSoC
Die: MPFS095T
Package: FCSG325
Temperature Range: 0 - 100 C
Voltage Range: 0.97 - 1.03 V
Speed Grade: -1
Design State: Post-Layout
Data source: Production
Multi Corner Report Operating Conditions: slow_lv_lt,fast_hv_lt,slow_lv_ht


Path 1
  From: FIC_0_PERIPHERALS_0/security_core_0/hash_block_9[15]:CLK
  To:   FIC_0_PERIPHERALS_0/security_core_0/hash_block_10[15]:D
  Delay (ns):              0.291
  Slack (ns):              0.031
  Arrival (ns):            5.769
  Required (ns):           5.738
  Operating Conditions: slow_lv_ht

Path 2
  From: FIC_0_PERIPHERALS_0/FIC0_INITIATOR_inst_0/FIC0_INITIATOR_0/SlvConvertor_loop[0].slvcnv/slvdwc/genblk1.DownConverter_inst/writeWidthConv/DWC_DownConv_preCalcCmdFifoWrCtrl_inst/sizeMax_pre_Z[0]:CLK
  To:   FIC_0_PERIPHERALS_0/FIC0_INITIATOR_inst_0/FIC0_INITIATOR_0/SlvConvertor_loop[0].slvcnv/slvdwc/genblk1.DownConverter_inst/writeWidthConv/wrCmdFifoWriteCtrl/SizeMax_reg[0]:D
  Delay (ns):              0.301
  Slack (ns):              0.048
  Arrival (ns):            5.547
  Required (ns):           5.499
  Operating Conditions: slow_lv_lt

Path 3
  From: FIC_0_PERIPHERALS_0/FIC0_INITIATOR_inst_0/FIC0_INITIATOR_0/SlvConvertor_loop[2].slvcnv/slvdwc/genblk1.DownConverter_inst/writeWidthConv/DWC_DownConv_preCalcCmdFifoWrCtrl_inst/sizeMax_pre_Z[5]:CLK
  To:   FIC_0_PERIPHERALS_0/FIC0_INITIATOR_inst_0/FIC0_INITIATOR_0/SlvConvertor_loop[2].slvcnv/slvdwc/genblk1.DownConverter_inst/writeWidthConv/wrCmdFifoWriteCtrl/SizeMax_reg[5]:D
  Delay (ns):              0.304
  Slack (ns):              0.050
  Arrival (ns):            5.555
  Required (ns):           5.505
  Operating Conditions: slow_lv_lt

Path 4
  From: FIC_0_PERIPHERALS_0/FIC0_INITIATOR_inst_0/FIC0_INITIATOR_0/SlvConvertor_loop[2].slvcnv/slvdwc/genblk1.DownConverter_inst/readWidthConv/DWC_DownConv_preCalcCmdFifoWrCtrl_inst/ASIZE_pre_Z[0]:CLK
  To:   FIC_0_PERIPHERALS_0/FIC0_INITIATOR_inst_0/FIC0_INITIATOR_0/SlvConvertor_loop[2].slvcnv/slvdwc/genblk1.DownConverter_inst/readWidthConv/rdCmdFifoWriteCtrl/ASIZE_reg[0]:D
  Delay (ns):              0.312
  Slack (ns):              0.056
  Arrival (ns):            5.558
  Required (ns):           5.502
  Operating Conditions: slow_lv_lt

Path 5
  From: FIC_0_PERIPHERALS_0/FIC0_INITIATOR_inst_0/FIC0_INITIATOR_0/SlvConvertor_loop[0].slvcnv/slvdwc/genblk1.DownConverter_inst/writeWidthConv/DWC_DownConv_preCalcCmdFifoWrCtrl_inst/SameMstSlvSize_pre:CLK
  To:   FIC_0_PERIPHERALS_0/FIC0_INITIATOR_inst_0/FIC0_INITIATOR_0/SlvConvertor_loop[0].slvcnv/slvdwc/genblk1.DownConverter_inst/writeWidthConv/wrCmdFifoWriteCtrl/SameMstSlvSize_reg:D
  Delay (ns):              0.311
  Slack (ns):              0.058
  Arrival (ns):            5.557
  Required (ns):           5.499
  Operating Conditions: slow_lv_lt

Path 6
  From: FIC_0_PERIPHERALS_0/DMA_CONTROLLER_inst_0/DMA_CONTROLLER_0/U_AXI4INITIATORDMACtrl/ARADDRReg[20]:CLK
  To:   FIC_0_PERIPHERALS_0/DMA_INITIATOR_inst_0/DMA_INITIATOR_0/MstConvertor_loop[0].mstrconv/mstrDWC/genblk1.MstUpConv/DWC_UpConv_preCalcAChannel_ar_inst/MASTER_AADDR_out[20]:D
  Delay (ns):              0.215
  Slack (ns):              0.066
  Arrival (ns):            5.470
  Required (ns):           5.404
  Operating Conditions: slow_lv_lt

Path 7
  From: CLOCKS_AND_RESETS_0/RESET_FIC_3_CLK/CORERESET_0/dff_9[0]:CLK
  To:   CLOCKS_AND_RESETS_0/RESET_FIC_3_CLK/CORERESET_0/dff_10[0]:D
  Delay (ns):              0.143
  Slack (ns):              0.066
  Arrival (ns):            4.205
  Required (ns):           4.139
  Operating Conditions: fast_hv_lt

Path 8
  From: FIC_0_PERIPHERALS_0/DMA_CONTROLLER_inst_0/DMA_CONTROLLER_0/U_AXI4INITIATORDMACtrl/ARADDRReg[25]:CLK
  To:   FIC_0_PERIPHERALS_0/DMA_INITIATOR_inst_0/DMA_INITIATOR_0/MstConvertor_loop[0].mstrconv/mstrDWC/genblk1.MstUpConv/DWC_UpConv_preCalcAChannel_ar_inst/MASTER_AADDR_out[25]:D
  Delay (ns):              0.144
  Slack (ns):              0.067
  Arrival (ns):            3.811
  Required (ns):           3.744
  Operating Conditions: fast_hv_lt

Path 9
  From: CLOCKS_AND_RESETS_0/RESET_FIC_3_CLK/CORERESET_0/dff_11[0]:CLK
  To:   CLOCKS_AND_RESETS_0/RESET_FIC_3_CLK/CORERESET_0/dff_12[0]:D
  Delay (ns):              0.144
  Slack (ns):              0.067
  Arrival (ns):            4.206
  Required (ns):           4.139
  Operating Conditions: fast_hv_lt

Path 10
  From: CLOCKS_AND_RESETS_0/RESET_FIC_0_CLK/CORERESET_0/dff_5[0]:CLK
  To:   CLOCKS_AND_RESETS_0/RESET_FIC_0_CLK/CORERESET_0/dff_6[0]:D
  Delay (ns):              0.144
  Slack (ns):              0.067
  Arrival (ns):            3.803
  Required (ns):           3.736
  Operating Conditions: fast_hv_lt

Path 11
  From: FIC_0_PERIPHERALS_0/security_core_0/sbox/y_lo_r0[0][1]:CLK
  To:   FIC_0_PERIPHERALS_0/security_core_0/sbox/y_lo_r1[0][1]:D
  Delay (ns):              0.145
  Slack (ns):              0.068
  Arrival (ns):            3.789
  Required (ns):           3.721
  Operating Conditions: fast_hv_lt

Path 12
  From: FIC_0_PERIPHERALS_0/DMA_CONTROLLER_inst_0/DMA_CONTROLLER_0/U_AXI4INITIATORDMACtrl/AWADDRReg[16]:CLK
  To:   FIC_0_PERIPHERALS_0/DMA_INITIATOR_inst_0/DMA_INITIATOR_0/MstConvertor_loop[0].mstrconv/mstrDWC/genblk1.MstUpConv/DWC_UpConv_preCalcAChannel_aw_inst/MASTER_AADDR_out[16]:D
  Delay (ns):              0.144
  Slack (ns):              0.068
  Arrival (ns):            3.798
  Required (ns):           3.730
  Operating Conditions: fast_hv_lt

Path 13
  From: FIC_0_PERIPHERALS_0/DMA_CONTROLLER_inst_0/DMA_CONTROLLER_0/U_AXI4INITIATORDMACtrl/ARADDRReg[11]:CLK
  To:   FIC_0_PERIPHERALS_0/DMA_INITIATOR_inst_0/DMA_INITIATOR_0/MstConvertor_loop[0].mstrconv/mstrDWC/genblk1.MstUpConv/DWC_UpConv_preCalcAChannel_ar_inst/MASTER_AADDR_out[11]:D
  Delay (ns):              0.145
  Slack (ns):              0.068
  Arrival (ns):            3.812
  Required (ns):           3.744
  Operating Conditions: fast_hv_lt

Path 14
  From: CLOCKS_AND_RESETS_0/RESET_FIC_0_CLK/CORERESET_0/dff_4[0]:CLK
  To:   CLOCKS_AND_RESETS_0/RESET_FIC_0_CLK/CORERESET_0/dff_5[0]:D
  Delay (ns):              0.217
  Slack (ns):              0.068
  Arrival (ns):            5.465
  Required (ns):           5.397
  Operating Conditions: slow_lv_lt

Path 15
  From: CLOCKS_AND_RESETS_0/RESET_FIC_0_CLK/CORERESET_0/dff_2[0]:CLK
  To:   CLOCKS_AND_RESETS_0/RESET_FIC_0_CLK/CORERESET_0/dff_3[0]:D
  Delay (ns):              0.145
  Slack (ns):              0.068
  Arrival (ns):            3.804
  Required (ns):           3.736
  Operating Conditions: fast_hv_lt

Path 16
  From: FIC_0_PERIPHERALS_0/security_core_0/hash_block_5[20]:CLK
  To:   FIC_0_PERIPHERALS_0/security_core_0/hash_block_6[20]:D
  Delay (ns):              0.146
  Slack (ns):              0.069
  Arrival (ns):            3.799
  Required (ns):           3.730
  Operating Conditions: fast_hv_lt

Path 17
  From: FIC_0_PERIPHERALS_0/security_core_0/hash_block_10[30]:CLK
  To:   FIC_0_PERIPHERALS_0/security_core_0/hash_core/buffer[350]:D
  Delay (ns):              0.146
  Slack (ns):              0.069
  Arrival (ns):            3.807
  Required (ns):           3.738
  Operating Conditions: fast_hv_lt

Path 18
  From: FIC_0_PERIPHERALS_0/security_core_0/hash_block_6[1]:CLK
  To:   FIC_0_PERIPHERALS_0/security_core_0/hash_block_7[1]:D
  Delay (ns):              0.147
  Slack (ns):              0.070
  Arrival (ns):            3.828
  Required (ns):           3.758
  Operating Conditions: fast_hv_lt

Path 19
  From: FIC_0_PERIPHERALS_0/security_core_0/hash_block_4[3]:CLK
  To:   FIC_0_PERIPHERALS_0/security_core_0/hash_block_5[3]:D
  Delay (ns):              0.147
  Slack (ns):              0.070
  Arrival (ns):            3.826
  Required (ns):           3.756
  Operating Conditions: fast_hv_lt

Path 20
  From: FIC_0_PERIPHERALS_0/security_core_0/hash_block_1[1]:CLK
  To:   FIC_0_PERIPHERALS_0/security_core_0/hash_core/buffer[33]:D
  Delay (ns):              0.147
  Slack (ns):              0.070
  Arrival (ns):            3.809
  Required (ns):           3.739
  Operating Conditions: fast_hv_lt

Path 21
  From: FIC_0_PERIPHERALS_0/security_core_0/hash_block_11[24]:CLK
  To:   FIC_0_PERIPHERALS_0/security_core_0/hash_block_12[24]:D
  Delay (ns):              0.148
  Slack (ns):              0.070
  Arrival (ns):            3.825
  Required (ns):           3.755
  Operating Conditions: fast_hv_lt

Path 22
  From: FIC_0_PERIPHERALS_0/security_core_0/sbox/y_hi_r2[0][2]:CLK
  To:   FIC_0_PERIPHERALS_0/security_core_0/sbox/y_hi_r3[0][2]:D
  Delay (ns):              0.145
  Slack (ns):              0.071
  Arrival (ns):            3.773
  Required (ns):           3.702
  Operating Conditions: fast_hv_lt

Path 23
  From: FIC_0_PERIPHERALS_0/security_core_0/rng/trng_acc_0/seed_o_6[2]:CLK
  To:   FIC_0_PERIPHERALS_0/security_core_0/rng/trng_acc_0/seed_o_7[2]:D
  Delay (ns):              0.148
  Slack (ns):              0.071
  Arrival (ns):            3.799
  Required (ns):           3.728
  Operating Conditions: fast_hv_lt

Path 24
  From: FIC_0_PERIPHERALS_0/security_core_0/hash_block_7[16]:CLK
  To:   FIC_0_PERIPHERALS_0/security_core_0/hash_core/buffer[240]:D
  Delay (ns):              0.148
  Slack (ns):              0.071
  Arrival (ns):            3.798
  Required (ns):           3.727
  Operating Conditions: fast_hv_lt

Path 25
  From: FIC_0_PERIPHERALS_0/security_core_0/hash_block_7[0]:CLK
  To:   FIC_0_PERIPHERALS_0/security_core_0/hash_core/buffer[224]:D
  Delay (ns):              0.148
  Slack (ns):              0.071
  Arrival (ns):            3.813
  Required (ns):           3.742
  Operating Conditions: fast_hv_lt

Path 26
  From: FIC_0_PERIPHERALS_0/security_core_0/hash_block_11[1]:CLK
  To:   FIC_0_PERIPHERALS_0/security_core_0/hash_block_12[1]:D
  Delay (ns):              0.148
  Slack (ns):              0.071
  Arrival (ns):            3.829
  Required (ns):           3.758
  Operating Conditions: fast_hv_lt

Path 27
  From: FIC_0_PERIPHERALS_0/FIC0_INITIATOR_inst_0/FIC0_INITIATOR_0/MstConvertor_loop[0].mstrconv/rgsl/genblk1.awrs/sDat[29]:CLK
  To:   FIC_0_PERIPHERALS_0/FIC0_INITIATOR_inst_0/FIC0_INITIATOR_0/axicb/cb.awcon/trgmx/slaveALEN[6]:D
  Delay (ns):              0.145
  Slack (ns):              0.071
  Arrival (ns):            3.818
  Required (ns):           3.747
  Operating Conditions: fast_hv_lt

Path 28
  From: FIC_0_PERIPHERALS_0/security_core_0/sbox/y_hi_r3[1][0]:CLK
  To:   FIC_0_PERIPHERALS_0/security_core_0/sbox/y_hi_r4[1][0]:D
  Delay (ns):              0.149
  Slack (ns):              0.072
  Arrival (ns):            3.797
  Required (ns):           3.725
  Operating Conditions: fast_hv_lt

Path 29
  From: FIC_0_PERIPHERALS_0/security_core_0/sbox/t_r[2][3]:CLK
  To:   FIC_0_PERIPHERALS_0/security_core_0/sbox/t_hi_r0[2][1]:D
  Delay (ns):              0.149
  Slack (ns):              0.072
  Arrival (ns):            3.793
  Required (ns):           3.721
  Operating Conditions: fast_hv_lt

Path 30
  From: FIC_0_PERIPHERALS_0/security_core_0/hash_block_3[30]:CLK
  To:   FIC_0_PERIPHERALS_0/security_core_0/hash_block_4[30]:D
  Delay (ns):              0.149
  Slack (ns):              0.072
  Arrival (ns):            3.824
  Required (ns):           3.752
  Operating Conditions: fast_hv_lt

Path 31
  From: FIC_0_PERIPHERALS_0/security_core_0/hash_block_12[17]:CLK
  To:   FIC_0_PERIPHERALS_0/security_core_0/hash_block_13[17]:D
  Delay (ns):              0.149
  Slack (ns):              0.072
  Arrival (ns):            3.808
  Required (ns):           3.736
  Operating Conditions: fast_hv_lt

Path 32
  From: FIC_0_PERIPHERALS_0/DMA_INITIATOR_inst_0/DMA_INITIATOR_0/MstConvertor_loop[0].mstrconv/mstrDWC/genblk1.MstUpConv/DWC_AWChan/SLAVE_AADDR[17]:CLK
  To:   FIC_0_PERIPHERALS_0/DMA_INITIATOR_inst_0/DMA_INITIATOR_0/MstConvertor_loop[0].mstrconv/rgsl/genblk1.awrs/holdDat[48]:D
  Delay (ns):              0.149
  Slack (ns):              0.072
  Arrival (ns):            3.803
  Required (ns):           3.731
  Operating Conditions: fast_hv_lt

Path 33
  From: CLOCKS_AND_RESETS_0/RESET_FIC_3_CLK/CORERESET_0/dff_3[0]:CLK
  To:   CLOCKS_AND_RESETS_0/RESET_FIC_3_CLK/CORERESET_0/dff_4[0]:D
  Delay (ns):              0.149
  Slack (ns):              0.072
  Arrival (ns):            4.202
  Required (ns):           4.130
  Operating Conditions: fast_hv_lt

Path 34
  From: CLOCKS_AND_RESETS_0/RESET_FIC_3_CLK/CORERESET_0/dff_2[0]:CLK
  To:   CLOCKS_AND_RESETS_0/RESET_FIC_3_CLK/CORERESET_0/dff_3[0]:D
  Delay (ns):              0.149
  Slack (ns):              0.072
  Arrival (ns):            4.202
  Required (ns):           4.130
  Operating Conditions: fast_hv_lt

Path 35
  From: CLOCKS_AND_RESETS_0/RESET_FIC_3_CLK/CORERESET_0/dff_14[0]:CLK
  To:   CLOCKS_AND_RESETS_0/RESET_FIC_3_CLK/CORERESET_0/dff_15_rep[0]:D
  Delay (ns):              0.149
  Slack (ns):              0.072
  Arrival (ns):            4.211
  Required (ns):           4.139
  Operating Conditions: fast_hv_lt

Path 36
  From: CLOCKS_AND_RESETS_0/RESET_FIC_0_CLK/CORERESET_0/dff_1[0]:CLK
  To:   CLOCKS_AND_RESETS_0/RESET_FIC_0_CLK/CORERESET_0/dff_2[0]:D
  Delay (ns):              0.149
  Slack (ns):              0.072
  Arrival (ns):            3.808
  Required (ns):           3.736
  Operating Conditions: fast_hv_lt

Path 37
  From: FIC_0_PERIPHERALS_0/security_core_0/sbox/y_hi_r1[1][1]:CLK
  To:   FIC_0_PERIPHERALS_0/security_core_0/sbox/y_hi_r2[1][1]:D
  Delay (ns):              0.150
  Slack (ns):              0.073
  Arrival (ns):            3.793
  Required (ns):           3.720
  Operating Conditions: fast_hv_lt

Path 38
  From: FIC_0_PERIPHERALS_0/security_core_0/hash_block_8[17]:CLK
  To:   FIC_0_PERIPHERALS_0/security_core_0/hash_core/buffer[273]:D
  Delay (ns):              0.150
  Slack (ns):              0.073
  Arrival (ns):            3.809
  Required (ns):           3.736
  Operating Conditions: fast_hv_lt

Path 39
  From: FIC_0_PERIPHERALS_0/security_core_0/hash_block_6[30]:CLK
  To:   FIC_0_PERIPHERALS_0/security_core_0/hash_block_7[30]:D
  Delay (ns):              0.149
  Slack (ns):              0.073
  Arrival (ns):            3.824
  Required (ns):           3.751
  Operating Conditions: fast_hv_lt

Path 40
  From: FIC_0_PERIPHERALS_0/FIC0_INITIATOR_inst_0/FIC0_INITIATOR_0/MstConvertor_loop[0].mstrconv/rgsl/genblk2.arrs/sDat[28]:CLK
  To:   FIC_0_PERIPHERALS_0/FIC0_INITIATOR_inst_0/FIC0_INITIATOR_0/axicb/cb.arcon/trgmx/slaveALEN[5]:D
  Delay (ns):              0.150
  Slack (ns):              0.073
  Arrival (ns):            3.799
  Required (ns):           3.726
  Operating Conditions: fast_hv_lt

Path 41
  From: CLOCKS_AND_RESETS_0/RESET_FIC_0_CLK/CORERESET_0/dff_9[0]:CLK
  To:   CLOCKS_AND_RESETS_0/RESET_FIC_0_CLK/CORERESET_0/dff_10[0]:D
  Delay (ns):              0.150
  Slack (ns):              0.073
  Arrival (ns):            3.809
  Required (ns):           3.736
  Operating Conditions: fast_hv_lt

Path 42
  From: FIC_0_PERIPHERALS_0/security_core_0/rng/trng_acc_0/seed_o_2[4]:CLK
  To:   FIC_0_PERIPHERALS_0/security_core_0/rng/trng_acc_0/seed_o_3[4]:D
  Delay (ns):              0.151
  Slack (ns):              0.074
  Arrival (ns):            3.810
  Required (ns):           3.736
  Operating Conditions: fast_hv_lt

Path 43
  From: FIC_0_PERIPHERALS_0/security_core_0/hash_block_6[2]:CLK
  To:   FIC_0_PERIPHERALS_0/security_core_0/hash_block_7[2]:D
  Delay (ns):              0.151
  Slack (ns):              0.074
  Arrival (ns):            3.806
  Required (ns):           3.732
  Operating Conditions: fast_hv_lt

Path 44
  From: FIC_0_PERIPHERALS_0/security_core_0/hash_block_6[20]:CLK
  To:   FIC_0_PERIPHERALS_0/security_core_0/hash_core/buffer[212]:D
  Delay (ns):              0.151
  Slack (ns):              0.074
  Arrival (ns):            3.804
  Required (ns):           3.730
  Operating Conditions: fast_hv_lt

Path 45
  From: FIC_0_PERIPHERALS_0/security_core_0/hash_block_6[11]:CLK
  To:   FIC_0_PERIPHERALS_0/security_core_0/hash_block_7[11]:D
  Delay (ns):              0.151
  Slack (ns):              0.074
  Arrival (ns):            3.812
  Required (ns):           3.738
  Operating Conditions: fast_hv_lt

Path 46
  From: FIC_0_PERIPHERALS_0/security_core_0/hash_block_4[13]:CLK
  To:   FIC_0_PERIPHERALS_0/security_core_0/hash_core/buffer[141]:D
  Delay (ns):              0.151
  Slack (ns):              0.074
  Arrival (ns):            3.799
  Required (ns):           3.725
  Operating Conditions: fast_hv_lt

Path 47
  From: FIC_0_PERIPHERALS_0/security_core_0/hash_block_3[21]:CLK
  To:   FIC_0_PERIPHERALS_0/security_core_0/hash_core/buffer[117]:D
  Delay (ns):              0.151
  Slack (ns):              0.074
  Arrival (ns):            3.828
  Required (ns):           3.754
  Operating Conditions: fast_hv_lt

Path 48
  From: FIC_0_PERIPHERALS_0/security_core_0/hash_block_12[28]:CLK
  To:   FIC_0_PERIPHERALS_0/security_core_0/hash_core/buffer[412]:D
  Delay (ns):              0.152
  Slack (ns):              0.074
  Arrival (ns):            3.830
  Required (ns):           3.756
  Operating Conditions: fast_hv_lt

Path 49
  From: FIC_0_PERIPHERALS_0/security_core_0/hash_block_10[10]:CLK
  To:   FIC_0_PERIPHERALS_0/security_core_0/hash_block_11[10]:D
  Delay (ns):              0.151
  Slack (ns):              0.074
  Arrival (ns):            3.813
  Required (ns):           3.739
  Operating Conditions: fast_hv_lt

Path 50
  From: FIC_0_PERIPHERALS_0/FIC0_INITIATOR_inst_0/FIC0_INITIATOR_0/SlvConvertor_loop[2].slvcnv/slvdwc/genblk1.DownConverter_inst/writeWidthConv/genblk1.brespCtrl/MASTER_BID[3]:CLK
  To:   FIC_0_PERIPHERALS_0/FIC0_INITIATOR_inst_0/FIC0_INITIATOR_0/SlvConvertor_loop[2].slvcnv/rgsl/genblk5.brs/holdDat[6]:D
  Delay (ns):              0.280
  Slack (ns):              0.074
  Arrival (ns):            5.555
  Required (ns):           5.481
  Operating Conditions: slow_lv_lt

Path 51
  From: CLOCKS_AND_RESETS_0/RESET_FIC_0_CLK/CORERESET_0/dff_6[0]:CLK
  To:   CLOCKS_AND_RESETS_0/RESET_FIC_0_CLK/CORERESET_0/dff_7[0]:D
  Delay (ns):              0.151
  Slack (ns):              0.074
  Arrival (ns):            3.810
  Required (ns):           3.736
  Operating Conditions: fast_hv_lt

Path 52
  From: CLOCKS_AND_RESETS_0/RESET_FIC_0_CLK/CORERESET_0/dff_3[0]:CLK
  To:   CLOCKS_AND_RESETS_0/RESET_FIC_0_CLK/CORERESET_0/dff_4[0]:D
  Delay (ns):              0.151
  Slack (ns):              0.074
  Arrival (ns):            3.810
  Required (ns):           3.736
  Operating Conditions: fast_hv_lt

Path 53
  From: FIC_3_PERIPHERALS_0/CoreUARTapb_C0_0/CoreUARTapb_C0_0/uUART/make_TX/xmit_state[6]:CLK
  To:   FIC_3_PERIPHERALS_0/CoreUARTapb_C0_0/CoreUARTapb_C0_0/uUART/make_TX/xmit_state[1]:D
  Delay (ns):              0.151
  Slack (ns):              0.075
  Arrival (ns):            4.206
  Required (ns):           4.131
  Operating Conditions: fast_hv_lt

Path 54
  From: FIC_0_PERIPHERALS_0/security_core_0/hash_block_4[9]:CLK
  To:   FIC_0_PERIPHERALS_0/security_core_0/hash_core/buffer[137]:D
  Delay (ns):              0.152
  Slack (ns):              0.075
  Arrival (ns):            3.810
  Required (ns):           3.735
  Operating Conditions: fast_hv_lt

Path 55
  From: FIC_0_PERIPHERALS_0/security_core_0/hash_block_2[31]:CLK
  To:   FIC_0_PERIPHERALS_0/security_core_0/hash_block_3[31]:D
  Delay (ns):              0.149
  Slack (ns):              0.075
  Arrival (ns):            3.791
  Required (ns):           3.716
  Operating Conditions: fast_hv_lt

Path 56
  From: FIC_0_PERIPHERALS_0/security_core_0/hash_block_14[6]:CLK
  To:   FIC_0_PERIPHERALS_0/security_core_0/hash_core/buffer[454]:D
  Delay (ns):              0.152
  Slack (ns):              0.075
  Arrival (ns):            3.829
  Required (ns):           3.754
  Operating Conditions: fast_hv_lt

Path 57
  From: FIC_0_PERIPHERALS_0/security_core_0/hash_block_14[11]:CLK
  To:   FIC_0_PERIPHERALS_0/security_core_0/hash_core/buffer[459]:D
  Delay (ns):              0.149
  Slack (ns):              0.075
  Arrival (ns):            3.812
  Required (ns):           3.737
  Operating Conditions: fast_hv_lt

Path 58
  From: FIC_0_PERIPHERALS_0/security_core_0/hash_block_12[26]:CLK
  To:   FIC_0_PERIPHERALS_0/security_core_0/hash_block_13[26]:D
  Delay (ns):              0.153
  Slack (ns):              0.075
  Arrival (ns):            3.810
  Required (ns):           3.735
  Operating Conditions: fast_hv_lt

Path 59
  From: FIC_0_PERIPHERALS_0/security_core_0/hash_block_11[29]:CLK
  To:   FIC_0_PERIPHERALS_0/security_core_0/hash_block_12[29]:D
  Delay (ns):              0.149
  Slack (ns):              0.075
  Arrival (ns):            3.823
  Required (ns):           3.748
  Operating Conditions: fast_hv_lt

Path 60
  From: FIC_0_PERIPHERALS_0/DMA_CONTROLLER_inst_0/DMA_CONTROLLER_0/U_AXI4INITIATORDMACtrl/set_rdaligned_done:CLK
  To:   FIC_0_PERIPHERALS_0/DMA_CONTROLLER_inst_0/DMA_CONTROLLER_0/U_AXI4INITIATORDMACtrl/set_rdaligned_done_r:D
  Delay (ns):              0.152
  Slack (ns):              0.075
  Arrival (ns):            3.825
  Required (ns):           3.750
  Operating Conditions: fast_hv_lt

Path 61
  From: FIC_3_PERIPHERALS_0/PWM/corepwm_C0_0/genblk3.corepwm_reg_if/psh_prescale_reg[29]:CLK
  To:   FIC_3_PERIPHERALS_0/PWM/corepwm_C0_0/genblk3.corepwm_reg_if/prescale_reg_Z[29]:D
  Delay (ns):              0.150
  Slack (ns):              0.076
  Arrival (ns):            4.218
  Required (ns):           4.142
  Operating Conditions: fast_hv_lt

Path 62
  From: FIC_3_PERIPHERALS_0/PWM/corepwm_C0_0/genblk3.corepwm_reg_if/psh_period_reg[5]:CLK
  To:   FIC_3_PERIPHERALS_0/PWM/corepwm_C0_0/genblk3.corepwm_reg_if/period_reg_Z[5]:D
  Delay (ns):              0.150
  Slack (ns):              0.076
  Arrival (ns):            4.223
  Required (ns):           4.147
  Operating Conditions: fast_hv_lt

Path 63
  From: FIC_0_PERIPHERALS_0/security_core_0/sbox/y_r[0][5]:CLK
  To:   FIC_0_PERIPHERALS_0/security_core_0/sbox/y_hi_r0[0][1]:D
  Delay (ns):              0.153
  Slack (ns):              0.076
  Arrival (ns):            3.793
  Required (ns):           3.717
  Operating Conditions: fast_hv_lt

Path 64
  From: FIC_0_PERIPHERALS_0/security_core_0/hash_block_9[9]:CLK
  To:   FIC_0_PERIPHERALS_0/security_core_0/hash_block_10[9]:D
  Delay (ns):              0.150
  Slack (ns):              0.076
  Arrival (ns):            3.804
  Required (ns):           3.728
  Operating Conditions: fast_hv_lt

Path 65
  From: FIC_0_PERIPHERALS_0/security_core_0/hash_block_5[11]:CLK
  To:   FIC_0_PERIPHERALS_0/security_core_0/hash_block_6[11]:D
  Delay (ns):              0.153
  Slack (ns):              0.076
  Arrival (ns):            3.814
  Required (ns):           3.738
  Operating Conditions: fast_hv_lt

Path 66
  From: FIC_0_PERIPHERALS_0/security_core_0/hash_block_3[24]:CLK
  To:   FIC_0_PERIPHERALS_0/security_core_0/hash_block_4[24]:D
  Delay (ns):              0.279
  Slack (ns):              0.076
  Arrival (ns):            5.547
  Required (ns):           5.471
  Operating Conditions: slow_lv_lt

Path 67
  From: FIC_0_PERIPHERALS_0/security_core_0/hash_block_2[24]:CLK
  To:   FIC_0_PERIPHERALS_0/security_core_0/hash_core/buffer[88]:D
  Delay (ns):              0.153
  Slack (ns):              0.076
  Arrival (ns):            3.832
  Required (ns):           3.756
  Operating Conditions: fast_hv_lt

Path 68
  From: FIC_0_PERIPHERALS_0/security_core_0/hash_block_1[31]:CLK
  To:   FIC_0_PERIPHERALS_0/security_core_0/hash_block_2[31]:D
  Delay (ns):              0.150
  Slack (ns):              0.076
  Arrival (ns):            3.792
  Required (ns):           3.716
  Operating Conditions: fast_hv_lt

Path 69
  From: FIC_0_PERIPHERALS_0/security_core_0/hash_block_1[26]:CLK
  To:   FIC_0_PERIPHERALS_0/security_core_0/hash_core/buffer[58]:D
  Delay (ns):              0.153
  Slack (ns):              0.076
  Arrival (ns):            3.814
  Required (ns):           3.738
  Operating Conditions: fast_hv_lt

Path 70
  From: FIC_0_PERIPHERALS_0/security_core_0/hash_block_13[1]:CLK
  To:   FIC_0_PERIPHERALS_0/security_core_0/hash_block_14[1]:D
  Delay (ns):              0.153
  Slack (ns):              0.076
  Arrival (ns):            3.834
  Required (ns):           3.758
  Operating Conditions: fast_hv_lt

Path 71
  From: FIC_0_PERIPHERALS_0/security_core_0/hash_block_12[8]:CLK
  To:   FIC_0_PERIPHERALS_0/security_core_0/hash_core/buffer[392]:D
  Delay (ns):              0.150
  Slack (ns):              0.076
  Arrival (ns):            3.800
  Required (ns):           3.724
  Operating Conditions: fast_hv_lt

Path 72
  From: FIC_0_PERIPHERALS_0/security_core_0/hash_block_10[24]:CLK
  To:   FIC_0_PERIPHERALS_0/security_core_0/hash_block_11[24]:D
  Delay (ns):              0.153
  Slack (ns):              0.076
  Arrival (ns):            3.831
  Required (ns):           3.755
  Operating Conditions: fast_hv_lt

Path 73
  From: FIC_0_PERIPHERALS_0/FIC0_INITIATOR_inst_0/FIC0_INITIATOR_0/MstConvertor_loop[0].mstrconv/rgsl/genblk2.arrs/sDat[29]:CLK
  To:   FIC_0_PERIPHERALS_0/FIC0_INITIATOR_inst_0/FIC0_INITIATOR_0/axicb/cb.arcon/trgmx/slaveALEN[6]:D
  Delay (ns):              0.150
  Slack (ns):              0.076
  Arrival (ns):            3.784
  Required (ns):           3.708
  Operating Conditions: fast_hv_lt

Path 74
  From: FIC_0_PERIPHERALS_0/DMA_INITIATOR_inst_0/DMA_INITIATOR_0/MstConvertor_loop[0].mstrconv/mstrDWC/genblk1.MstUpConv/DWC_UpConv_preCalcAChannel_aw_inst/MASTER_AADDR_out[28]:CLK
  To:   FIC_0_PERIPHERALS_0/DMA_INITIATOR_inst_0/DMA_INITIATOR_0/MstConvertor_loop[0].mstrconv/mstrDWC/genblk1.MstUpConv/DWC_AWChan/SLAVE_AADDR[28]:D
  Delay (ns):              0.150
  Slack (ns):              0.076
  Arrival (ns):            3.787
  Required (ns):           3.711
  Operating Conditions: fast_hv_lt

Path 75
  From: FIC_0_PERIPHERALS_0/DMA_CONTROLLER_inst_0/DMA_CONTROLLER_0/U_AXI4INITIATORDMACtrl/AWADDRReg[25]:CLK
  To:   FIC_0_PERIPHERALS_0/DMA_INITIATOR_inst_0/DMA_INITIATOR_0/MstConvertor_loop[0].mstrconv/mstrDWC/genblk1.MstUpConv/DWC_UpConv_preCalcAChannel_aw_inst/MASTER_AADDR_out[25]:D
  Delay (ns):              0.150
  Slack (ns):              0.076
  Arrival (ns):            3.806
  Required (ns):           3.730
  Operating Conditions: fast_hv_lt

Path 76
  From: CLOCKS_AND_RESETS_0/RESET_FIC_0_CLK/CORERESET_0/dff_13[0]:CLK
  To:   CLOCKS_AND_RESETS_0/RESET_FIC_0_CLK/CORERESET_0/dff_14[0]:D
  Delay (ns):              0.150
  Slack (ns):              0.076
  Arrival (ns):            3.834
  Required (ns):           3.758
  Operating Conditions: fast_hv_lt

Path 77
  From: FIC_0_PERIPHERALS_0/security_core_0/sbox/y_lo_r1[1][1]:CLK
  To:   FIC_0_PERIPHERALS_0/security_core_0/sbox/y_lo_r2[1][1]:D
  Delay (ns):              0.154
  Slack (ns):              0.077
  Arrival (ns):            3.793
  Required (ns):           3.716
  Operating Conditions: fast_hv_lt

Path 78
  From: FIC_0_PERIPHERALS_0/security_core_0/hash_block_9[4]:CLK
  To:   FIC_0_PERIPHERALS_0/security_core_0/hash_block_10[4]:D
  Delay (ns):              0.151
  Slack (ns):              0.077
  Arrival (ns):            3.809
  Required (ns):           3.732
  Operating Conditions: fast_hv_lt

Path 79
  From: FIC_0_PERIPHERALS_0/security_core_0/hash_block_9[25]:CLK
  To:   FIC_0_PERIPHERALS_0/security_core_0/hash_block_10[25]:D
  Delay (ns):              0.154
  Slack (ns):              0.077
  Arrival (ns):            3.831
  Required (ns):           3.754
  Operating Conditions: fast_hv_lt

Path 80
  From: FIC_0_PERIPHERALS_0/security_core_0/hash_block_8[5]:CLK
  To:   FIC_0_PERIPHERALS_0/security_core_0/hash_block_9[5]:D
  Delay (ns):              0.151
  Slack (ns):              0.077
  Arrival (ns):            3.803
  Required (ns):           3.726
  Operating Conditions: fast_hv_lt

Path 81
  From: FIC_0_PERIPHERALS_0/security_core_0/hash_block_7[14]:CLK
  To:   FIC_0_PERIPHERALS_0/security_core_0/hash_block_8[14]:D
  Delay (ns):              0.151
  Slack (ns):              0.077
  Arrival (ns):            3.833
  Required (ns):           3.756
  Operating Conditions: fast_hv_lt

Path 82
  From: FIC_0_PERIPHERALS_0/security_core_0/hash_block_4[16]:CLK
  To:   FIC_0_PERIPHERALS_0/security_core_0/hash_block_5[16]:D
  Delay (ns):              0.154
  Slack (ns):              0.077
  Arrival (ns):            3.804
  Required (ns):           3.727
  Operating Conditions: fast_hv_lt

Path 83
  From: FIC_0_PERIPHERALS_0/security_core_0/hash_block_4[15]:CLK
  To:   FIC_0_PERIPHERALS_0/security_core_0/hash_core/buffer[143]:D
  Delay (ns):              0.151
  Slack (ns):              0.077
  Arrival (ns):            3.811
  Required (ns):           3.734
  Operating Conditions: fast_hv_lt

Path 84
  From: FIC_0_PERIPHERALS_0/security_core_0/hash_block_3[7]:CLK
  To:   FIC_0_PERIPHERALS_0/security_core_0/hash_block_4[7]:D
  Delay (ns):              0.150
  Slack (ns):              0.077
  Arrival (ns):            3.793
  Required (ns):           3.716
  Operating Conditions: fast_hv_lt

Path 85
  From: FIC_0_PERIPHERALS_0/security_core_0/hash_block_11[13]:CLK
  To:   FIC_0_PERIPHERALS_0/security_core_0/hash_block_12[13]:D
  Delay (ns):              0.151
  Slack (ns):              0.077
  Arrival (ns):            3.814
  Required (ns):           3.737
  Operating Conditions: fast_hv_lt

Path 86
  From: FIC_0_PERIPHERALS_0/DMA_INITIATOR_inst_0/DMA_INITIATOR_0/MstConvertor_loop[0].mstrconv/mstrDWC/genblk1.MstUpConv/DWC_UpConv_preCalcAChannel_aw_inst/MASTER_AADDR_out[12]:CLK
  To:   FIC_0_PERIPHERALS_0/DMA_INITIATOR_inst_0/DMA_INITIATOR_0/MstConvertor_loop[0].mstrconv/mstrDWC/genblk1.MstUpConv/DWC_AWChan/SLAVE_AADDR[12]:D
  Delay (ns):              0.151
  Slack (ns):              0.077
  Arrival (ns):            3.788
  Required (ns):           3.711
  Operating Conditions: fast_hv_lt

Path 87
  From: CLOCKS_AND_RESETS_0/RESET_FIC_0_CLK/CORERESET_0/dff_14[0]:CLK
  To:   CLOCKS_AND_RESETS_0/RESET_FIC_0_CLK/CORERESET_0/dff_15[0]:D
  Delay (ns):              0.151
  Slack (ns):              0.077
  Arrival (ns):            3.835
  Required (ns):           3.758
  Operating Conditions: fast_hv_lt

Path 88
  From: CLOCKS_AND_RESETS_0/RESET_FIC_0_CLK/CORERESET_0/dff_12[0]:CLK
  To:   CLOCKS_AND_RESETS_0/RESET_FIC_0_CLK/CORERESET_0/dff_13[0]:D
  Delay (ns):              0.151
  Slack (ns):              0.077
  Arrival (ns):            3.835
  Required (ns):           3.758
  Operating Conditions: fast_hv_lt

Path 89
  From: FIC_0_PERIPHERALS_0/security_core_0/sbox/y_hi_r2[1][1]:CLK
  To:   FIC_0_PERIPHERALS_0/security_core_0/sbox/y_hi_r3[1][1]:D
  Delay (ns):              0.155
  Slack (ns):              0.078
  Arrival (ns):            3.798
  Required (ns):           3.720
  Operating Conditions: fast_hv_lt

Path 90
  From: FIC_0_PERIPHERALS_0/security_core_0/sbox/y_hi_r0[2][0]:CLK
  To:   FIC_0_PERIPHERALS_0/security_core_0/sbox/y_hi_r1[2][0]:D
  Delay (ns):              0.155
  Slack (ns):              0.078
  Arrival (ns):            3.823
  Required (ns):           3.745
  Operating Conditions: fast_hv_lt

Path 91
  From: FIC_0_PERIPHERALS_0/security_core_0/sbox/y_hi_r0[0][1]:CLK
  To:   FIC_0_PERIPHERALS_0/security_core_0/sbox/y_hi_r1[0][1]:D
  Delay (ns):              0.155
  Slack (ns):              0.078
  Arrival (ns):            3.795
  Required (ns):           3.717
  Operating Conditions: fast_hv_lt

Path 92
  From: FIC_0_PERIPHERALS_0/security_core_0/rng/trng_acc_0/seed_o_2[6]:CLK
  To:   FIC_0_PERIPHERALS_0/security_core_0/rng/trng_acc_0/seed_o_3[6]:D
  Delay (ns):              0.155
  Slack (ns):              0.078
  Arrival (ns):            3.815
  Required (ns):           3.737
  Operating Conditions: fast_hv_lt

Path 93
  From: FIC_0_PERIPHERALS_0/security_core_0/rng/neoTRNG_0/entropy_cell_gen.1.neoTRNG_cell_inst/sreg_3[0]:CLK
  To:   FIC_0_PERIPHERALS_0/security_core_0/rng/neoTRNG_0/entropy_cell_gen.1.neoTRNG_cell_inst/sreg_4[0]:D
  Delay (ns):              0.152
  Slack (ns):              0.078
  Arrival (ns):            3.816
  Required (ns):           3.738
  Operating Conditions: fast_hv_lt

Path 94
  From: FIC_0_PERIPHERALS_0/security_core_0/hash_block_8[2]:CLK
  To:   FIC_0_PERIPHERALS_0/security_core_0/hash_core/buffer[258]:D
  Delay (ns):              0.154
  Slack (ns):              0.078
  Arrival (ns):            3.809
  Required (ns):           3.731
  Operating Conditions: fast_hv_lt

Path 95
  From: FIC_0_PERIPHERALS_0/security_core_0/hash_block_7[2]:CLK
  To:   FIC_0_PERIPHERALS_0/security_core_0/hash_block_8[2]:D
  Delay (ns):              0.155
  Slack (ns):              0.078
  Arrival (ns):            3.810
  Required (ns):           3.732
  Operating Conditions: fast_hv_lt

Path 96
  From: FIC_0_PERIPHERALS_0/security_core_0/hash_block_6[20]:CLK
  To:   FIC_0_PERIPHERALS_0/security_core_0/hash_block_7[20]:D
  Delay (ns):              0.155
  Slack (ns):              0.078
  Arrival (ns):            3.808
  Required (ns):           3.730
  Operating Conditions: fast_hv_lt

Path 97
  From: FIC_0_PERIPHERALS_0/security_core_0/hash_block_15[0]:CLK
  To:   FIC_0_PERIPHERALS_0/security_core_0/hash_core/buffer[480]:D
  Delay (ns):              0.155
  Slack (ns):              0.078
  Arrival (ns):            3.835
  Required (ns):           3.757
  Operating Conditions: fast_hv_lt

Path 98
  From: FIC_0_PERIPHERALS_0/security_core_0/hash_block_13[19]:CLK
  To:   FIC_0_PERIPHERALS_0/security_core_0/hash_block_14[19]:D
  Delay (ns):              0.152
  Slack (ns):              0.078
  Arrival (ns):            3.793
  Required (ns):           3.715
  Operating Conditions: fast_hv_lt

Path 99
  From: FIC_0_PERIPHERALS_0/security_core_0/hash_block_12[7]:CLK
  To:   FIC_0_PERIPHERALS_0/security_core_0/hash_block_13[7]:D
  Delay (ns):              0.152
  Slack (ns):              0.078
  Arrival (ns):            3.796
  Required (ns):           3.718
  Operating Conditions: fast_hv_lt

Path 100
  From: FIC_0_PERIPHERALS_0/security_core_0/hash_block_11[7]:CLK
  To:   FIC_0_PERIPHERALS_0/security_core_0/hash_block_12[7]:D
  Delay (ns):              0.152
  Slack (ns):              0.078
  Arrival (ns):            3.796
  Required (ns):           3.718
  Operating Conditions: fast_hv_lt

