Timing Violation Report Max Delay Analysis

SmartTime Version 2025.2
Microchip Technology Inc. - Microchip Libero Software Release 2025.2 (Version 2025.2.0.14)
Date: Wed Apr  8 21:10:49 2026


Design: MPFS_DISCOVERY_KIT
Family: PolarFireSoC
Die: MPFS095T
Package: FCSG325
Temperature Range: 0 - 100 C
Voltage Range: 0.97 - 1.03 V
Speed Grade: -1
Design State: Post-Layout
Data source: Production
Multi Corner Report Operating Conditions: slow_lv_lt,fast_hv_lt,slow_lv_ht


Path 1
  From: MIPI_CAMERA_0/mipicsi2rxdecoderPF_C0_0/MSC_i_0/sot_r1_pclk:CLK
  To:   MIPI_CAMERA_0/mipicsi2rxdecoderPF_C0_0/MSC_i_0/sot_r0_cclk:EN
  Delay (ns):              0.651
  Slack (ns):             -0.237
  Arrival (ns):            7.716
  Required (ns):           7.479
  Operating Conditions: slow_lv_ht

Path 2
  From: CLOCKS_AND_RESETS_0/RESET_FIC_0_CLK/CORERESET_0/dff_15[0]:CLK
  To:   MIPI_CAMERA_0/VDMA_C0_0/VDMA_C0_0/dma_top_0/vdma_ip_reset_0/synchronizer_circuit_2stage_video_clk/sync_out_o:ALn
  Delay (ns):              2.534
  Slack (ns):             -0.136
  Arrival (ns):           10.121
  Required (ns):           9.985
  Operating Conditions: slow_lv_ht

Path 3
  From: CLOCKS_AND_RESETS_0/RESET_FIC_0_CLK/CORERESET_0/dff_15[0]:CLK
  To:   MIPI_CAMERA_0/mipicsi2rxdecoderPF_C0_0/MSC_i_0/MSC_i_4/MSC_i_10/crc_error_reg1:ALn
  Delay (ns):              2.427
  Slack (ns):             -0.038
  Arrival (ns):           10.014
  Required (ns):           9.976
  Operating Conditions: slow_lv_ht

Path 4
  From: CLOCKS_AND_RESETS_0/RESET_FIC_0_CLK/CORERESET_0/dff_15[0]:CLK
  To:   MIPI_CAMERA_0/mipicsi2rxdecoderPF_C0_0/MSC_i_0/r_int_dly2:ALn
  Delay (ns):              2.361
  Slack (ns):              0.027
  Arrival (ns):            9.948
  Required (ns):           9.975
  Operating Conditions: slow_lv_ht

Path 5
  From: CLOCKS_AND_RESETS_0/RESET_FIC_0_CLK/CORERESET_0/dff_15[0]:CLK
  To:   MIPI_CAMERA_0/mipicsi2rxdecoderPF_C0_0/MSC_i_0/MSC_i_4/MSC_i_10/ecc_error_reg1:ALn
  Delay (ns):              2.332
  Slack (ns):              0.047
  Arrival (ns):            9.919
  Required (ns):           9.966
  Operating Conditions: slow_lv_ht

Path 6
  From: CLOCKS_AND_RESETS_0/RESET_FIC_0_CLK/CORERESET_0/dff_15[0]:CLK
  To:   MIPI_CAMERA_0/mipicsi2rxdecoderPF_C0_0/MSC_i_0/MSC_i_4/MSC_i_10/MSC_i_12/MSC_i_13/MSC_i_14/ram_block_ram_block_0_0/INST_RAM1K20_IP:A_DOUT_ARST_N
  Delay (ns):              2.453
  Slack (ns):              0.053
  Arrival (ns):           10.040
  Required (ns):          10.093
  Operating Conditions: slow_lv_ht

Path 7
  From: CLOCKS_AND_RESETS_0/RESET_FIC_0_CLK/CORERESET_0/dff_15[0]:CLK
  To:   MIPI_CAMERA_0/mipicsi2rxdecoderPF_C0_0/MSC_i_0/r_isr[4]:ALn
  Delay (ns):              2.321
  Slack (ns):              0.067
  Arrival (ns):            9.908
  Required (ns):           9.975
  Operating Conditions: slow_lv_ht

Path 8
  From: CLOCKS_AND_RESETS_0/RESET_FIC_0_CLK/CORERESET_0/dff_15[0]:CLK
  To:   MIPI_CAMERA_0/mipicsi2rxdecoderPF_C0_0/MSC_i_0/r_isr[2]:ALn
  Delay (ns):              2.320
  Slack (ns):              0.068
  Arrival (ns):            9.907
  Required (ns):           9.975
  Operating Conditions: slow_lv_ht

Path 9
  From: CLOCKS_AND_RESETS_0/RESET_FIC_0_CLK/CORERESET_0/dff_15[0]:CLK
  To:   MIPI_CAMERA_0/mipicsi2rxdecoderPF_C0_0/MSC_i_0/r_int_dly1:ALn
  Delay (ns):              2.297
  Slack (ns):              0.078
  Arrival (ns):            9.884
  Required (ns):           9.962
  Operating Conditions: slow_lv_ht

Path 10
  From: CLOCKS_AND_RESETS_0/RESET_FIC_0_CLK/CORERESET_0/dff_15[0]:CLK
  To:   MIPI_CAMERA_0/mipicsi2rxdecoderPF_C0_0/MSC_i_0/sot_r1_pclk:ALn
  Delay (ns):              2.335
  Slack (ns):              0.086
  Arrival (ns):            9.922
  Required (ns):          10.008
  Operating Conditions: slow_lv_ht

Path 11
  From: CLOCKS_AND_RESETS_0/RESET_FIC_0_CLK/CORERESET_0/dff_15[0]:CLK
  To:   MIPI_CAMERA_0/VDMA_C0_0/VDMA_C0_0/dma_top_0/vdma_ip_reset_0/synchronizer_circuit_2stage_video_clk/s_data_in:ALn
  Delay (ns):              2.335
  Slack (ns):              0.086
  Arrival (ns):            9.922
  Required (ns):          10.008
  Operating Conditions: slow_lv_ht

Path 12
  From: CLOCKS_AND_RESETS_0/RESET_FIC_0_CLK/CORERESET_0/dff_15[0]:CLK
  To:   MIPI_CAMERA_0/mipicsi2rxdecoderPF_C0_0/MSC_i_0/MSC_i_4/MSC_i_10/MSC_i_12/MSC_i_13/MSC_i_14/ram_block_ram_block_0_1/INST_RAM1K20_IP:A_DOUT_ARST_N
  Delay (ns):              2.416
  Slack (ns):              0.091
  Arrival (ns):           10.003
  Required (ns):          10.094
  Operating Conditions: slow_lv_ht

Path 13
  From: MIPI_CAMERA_0/mipicsi2rxdecoderPF_C0_0/MSC_i_0/sot_r1_pclk:CLK
  To:   MIPI_CAMERA_0/mipicsi2rxdecoderPF_C0_0/MSC_i_0/sot_r0_cclk:D
  Delay (ns):              0.444
  Slack (ns):              0.098
  Arrival (ns):            7.509
  Required (ns):           7.607
  Operating Conditions: slow_lv_ht

Path 14
  From: CLOCKS_AND_RESETS_0/RESET_FIC_0_CLK/CORERESET_0/dff_15[0]:CLK
  To:   MIPI_CAMERA_0/mipicsi2rxdecoderPF_C0_0/MSC_i_0/r_int_dly3:ALn
  Delay (ns):              2.309
  Slack (ns):              0.103
  Arrival (ns):            9.896
  Required (ns):           9.999
  Operating Conditions: slow_lv_ht

Path 15
  From: CLOCKS_AND_RESETS_0/RESET_FIC_0_CLK/CORERESET_0/dff_15[0]:CLK
  To:   MIPI_CAMERA_0/mipicsi2rxdecoderPF_C0_0/MSC_i_0/r_isr[5]:ALn
  Delay (ns):              2.308
  Slack (ns):              0.104
  Arrival (ns):            9.895
  Required (ns):           9.999
  Operating Conditions: slow_lv_ht

Path 16
  From: CLOCKS_AND_RESETS_0/RESET_FIC_0_CLK/CORERESET_0/dff_15[0]:CLK
  To:   MIPI_CAMERA_0/mipicsi2rxdecoderPF_C0_0/MSC_i_0/r_int_dly4:ALn
  Delay (ns):              2.308
  Slack (ns):              0.104
  Arrival (ns):            9.895
  Required (ns):           9.999
  Operating Conditions: slow_lv_ht

Path 17
  From: CLOCKS_AND_RESETS_0/RESET_FIC_0_CLK/CORERESET_0/dff_15[0]:CLK
  To:   MIPI_CAMERA_0/mipicsi2rxdecoderPF_C0_0/MSC_i_0/MSC_i_4/MSC_i_10/MSC_i_12/MSC_i_13/rdaddr_r[0]:ALn
  Delay (ns):              2.253
  Slack (ns):              0.125
  Arrival (ns):            9.840
  Required (ns):           9.965
  Operating Conditions: slow_lv_ht

Path 18
  From: FIC_0_PERIPHERALS_0/security_core_0/hash_core/t_Z[3]:CLK
  To:   FIC_0_PERIPHERALS_0/security_core_0/hash_core/a[30]:D
  Delay (ns):              7.648
  Slack (ns):              0.160
  Arrival (ns):           15.296
  Required (ns):          15.456
  Operating Conditions: slow_lv_ht

Path 19
  From: CLOCKS_AND_RESETS_0/RESET_FIC_0_CLK/CORERESET_0/dff_15[0]:CLK
  To:   MIPI_CAMERA_0/mipicsi2rxdecoderPF_C0_0/MSC_i_0/r_isr[6]:ALn
  Delay (ns):              2.202
  Slack (ns):              0.185
  Arrival (ns):            9.789
  Required (ns):           9.974
  Operating Conditions: slow_lv_ht

Path 20
  From: FIC_0_PERIPHERALS_0/security_core_0/hash_core/t_Z[5]:CLK
  To:   FIC_0_PERIPHERALS_0/security_core_0/hash_core/a[30]:D
  Delay (ns):              7.623
  Slack (ns):              0.188
  Arrival (ns):           15.268
  Required (ns):          15.456
  Operating Conditions: slow_lv_ht

Path 21
  From: CLOCKS_AND_RESETS_0/RESET_FIC_0_CLK/CORERESET_0/dff_15[0]:CLK
  To:   MIPI_CAMERA_0/VDMA_C0_0/VDMA_C0_0/dma_top_0/vdma_ip_reset_0/synchronizer_circuit_2stage_video_clk/s_data_in:D
  Delay (ns):              2.419
  Slack (ns):              0.198
  Arrival (ns):           10.006
  Required (ns):          10.204
  Operating Conditions: slow_lv_ht

Path 22
  From: MIPI_CAMERA_0/mipicsi2rxdecoderPF_C0_0/MSC_i_0/MSC_i_4/MSC_i_10/ecc_error_reg1:CLK
  To:   MIPI_CAMERA_0/mipicsi2rxdecoderPF_C0_0/MSC_i_0/MSC_i_4/MSC_i_10/error_done_cclk_reg0:D
  Delay (ns):              0.350
  Slack (ns):              0.201
  Arrival (ns):            7.383
  Required (ns):           7.584
  Operating Conditions: slow_lv_ht

Path 23
  From: MIPI_CAMERA_0/mipicsi2rxdecoderPF_C0_0/MSC_i_0/MSC_i_4/MSC_i_10/crc_error_reg1:CLK
  To:   MIPI_CAMERA_0/mipicsi2rxdecoderPF_C0_0/MSC_i_0/MSC_i_4/MSC_i_10/crc_err_done_clk_reg0:D
  Delay (ns):              0.353
  Slack (ns):              0.203
  Arrival (ns):            7.381
  Required (ns):           7.584
  Operating Conditions: slow_lv_ht

Path 24
  From: FIC_0_PERIPHERALS_0/security_core_0/hash_core/t_Z[3]:CLK
  To:   FIC_0_PERIPHERALS_0/security_core_0/hash_core/a[27]:D
  Delay (ns):              7.604
  Slack (ns):              0.205
  Arrival (ns):           15.252
  Required (ns):          15.457
  Operating Conditions: slow_lv_ht

Path 25
  From: FIC_0_PERIPHERALS_0/security_core_0/hash_core/t_Z[5]:CLK
  To:   FIC_0_PERIPHERALS_0/security_core_0/hash_core/a[27]:D
  Delay (ns):              7.592
  Slack (ns):              0.220
  Arrival (ns):           15.237
  Required (ns):          15.457
  Operating Conditions: slow_lv_ht

Path 26
  From: FIC_0_PERIPHERALS_0/security_core_0/hash_core/t_Z[3]:CLK
  To:   FIC_0_PERIPHERALS_0/security_core_0/hash_core/a[31]:D
  Delay (ns):              7.571
  Slack (ns):              0.220
  Arrival (ns):           15.219
  Required (ns):          15.439
  Operating Conditions: slow_lv_ht

Path 27
  From: FIC_0_PERIPHERALS_0/security_core_0/hash_core/t_Z[3]:CLK
  To:   FIC_0_PERIPHERALS_0/security_core_0/hash_core/a[28]:D
  Delay (ns):              7.582
  Slack (ns):              0.227
  Arrival (ns):           15.230
  Required (ns):          15.457
  Operating Conditions: slow_lv_ht

Path 28
  From: FIC_0_PERIPHERALS_0/security_core_0/hash_core/t_fast[1]:CLK
  To:   FIC_0_PERIPHERALS_0/security_core_0/hash_core/a[30]:D
  Delay (ns):              7.572
  Slack (ns):              0.238
  Arrival (ns):           15.218
  Required (ns):          15.456
  Operating Conditions: slow_lv_ht

Path 29
  From: FIC_0_PERIPHERALS_0/security_core_0/hash_core/t_Z[5]:CLK
  To:   FIC_0_PERIPHERALS_0/security_core_0/hash_core/a[31]:D
  Delay (ns):              7.553
  Slack (ns):              0.241
  Arrival (ns):           15.198
  Required (ns):          15.439
  Operating Conditions: slow_lv_ht

Path 30
  From: FIC_0_PERIPHERALS_0/security_core_0/hash_core/t_Z[3]:CLK
  To:   FIC_0_PERIPHERALS_0/security_core_0/hash_core/a[29]:D
  Delay (ns):              7.559
  Slack (ns):              0.249
  Arrival (ns):           15.207
  Required (ns):          15.456
  Operating Conditions: slow_lv_ht

Path 31
  From: FIC_0_PERIPHERALS_0/security_core_0/hash_core/t_Z[5]:CLK
  To:   FIC_0_PERIPHERALS_0/security_core_0/hash_core/a[28]:D
  Delay (ns):              7.558
  Slack (ns):              0.254
  Arrival (ns):           15.203
  Required (ns):          15.457
  Operating Conditions: slow_lv_ht

Path 32
  From: FIC_0_PERIPHERALS_0/security_core_0/hash_core/t_Z[4]:CLK
  To:   FIC_0_PERIPHERALS_0/security_core_0/hash_core/a[30]:D
  Delay (ns):              7.544
  Slack (ns):              0.267
  Arrival (ns):           15.189
  Required (ns):          15.456
  Operating Conditions: slow_lv_ht

Path 33
  From: FIC_0_PERIPHERALS_0/security_core_0/hash_core/t_fast[1]:CLK
  To:   FIC_0_PERIPHERALS_0/security_core_0/hash_core/a[27]:D
  Delay (ns):              7.541
  Slack (ns):              0.270
  Arrival (ns):           15.187
  Required (ns):          15.457
  Operating Conditions: slow_lv_ht

Path 34
  From: FIC_0_PERIPHERALS_0/security_core_0/hash_core/t_Z[3]:CLK
  To:   FIC_0_PERIPHERALS_0/security_core_0/hash_core/a[24]:D
  Delay (ns):              7.536
  Slack (ns):              0.273
  Arrival (ns):           15.184
  Required (ns):          15.457
  Operating Conditions: slow_lv_ht

Path 35
  From: FIC_0_PERIPHERALS_0/security_core_0/hash_core/t_Z[5]:CLK
  To:   FIC_0_PERIPHERALS_0/security_core_0/hash_core/a[29]:D
  Delay (ns):              7.535
  Slack (ns):              0.276
  Arrival (ns):           15.180
  Required (ns):          15.456
  Operating Conditions: slow_lv_ht

Path 36
  From: MIPI_CAMERA_0/VDMA_C0_0/VDMA_C0_0/dma_top_0/vdma_write_0/buff_addr_fifo/RAM2PORT_ASYNC_FIFO_INST/ram_ram_0_0/INST_RAM1K20_IP:A_CLK
  To:   MIPI_CAMERA_0/VDMA_C0_0/VDMA_C0_0/dma_top_0/vdma_write_0/ddr_write_vdma/ddr_write_controller_vdma_0/write_start_addr_o_1[35]:D
  Delay (ns):              1.794
  Slack (ns):              0.287
  Arrival (ns):            9.029
  Required (ns):           9.316
  Operating Conditions: slow_lv_ht

Path 37
  From: FIC_0_PERIPHERALS_0/security_core_0/hash_core/t_Z[3]:CLK
  To:   FIC_0_PERIPHERALS_0/security_core_0/hash_core/a[25]:D
  Delay (ns):              7.521
  Slack (ns):              0.288
  Arrival (ns):           15.169
  Required (ns):          15.457
  Operating Conditions: slow_lv_ht

Path 38
  From: MIPI_CAMERA_0/VDMA_C0_0/VDMA_C0_0/dma_top_0/vdma_write_0/buff_addr_fifo/RAM2PORT_ASYNC_FIFO_INST/ram_ram_0_0/INST_RAM1K20_IP:A_CLK
  To:   MIPI_CAMERA_0/VDMA_C0_0/VDMA_C0_0/dma_top_0/vdma_write_0/ddr_write_vdma/ddr_write_controller_vdma_0/write_start_addr_o_1[37]:D
  Delay (ns):              1.791
  Slack (ns):              0.291
  Arrival (ns):            9.026
  Required (ns):           9.317
  Operating Conditions: slow_lv_ht

Path 39
  From: FIC_0_PERIPHERALS_0/security_core_0/hash_core/t_fast[1]:CLK
  To:   FIC_0_PERIPHERALS_0/security_core_0/hash_core/a[31]:D
  Delay (ns):              7.502
  Slack (ns):              0.291
  Arrival (ns):           15.148
  Required (ns):          15.439
  Operating Conditions: slow_lv_ht

Path 40
  From: FIC_0_PERIPHERALS_0/security_core_0/hash_core/t_Z[3]:CLK
  To:   FIC_0_PERIPHERALS_0/security_core_0/hash_core/a[26]:D
  Delay (ns):              7.521
  Slack (ns):              0.291
  Arrival (ns):           15.169
  Required (ns):          15.460
  Operating Conditions: slow_lv_ht

Path 41
  From: FIC_0_PERIPHERALS_0/security_core_0/hash_core/t_fast[2]:CLK
  To:   FIC_0_PERIPHERALS_0/security_core_0/hash_core/a[30]:D
  Delay (ns):              7.517
  Slack (ns):              0.293
  Arrival (ns):           15.163
  Required (ns):          15.456
  Operating Conditions: slow_lv_ht

Path 42
  From: CLOCKS_AND_RESETS_0/RESET_FIC_0_CLK/CORERESET_0/dff_15[0]:CLK
  To:   MIPI_CAMERA_0/mipicsi2rxdecoderPF_C0_0/MSC_i_0/GL_IPT_EN_reg:ALn
  Delay (ns):              2.106
  Slack (ns):              0.298
  Arrival (ns):            9.693
  Required (ns):           9.991
  Operating Conditions: slow_lv_ht

Path 43
  From: FIC_0_PERIPHERALS_0/security_core_0/hash_core/t_Z[4]:CLK
  To:   FIC_0_PERIPHERALS_0/security_core_0/hash_core/a[27]:D
  Delay (ns):              7.513
  Slack (ns):              0.299
  Arrival (ns):           15.158
  Required (ns):          15.457
  Operating Conditions: slow_lv_ht

Path 44
  From: FIC_0_PERIPHERALS_0/security_core_0/hash_core/t_fast[1]:CLK
  To:   FIC_0_PERIPHERALS_0/security_core_0/hash_core/a[28]:D
  Delay (ns):              7.507
  Slack (ns):              0.304
  Arrival (ns):           15.153
  Required (ns):          15.457
  Operating Conditions: slow_lv_ht

Path 45
  From: FIC_0_PERIPHERALS_0/security_core_0/hash_core/t_Z[5]:CLK
  To:   FIC_0_PERIPHERALS_0/security_core_0/hash_core/a[26]:D
  Delay (ns):              7.510
  Slack (ns):              0.305
  Arrival (ns):           15.155
  Required (ns):          15.460
  Operating Conditions: slow_lv_ht

Path 46
  From: FIC_0_PERIPHERALS_0/security_core_0/hash_core/t_Z[3]:CLK
  To:   FIC_0_PERIPHERALS_0/security_core_0/hash_core/a[21]:D
  Delay (ns):              7.497
  Slack (ns):              0.305
  Arrival (ns):           15.145
  Required (ns):          15.450
  Operating Conditions: slow_lv_ht

Path 47
  From: FIC_0_PERIPHERALS_0/security_core_0/hash_core/t_Z[3]:CLK
  To:   FIC_0_PERIPHERALS_0/security_core_0/hash_core/a[22]:D
  Delay (ns):              7.494
  Slack (ns):              0.308
  Arrival (ns):           15.142
  Required (ns):          15.450
  Operating Conditions: slow_lv_ht

Path 48
  From: MIPI_CAMERA_0/VDMA_C0_0/VDMA_C0_0/dma_top_0/vdma_write_0/buff_addr_fifo/RAM2PORT_ASYNC_FIFO_INST/ram_ram_0_0/INST_RAM1K20_IP:A_CLK
  To:   MIPI_CAMERA_0/VDMA_C0_0/VDMA_C0_0/dma_top_0/vdma_write_0/ddr_write_vdma/ddr_write_controller_vdma_0/write_start_addr_o_1[32]:D
  Delay (ns):              1.768
  Slack (ns):              0.313
  Arrival (ns):            9.003
  Required (ns):           9.316
  Operating Conditions: slow_lv_ht

Path 49
  From: CLOCKS_AND_RESETS_0/RESET_FIC_0_CLK/CORERESET_0/dff_15[0]:CLK
  To:   MIPI_CAMERA_0/mipicsi2rxdecoderPF_C0_0/MSC_i_0/L0_lp_data_pclk1:ALn
  Delay (ns):              2.082
  Slack (ns):              0.319
  Arrival (ns):            9.669
  Required (ns):           9.988
  Operating Conditions: slow_lv_ht

Path 50
  From: MIPI_CAMERA_0/VDMA_C0_0/VDMA_C0_0/dma_top_0/vdma_write_0/buff_addr_fifo/RAM2PORT_ASYNC_FIFO_INST/ram_ram_0_0/INST_RAM1K20_IP:A_CLK
  To:   MIPI_CAMERA_0/VDMA_C0_0/VDMA_C0_0/dma_top_0/vdma_write_0/ddr_write_vdma/ddr_write_controller_vdma_0/write_start_addr_o_1[34]:D
  Delay (ns):              1.761
  Slack (ns):              0.320
  Arrival (ns):            8.996
  Required (ns):           9.316
  Operating Conditions: slow_lv_ht

Path 51
  From: FIC_0_PERIPHERALS_0/security_core_0/hash_core/t_Z[4]:CLK
  To:   FIC_0_PERIPHERALS_0/security_core_0/hash_core/a[31]:D
  Delay (ns):              7.474
  Slack (ns):              0.320
  Arrival (ns):           15.119
  Required (ns):          15.439
  Operating Conditions: slow_lv_ht

Path 52
  From: CLOCKS_AND_RESETS_0/RESET_FIC_0_CLK/CORERESET_0/dff_15[0]:CLK
  To:   MIPI_CAMERA_0/mipicsi2rxdecoderPF_C0_0/MSC_i_0/wait_cnt[3]:ALn
  Delay (ns):              2.081
  Slack (ns):              0.320
  Arrival (ns):            9.668
  Required (ns):           9.988
  Operating Conditions: slow_lv_ht

Path 53
  From: CLOCKS_AND_RESETS_0/RESET_FIC_0_CLK/CORERESET_0/dff_15[0]:CLK
  To:   MIPI_CAMERA_0/mipicsi2rxdecoderPF_C0_0/MSC_i_0/wait_cnt[2]:ALn
  Delay (ns):              2.081
  Slack (ns):              0.320
  Arrival (ns):            9.668
  Required (ns):           9.988
  Operating Conditions: slow_lv_ht

Path 54
  From: CLOCKS_AND_RESETS_0/RESET_FIC_0_CLK/CORERESET_0/dff_15[0]:CLK
  To:   MIPI_CAMERA_0/mipicsi2rxdecoderPF_C0_0/MSC_i_0/wait_cnt[0]:ALn
  Delay (ns):              2.081
  Slack (ns):              0.320
  Arrival (ns):            9.668
  Required (ns):           9.988
  Operating Conditions: slow_lv_ht

Path 55
  From: CLOCKS_AND_RESETS_0/RESET_FIC_0_CLK/CORERESET_0/dff_15[0]:CLK
  To:   MIPI_CAMERA_0/mipicsi2rxdecoderPF_C0_0/MSC_i_0/wait_cnt[1]:ALn
  Delay (ns):              2.080
  Slack (ns):              0.321
  Arrival (ns):            9.667
  Required (ns):           9.988
  Operating Conditions: slow_lv_ht

Path 56
  From: FIC_0_PERIPHERALS_0/security_core_0/hash_core/t_fast[2]:CLK
  To:   FIC_0_PERIPHERALS_0/security_core_0/hash_core/a[27]:D
  Delay (ns):              7.486
  Slack (ns):              0.325
  Arrival (ns):           15.132
  Required (ns):          15.457
  Operating Conditions: slow_lv_ht

Path 57
  From: FIC_0_PERIPHERALS_0/security_core_0/hash_core/t_fast[1]:CLK
  To:   FIC_0_PERIPHERALS_0/security_core_0/hash_core/a[29]:D
  Delay (ns):              7.484
  Slack (ns):              0.326
  Arrival (ns):           15.130
  Required (ns):          15.456
  Operating Conditions: slow_lv_ht

Path 58
  From: FIC_0_PERIPHERALS_0/security_core_0/hash_core/t_Z[4]:CLK
  To:   FIC_0_PERIPHERALS_0/security_core_0/hash_core/a[28]:D
  Delay (ns):              7.479
  Slack (ns):              0.333
  Arrival (ns):           15.124
  Required (ns):          15.457
  Operating Conditions: slow_lv_ht

Path 59
  From: MIPI_CAMERA_0/VDMA_C0_0/VDMA_C0_0/dma_top_0/vdma_write_0/buff_addr_fifo/RAM2PORT_ASYNC_FIFO_INST/ram_ram_0_0/INST_RAM1K20_IP:A_CLK
  To:   MIPI_CAMERA_0/VDMA_C0_0/VDMA_C0_0/dma_top_0/vdma_write_0/ddr_write_vdma/ddr_write_controller_vdma_0/write_start_addr_o_1[29]:D
  Delay (ns):              1.739
  Slack (ns):              0.342
  Arrival (ns):            8.974
  Required (ns):           9.316
  Operating Conditions: slow_lv_ht

Path 60
  From: MIPI_CAMERA_0/VDMA_C0_0/VDMA_C0_0/dma_top_0/vdma_write_0/buff_addr_fifo/RAM2PORT_ASYNC_FIFO_INST/ram_ram_0_0/INST_RAM1K20_IP:A_CLK
  To:   MIPI_CAMERA_0/VDMA_C0_0/VDMA_C0_0/dma_top_0/vdma_write_0/ddr_write_vdma/ddr_write_controller_vdma_0/write_start_addr_o_1[36]:D
  Delay (ns):              1.739
  Slack (ns):              0.343
  Arrival (ns):            8.974
  Required (ns):           9.317
  Operating Conditions: slow_lv_ht

Path 61
  From: MIPI_CAMERA_0/VDMA_C0_0/VDMA_C0_0/dma_top_0/vdma_write_0/buff_addr_fifo/RAM2PORT_ASYNC_FIFO_INST/ram_ram_0_0/INST_RAM1K20_IP:A_CLK
  To:   MIPI_CAMERA_0/VDMA_C0_0/VDMA_C0_0/dma_top_0/vdma_write_0/ddr_write_vdma/ddr_write_controller_vdma_0/write_start_addr_o_1[31]:D
  Delay (ns):              1.737
  Slack (ns):              0.344
  Arrival (ns):            8.972
  Required (ns):           9.316
  Operating Conditions: slow_lv_ht

Path 62
  From: FIC_0_PERIPHERALS_0/security_core_0/hash_core/t_fast[2]:CLK
  To:   FIC_0_PERIPHERALS_0/security_core_0/hash_core/a[31]:D
  Delay (ns):              7.447
  Slack (ns):              0.346
  Arrival (ns):           15.093
  Required (ns):          15.439
  Operating Conditions: slow_lv_ht

Path 63
  From: FIC_0_PERIPHERALS_0/security_core_0/hash_core/t_Z[5]:CLK
  To:   FIC_0_PERIPHERALS_0/security_core_0/hash_core/a[25]:D
  Delay (ns):              7.460
  Slack (ns):              0.352
  Arrival (ns):           15.105
  Required (ns):          15.457
  Operating Conditions: slow_lv_ht

Path 64
  From: CLOCKS_AND_RESETS_0/RESET_FIC_0_CLK/CORERESET_0/dff_15[0]:CLK
  To:   MIPI_CAMERA_0/mipicsi2rxdecoderPF_C0_0/MSC_i_0/r_isr[1]:ALn
  Delay (ns):              2.054
  Slack (ns):              0.353
  Arrival (ns):            9.641
  Required (ns):           9.994
  Operating Conditions: slow_lv_ht

Path 65
  From: FIC_0_PERIPHERALS_0/security_core_0/hash_core/t_fast[1]:CLK
  To:   FIC_0_PERIPHERALS_0/security_core_0/hash_core/a[26]:D
  Delay (ns):              7.459
  Slack (ns):              0.355
  Arrival (ns):           15.105
  Required (ns):          15.460
  Operating Conditions: slow_lv_ht

Path 66
  From: FIC_0_PERIPHERALS_0/security_core_0/hash_core/t_Z[4]:CLK
  To:   FIC_0_PERIPHERALS_0/security_core_0/hash_core/a[29]:D
  Delay (ns):              7.456
  Slack (ns):              0.355
  Arrival (ns):           15.101
  Required (ns):          15.456
  Operating Conditions: slow_lv_ht

Path 67
  From: FIC_0_PERIPHERALS_0/security_core_0/hash_core/t_fast[2]:CLK
  To:   FIC_0_PERIPHERALS_0/security_core_0/hash_core/a[28]:D
  Delay (ns):              7.452
  Slack (ns):              0.359
  Arrival (ns):           15.098
  Required (ns):          15.457
  Operating Conditions: slow_lv_ht

Path 68
  From: FIC_0_PERIPHERALS_0/security_core_0/hash_core/t_Z[3]:CLK
  To:   FIC_0_PERIPHERALS_0/security_core_0/hash_core/a[23]:D
  Delay (ns):              7.447
  Slack (ns):              0.362
  Arrival (ns):           15.095
  Required (ns):          15.457
  Operating Conditions: slow_lv_ht

Path 69
  From: CLOCKS_AND_RESETS_0/RESET_FIC_0_CLK/CORERESET_0/dff_15[0]:CLK
  To:   MIPI_CAMERA_0/mipicsi2rxdecoderPF_C0_0/MSC_i_0/MSC_i_4/MSC_i_10/data_type_reg1_0[1]:ALn
  Delay (ns):              2.020
  Slack (ns):              0.366
  Arrival (ns):            9.607
  Required (ns):           9.973
  Operating Conditions: slow_lv_ht

Path 70
  From: CLOCKS_AND_RESETS_0/RESET_FIC_0_CLK/CORERESET_0/dff_15[0]:CLK
  To:   MIPI_CAMERA_0/mipicsi2rxdecoderPF_C0_0/MSC_i_0/MSC_i_4/MSC_i_10/data_type_o_2[1]:ALn
  Delay (ns):              2.019
  Slack (ns):              0.367
  Arrival (ns):            9.606
  Required (ns):           9.973
  Operating Conditions: slow_lv_ht

Path 71
  From: MIPI_CAMERA_0/VDMA_C0_0/VDMA_C0_0/dma_top_0/vdma_write_0/buff_addr_fifo/RAM2PORT_ASYNC_FIFO_INST/ram_ram_0_0/INST_RAM1K20_IP:A_CLK
  To:   MIPI_CAMERA_0/VDMA_C0_0/VDMA_C0_0/dma_top_0/vdma_write_0/ddr_write_vdma/ddr_write_controller_vdma_0/write_start_addr_o_1[33]:D
  Delay (ns):              1.712
  Slack (ns):              0.369
  Arrival (ns):            8.947
  Required (ns):           9.316
  Operating Conditions: slow_lv_ht

Path 72
  From: MIPI_CAMERA_0/VDMA_C0_0/VDMA_C0_0/dma_top_0/vdma_write_0/buff_addr_fifo/RAM2PORT_ASYNC_FIFO_INST/ram_ram_0_0/INST_RAM1K20_IP:A_CLK
  To:   MIPI_CAMERA_0/VDMA_C0_0/VDMA_C0_0/dma_top_0/vdma_write_0/ddr_write_vdma/ddr_write_controller_vdma_0/write_start_addr_o_1[26]:D
  Delay (ns):              1.710
  Slack (ns):              0.371
  Arrival (ns):            8.945
  Required (ns):           9.316
  Operating Conditions: slow_lv_ht

Path 73
  From: MIPI_CAMERA_0/VDMA_C0_0/VDMA_C0_0/dma_top_0/vdma_write_0/buff_addr_fifo/RAM2PORT_ASYNC_FIFO_INST/ram_ram_0_0/INST_RAM1K20_IP:A_CLK
  To:   MIPI_CAMERA_0/VDMA_C0_0/VDMA_C0_0/dma_top_0/vdma_write_0/ddr_write_vdma/ddr_write_controller_vdma_0/write_start_addr_o_1[28]:D
  Delay (ns):              1.707
  Slack (ns):              0.374
  Arrival (ns):            8.942
  Required (ns):           9.316
  Operating Conditions: slow_lv_ht

Path 74
  From: FIC_0_PERIPHERALS_0/security_core_0/hash_core/t_Z[5]:CLK
  To:   FIC_0_PERIPHERALS_0/security_core_0/hash_core/a[24]:D
  Delay (ns):              7.434
  Slack (ns):              0.378
  Arrival (ns):           15.079
  Required (ns):          15.457
  Operating Conditions: slow_lv_ht

Path 75
  From: FIC_0_PERIPHERALS_0/security_core_0/hash_core/t_Z[3]:CLK
  To:   FIC_0_PERIPHERALS_0/security_core_0/hash_core/a[18]:D
  Delay (ns):              7.430
  Slack (ns):              0.378
  Arrival (ns):           15.078
  Required (ns):          15.456
  Operating Conditions: slow_lv_ht

Path 76
  From: FIC_0_PERIPHERALS_0/security_core_0/hash_core/t_fast[2]:CLK
  To:   FIC_0_PERIPHERALS_0/security_core_0/hash_core/a[29]:D
  Delay (ns):              7.429
  Slack (ns):              0.381
  Arrival (ns):           15.075
  Required (ns):          15.456
  Operating Conditions: slow_lv_ht

Path 77
  From: CLOCKS_AND_RESETS_0/RESET_FIC_0_CLK/CORERESET_0/dff_15[0]:CLK
  To:   MIPI_CAMERA_0/mipicsi2rxdecoderPF_C0_0/MSC_i_0/MSC_i_4/MSC_i_10/data_type_o_2[5]:ALn
  Delay (ns):              1.986
  Slack (ns):              0.383
  Arrival (ns):            9.573
  Required (ns):           9.956
  Operating Conditions: slow_lv_ht

Path 78
  From: FIC_0_PERIPHERALS_0/security_core_0/hash_core/t_Z[4]:CLK
  To:   FIC_0_PERIPHERALS_0/security_core_0/hash_core/a[26]:D
  Delay (ns):              7.431
  Slack (ns):              0.384
  Arrival (ns):           15.076
  Required (ns):          15.460
  Operating Conditions: slow_lv_ht

Path 79
  From: CLOCKS_AND_RESETS_0/RESET_FIC_0_CLK/CORERESET_0/dff_15[0]:CLK
  To:   MIPI_CAMERA_0/mipicsi2rxdecoderPF_C0_0/MSC_i_0/MSC_i_4/MSC_i_10/ecc_error_reg2:ALn
  Delay (ns):              1.985
  Slack (ns):              0.384
  Arrival (ns):            9.572
  Required (ns):           9.956
  Operating Conditions: slow_lv_ht

Path 80
  From: MIPI_CAMERA_0/VDMA_C0_0/VDMA_C0_0/dma_top_0/vdma_write_0/buff_addr_fifo/RAM2PORT_ASYNC_FIFO_INST/ram_ram_0_0/INST_RAM1K20_IP:A_CLK
  To:   MIPI_CAMERA_0/VDMA_C0_0/VDMA_C0_0/dma_top_0/vdma_write_0/ddr_write_vdma/ddr_write_controller_vdma_0/write_start_addr_o_1[30]:D
  Delay (ns):              1.687
  Slack (ns):              0.394
  Arrival (ns):            8.922
  Required (ns):           9.316
  Operating Conditions: slow_lv_ht

Path 81
  From: FIC_0_PERIPHERALS_0/security_core_0/hash_core/t_Z[3]:CLK
  To:   FIC_0_PERIPHERALS_0/security_core_0/hash_core/a[19]:D
  Delay (ns):              7.419
  Slack (ns):              0.398
  Arrival (ns):           15.067
  Required (ns):          15.465
  Operating Conditions: slow_lv_ht

Path 82
  From: MIPI_CAMERA_0/VDMA_C0_0/VDMA_C0_0/dma_top_0/vdma_write_0/buff_addr_fifo/RAM2PORT_ASYNC_FIFO_INST/ram_ram_0_0/INST_RAM1K20_IP:A_CLK
  To:   MIPI_CAMERA_0/VDMA_C0_0/VDMA_C0_0/dma_top_0/vdma_write_0/ddr_write_vdma/ddr_write_controller_vdma_0/write_start_addr_o_1[23]:D
  Delay (ns):              1.682
  Slack (ns):              0.399
  Arrival (ns):            8.917
  Required (ns):           9.316
  Operating Conditions: slow_lv_ht

Path 83
  From: MIPI_CAMERA_0/VDMA_C0_0/VDMA_C0_0/dma_top_0/vdma_write_0/buff_addr_fifo/RAM2PORT_ASYNC_FIFO_INST/ram_ram_0_0/INST_RAM1K20_IP:A_CLK
  To:   MIPI_CAMERA_0/VDMA_C0_0/VDMA_C0_0/dma_top_0/vdma_write_0/ddr_write_vdma/ddr_write_controller_vdma_0/write_start_addr_o_1[25]:D
  Delay (ns):              1.679
  Slack (ns):              0.402
  Arrival (ns):            8.914
  Required (ns):           9.316
  Operating Conditions: slow_lv_ht

Path 84
  From: FIC_0_PERIPHERALS_0/security_core_0/hash_core/t_fast[1]:CLK
  To:   FIC_0_PERIPHERALS_0/security_core_0/hash_core/a[25]:D
  Delay (ns):              7.409
  Slack (ns):              0.402
  Arrival (ns):           15.055
  Required (ns):          15.457
  Operating Conditions: slow_lv_ht

Path 85
  From: FIC_0_PERIPHERALS_0/security_core_0/hash_core/t_Z[3]:CLK
  To:   FIC_0_PERIPHERALS_0/security_core_0/hash_core/a[20]:D
  Delay (ns):              7.396
  Slack (ns):              0.406
  Arrival (ns):           15.044
  Required (ns):          15.450
  Operating Conditions: slow_lv_ht

Path 86
  From: FIC_0_PERIPHERALS_0/security_core_0/hash_core/t_fast[2]:CLK
  To:   FIC_0_PERIPHERALS_0/security_core_0/hash_core/a[26]:D
  Delay (ns):              7.404
  Slack (ns):              0.410
  Arrival (ns):           15.050
  Required (ns):          15.460
  Operating Conditions: slow_lv_ht

Path 87
  From: FIC_0_PERIPHERALS_0/security_core_0/hash_core/g[0]:CLK
  To:   FIC_0_PERIPHERALS_0/security_core_0/hash_core/a[30]:D
  Delay (ns):              7.388
  Slack (ns):              0.416
  Arrival (ns):           15.040
  Required (ns):          15.456
  Operating Conditions: slow_lv_ht

Path 88
  From: MIPI_CAMERA_0/VDMA_C0_0/VDMA_C0_0/dma_top_0/vdma_write_0/buff_addr_fifo/RAM2PORT_ASYNC_FIFO_INST/ram_ram_0_0/INST_RAM1K20_IP:A_CLK
  To:   MIPI_CAMERA_0/VDMA_C0_0/VDMA_C0_0/dma_top_0/vdma_write_0/ddr_write_vdma/ddr_write_controller_vdma_0/write_start_addr_o_1[27]:D
  Delay (ns):              1.658
  Slack (ns):              0.423
  Arrival (ns):            8.893
  Required (ns):           9.316
  Operating Conditions: slow_lv_ht

Path 89
  From: FIC_0_PERIPHERALS_0/security_core_0/hash_core/t_Z[5]:CLK
  To:   FIC_0_PERIPHERALS_0/security_core_0/hash_core/a[21]:D
  Delay (ns):              7.382
  Slack (ns):              0.423
  Arrival (ns):           15.027
  Required (ns):          15.450
  Operating Conditions: slow_lv_ht

Path 90
  From: MIPI_CAMERA_0/VDMA_C0_0/VDMA_C0_0/dma_top_0/vdma_write_0/buff_addr_fifo/RAM2PORT_ASYNC_FIFO_INST/ram_ram_0_0/INST_RAM1K20_IP:A_CLK
  To:   MIPI_CAMERA_0/VDMA_C0_0/VDMA_C0_0/dma_top_0/vdma_write_0/ddr_write_vdma/ddr_write_controller_vdma_0/write_start_addr_o_1[20]:D
  Delay (ns):              1.656
  Slack (ns):              0.425
  Arrival (ns):            8.891
  Required (ns):           9.316
  Operating Conditions: slow_lv_ht

Path 91
  From: FIC_0_PERIPHERALS_0/security_core_0/hash_core/t_fast[1]:CLK
  To:   FIC_0_PERIPHERALS_0/security_core_0/hash_core/a[24]:D
  Delay (ns):              7.383
  Slack (ns):              0.428
  Arrival (ns):           15.029
  Required (ns):          15.457
  Operating Conditions: slow_lv_ht

Path 92
  From: FIC_0_PERIPHERALS_0/security_core_0/hash_core/e[0]:CLK
  To:   FIC_0_PERIPHERALS_0/security_core_0/hash_core/a[30]:D
  Delay (ns):              7.374
  Slack (ns):              0.430
  Arrival (ns):           15.026
  Required (ns):          15.456
  Operating Conditions: slow_lv_ht

Path 93
  From: FIC_0_PERIPHERALS_0/security_core_0/hash_core/t_Z[4]:CLK
  To:   FIC_0_PERIPHERALS_0/security_core_0/hash_core/a[25]:D
  Delay (ns):              7.381
  Slack (ns):              0.431
  Arrival (ns):           15.026
  Required (ns):          15.457
  Operating Conditions: slow_lv_ht

Path 94
  From: MIPI_CAMERA_0/VDMA_C0_0/VDMA_C0_0/dma_top_0/vdma_write_0/buff_addr_fifo/RAM2PORT_ASYNC_FIFO_INST/ram_ram_0_0/INST_RAM1K20_IP:A_CLK
  To:   MIPI_CAMERA_0/VDMA_C0_0/VDMA_C0_0/dma_top_0/vdma_write_0/ddr_write_vdma/ddr_write_controller_vdma_0/write_start_addr_o_1[22]:D
  Delay (ns):              1.649
  Slack (ns):              0.432
  Arrival (ns):            8.884
  Required (ns):           9.316
  Operating Conditions: slow_lv_ht

Path 95
  From: FIC_0_PERIPHERALS_0/security_core_0/hash_core/t_Z[3]:CLK
  To:   FIC_0_PERIPHERALS_0/security_core_0/hash_core/a[14]:D
  Delay (ns):              7.373
  Slack (ns):              0.434
  Arrival (ns):           15.021
  Required (ns):          15.455
  Operating Conditions: slow_lv_ht

Path 96
  From: MIPI_CAMERA_0/VDMA_C0_0/VDMA_C0_0/dma_top_0/axi4lite_regmap_vdma_0/write_reg_vdma_0/r_ip_rstn_dly[2]:CLK
  To:   MIPI_CAMERA_0/VDMA_C0_0/VDMA_C0_0/dma_top_0/vdma_write_0/ddr_write_vdma/async_fifo_vdma_0/wptr[9]:SLn
  Delay (ns):              2.058
  Slack (ns):              0.435
  Arrival (ns):            9.690
  Required (ns):          10.125
  Operating Conditions: slow_lv_ht

Path 97
  From: CLOCKS_AND_RESETS_0/RESET_FIC_0_CLK/CORERESET_0/dff_15[0]:CLK
  To:   MIPI_CAMERA_0/mipicsi2rxdecoderPF_C0_0/MSC_i_0/r_isr[0]:ALn
  Delay (ns):              1.968
  Slack (ns):              0.437
  Arrival (ns):            9.555
  Required (ns):           9.992
  Operating Conditions: slow_lv_ht

Path 98
  From: FIC_0_PERIPHERALS_0/security_core_0/hash_core/t_Z[5]:CLK
  To:   FIC_0_PERIPHERALS_0/security_core_0/hash_core/a[22]:D
  Delay (ns):              7.367
  Slack (ns):              0.438
  Arrival (ns):           15.012
  Required (ns):          15.450
  Operating Conditions: slow_lv_ht

Path 99
  From: FIC_0_PERIPHERALS_0/security_core_0/hash_core/t_Z[3]:CLK
  To:   FIC_0_PERIPHERALS_0/security_core_0/hash_core/a[15]:D
  Delay (ns):              7.368
  Slack (ns):              0.440
  Arrival (ns):           15.016
  Required (ns):          15.456
  Operating Conditions: slow_lv_ht

Path 100
  From: CLOCKS_AND_RESETS_0/RESET_FIC_0_CLK/CORERESET_0/dff_15[0]:CLK
  To:   MIPI_CAMERA_0/mipicsi2rxdecoderPF_C0_0/MSC_i_0/MSC_i_4/MSC_i_10/word_count_reg1_0[5]:ALn
  Delay (ns):              1.927
  Slack (ns):              0.444
  Arrival (ns):            9.514
  Required (ns):           9.958
  Operating Conditions: slow_lv_ht

