********************************************************************
I/O Bank Report - Date: Sun Apr 12 02:46:00 2026
Product: Designer
Release: 2025.2
Version: 2025.2.0.14
Design Name: MPFS_DISCOVERY_KIT
Family: PolarFireSoC
Die: MPFS095T
Package: FCSG325
********************************************************************


I/O Function:

    Type                                  | w/o register  | w/ register  | w/ DDR register
    --------------------------------------|---------------|--------------|----------------
    Input I/O                             | 15            | 0            | 0
    Output I/O                            | 20            | 0            | 0
    Bidirectional I/O                     | 24            | 0            | 0
    Differential Input I/O Pairs          | 3             | 0            | 0
    Differential Output I/O Pairs         | 0             | 0            | 0

I/O Technology:

                                    |   Voltages    |             I/Os              
    --------------------------------|-------|-------|-------|--------|--------------
    I/O Standard(s)                 | Vddi  | Vref  | Input | Output | Bidirectional
    --------------------------------|-------|-------|-------|--------|--------------
    LVCMOS18                        | 1.80v | N/A   | 15    | 20     | 24           
    SSTL18I (Input/Bidirectional)   | 1.80v | 0.90v | 6     | 0      | 0            

I/O Bank Resource Usage:

          |   Voltages    | Single I/Os  | Diff I/O Pairs |        Vref I/Os        |  Type   
          |-------|-------|------|-------|-------|--------|------|-------|----------|---------
          | Vddi  | Vref  | Used | Total | Used  | Total  | Used | Total | Vref Pins|         
    ------|-------|-------|------|-------|-------|--------|------|-------|----------|---------
    Bank0 | 1.80v | 0.90v | 27   | 32    | 0     | 16     | 0    | 32    | 0        | HSIO    
    Bank1 | 1.80v | 0.90v | 32   | 48    | 3     | 24     | 0    | 48    | 0        | GPIO    
    Bank2 | 3.30v | N/A   | 0    | 24    | 0     | 0      | N/A  | N/A   | N/A      | MSS_IO  
    Bank3 | 3.30v | N/A   | 0    | 0     | 0     | 0      | N/A  | N/A   | N/A      | JTAG    
    Bank4 | 1.80v | N/A   | 0    | 14    | 0     | 0      | N/A  | N/A   | N/A      | MSS_IO  
    Bank5 | 3.30v | N/A   | 0    | 10    | 0     | 0      | N/A  | N/A   | N/A      | MSS_SGMII_IO
    Bank6 | 1.20v | 0.60v | 0    | 54    | 0     | 0      | 0    | 54    | 0        | MSS_DDR_IO
    Bank7 | N/A   | N/A   | 0    | 0     | 0     | 0      | N/A  | N/A   | N/A      | GPIO    
    Bank8 | N/A   | N/A   | 0    | 0     | 0     | 0      | N/A  | N/A   | N/A      | HSIO    
    Bank9 | N/A   | N/A   | 0    | 0     | 0     | 0      | N/A  | N/A   | N/A      | GPIO    


I/O Voltage Usage:

       Voltages    |     I/Os     
    -------|-------|------|-------
     Vddi  | Vref  | Used | Total 
    -------|-------|------|-------
     1.20v | N/A   | 0    | 54    
     1.80v | N/A   | 65   | 94    
     3.30v | N/A   | 0    | 34    
     1.20v | 0.60v | 0    | 54    
     1.80v | 0.90v | 0    | 80    


I/O Bank Auto Calibration:

          | Auto Calibration | Ramp Time (ms) 
    ------| ---------------- | -------------- 
    Bank0 | ON               | 50
    Bank1 | ON               | 50
    Bank2 | N/A              | N/A
    Bank3 | N/A              | N/A
    Bank4 | N/A              | N/A
    Bank5 | N/A              | N/A
    Bank6 | N/A              | N/A
    Bank7 | N/A              | N/A
    Bank8 | N/A              | N/A
    Bank9 | N/A              | N/A
