#------------------------------------------------------------------------------------------------------------------------------------------
# RUN NUMBER: 1   DATE: 21:02:59 17-Feb-2026
# INVOKED AS: D:/Microchip/Libero_SoC_2025.2/Libero_SoC/Designer/bin/libero.exe extended_run_lib.tcl -skip_open_project -root {D:\Microchip\Reference_Designs\polarfire\polarfire-soc-discovery-kit-reference-design\MPFS_DISCOVERY\designer\MPFS_DISCOVERY_KIT} -n 5 -starting_seed_index 1 -compare_criteria violations -analysis max -slack_criteria worst -stop_on_success
#------------------------------------------------------------------------------------------------------------------------------------------
# Seed Index  Seed      Maximum Delay        Worst Slack  Report Analyzed                                Saved Design
# ==========  ========  ===============  ===============  =============================================  ===================================
           1         0    N/A                        3.832  MPFS_DISCOVERY_KIT_timing_violations_max_r1_s1.rpt  MPFS_DISCOVERY_KIT_r1_s1
  The best result MPFS_DISCOVERY_KIT_r1_s1 has been saved into the project.

#------------------------------------------------------------------------------------------------------------------------------------------
# RUN NUMBER: 2   DATE: 15:57:14 27-Feb-2026
# INVOKED AS: C:/Microchip/Libero_SoC_2025.2/Libero_SoC/Designer/bin/libero.exe extended_run_lib.tcl -skip_open_project -root {C:\Users\Danug\Documents\Code\SecureVISION-polarfire-reference-design\MPFS_DISCOVERY\designer\MPFS_DISCOVERY_KIT} -n 5 -starting_seed_index 2 -compare_criteria violations -analysis max -slack_criteria worst -stop_on_success
#------------------------------------------------------------------------------------------------------------------------------------------
# Seed Index  Seed      Maximum Delay        Worst Slack  Report Analyzed                                Saved Design
# ==========  ========  ===============  ===============  =============================================  ===================================
           2         1    N/A                        3.522  MPFS_DISCOVERY_KIT_timing_violations_max_r2_s2.rpt  MPFS_DISCOVERY_KIT_r2_s2
  The best result MPFS_DISCOVERY_KIT_r2_s2 has been saved into the project.

#------------------------------------------------------------------------------------------------------------------------------------------
# RUN NUMBER: 3   DATE: 17:01:44 27-Feb-2026
# INVOKED AS: C:/Microchip/Libero_SoC_2025.2/Libero_SoC/Designer/bin/libero.exe extended_run_lib.tcl -skip_open_project -root {C:\Users\Danug\Documents\Code\SecureVISION-polarfire-reference-design\MPFS_DISCOVERY\designer\MPFS_DISCOVERY_KIT} -n 5 -starting_seed_index 3 -compare_criteria violations -analysis max -slack_criteria worst -stop_on_success
#------------------------------------------------------------------------------------------------------------------------------------------
# Seed Index  Seed      Maximum Delay        Worst Slack  Report Analyzed                                Saved Design
# ==========  ========  ===============  ===============  =============================================  ===================================
           3         2    N/A                        3.592  MPFS_DISCOVERY_KIT_timing_violations_max_r3_s3.rpt  MPFS_DISCOVERY_KIT_r3_s3
  The best result MPFS_DISCOVERY_KIT_r3_s3 has been saved into the project.

#------------------------------------------------------------------------------------------------------------------------------------------
# RUN NUMBER: 4   DATE: 00:09:14 13-Mar-2026
# INVOKED AS: C:/Microchip/Libero_SoC_2025.2/Libero_SoC/Designer/bin/libero.exe extended_run_lib.tcl -skip_open_project -root {C:\Users\Danug\Documents\Code\SecureVISION-polarfire-reference-design\MPFS_DISCOVERY\designer\MPFS_DISCOVERY_KIT} -n 5 -starting_seed_index 4 -compare_criteria violations -analysis max -slack_criteria worst -stop_on_success
#------------------------------------------------------------------------------------------------------------------------------------------
# Seed Index  Seed      Maximum Delay        Worst Slack  Report Analyzed                                Saved Design
# ==========  ========  ===============  ===============  =============================================  ===================================
           4         3    N/A                        3.842  MPFS_DISCOVERY_KIT_timing_violations_max_r4_s4.rpt  MPFS_DISCOVERY_KIT_r4_s4
  The best result MPFS_DISCOVERY_KIT_r4_s4 has been saved into the project.

#------------------------------------------------------------------------------------------------------------------------------------------
# RUN NUMBER: 5   DATE: 23:16:06 15-Mar-2026
# INVOKED AS: C:/Microchip/Libero_SoC_2025.2/Libero_SoC/Designer/bin/libero.exe extended_run_lib.tcl -skip_open_project -root {C:\Users\Danug\Documents\Code\SecureVISION-polarfire-reference-design\MPFS_DISCOVERY\designer\MPFS_DISCOVERY_KIT} -n 5 -starting_seed_index 5 -compare_criteria violations -analysis max -slack_criteria worst -stop_on_success
#------------------------------------------------------------------------------------------------------------------------------------------
# Seed Index  Seed      Maximum Delay        Worst Slack  Report Analyzed                                Saved Design
# ==========  ========  ===============  ===============  =============================================  ===================================
           5         4    N/A                        3.811  MPFS_DISCOVERY_KIT_timing_violations_max_r5_s5.rpt  MPFS_DISCOVERY_KIT_r5_s5
  The best result MPFS_DISCOVERY_KIT_r5_s5 has been saved into the project.

#------------------------------------------------------------------------------------------------------------------------------------------
# RUN NUMBER: 6   DATE: 01:19:03 16-Mar-2026
# INVOKED AS: C:/Microchip/Libero_SoC_2025.2/Libero_SoC/Designer/bin/libero.exe extended_run_lib.tcl -skip_open_project -root {C:\Users\Danug\Documents\Code\SecureVISION-polarfire-reference-design\MPFS_DISCOVERY\designer\MPFS_DISCOVERY_KIT} -n 5 -starting_seed_index 6 -compare_criteria violations -analysis max -slack_criteria worst -stop_on_success
#------------------------------------------------------------------------------------------------------------------------------------------
# Seed Index  Seed      Maximum Delay        Worst Slack  Report Analyzed                                Saved Design
# ==========  ========  ===============  ===============  =============================================  ===================================
           6         5    N/A                        3.733  MPFS_DISCOVERY_KIT_timing_violations_max_r6_s6.rpt  MPFS_DISCOVERY_KIT_r6_s6
  The best result MPFS_DISCOVERY_KIT_r6_s6 has been saved into the project.

#------------------------------------------------------------------------------------------------------------------------------------------
# RUN NUMBER: 7   DATE: 15:44:17 22-Mar-2026
# INVOKED AS: C:/Microchip/Libero_SoC_2025.2/Libero_SoC/Designer/bin/libero.exe extended_run_lib.tcl -skip_open_project -root {C:\Users\Danug\Documents\Code\SecureVISION-polarfire-reference-design\MPFS_DISCOVERY\designer\MPFS_DISCOVERY_KIT} -n 5 -starting_seed_index 7 -compare_criteria violations -analysis max -slack_criteria worst -stop_on_success
#------------------------------------------------------------------------------------------------------------------------------------------
# Seed Index  Seed      Maximum Delay        Worst Slack  Report Analyzed                                Saved Design
# ==========  ========  ===============  ===============  =============================================  ===================================
           7         6    N/A               Layout aborted  MPFS_DISCOVERY_KIT_timing_violations_max_r7_s7.rpt  MPFS_DISCOVERY_KIT_r7_s7
#------------------------------------------------------------------------------------------------------------------------------------------
# RUN NUMBER: 8   DATE: 22:39:39 22-Mar-2026
# INVOKED AS: C:/Microchip/Libero_SoC_2025.2/Libero_SoC/Designer/bin/libero.exe extended_run_lib.tcl -skip_open_project -root {C:\Users\Danug\Documents\Code\SecureVISION-polarfire-reference-design\MPFS_DISCOVERY\designer\MPFS_DISCOVERY_KIT} -n 5 -starting_seed_index 8 -compare_criteria violations -analysis max -slack_criteria worst -stop_on_success
#------------------------------------------------------------------------------------------------------------------------------------------
# Seed Index  Seed      Maximum Delay        Worst Slack  Report Analyzed                                Saved Design
# ==========  ========  ===============  ===============  =============================================  ===================================
           8         7    N/A                       -0.341  MPFS_DISCOVERY_KIT_timing_violations_max_r8_s8.rpt  MPFS_DISCOVERY_KIT_r8_s8
           9         8    N/A                       -0.251  MPFS_DISCOVERY_KIT_timing_violations_max_r8_s9.rpt  MPFS_DISCOVERY_KIT_r8_s9
          10         9    N/A                       -0.116  MPFS_DISCOVERY_KIT_timing_violations_max_r8_s10.rpt  MPFS_DISCOVERY_KIT_r8_s10
          11        10    N/A                        0.159  MPFS_DISCOVERY_KIT_timing_violations_max_r8_s11.rpt  MPFS_DISCOVERY_KIT_r8_s11
  The best result MPFS_DISCOVERY_KIT_r8_s11 has been saved into the project.

#------------------------------------------------------------------------------------------------------------------------------------------
# RUN NUMBER: 9   DATE: 10:17:32 23-Mar-2026
# INVOKED AS: C:/Microchip/Libero_SoC_2025.2/Libero_SoC/Designer/bin/libero.exe extended_run_lib.tcl -skip_open_project -root {C:\Users\Danug\Documents\Code\SecureVISION-polarfire-reference-design\MPFS_DISCOVERY\designer\MPFS_DISCOVERY_KIT} -n 5 -starting_seed_index 12 -compare_criteria violations -analysis max -slack_criteria worst -stop_on_success
#------------------------------------------------------------------------------------------------------------------------------------------
# Seed Index  Seed      Maximum Delay        Worst Slack  Report Analyzed                                Saved Design
# ==========  ========  ===============  ===============  =============================================  ===================================
          12        11    N/A                       -0.385  MPFS_DISCOVERY_KIT_timing_violations_max_r9_s12.rpt  MPFS_DISCOVERY_KIT_r9_s12
          13        12    N/A                       -0.088  MPFS_DISCOVERY_KIT_timing_violations_max_r9_s13.rpt  MPFS_DISCOVERY_KIT_r9_s13
          14        13    N/A                       -0.420  MPFS_DISCOVERY_KIT_timing_violations_max_r9_s14.rpt  MPFS_DISCOVERY_KIT_r9_s14
          15        14    N/A                       -0.243  MPFS_DISCOVERY_KIT_timing_violations_max_r9_s15.rpt  MPFS_DISCOVERY_KIT_r9_s15
          16        15    N/A                       -0.254  MPFS_DISCOVERY_KIT_timing_violations_max_r9_s16.rpt  MPFS_DISCOVERY_KIT_r9_s16
  The best result MPFS_DISCOVERY_KIT_r9_s13 has been saved into the project.

#------------------------------------------------------------------------------------------------------------------------------------------
# RUN NUMBER: 10   DATE: 22:25:06 24-Mar-2026
# INVOKED AS: C:/Microchip/Libero_SoC_2025.2/Libero_SoC/Designer/bin/libero.exe extended_run_lib.tcl -skip_open_project -root {C:\Users\Danug\Documents\Code\SecureVISION-polarfire-reference-design\MPFS_DISCOVERY\designer\MPFS_DISCOVERY_KIT} -n 5 -starting_seed_index 17 -compare_criteria violations -analysis max -slack_criteria worst -stop_on_success
#------------------------------------------------------------------------------------------------------------------------------------------
# Seed Index  Seed      Maximum Delay        Worst Slack  Report Analyzed                                Saved Design
# ==========  ========  ===============  ===============  =============================================  ===================================
          17        16    N/A                        0.143  MPFS_DISCOVERY_KIT_timing_violations_max_r10_s17.rpt  MPFS_DISCOVERY_KIT_r10_s17
  The best result MPFS_DISCOVERY_KIT_r10_s17 has been saved into the project.

#------------------------------------------------------------------------------------------------------------------------------------------
# RUN NUMBER: 11   DATE: 23:05:41 24-Mar-2026
# INVOKED AS: C:/Microchip/Libero_SoC_2025.2/Libero_SoC/Designer/bin/libero.exe extended_run_lib.tcl -skip_open_project -root {C:\Users\Danug\Documents\Code\SecureVISION-polarfire-reference-design\MPFS_DISCOVERY\designer\MPFS_DISCOVERY_KIT} -n 5 -starting_seed_index 18 -compare_criteria violations -analysis max -slack_criteria worst -stop_on_success
#------------------------------------------------------------------------------------------------------------------------------------------
# Seed Index  Seed      Maximum Delay        Worst Slack  Report Analyzed                                Saved Design
# ==========  ========  ===============  ===============  =============================================  ===================================
          18        17    N/A                       -0.039  MPFS_DISCOVERY_KIT_timing_violations_max_r11_s18.rpt  MPFS_DISCOVERY_KIT_r11_s18
          19        18    N/A                       -0.381  MPFS_DISCOVERY_KIT_timing_violations_max_r11_s19.rpt  MPFS_DISCOVERY_KIT_r11_s19
          20        19    N/A                       -0.153  MPFS_DISCOVERY_KIT_timing_violations_max_r11_s20.rpt  MPFS_DISCOVERY_KIT_r11_s20
          21        20    N/A                       -0.604  MPFS_DISCOVERY_KIT_timing_violations_max_r11_s21.rpt  MPFS_DISCOVERY_KIT_r11_s21
          22        21    N/A                       -0.324  MPFS_DISCOVERY_KIT_timing_violations_max_r11_s22.rpt  MPFS_DISCOVERY_KIT_r11_s22
  The best result MPFS_DISCOVERY_KIT_r11_s18 has been saved into the project.

#------------------------------------------------------------------------------------------------------------------------------------------
# RUN NUMBER: 12   DATE: 00:45:11 25-Mar-2026
# INVOKED AS: C:/Microchip/Libero_SoC_2025.2/Libero_SoC/Designer/bin/libero.exe extended_run_lib.tcl -skip_open_project -root {C:\Users\Danug\Documents\Code\SecureVISION-polarfire-reference-design\MPFS_DISCOVERY\designer\MPFS_DISCOVERY_KIT} -n 5 -starting_seed_index 23 -compare_criteria violations -analysis max -slack_criteria worst -stop_on_success
#------------------------------------------------------------------------------------------------------------------------------------------
# Seed Index  Seed      Maximum Delay        Worst Slack  Report Analyzed                                Saved Design
# ==========  ========  ===============  ===============  =============================================  ===================================
          23        22    N/A                       -0.375  MPFS_DISCOVERY_KIT_timing_violations_max_r12_s23.rpt  MPFS_DISCOVERY_KIT_r12_s23
          24        23    N/A                        0.085  MPFS_DISCOVERY_KIT_timing_violations_max_r12_s24.rpt  MPFS_DISCOVERY_KIT_r12_s24
  The best result MPFS_DISCOVERY_KIT_r12_s24 has been saved into the project.

#------------------------------------------------------------------------------------------------------------------------------------------
# RUN NUMBER: 13   DATE: 02:12:30 25-Mar-2026
# INVOKED AS: C:/Microchip/Libero_SoC_2025.2/Libero_SoC/Designer/bin/libero.exe extended_run_lib.tcl -skip_open_project -root {C:\Users\Danug\Documents\Code\SecureVISION-polarfire-reference-design\MPFS_DISCOVERY\designer\MPFS_DISCOVERY_KIT} -n 5 -starting_seed_index 25 -compare_criteria violations -analysis max -slack_criteria worst -stop_on_success
#------------------------------------------------------------------------------------------------------------------------------------------
# Seed Index  Seed      Maximum Delay        Worst Slack  Report Analyzed                                Saved Design
# ==========  ========  ===============  ===============  =============================================  ===================================
          25        24    N/A                       -0.057  MPFS_DISCOVERY_KIT_timing_violations_max_r13_s25.rpt  MPFS_DISCOVERY_KIT_r13_s25
          26        25    N/A                       -0.410  MPFS_DISCOVERY_KIT_timing_violations_max_r13_s26.rpt  MPFS_DISCOVERY_KIT_r13_s26
          27        26    N/A                        0.333  MPFS_DISCOVERY_KIT_timing_violations_max_r13_s27.rpt  MPFS_DISCOVERY_KIT_r13_s27
  The best result MPFS_DISCOVERY_KIT_r13_s27 has been saved into the project.

#------------------------------------------------------------------------------------------------------------------------------------------
# RUN NUMBER: 14   DATE: 17:05:11 04-Apr-2026
# INVOKED AS: C:/Microchip/Libero_SoC_2025.2/Libero_SoC/Designer/bin/libero.exe extended_run_lib.tcl -skip_open_project -root {C:\Users\Danug\Documents\Code\SecureVISION-polarfire-reference-design\MPFS_DISCOVERY\designer\MPFS_DISCOVERY_KIT} -n 5 -starting_seed_index 28 -compare_criteria violations -analysis max -slack_criteria worst -stop_on_success
#------------------------------------------------------------------------------------------------------------------------------------------
# Seed Index  Seed      Maximum Delay        Worst Slack  Report Analyzed                                Saved Design
# ==========  ========  ===============  ===============  =============================================  ===================================
          28        27    N/A                       -0.203  MPFS_DISCOVERY_KIT_timing_violations_max_r14_s28.rpt  MPFS_DISCOVERY_KIT_r14_s28
          29        28    N/A                       -0.110  MPFS_DISCOVERY_KIT_timing_violations_max_r14_s29.rpt  MPFS_DISCOVERY_KIT_r14_s29
          30        29    N/A                       -0.016  MPFS_DISCOVERY_KIT_timing_violations_max_r14_s30.rpt  MPFS_DISCOVERY_KIT_r14_s30
          31        30    N/A                       -0.290  MPFS_DISCOVERY_KIT_timing_violations_max_r14_s31.rpt  MPFS_DISCOVERY_KIT_r14_s31
          32        31    N/A                       -0.114  MPFS_DISCOVERY_KIT_timing_violations_max_r14_s32.rpt  MPFS_DISCOVERY_KIT_r14_s32
  The best result MPFS_DISCOVERY_KIT_r14_s30 has been saved into the project.

#------------------------------------------------------------------------------------------------------------------------------------------
# RUN NUMBER: 15   DATE: 02:47:55 05-Apr-2026
# INVOKED AS: C:/Microchip/Libero_SoC_2025.2/Libero_SoC/Designer/bin/libero.exe extended_run_lib.tcl -skip_open_project -root {C:\Users\Danug\Documents\Code\SecureVISION-polarfire-reference-design\MPFS_DISCOVERY\designer\MPFS_DISCOVERY_KIT} -n 5 -starting_seed_index 33 -compare_criteria violations -analysis max -slack_criteria worst -stop_on_success
#------------------------------------------------------------------------------------------------------------------------------------------
# Seed Index  Seed      Maximum Delay        Worst Slack  Report Analyzed                                Saved Design
# ==========  ========  ===============  ===============  =============================================  ===================================
          33        32    N/A                       -0.449  MPFS_DISCOVERY_KIT_timing_violations_max_r15_s33.rpt  MPFS_DISCOVERY_KIT_r15_s33
          34        33    N/A                        0.268  MPFS_DISCOVERY_KIT_timing_violations_max_r15_s34.rpt  MPFS_DISCOVERY_KIT_r15_s34
  The best result MPFS_DISCOVERY_KIT_r15_s34 has been saved into the project.

#------------------------------------------------------------------------------------------------------------------------------------------
# RUN NUMBER: 16   DATE: 20:43:28 07-Apr-2026
# INVOKED AS: C:/Microchip/Libero_SoC_2025.2/Libero_SoC/Designer/bin/libero.exe extended_run_lib.tcl -skip_open_project -root {C:\Users\Danug\Documents\Code\SecureVISION-polarfire-reference-design\MPFS_DISCOVERY\designer\MPFS_DISCOVERY_KIT} -n 5 -starting_seed_index 35 -compare_criteria violations -analysis max -slack_criteria worst -stop_on_success
#------------------------------------------------------------------------------------------------------------------------------------------
# Seed Index  Seed      Maximum Delay        Worst Slack  Report Analyzed                                Saved Design
# ==========  ========  ===============  ===============  =============================================  ===================================
          35        34    N/A                Layout failed  MPFS_DISCOVERY_KIT_timing_violations_max_r16_s35.rpt  MPFS_DISCOVERY_KIT_r16_s35
          36        35    N/A                Layout failed  MPFS_DISCOVERY_KIT_timing_violations_max_r16_s36.rpt  MPFS_DISCOVERY_KIT_r16_s36
          37        36    N/A                Layout failed  MPFS_DISCOVERY_KIT_timing_violations_max_r16_s37.rpt  MPFS_DISCOVERY_KIT_r16_s37
          38        37    N/A                Layout failed  MPFS_DISCOVERY_KIT_timing_violations_max_r16_s38.rpt  MPFS_DISCOVERY_KIT_r16_s38
          39        38    N/A                Layout failed  MPFS_DISCOVERY_KIT_timing_violations_max_r16_s39.rpt  MPFS_DISCOVERY_KIT_r16_s39
#------------------------------------------------------------------------------------------------------------------------------------------
# RUN NUMBER: 17   DATE: 20:50:51 07-Apr-2026
# INVOKED AS: C:/Microchip/Libero_SoC_2025.2/Libero_SoC/Designer/bin/libero.exe extended_run_lib.tcl -skip_open_project -root {C:\Users\Danug\Documents\Code\SecureVISION-polarfire-reference-design\MPFS_DISCOVERY\designer\MPFS_DISCOVERY_KIT} -n 5 -starting_seed_index 40 -compare_criteria violations -analysis max -slack_criteria worst -stop_on_success
#------------------------------------------------------------------------------------------------------------------------------------------
# Seed Index  Seed      Maximum Delay        Worst Slack  Report Analyzed                                Saved Design
# ==========  ========  ===============  ===============  =============================================  ===================================
          40        39    N/A                Layout failed  MPFS_DISCOVERY_KIT_timing_violations_max_r17_s40.rpt  MPFS_DISCOVERY_KIT_r17_s40
          41        40    N/A                Layout failed  MPFS_DISCOVERY_KIT_timing_violations_max_r17_s41.rpt  MPFS_DISCOVERY_KIT_r17_s41
          42        41    N/A                Layout failed  MPFS_DISCOVERY_KIT_timing_violations_max_r17_s42.rpt  MPFS_DISCOVERY_KIT_r17_s42
          43        42    N/A                Layout failed  MPFS_DISCOVERY_KIT_timing_violations_max_r17_s43.rpt  MPFS_DISCOVERY_KIT_r17_s43
          44        43    N/A                Layout failed  MPFS_DISCOVERY_KIT_timing_violations_max_r17_s44.rpt  MPFS_DISCOVERY_KIT_r17_s44
#------------------------------------------------------------------------------------------------------------------------------------------
# RUN NUMBER: 18   DATE: 21:06:46 07-Apr-2026
# INVOKED AS: C:/Microchip/Libero_SoC_2025.2/Libero_SoC/Designer/bin/libero.exe extended_run_lib.tcl -skip_open_project -root {C:\Users\Danug\Documents\Code\SecureVISION-polarfire-reference-design\MPFS_DISCOVERY\designer\MPFS_DISCOVERY_KIT} -n 5 -starting_seed_index 45 -compare_criteria violations -analysis max -slack_criteria worst -stop_on_success
#------------------------------------------------------------------------------------------------------------------------------------------
# Seed Index  Seed      Maximum Delay        Worst Slack  Report Analyzed                                Saved Design
# ==========  ========  ===============  ===============  =============================================  ===================================
          45        44    N/A                Layout failed  MPFS_DISCOVERY_KIT_timing_violations_max_r18_s45.rpt  MPFS_DISCOVERY_KIT_r18_s45
          46        45    N/A                Layout failed  MPFS_DISCOVERY_KIT_timing_violations_max_r18_s46.rpt  MPFS_DISCOVERY_KIT_r18_s46
          47        46    N/A                Layout failed  MPFS_DISCOVERY_KIT_timing_violations_max_r18_s47.rpt  MPFS_DISCOVERY_KIT_r18_s47
          48        47    N/A                Layout failed  MPFS_DISCOVERY_KIT_timing_violations_max_r18_s48.rpt  MPFS_DISCOVERY_KIT_r18_s48
          49        48    N/A                Layout failed  MPFS_DISCOVERY_KIT_timing_violations_max_r18_s49.rpt  MPFS_DISCOVERY_KIT_r18_s49
#------------------------------------------------------------------------------------------------------------------------------------------
# RUN NUMBER: 19   DATE: 21:12:16 07-Apr-2026
# INVOKED AS: C:/Microchip/Libero_SoC_2025.2/Libero_SoC/Designer/bin/libero.exe extended_run_lib.tcl -skip_open_project -root {C:\Users\Danug\Documents\Code\SecureVISION-polarfire-reference-design\MPFS_DISCOVERY\designer\MPFS_DISCOVERY_KIT} -n 5 -starting_seed_index 50 -compare_criteria violations -analysis max -slack_criteria worst -stop_on_success
#------------------------------------------------------------------------------------------------------------------------------------------
# Seed Index  Seed      Maximum Delay        Worst Slack  Report Analyzed                                Saved Design
# ==========  ========  ===============  ===============  =============================================  ===================================
          50        49    N/A                Layout failed  MPFS_DISCOVERY_KIT_timing_violations_max_r19_s50.rpt  MPFS_DISCOVERY_KIT_r19_s50
          51        50    N/A                Layout failed  MPFS_DISCOVERY_KIT_timing_violations_max_r19_s51.rpt  MPFS_DISCOVERY_KIT_r19_s51
          52        51    N/A                Layout failed  MPFS_DISCOVERY_KIT_timing_violations_max_r19_s52.rpt  MPFS_DISCOVERY_KIT_r19_s52
          53        52    N/A                Layout failed  MPFS_DISCOVERY_KIT_timing_violations_max_r19_s53.rpt  MPFS_DISCOVERY_KIT_r19_s53
          54        53    N/A                Layout failed  MPFS_DISCOVERY_KIT_timing_violations_max_r19_s54.rpt  MPFS_DISCOVERY_KIT_r19_s54
#------------------------------------------------------------------------------------------------------------------------------------------
# RUN NUMBER: 20   DATE: 02:13:09 08-Apr-2026
# INVOKED AS: C:/Microchip/Libero_SoC_2025.2/Libero_SoC/Designer/bin/libero.exe extended_run_lib.tcl -skip_open_project -root {C:\Users\Danug\Documents\Code\SecureVISION-polarfire-reference-design\MPFS_DISCOVERY\designer\MPFS_DISCOVERY_KIT} -n 5 -starting_seed_index 55 -compare_criteria violations -analysis max -slack_criteria worst -stop_on_success
#------------------------------------------------------------------------------------------------------------------------------------------
# Seed Index  Seed      Maximum Delay        Worst Slack  Report Analyzed                                Saved Design
# ==========  ========  ===============  ===============  =============================================  ===================================
          55        54    N/A                Layout failed  MPFS_DISCOVERY_KIT_timing_violations_max_r20_s55.rpt  MPFS_DISCOVERY_KIT_r20_s55
          56        55    N/A                Layout failed  MPFS_DISCOVERY_KIT_timing_violations_max_r20_s56.rpt  MPFS_DISCOVERY_KIT_r20_s56
          57        56    N/A                Layout failed  MPFS_DISCOVERY_KIT_timing_violations_max_r20_s57.rpt  MPFS_DISCOVERY_KIT_r20_s57
          58        57    N/A                Layout failed  MPFS_DISCOVERY_KIT_timing_violations_max_r20_s58.rpt  MPFS_DISCOVERY_KIT_r20_s58
          59        58    N/A                Layout failed  MPFS_DISCOVERY_KIT_timing_violations_max_r20_s59.rpt  MPFS_DISCOVERY_KIT_r20_s59
#------------------------------------------------------------------------------------------------------------------------------------------
# RUN NUMBER: 21   DATE: 02:31:42 08-Apr-2026
# INVOKED AS: C:/Microchip/Libero_SoC_2025.2/Libero_SoC/Designer/bin/libero.exe extended_run_lib.tcl -skip_open_project -root {C:\Users\Danug\Documents\Code\SecureVISION-polarfire-reference-design\MPFS_DISCOVERY\designer\MPFS_DISCOVERY_KIT} -n 5 -starting_seed_index 60 -compare_criteria violations -analysis max -slack_criteria worst -stop_on_success
#------------------------------------------------------------------------------------------------------------------------------------------
# Seed Index  Seed      Maximum Delay        Worst Slack  Report Analyzed                                Saved Design
# ==========  ========  ===============  ===============  =============================================  ===================================
          60        59    N/A                Layout failed  MPFS_DISCOVERY_KIT_timing_violations_max_r21_s60.rpt  MPFS_DISCOVERY_KIT_r21_s60
          61        60    N/A                Layout failed  MPFS_DISCOVERY_KIT_timing_violations_max_r21_s61.rpt  MPFS_DISCOVERY_KIT_r21_s61
          62        61    N/A                Layout failed  MPFS_DISCOVERY_KIT_timing_violations_max_r21_s62.rpt  MPFS_DISCOVERY_KIT_r21_s62
          63        62    N/A                Layout failed  MPFS_DISCOVERY_KIT_timing_violations_max_r21_s63.rpt  MPFS_DISCOVERY_KIT_r21_s63
          64        63    N/A                Layout failed  MPFS_DISCOVERY_KIT_timing_violations_max_r21_s64.rpt  MPFS_DISCOVERY_KIT_r21_s64
#------------------------------------------------------------------------------------------------------------------------------------------
# RUN NUMBER: 22   DATE: 18:50:34 08-Apr-2026
# INVOKED AS: C:/Microchip/Libero_SoC_2025.2/Libero_SoC/Designer/bin/libero.exe extended_run_lib.tcl -skip_open_project -root {C:\Users\Danug\Documents\Code\SecureVISION-polarfire-reference-design\MPFS_DISCOVERY\designer\MPFS_DISCOVERY_KIT} -n 5 -starting_seed_index 65 -compare_criteria violations -analysis max -slack_criteria worst -stop_on_success
#------------------------------------------------------------------------------------------------------------------------------------------
# Seed Index  Seed      Maximum Delay        Worst Slack  Report Analyzed                                Saved Design
# ==========  ========  ===============  ===============  =============================================  ===================================
          65        64    N/A                Layout failed  MPFS_DISCOVERY_KIT_timing_violations_max_r22_s65.rpt  MPFS_DISCOVERY_KIT_r22_s65
          66        65    N/A                Layout failed  MPFS_DISCOVERY_KIT_timing_violations_max_r22_s66.rpt  MPFS_DISCOVERY_KIT_r22_s66
          67        66    N/A                Layout failed  MPFS_DISCOVERY_KIT_timing_violations_max_r22_s67.rpt  MPFS_DISCOVERY_KIT_r22_s67
          68        67    N/A                Layout failed  MPFS_DISCOVERY_KIT_timing_violations_max_r22_s68.rpt  MPFS_DISCOVERY_KIT_r22_s68
          69        68    N/A                Layout failed  MPFS_DISCOVERY_KIT_timing_violations_max_r22_s69.rpt  MPFS_DISCOVERY_KIT_r22_s69
#------------------------------------------------------------------------------------------------------------------------------------------
# RUN NUMBER: 23   DATE: 18:52:15 08-Apr-2026
# INVOKED AS: C:/Microchip/Libero_SoC_2025.2/Libero_SoC/Designer/bin/libero.exe extended_run_lib.tcl -skip_open_project -root {C:\Users\Danug\Documents\Code\SecureVISION-polarfire-reference-design\MPFS_DISCOVERY\designer\MPFS_DISCOVERY_KIT} -n 5 -starting_seed_index 70 -compare_criteria violations -analysis max -slack_criteria worst -stop_on_success
#------------------------------------------------------------------------------------------------------------------------------------------
# Seed Index  Seed      Maximum Delay        Worst Slack  Report Analyzed                                Saved Design
# ==========  ========  ===============  ===============  =============================================  ===================================
          70        69    N/A                Layout failed  MPFS_DISCOVERY_KIT_timing_violations_max_r23_s70.rpt  MPFS_DISCOVERY_KIT_r23_s70
          72        71    N/A               Layout aborted  MPFS_DISCOVERY_KIT_timing_violations_max_r23_s72.rpt  MPFS_DISCOVERY_KIT_r23_s72
#------------------------------------------------------------------------------------------------------------------------------------------
# RUN NUMBER: 24   DATE: 19:06:27 08-Apr-2026
# INVOKED AS: C:/Microchip/Libero_SoC_2025.2/Libero_SoC/Designer/bin/libero.exe extended_run_lib.tcl -skip_open_project -root {C:\Users\Danug\Documents\Code\SecureVISION-polarfire-reference-design\MPFS_DISCOVERY\designer\MPFS_DISCOVERY_KIT} -n 5 -starting_seed_index 73 -compare_criteria violations -analysis max -slack_criteria worst -stop_on_success
#------------------------------------------------------------------------------------------------------------------------------------------
# Seed Index  Seed      Maximum Delay        Worst Slack  Report Analyzed                                Saved Design
# ==========  ========  ===============  ===============  =============================================  ===================================
          73        72    N/A                Layout failed  MPFS_DISCOVERY_KIT_timing_violations_max_r24_s73.rpt  MPFS_DISCOVERY_KIT_r24_s73
          76        75    N/A               Layout aborted  MPFS_DISCOVERY_KIT_timing_violations_max_r24_s76.rpt  MPFS_DISCOVERY_KIT_r24_s76
#------------------------------------------------------------------------------------------------------------------------------------------
# RUN NUMBER: 25   DATE: 20:28:35 08-Apr-2026
# INVOKED AS: C:/Microchip/Libero_SoC_2025.2/Libero_SoC/Designer/bin/libero.exe extended_run_lib.tcl -skip_open_project -root {C:\Users\Danug\Documents\Code\SecureVISION-polarfire-reference-design\MPFS_DISCOVERY\designer\MPFS_DISCOVERY_KIT} -n 5 -starting_seed_index 77 -compare_criteria violations -analysis max -slack_criteria worst -stop_on_success
#------------------------------------------------------------------------------------------------------------------------------------------
# Seed Index  Seed      Maximum Delay        Worst Slack  Report Analyzed                                Saved Design
# ==========  ========  ===============  ===============  =============================================  ===================================
          77        76    N/A                       -1.027  MPFS_DISCOVERY_KIT_timing_violations_max_r25_s77.rpt  MPFS_DISCOVERY_KIT_r25_s77
          78        77    N/A                       -0.929  MPFS_DISCOVERY_KIT_timing_violations_max_r25_s78.rpt  MPFS_DISCOVERY_KIT_r25_s78
          79        78    N/A                       -0.723  MPFS_DISCOVERY_KIT_timing_violations_max_r25_s79.rpt  MPFS_DISCOVERY_KIT_r25_s79
          80        79    N/A                       -0.215  MPFS_DISCOVERY_KIT_timing_violations_max_r25_s80.rpt  MPFS_DISCOVERY_KIT_r25_s80
          81        80    N/A                       -0.237  MPFS_DISCOVERY_KIT_timing_violations_max_r25_s81.rpt  MPFS_DISCOVERY_KIT_r25_s81
  The best result MPFS_DISCOVERY_KIT_r25_s80 has been saved into the project.

#------------------------------------------------------------------------------------------------------------------------------------------
# RUN NUMBER: 26   DATE: 23:31:55 08-Apr-2026
# INVOKED AS: C:/Microchip/Libero_SoC_2025.2/Libero_SoC/Designer/bin/libero.exe extended_run_lib.tcl -skip_open_project -root {C:\Users\Danug\Documents\Code\SecureVISION-polarfire-reference-design\MPFS_DISCOVERY\designer\MPFS_DISCOVERY_KIT} -n 5 -starting_seed_index 82 -compare_criteria violations -analysis max -slack_criteria worst -stop_on_success
#------------------------------------------------------------------------------------------------------------------------------------------
# Seed Index  Seed      Maximum Delay        Worst Slack  Report Analyzed                                Saved Design
# ==========  ========  ===============  ===============  =============================================  ===================================
          82        81    N/A                       -0.601  MPFS_DISCOVERY_KIT_timing_violations_max_r26_s82.rpt  MPFS_DISCOVERY_KIT_r26_s82
          83        82    N/A                       -0.277  MPFS_DISCOVERY_KIT_timing_violations_max_r26_s83.rpt  MPFS_DISCOVERY_KIT_r26_s83
          84        83    N/A                       -0.284  MPFS_DISCOVERY_KIT_timing_violations_max_r26_s84.rpt  MPFS_DISCOVERY_KIT_r26_s84
          85        84    N/A                       -0.215  MPFS_DISCOVERY_KIT_timing_violations_max_r26_s85.rpt  MPFS_DISCOVERY_KIT_r26_s85
          86        85    N/A                       -0.212  MPFS_DISCOVERY_KIT_timing_violations_max_r26_s86.rpt  MPFS_DISCOVERY_KIT_r26_s86
  The best result MPFS_DISCOVERY_KIT_r26_s86 has been saved into the project.

