Timing Violation Report Min Delay Analysis

SmartTime Version 2025.2
Microchip Technology Inc. - Microchip Libero Software Release 2025.2 (Version 2025.2.0.14)
Date: Wed Apr  8 20:54:35 2026


Design: MPFS_DISCOVERY_KIT
Family: PolarFireSoC
Die: MPFS095T
Package: FCSG325
Temperature Range: 0 - 100 C
Voltage Range: 0.97 - 1.03 V
Speed Grade: -1
Design State: Post-Layout
Data source: Production
Multi Corner Report Operating Conditions: slow_lv_lt,fast_hv_lt,slow_lv_ht


Path 1
  From: MIPI_CAMERA_0/mipicsi2rxdecoderPF_C0_0/MSC_i_0/sot_r0_cclk:CLK
  To:   MIPI_CAMERA_0/mipicsi2rxdecoderPF_C0_0/MSC_i_0/sot_r0_pclk:D
  Delay (ns):              0.238
  Slack (ns):             -3.422
  Arrival (ns):            3.603
  Required (ns):           7.025
  Operating Conditions: slow_lv_ht

Path 2
  From: MIPI_CAMERA_0/mipicsi2rxdecoderPF_C0_0/MSC_i_0/L0_lp_data_shift[15]:CLK
  To:   MIPI_CAMERA_0/mipicsi2rxdecoderPF_C0_0/MSC_i_0/L0_lp_data_pclk1:D
  Delay (ns):              0.298
  Slack (ns):             -3.347
  Arrival (ns):            3.636
  Required (ns):           6.983
  Operating Conditions: slow_lv_ht

Path 3
  From: MIPI_CAMERA_0/mipicsi2rxdecoderPF_C0_0/MSC_i_0/MSC_i_4/MSC_i_10/MSC_i_12/MSC_i_13/wraddr_rr[10]:CLK
  To:   MIPI_CAMERA_0/mipicsi2rxdecoderPF_C0_0/MSC_i_0/MSC_i_4/MSC_i_10/MSC_i_12/MSC_i_13/wraddr_sync_r[10]:D
  Delay (ns):              0.309
  Slack (ns):             -3.337
  Arrival (ns):            3.637
  Required (ns):           6.974
  Operating Conditions: slow_lv_ht

Path 4
  From: MIPI_CAMERA_0/mipicsi2rxdecoderPF_C0_0/MSC_i_0/MSC_i_4/MSC_i_10/MSC_i_12/MSC_i_13/wraddr_rr[6]:CLK
  To:   MIPI_CAMERA_0/mipicsi2rxdecoderPF_C0_0/MSC_i_0/MSC_i_4/MSC_i_10/MSC_i_12/MSC_i_13/wraddr_sync_r[6]:D
  Delay (ns):              0.390
  Slack (ns):             -3.253
  Arrival (ns):            3.748
  Required (ns):           7.001
  Operating Conditions: slow_lv_ht

Path 5
  From: MIPI_CAMERA_0/mipicsi2rxdecoderPF_C0_0/MSC_i_0/MSC_i_4/MSC_i_10/MSC_i_12/MSC_i_13/wraddr_rr[1]:CLK
  To:   MIPI_CAMERA_0/mipicsi2rxdecoderPF_C0_0/MSC_i_0/MSC_i_4/MSC_i_10/MSC_i_12/MSC_i_13/wraddr_sync_r[1]:D
  Delay (ns):              0.394
  Slack (ns):             -3.222
  Arrival (ns):            3.752
  Required (ns):           6.974
  Operating Conditions: slow_lv_ht

Path 6
  From: MIPI_CAMERA_0/mipicsi2rxdecoderPF_C0_0/MSC_i_0/MSC_i_4/MSC_i_10/MSC_i_12/MSC_i_13/wraddr_rr[0]:CLK
  To:   MIPI_CAMERA_0/mipicsi2rxdecoderPF_C0_0/MSC_i_0/MSC_i_4/MSC_i_10/MSC_i_12/MSC_i_13/wraddr_sync_r[0]:D
  Delay (ns):              0.405
  Slack (ns):             -3.210
  Arrival (ns):            3.763
  Required (ns):           6.973
  Operating Conditions: slow_lv_ht

Path 7
  From: MIPI_CAMERA_0/mipicsi2rxdecoderPF_C0_0/MSC_i_0/MSC_i_4/MSC_i_10/MSC_i_12/MSC_i_13/wraddr_rr[4]:CLK
  To:   MIPI_CAMERA_0/mipicsi2rxdecoderPF_C0_0/MSC_i_0/MSC_i_4/MSC_i_10/MSC_i_12/MSC_i_13/wraddr_sync_r[4]:D
  Delay (ns):              0.416
  Slack (ns):             -3.204
  Arrival (ns):            3.771
  Required (ns):           6.975
  Operating Conditions: slow_lv_ht

Path 8
  From: MIPI_CAMERA_0/mipicsi2rxdecoderPF_C0_0/MSC_i_0/MSC_i_4/MSC_i_10/MSC_i_12/MSC_i_13/wraddr_rr[5]:CLK
  To:   MIPI_CAMERA_0/mipicsi2rxdecoderPF_C0_0/MSC_i_0/MSC_i_4/MSC_i_10/MSC_i_12/MSC_i_13/wraddr_sync_r[5]:D
  Delay (ns):              0.453
  Slack (ns):             -3.196
  Arrival (ns):            3.804
  Required (ns):           7.000
  Operating Conditions: slow_lv_ht

Path 9
  From: MIPI_CAMERA_0/mipicsi2rxdecoderPF_C0_0/MSC_i_0/MSC_i_4/MSC_i_10/MSC_i_12/MSC_i_13/wraddr_rr[9]:CLK
  To:   MIPI_CAMERA_0/mipicsi2rxdecoderPF_C0_0/MSC_i_0/MSC_i_4/MSC_i_10/MSC_i_12/MSC_i_13/wraddr_sync_r[9]:D
  Delay (ns):              0.433
  Slack (ns):             -3.183
  Arrival (ns):            3.790
  Required (ns):           6.973
  Operating Conditions: slow_lv_ht

Path 10
  From: MIPI_CAMERA_0/mipicsi2rxdecoderPF_C0_0/MSC_i_0/MSC_i_4/MSC_i_10/MSC_i_12/MSC_i_13/wraddr_rr[7]:CLK
  To:   MIPI_CAMERA_0/mipicsi2rxdecoderPF_C0_0/MSC_i_0/MSC_i_4/MSC_i_10/MSC_i_12/MSC_i_13/wraddr_sync_r[7]:D
  Delay (ns):              0.539
  Slack (ns):             -3.127
  Arrival (ns):            3.870
  Required (ns):           6.997
  Operating Conditions: slow_lv_ht

Path 11
  From: MIPI_CAMERA_0/mipicsi2rxdecoderPF_C0_0/MSC_i_0/MSC_i_4/MSC_i_10/genblk2.word_count_out[12]:CLK
  To:   MIPI_CAMERA_0/mipicsi2rxdecoderPF_C0_0/MSC_i_0/MSC_i_4/MSC_i_10/word_count_reg1_0[12]:D
  Delay (ns):              0.565
  Slack (ns):             -3.106
  Arrival (ns):            3.898
  Required (ns):           7.004
  Operating Conditions: slow_lv_ht

Path 12
  From: MIPI_CAMERA_0/mipicsi2rxdecoderPF_C0_0/MSC_i_0/MSC_i_4/MSC_i_10/MSC_i_12/MSC_i_13/wraddr_rr[2]:CLK
  To:   MIPI_CAMERA_0/mipicsi2rxdecoderPF_C0_0/MSC_i_0/MSC_i_4/MSC_i_10/MSC_i_12/MSC_i_13/wraddr_sync_r[2]:D
  Delay (ns):              0.515
  Slack (ns):             -3.093
  Arrival (ns):            3.870
  Required (ns):           6.963
  Operating Conditions: slow_lv_ht

Path 13
  From: MIPI_CAMERA_0/mipicsi2rxdecoderPF_C0_0/MSC_i_0/MSC_i_4/MSC_i_10/genblk2.word_count_out[14]:CLK
  To:   MIPI_CAMERA_0/mipicsi2rxdecoderPF_C0_0/MSC_i_0/MSC_i_4/MSC_i_10/word_count_reg1_0[14]:D
  Delay (ns):              0.533
  Slack (ns):             -3.089
  Arrival (ns):            3.693
  Required (ns):           6.782
  Operating Conditions: slow_lv_lt

Path 14
  From: MIPI_CAMERA_0/mipicsi2rxdecoderPF_C0_0/MSC_i_0/MSC_i_4/MSC_i_10/MSC_i_12/MSC_i_13/wraddr_rr[8]:CLK
  To:   MIPI_CAMERA_0/mipicsi2rxdecoderPF_C0_0/MSC_i_0/MSC_i_4/MSC_i_10/MSC_i_12/MSC_i_13/wraddr_sync_r[8]:D
  Delay (ns):              0.513
  Slack (ns):             -3.070
  Arrival (ns):            3.698
  Required (ns):           6.768
  Operating Conditions: slow_lv_lt

Path 15
  From: MIPI_CAMERA_0/mipicsi2rxdecoderPF_C0_0/MSC_i_0/MSC_i_4/MSC_i_10/ecc_error_ready:CLK
  To:   MIPI_CAMERA_0/mipicsi2rxdecoderPF_C0_0/MSC_i_0/MSC_i_4/MSC_i_10/ecc_error_done:D
  Delay (ns):              0.553
  Slack (ns):             -3.053
  Arrival (ns):            3.715
  Required (ns):           6.768
  Operating Conditions: slow_lv_lt

Path 16
  From: MIPI_CAMERA_0/mipicsi2rxdecoderPF_C0_0/MSC_i_0/MSC_i_4/MSC_i_10/genblk2.word_count_out[9]:CLK
  To:   MIPI_CAMERA_0/mipicsi2rxdecoderPF_C0_0/MSC_i_0/MSC_i_4/MSC_i_10/word_count_reg1_0[9]:D
  Delay (ns):              0.560
  Slack (ns):             -3.044
  Arrival (ns):            3.723
  Required (ns):           6.767
  Operating Conditions: slow_lv_lt

Path 17
  From: MIPI_CAMERA_0/mipicsi2rxdecoderPF_C0_0/MSC_i_0/MSC_i_4/MSC_i_10/genblk2.frame_valid_out_VC0:CLK
  To:   MIPI_CAMERA_0/mipicsi2rxdecoderPF_C0_0/MSC_i_0/MSC_i_4/MSC_i_10/fv_reg:D
  Delay (ns):              0.561
  Slack (ns):             -3.038
  Arrival (ns):            3.730
  Required (ns):           6.768
  Operating Conditions: slow_lv_lt

Path 18
  From: MIPI_CAMERA_0/mipicsi2rxdecoderPF_C0_0/MSC_i_0/MSC_i_4/MSC_i_10/genblk2.word_count_out[11]:CLK
  To:   MIPI_CAMERA_0/mipicsi2rxdecoderPF_C0_0/MSC_i_0/MSC_i_4/MSC_i_10/word_count_reg1_0[11]:D
  Delay (ns):              0.594
  Slack (ns):             -3.008
  Arrival (ns):            3.757
  Required (ns):           6.765
  Operating Conditions: slow_lv_lt

Path 19
  From: MIPI_CAMERA_0/mipicsi2rxdecoderPF_C0_0/MSC_i_0/MSC_i_4/MSC_i_10/genblk2.word_count_out[4]:CLK
  To:   MIPI_CAMERA_0/mipicsi2rxdecoderPF_C0_0/MSC_i_0/MSC_i_4/MSC_i_10/word_count_reg1_0[4]:D
  Delay (ns):              0.608
  Slack (ns):             -2.997
  Arrival (ns):            3.772
  Required (ns):           6.769
  Operating Conditions: slow_lv_lt

Path 20
  From: MIPI_CAMERA_0/mipicsi2rxdecoderPF_C0_0/MSC_i_0/MSC_i_4/MSC_i_10/genblk2.word_count_out[7]:CLK
  To:   MIPI_CAMERA_0/mipicsi2rxdecoderPF_C0_0/MSC_i_0/MSC_i_4/MSC_i_10/word_count_reg1_0[7]:D
  Delay (ns):              0.650
  Slack (ns):             -2.978
  Arrival (ns):            3.814
  Required (ns):           6.792
  Operating Conditions: slow_lv_lt

Path 21
  From: MIPI_CAMERA_0/mipicsi2rxdecoderPF_C0_0/MSC_i_0/MSC_i_4/MSC_i_10/genblk2.dt_i[5]:CLK
  To:   MIPI_CAMERA_0/mipicsi2rxdecoderPF_C0_0/MSC_i_0/MSC_i_4/MSC_i_10/data_type_reg1_0[5]:D
  Delay (ns):              0.629
  Slack (ns):             -2.972
  Arrival (ns):            3.792
  Required (ns):           6.764
  Operating Conditions: slow_lv_lt

Path 22
  From: MIPI_CAMERA_0/mipicsi2rxdecoderPF_C0_0/MSC_i_0/MSC_i_4/MSC_i_10/genblk2.dt_i[4]:CLK
  To:   MIPI_CAMERA_0/mipicsi2rxdecoderPF_C0_0/MSC_i_0/MSC_i_4/MSC_i_10/data_type_reg1_0[4]:D
  Delay (ns):              0.663
  Slack (ns):             -2.953
  Arrival (ns):            3.826
  Required (ns):           6.779
  Operating Conditions: slow_lv_lt

Path 23
  From: MIPI_CAMERA_0/mipicsi2rxdecoderPF_C0_0/MSC_i_0/MSC_i_4/MSC_i_10/genblk2.word_count_out[1]:CLK
  To:   MIPI_CAMERA_0/mipicsi2rxdecoderPF_C0_0/MSC_i_0/MSC_i_4/MSC_i_10/word_count_reg1_0[1]:D
  Delay (ns):              0.671
  Slack (ns):             -2.936
  Arrival (ns):            3.833
  Required (ns):           6.769
  Operating Conditions: slow_lv_lt

Path 24
  From: MIPI_CAMERA_0/mipicsi2rxdecoderPF_C0_0/MSC_i_0/MSC_i_4/MSC_i_10/genblk2.word_count_out[8]:CLK
  To:   MIPI_CAMERA_0/mipicsi2rxdecoderPF_C0_0/MSC_i_0/MSC_i_4/MSC_i_10/word_count_reg1_0[8]:D
  Delay (ns):              0.666
  Slack (ns):             -2.926
  Arrival (ns):            3.831
  Required (ns):           6.757
  Operating Conditions: slow_lv_lt

Path 25
  From: MIPI_CAMERA_0/mipicsi2rxdecoderPF_C0_0/MSC_i_0/MSC_i_4/MSC_i_10/genblk2.dt_i[1]:CLK
  To:   MIPI_CAMERA_0/mipicsi2rxdecoderPF_C0_0/MSC_i_0/MSC_i_4/MSC_i_10/data_type_reg1_0[1]:D
  Delay (ns):              0.679
  Slack (ns):             -2.923
  Arrival (ns):            3.841
  Required (ns):           6.764
  Operating Conditions: slow_lv_lt

Path 26
  From: MIPI_CAMERA_0/mipicsi2rxdecoderPF_C0_0/MSC_i_0/MSC_i_4/MSC_i_10/genblk2.dt_i[2]:CLK
  To:   MIPI_CAMERA_0/mipicsi2rxdecoderPF_C0_0/MSC_i_0/MSC_i_4/MSC_i_10/data_type_reg1_0[2]:D
  Delay (ns):              0.689
  Slack (ns):             -2.911
  Arrival (ns):            3.856
  Required (ns):           6.767
  Operating Conditions: slow_lv_lt

Path 27
  From: MIPI_CAMERA_0/mipicsi2rxdecoderPF_C0_0/MSC_i_0/MSC_i_4/MSC_i_10/genblk2.word_count_out[15]:CLK
  To:   MIPI_CAMERA_0/mipicsi2rxdecoderPF_C0_0/MSC_i_0/MSC_i_4/MSC_i_10/word_count_reg1_0[15]:D
  Delay (ns):              0.712
  Slack (ns):             -2.907
  Arrival (ns):            3.874
  Required (ns):           6.781
  Operating Conditions: slow_lv_lt

Path 28
  From: MIPI_CAMERA_0/mipicsi2rxdecoderPF_C0_0/MSC_i_0/MSC_i_4/MSC_i_10/genblk2.word_count_out[2]:CLK
  To:   MIPI_CAMERA_0/mipicsi2rxdecoderPF_C0_0/MSC_i_0/MSC_i_4/MSC_i_10/word_count_reg1_0[2]:D
  Delay (ns):              0.760
  Slack (ns):             -2.870
  Arrival (ns):            3.922
  Required (ns):           6.792
  Operating Conditions: slow_lv_lt

Path 29
  From: MIPI_CAMERA_0/mipicsi2rxdecoderPF_C0_0/MSC_i_0/MSC_i_4/MSC_i_10/genblk2.word_count_out[6]:CLK
  To:   MIPI_CAMERA_0/mipicsi2rxdecoderPF_C0_0/MSC_i_0/MSC_i_4/MSC_i_10/word_count_reg1_0[6]:D
  Delay (ns):              0.740
  Slack (ns):             -2.857
  Arrival (ns):            3.900
  Required (ns):           6.757
  Operating Conditions: slow_lv_lt

Path 30
  From: MIPI_CAMERA_0/mipicsi2rxdecoderPF_C0_0/MSC_i_0/MSC_i_4/MSC_i_10/genblk2.word_count_out[10]:CLK
  To:   MIPI_CAMERA_0/mipicsi2rxdecoderPF_C0_0/MSC_i_0/MSC_i_4/MSC_i_10/word_count_reg1_0[10]:D
  Delay (ns):              0.743
  Slack (ns):             -2.854
  Arrival (ns):            3.906
  Required (ns):           6.760
  Operating Conditions: slow_lv_lt

Path 31
  From: MIPI_CAMERA_0/mipicsi2rxdecoderPF_C0_0/MSC_i_0/MSC_i_4/MSC_i_10/MSC_i_12/MSC_i_13/wraddr_rr[3]:CLK
  To:   MIPI_CAMERA_0/mipicsi2rxdecoderPF_C0_0/MSC_i_0/MSC_i_4/MSC_i_10/MSC_i_12/MSC_i_13/wraddr_sync_r[3]:D
  Delay (ns):              0.759
  Slack (ns):             -2.851
  Arrival (ns):            3.929
  Required (ns):           6.780
  Operating Conditions: slow_lv_lt

Path 32
  From: MIPI_CAMERA_0/mipicsi2rxdecoderPF_C0_0/MSC_i_0/MSC_i_4/MSC_i_10/genblk2.virtual_channel[0]:CLK
  To:   MIPI_CAMERA_0/mipicsi2rxdecoderPF_C0_0/MSC_i_0/MSC_i_4/MSC_i_10/virtual_channel_reg1_0[0]:D
  Delay (ns):              0.778
  Slack (ns):             -2.844
  Arrival (ns):            3.945
  Required (ns):           6.789
  Operating Conditions: slow_lv_lt

Path 33
  From: MIPI_CAMERA_0/mipicsi2rxdecoderPF_C0_0/MSC_i_0/MSC_i_4/MSC_i_10/genblk2.word_count_out[3]:CLK
  To:   MIPI_CAMERA_0/mipicsi2rxdecoderPF_C0_0/MSC_i_0/MSC_i_4/MSC_i_10/word_count_reg1_0[3]:D
  Delay (ns):              0.792
  Slack (ns):             -2.816
  Arrival (ns):            3.956
  Required (ns):           6.772
  Operating Conditions: slow_lv_lt

Path 34
  From: MIPI_CAMERA_0/mipicsi2rxdecoderPF_C0_0/MSC_i_0/MSC_i_4/MSC_i_10/crc_error_ready:CLK
  To:   MIPI_CAMERA_0/mipicsi2rxdecoderPF_C0_0/MSC_i_0/MSC_i_4/MSC_i_10/crc_error_done:D
  Delay (ns):              0.835
  Slack (ns):             -2.762
  Arrival (ns):            3.998
  Required (ns):           6.760
  Operating Conditions: slow_lv_lt

Path 35
  From: MIPI_CAMERA_0/mipicsi2rxdecoderPF_C0_0/MSC_i_0/MSC_i_4/MSC_i_10/genblk2.dt_i[0]:CLK
  To:   MIPI_CAMERA_0/mipicsi2rxdecoderPF_C0_0/MSC_i_0/MSC_i_4/MSC_i_10/data_type_reg1_0[0]:D
  Delay (ns):              0.846
  Slack (ns):             -2.756
  Arrival (ns):            4.009
  Required (ns):           6.765
  Operating Conditions: slow_lv_lt

Path 36
  From: MIPI_CAMERA_0/mipicsi2rxdecoderPF_C0_0/MSC_i_0/MSC_i_4/MSC_i_10/genblk2.word_count_out[5]:CLK
  To:   MIPI_CAMERA_0/mipicsi2rxdecoderPF_C0_0/MSC_i_0/MSC_i_4/MSC_i_10/word_count_reg1_0[5]:D
  Delay (ns):              0.910
  Slack (ns):             -2.682
  Arrival (ns):            4.073
  Required (ns):           6.755
  Operating Conditions: slow_lv_lt

Path 37
  From: MIPI_CAMERA_0/mipicsi2rxdecoderPF_C0_0/MSC_i_0/MSC_i_4/MSC_i_10/genblk2.word_count_out[13]:CLK
  To:   MIPI_CAMERA_0/mipicsi2rxdecoderPF_C0_0/MSC_i_0/MSC_i_4/MSC_i_10/word_count_reg1_0[13]:D
  Delay (ns):              0.923
  Slack (ns):             -2.668
  Arrival (ns):            4.087
  Required (ns):           6.755
  Operating Conditions: slow_lv_lt

Path 38
  From: MIPI_CAMERA_0/mipicsi2rxdecoderPF_C0_0/MSC_i_0/MSC_i_4/MSC_i_10/genblk2.word_count_out[0]:CLK
  To:   MIPI_CAMERA_0/mipicsi2rxdecoderPF_C0_0/MSC_i_0/MSC_i_4/MSC_i_10/word_count_reg1_0[0]:D
  Delay (ns):              1.133
  Slack (ns):             -2.486
  Arrival (ns):            4.295
  Required (ns):           6.781
  Operating Conditions: slow_lv_lt

Path 39
  From: MIPI_CAMERA_0/mipicsi2rxdecoderPF_C0_0/MSC_i_0/MSC_i_4/MSC_i_10/genblk2.virtual_channel[1]:CLK
  To:   MIPI_CAMERA_0/mipicsi2rxdecoderPF_C0_0/MSC_i_0/MSC_i_4/MSC_i_10/virtual_channel_reg1_0[1]:D
  Delay (ns):              1.136
  Slack (ns):             -2.452
  Arrival (ns):            4.299
  Required (ns):           6.751
  Operating Conditions: slow_lv_lt

Path 40
  From: MIPI_CAMERA_0/mipicsi2rxdecoderPF_C0_0/MSC_i_0/MSC_i_4/MSC_i_10/genblk2.dt_i[3]:CLK
  To:   MIPI_CAMERA_0/mipicsi2rxdecoderPF_C0_0/MSC_i_0/MSC_i_4/MSC_i_10/data_type_reg1_0[3]:D
  Delay (ns):              1.149
  Slack (ns):             -2.440
  Arrival (ns):            4.311
  Required (ns):           6.751
  Operating Conditions: slow_lv_lt

Path 41
  From: MIPI_CAMERA_0/PF_IOD_GENERIC_RX_C0_0/COREBCLKSCLKALIGN_0/PF_IOD_GENERIC_RX_C0_TR_0/genblk1.U_ICB_BCLKSCLKALIGN/RX_CLK_ALIGN_DONE:CLK
  To:   MIPI_CAMERA_0/mipicsi2rxdecoderPF_C0_0/MSC_i_0/MSC_i_1/interrupt_event_dly[0][3]:D
  Delay (ns):              2.597
  Slack (ns):             -1.894
  Arrival (ns):            5.819
  Required (ns):           7.713
  Operating Conditions: slow_lv_lt

Path 42
  From: MIPI_CAMERA_0/VDMA_C0_0/VDMA_C0_0/dma_top_0/vdma_write_0/frame_size_fifo/wptr[0]:CLK
  To:   MIPI_CAMERA_0/VDMA_C0_0/VDMA_C0_0/dma_top_0/vdma_write_0/frame_size_fifo/rwptr1[0]:D
  Delay (ns):              0.233
  Slack (ns):             -1.870
  Arrival (ns):            5.462
  Required (ns):           7.332
  Operating Conditions: slow_lv_lt

Path 43
  From: MIPI_CAMERA_0/VDMA_C0_0/VDMA_C0_0/dma_top_0/vdma_write_0/frame_size_fifo/wptr[2]:CLK
  To:   MIPI_CAMERA_0/VDMA_C0_0/VDMA_C0_0/dma_top_0/vdma_write_0/frame_size_fifo/rwptr1[2]:D
  Delay (ns):              0.242
  Slack (ns):             -1.861
  Arrival (ns):            5.471
  Required (ns):           7.332
  Operating Conditions: slow_lv_lt

Path 44
  From: MIPI_CAMERA_0/VDMA_C0_0/VDMA_C0_0/dma_top_0/vdma_write_0/frame_size_fifo/wptr[1]:CLK
  To:   MIPI_CAMERA_0/VDMA_C0_0/VDMA_C0_0/dma_top_0/vdma_write_0/frame_size_fifo/rwptr1[1]:D
  Delay (ns):              0.246
  Slack (ns):             -1.857
  Arrival (ns):            5.475
  Required (ns):           7.332
  Operating Conditions: slow_lv_lt

Path 45
  From: MIPI_CAMERA_0/VDMA_C0_0/VDMA_C0_0/dma_top_0/vdma_write_0/frame_size_fifo/wptr[3]:CLK
  To:   MIPI_CAMERA_0/VDMA_C0_0/VDMA_C0_0/dma_top_0/vdma_write_0/frame_size_fifo/rwptr1[3]:D
  Delay (ns):              0.273
  Slack (ns):             -1.847
  Arrival (ns):            5.485
  Required (ns):           7.332
  Operating Conditions: slow_lv_lt

Path 46
  From: MIPI_CAMERA_0/VDMA_C0_0/VDMA_C0_0/dma_top_0/vdma_write_0/frame_size_fifo/wbin[5]:CLK
  To:   MIPI_CAMERA_0/VDMA_C0_0/VDMA_C0_0/dma_top_0/vdma_write_0/frame_size_fifo/rwptr1[5]:D
  Delay (ns):              0.403
  Slack (ns):             -1.727
  Arrival (ns):            5.615
  Required (ns):           7.342
  Operating Conditions: slow_lv_lt

Path 47
  From: MIPI_CAMERA_0/VDMA_C0_0/VDMA_C0_0/dma_top_0/vdma_write_0/frame_size_fifo/wptr[4]:CLK
  To:   MIPI_CAMERA_0/VDMA_C0_0/VDMA_C0_0/dma_top_0/vdma_write_0/frame_size_fifo/rwptr1[4]:D
  Delay (ns):              0.448
  Slack (ns):             -1.677
  Arrival (ns):            5.660
  Required (ns):           7.337
  Operating Conditions: slow_lv_lt

Path 48
  From: MIPI_CAMERA_0/VDMA_C0_0/VDMA_C0_0/dma_top_0/vdma_write_0/ddr_write_vdma/async_fifo_vdma_0/rptr[6]:CLK
  To:   MIPI_CAMERA_0/VDMA_C0_0/VDMA_C0_0/dma_top_0/vdma_write_0/ddr_write_vdma/async_fifo_vdma_0/wrptr1[6]:D
  Delay (ns):              0.220
  Slack (ns):             -1.662
  Arrival (ns):            5.423
  Required (ns):           7.085
  Operating Conditions: slow_lv_lt

Path 49
  From: MIPI_CAMERA_0/VDMA_C0_0/VDMA_C0_0/dma_top_0/vdma_write_0/ddr_write_vdma/async_fifo_vdma_0/rptr[7]:CLK
  To:   MIPI_CAMERA_0/VDMA_C0_0/VDMA_C0_0/dma_top_0/vdma_write_0/ddr_write_vdma/async_fifo_vdma_0/wrptr1[7]:D
  Delay (ns):              0.222
  Slack (ns):             -1.661
  Arrival (ns):            5.425
  Required (ns):           7.086
  Operating Conditions: slow_lv_lt

Path 50
  From: MIPI_CAMERA_0/VDMA_C0_0/VDMA_C0_0/dma_top_0/vdma_write_0/ddr_write_vdma/async_fifo_vdma_0/rptr[5]:CLK
  To:   MIPI_CAMERA_0/VDMA_C0_0/VDMA_C0_0/dma_top_0/vdma_write_0/ddr_write_vdma/async_fifo_vdma_0/wrptr1[5]:D
  Delay (ns):              0.227
  Slack (ns):             -1.656
  Arrival (ns):            5.430
  Required (ns):           7.086
  Operating Conditions: slow_lv_lt

Path 51
  From: MIPI_CAMERA_0/VDMA_C0_0/VDMA_C0_0/dma_top_0/vdma_write_0/ddr_write_vdma/async_fifo_vdma_0/rptr[8]:CLK
  To:   MIPI_CAMERA_0/VDMA_C0_0/VDMA_C0_0/dma_top_0/vdma_write_0/ddr_write_vdma/async_fifo_vdma_0/wrptr1[8]:D
  Delay (ns):              0.229
  Slack (ns):             -1.654
  Arrival (ns):            5.432
  Required (ns):           7.086
  Operating Conditions: slow_lv_lt

Path 52
  From: MIPI_CAMERA_0/VDMA_C0_0/VDMA_C0_0/dma_top_0/vdma_write_0/ddr_write_vdma/async_fifo_vdma_0/rptr[4]:CLK
  To:   MIPI_CAMERA_0/VDMA_C0_0/VDMA_C0_0/dma_top_0/vdma_write_0/ddr_write_vdma/async_fifo_vdma_0/wrptr1[4]:D
  Delay (ns):              0.234
  Slack (ns):             -1.645
  Arrival (ns):            5.431
  Required (ns):           7.076
  Operating Conditions: slow_lv_lt

Path 53
  From: MIPI_CAMERA_0/VDMA_C0_0/VDMA_C0_0/dma_top_0/vdma_write_0/ddr_write_vdma/async_fifo_vdma_0/rptr[9]:CLK
  To:   MIPI_CAMERA_0/VDMA_C0_0/VDMA_C0_0/dma_top_0/vdma_write_0/ddr_write_vdma/async_fifo_vdma_0/wrptr1[9]:D
  Delay (ns):              0.239
  Slack (ns):             -1.644
  Arrival (ns):            5.442
  Required (ns):           7.086
  Operating Conditions: slow_lv_lt

Path 54
  From: MIPI_CAMERA_0/VDMA_C0_0/VDMA_C0_0/dma_top_0/vdma_write_0/ddr_write_vdma/async_fifo_vdma_0/rptr[0]:CLK
  To:   MIPI_CAMERA_0/VDMA_C0_0/VDMA_C0_0/dma_top_0/vdma_write_0/ddr_write_vdma/async_fifo_vdma_0/wrptr1[0]:D
  Delay (ns):              0.236
  Slack (ns):             -1.643
  Arrival (ns):            5.433
  Required (ns):           7.076
  Operating Conditions: slow_lv_lt

Path 55
  From: MIPI_CAMERA_0/VDMA_C0_0/VDMA_C0_0/dma_top_0/vdma_write_0/ddr_write_vdma/async_fifo_vdma_0/rptr[11]:CLK
  To:   MIPI_CAMERA_0/VDMA_C0_0/VDMA_C0_0/dma_top_0/vdma_write_0/ddr_write_vdma/async_fifo_vdma_0/wrptr1[11]:D
  Delay (ns):              0.239
  Slack (ns):             -1.640
  Arrival (ns):            5.440
  Required (ns):           7.080
  Operating Conditions: slow_lv_lt

Path 56
  From: MIPI_CAMERA_0/VDMA_C0_0/VDMA_C0_0/dma_top_0/vdma_write_0/ddr_write_vdma/async_fifo_vdma_0/rbin[12]:CLK
  To:   MIPI_CAMERA_0/VDMA_C0_0/VDMA_C0_0/dma_top_0/vdma_write_0/ddr_write_vdma/async_fifo_vdma_0/wrptr1[12]:D
  Delay (ns):              0.239
  Slack (ns):             -1.640
  Arrival (ns):            5.440
  Required (ns):           7.080
  Operating Conditions: slow_lv_lt

Path 57
  From: MIPI_CAMERA_0/VDMA_C0_0/VDMA_C0_0/dma_top_0/vdma_write_0/ddr_write_vdma/async_fifo_vdma_0/rptr[3]:CLK
  To:   MIPI_CAMERA_0/VDMA_C0_0/VDMA_C0_0/dma_top_0/vdma_write_0/ddr_write_vdma/async_fifo_vdma_0/wrptr1[3]:D
  Delay (ns):              0.242
  Slack (ns):             -1.637
  Arrival (ns):            5.439
  Required (ns):           7.076
  Operating Conditions: slow_lv_lt

Path 58
  From: MIPI_CAMERA_0/VDMA_C0_0/VDMA_C0_0/dma_top_0/vdma_write_0/ddr_write_vdma/async_fifo_vdma_0/rptr[1]:CLK
  To:   MIPI_CAMERA_0/VDMA_C0_0/VDMA_C0_0/dma_top_0/vdma_write_0/ddr_write_vdma/async_fifo_vdma_0/wrptr1[1]:D
  Delay (ns):              0.290
  Slack (ns):             -1.589
  Arrival (ns):            5.487
  Required (ns):           7.076
  Operating Conditions: slow_lv_lt

Path 59
  From: MIPI_CAMERA_0/VDMA_C0_0/VDMA_C0_0/dma_top_0/vdma_write_0/ddr_write_vdma/async_fifo_vdma_0/rptr[10]:CLK
  To:   MIPI_CAMERA_0/VDMA_C0_0/VDMA_C0_0/dma_top_0/vdma_write_0/ddr_write_vdma/async_fifo_vdma_0/wrptr1[10]:D
  Delay (ns):              0.294
  Slack (ns):             -1.587
  Arrival (ns):            5.494
  Required (ns):           7.081
  Operating Conditions: slow_lv_lt

Path 60
  From: MIPI_CAMERA_0/VDMA_C0_0/VDMA_C0_0/dma_top_0/vdma_write_0/ddr_write_vdma/async_fifo_vdma_0/rptr[2]:CLK
  To:   MIPI_CAMERA_0/VDMA_C0_0/VDMA_C0_0/dma_top_0/vdma_write_0/ddr_write_vdma/async_fifo_vdma_0/wrptr1[2]:D
  Delay (ns):              0.295
  Slack (ns):             -1.584
  Arrival (ns):            5.492
  Required (ns):           7.076
  Operating Conditions: slow_lv_lt

Path 61
  From: MIPI_CAMERA_0/VDMA_C0_0/VDMA_C0_0/dma_top_0/vdma_write_0/frame_size_fifo/wfull:CLK
  To:   MIPI_CAMERA_0/VDMA_C0_0/VDMA_C0_0/dma_top_0/interrupt_controller_vdma_0/synchronizer_circuit_2stage_frame_size/s_data_in:D
  Delay (ns):              0.540
  Slack (ns):             -1.558
  Arrival (ns):            5.770
  Required (ns):           7.328
  Operating Conditions: slow_lv_lt

Path 62
  From: MIPI_CAMERA_0/VDMA_C0_0/VDMA_C0_0/dma_top_0/vdma_write_0/ddr_write_vdma/ddr_write_controller_vdma_0/int_dma:CLK
  To:   MIPI_CAMERA_0/VDMA_C0_0/VDMA_C0_0/dma_top_0/interrupt_controller_vdma_0/interrupt_event_dly[0][0]:D
  Delay (ns):              0.663
  Slack (ns):             -1.472
  Arrival (ns):            5.865
  Required (ns):           7.337
  Operating Conditions: slow_lv_lt

Path 63
  From: MIPI_CAMERA_0/VDMA_C0_0/VDMA_C0_0/dma_top_0/vdma_write_0/ddr_write_vdma/ddr_write_controller_vdma_0/int_dma:CLK
  To:   MIPI_CAMERA_0/VDMA_C0_0/VDMA_C0_0/dma_top_0/vdma_write_0/synchronizer_circuit_2stage_vdma/s_data_in:D
  Delay (ns):              0.512
  Slack (ns):             -1.396
  Arrival (ns):            5.714
  Required (ns):           7.110
  Operating Conditions: slow_lv_lt

Path 64
  From: MIPI_CAMERA_0/VDMA_C0_0/VDMA_C0_0/dma_top_0/vdma_write_0/buff_addr_fifo/rptr[4]:CLK
  To:   MIPI_CAMERA_0/VDMA_C0_0/VDMA_C0_0/dma_top_0/vdma_write_0/buff_addr_fifo/wrptr1[4]:D
  Delay (ns):              0.273
  Slack (ns):             -1.312
  Arrival (ns):            6.415
  Required (ns):           7.727
  Operating Conditions: slow_lv_lt

Path 65
  From: MIPI_CAMERA_0/mipicsi2rxdecoderPF_C0_0/MSC_i_0/r_isr[4]:CLK
  To:   MIPI_CAMERA_0/mipicsi2rxdecoderPF_C0_0/MSC_i_0/MSC_i_1/interrupt_event_dly[0][4]:D
  Delay (ns):              0.289
  Slack (ns):             -1.304
  Arrival (ns):            6.391
  Required (ns):           7.695
  Operating Conditions: slow_lv_lt

Path 66
  From: MIPI_CAMERA_0/VDMA_C0_0/VDMA_C0_0/dma_top_0/vdma_write_0/buff_addr_fifo/rbin[5]:CLK
  To:   MIPI_CAMERA_0/VDMA_C0_0/VDMA_C0_0/dma_top_0/vdma_write_0/buff_addr_fifo/wrptr1[5]:D
  Delay (ns):              0.285
  Slack (ns):             -1.297
  Arrival (ns):            6.425
  Required (ns):           7.722
  Operating Conditions: slow_lv_lt

Path 67
  From: MIPI_CAMERA_0/VDMA_C0_0/VDMA_C0_0/dma_top_0/vdma_write_0/buff_addr_fifo/rptr[2]:CLK
  To:   MIPI_CAMERA_0/VDMA_C0_0/VDMA_C0_0/dma_top_0/vdma_write_0/buff_addr_fifo/wrptr1[2]:D
  Delay (ns):              0.289
  Slack (ns):             -1.293
  Arrival (ns):            6.429
  Required (ns):           7.722
  Operating Conditions: slow_lv_lt

Path 68
  From: MIPI_CAMERA_0/VDMA_C0_0/VDMA_C0_0/dma_top_0/vdma_write_0/buff_addr_fifo/rptr[1]:CLK
  To:   MIPI_CAMERA_0/VDMA_C0_0/VDMA_C0_0/dma_top_0/vdma_write_0/buff_addr_fifo/wrptr1[1]:D
  Delay (ns):              0.290
  Slack (ns):             -1.292
  Arrival (ns):            6.430
  Required (ns):           7.722
  Operating Conditions: slow_lv_lt

Path 69
  From: MIPI_CAMERA_0/VDMA_C0_0/VDMA_C0_0/dma_top_0/vdma_write_0/buff_addr_fifo/rptr[0]:CLK
  To:   MIPI_CAMERA_0/VDMA_C0_0/VDMA_C0_0/dma_top_0/vdma_write_0/buff_addr_fifo/wrptr1[0]:D
  Delay (ns):              0.295
  Slack (ns):             -1.290
  Arrival (ns):            6.437
  Required (ns):           7.727
  Operating Conditions: slow_lv_lt

Path 70
  From: MIPI_CAMERA_0/VDMA_C0_0/VDMA_C0_0/dma_top_0/vdma_write_0/buff_addr_fifo/rptr[3]:CLK
  To:   MIPI_CAMERA_0/VDMA_C0_0/VDMA_C0_0/dma_top_0/vdma_write_0/buff_addr_fifo/wrptr1[3]:D
  Delay (ns):              0.299
  Slack (ns):             -1.285
  Arrival (ns):            6.442
  Required (ns):           7.727
  Operating Conditions: slow_lv_lt

Path 71
  From: MIPI_CAMERA_0/mipicsi2rxdecoderPF_C0_0/MSC_i_0/r_isr[1]:CLK
  To:   MIPI_CAMERA_0/mipicsi2rxdecoderPF_C0_0/MSC_i_0/MSC_i_1/interrupt_event_dly[0][1]:D
  Delay (ns):              0.298
  Slack (ns):             -1.283
  Arrival (ns):            6.422
  Required (ns):           7.705
  Operating Conditions: slow_lv_lt

Path 72
  From: MIPI_CAMERA_0/mipicsi2rxdecoderPF_C0_0/MSC_i_0/r_isr[2]:CLK
  To:   MIPI_CAMERA_0/mipicsi2rxdecoderPF_C0_0/MSC_i_0/MSC_i_1/interrupt_event_dly[0][2]:D
  Delay (ns):              0.377
  Slack (ns):             -1.204
  Arrival (ns):            6.501
  Required (ns):           7.705
  Operating Conditions: slow_lv_lt

Path 73
  From: MIPI_CAMERA_0/mipicsi2rxdecoderPF_C0_0/MSC_i_0/r_isr[5]:CLK
  To:   MIPI_CAMERA_0/mipicsi2rxdecoderPF_C0_0/MSC_i_0/MSC_i_1/interrupt_event_dly[0][5]:D
  Delay (ns):              0.442
  Slack (ns):             -1.129
  Arrival (ns):            6.566
  Required (ns):           7.695
  Operating Conditions: slow_lv_lt

Path 74
  From: MIPI_CAMERA_0/mipicsi2rxdecoderPF_C0_0/MSC_i_0/r_isr[6]:CLK
  To:   MIPI_CAMERA_0/mipicsi2rxdecoderPF_C0_0/MSC_i_0/MSC_i_1/interrupt_event_dly[0][6]:D
  Delay (ns):              0.450
  Slack (ns):             -1.097
  Arrival (ns):            6.580
  Required (ns):           7.677
  Operating Conditions: slow_lv_lt

Path 75
  From: MIPI_CAMERA_0/VDMA_C0_0/VDMA_C0_0/dma_top_0/vdma_write_0/buff_addr_fifo/rempty:CLK
  To:   MIPI_CAMERA_0/VDMA_C0_0/VDMA_C0_0/dma_top_0/interrupt_controller_vdma_0/synchronizer_circuit_2stage_buff_addr/s_data_in:D
  Delay (ns):              0.589
  Slack (ns):             -0.982
  Arrival (ns):            6.732
  Required (ns):           7.714
  Operating Conditions: slow_lv_lt

Path 76
  From: MIPI_CAMERA_0/mipicsi2rxdecoderPF_C0_0/MSC_i_0/r_int_dly1:CLK
  To:   MIPI_CAMERA_0/mipicsi2rxdecoderPF_C0_0/MSC_i_0/MSC_i_1/interrupt_event_dly[0][0]:D
  Delay (ns):              0.748
  Slack (ns):             -0.816
  Arrival (ns):            6.881
  Required (ns):           7.697
  Operating Conditions: slow_lv_lt

Path 77
  From: MIPI_CAMERA_0/mipicsi2rxdecoderPF_C0_0/MSC_i_0/r_isr[0]:CLK
  To:   MIPI_CAMERA_0/mipicsi2rxdecoderPF_C0_0/MSC_i_0/MSC_i_1/interrupt_event_dly[0][0]:D
  Delay (ns):              0.754
  Slack (ns):             -0.810
  Arrival (ns):            6.887
  Required (ns):           7.697
  Operating Conditions: slow_lv_lt

Path 78
  From: MIPI_CAMERA_0/mipicsi2rxdecoderPF_C0_0/MSC_i_0/r_int_dly2:CLK
  To:   MIPI_CAMERA_0/mipicsi2rxdecoderPF_C0_0/MSC_i_0/MSC_i_1/interrupt_event_dly[0][0]:D
  Delay (ns):              0.787
  Slack (ns):             -0.800
  Arrival (ns):            6.897
  Required (ns):           7.697
  Operating Conditions: slow_lv_lt

Path 79
  From: MIPI_CAMERA_0/mipicsi2rxdecoderPF_C0_0/MSC_i_0/r_int_dly4:CLK
  To:   MIPI_CAMERA_0/mipicsi2rxdecoderPF_C0_0/MSC_i_0/MSC_i_1/interrupt_event_dly[0][0]:D
  Delay (ns):              0.805
  Slack (ns):             -0.785
  Arrival (ns):            6.912
  Required (ns):           7.697
  Operating Conditions: slow_lv_lt

Path 80
  From: MIPI_CAMERA_0/mipicsi2rxdecoderPF_C0_0/MSC_i_0/r_int_dly3:CLK
  To:   MIPI_CAMERA_0/mipicsi2rxdecoderPF_C0_0/MSC_i_0/MSC_i_1/interrupt_event_dly[0][0]:D
  Delay (ns):              0.814
  Slack (ns):             -0.774
  Arrival (ns):            6.923
  Required (ns):           7.697
  Operating Conditions: slow_lv_lt

Path 81
  From: MIPI_CAMERA_0/VDMA_C0_0/VDMA_C0_0/dma_top_0/vdma_write_0/buff_addr_fifo/wptr[4]:CLK
  To:   MIPI_CAMERA_0/VDMA_C0_0/VDMA_C0_0/dma_top_0/vdma_write_0/buff_addr_fifo/rwptr1[4]:D
  Delay (ns):              0.355
  Slack (ns):             -0.075
  Arrival (ns):            7.276
  Required (ns):           7.351
  Operating Conditions: slow_lv_ht

Path 82
  From: MIPI_CAMERA_0/VDMA_C0_0/VDMA_C0_0/dma_top_0/vdma_write_0/buff_addr_fifo/wptr[3]:CLK
  To:   MIPI_CAMERA_0/VDMA_C0_0/VDMA_C0_0/dma_top_0/vdma_write_0/buff_addr_fifo/rwptr1[3]:D
  Delay (ns):              0.370
  Slack (ns):             -0.065
  Arrival (ns):            7.286
  Required (ns):           7.351
  Operating Conditions: slow_lv_ht

Path 83
  From: MIPI_CAMERA_0/VDMA_C0_0/VDMA_C0_0/dma_top_0/vdma_write_0/buff_addr_fifo/wptr[0]:CLK
  To:   MIPI_CAMERA_0/VDMA_C0_0/VDMA_C0_0/dma_top_0/vdma_write_0/buff_addr_fifo/rwptr1[0]:D
  Delay (ns):              0.374
  Slack (ns):             -0.061
  Arrival (ns):            7.290
  Required (ns):           7.351
  Operating Conditions: slow_lv_ht

Path 84
  From: MIPI_CAMERA_0/VDMA_C0_0/VDMA_C0_0/dma_top_0/vdma_write_0/buff_addr_fifo/wbin[5]:CLK
  To:   MIPI_CAMERA_0/VDMA_C0_0/VDMA_C0_0/dma_top_0/vdma_write_0/buff_addr_fifo/rwptr1[5]:D
  Delay (ns):              0.385
  Slack (ns):             -0.050
  Arrival (ns):            7.301
  Required (ns):           7.351
  Operating Conditions: slow_lv_ht

Path 85
  From: MIPI_CAMERA_0/VDMA_C0_0/VDMA_C0_0/dma_top_0/vdma_write_0/buff_addr_fifo/wptr[1]:CLK
  To:   MIPI_CAMERA_0/VDMA_C0_0/VDMA_C0_0/dma_top_0/vdma_write_0/buff_addr_fifo/rwptr1[1]:D
  Delay (ns):              0.407
  Slack (ns):             -0.026
  Arrival (ns):            7.323
  Required (ns):           7.349
  Operating Conditions: slow_lv_ht

Path 86
  From: MIPI_CAMERA_0/VDMA_C0_0/VDMA_C0_0/dma_top_0/vdma_write_0/buff_addr_fifo/wptr[2]:CLK
  To:   MIPI_CAMERA_0/VDMA_C0_0/VDMA_C0_0/dma_top_0/vdma_write_0/buff_addr_fifo/rwptr1[2]:D
  Delay (ns):              0.467
  Slack (ns):              0.034
  Arrival (ns):            7.383
  Required (ns):           7.349
  Operating Conditions: slow_lv_ht

Path 87
  From: FIC_0_PERIPHERALS_0/security_core_0/hash_block_14[28]:CLK
  To:   FIC_0_PERIPHERALS_0/security_core_0/hash_block_15[28]:D
  Delay (ns):              0.288
  Slack (ns):              0.042
  Arrival (ns):            7.201
  Required (ns):           7.159
  Operating Conditions: slow_lv_ht

Path 88
  From: MIPI_CAMERA_0/mipicsi2rxdecoderPF_C0_0/MSC_i_0/MSC_i_4/MSC_i_10/MSC_i_12/byte_data[2]:CLK
  To:   MIPI_CAMERA_0/mipicsi2rxdecoderPF_C0_0/MSC_i_0/MSC_i_4/MSC_i_10/MSC_i_12/genblk3.reg0[2]:D
  Delay (ns):              0.304
  Slack (ns):              0.053
  Arrival (ns):            3.476
  Required (ns):           3.423
  Operating Conditions: slow_lv_lt

Path 89
  From: FIC_0_PERIPHERALS_0/FIC0_INITIATOR_inst_0/FIC0_INITIATOR_0/SlvConvertor_loop[2].slvcnv/slvdwc/genblk1.DownConverter_inst/readWidthConv/DWC_DownConv_preCalcCmdFifoWrCtrl_inst/sizeMax_pre_Z[2]:CLK
  To:   FIC_0_PERIPHERALS_0/FIC0_INITIATOR_inst_0/FIC0_INITIATOR_0/SlvConvertor_loop[2].slvcnv/slvdwc/genblk1.DownConverter_inst/readWidthConv/rdCmdFifoWriteCtrl/SizeMax_reg[2]:D
  Delay (ns):              0.302
  Slack (ns):              0.058
  Arrival (ns):            7.022
  Required (ns):           6.964
  Operating Conditions: slow_lv_lt

Path 90
  From: FIC_0_PERIPHERALS_0/security_core_0/rng/trivium_0/C[0][8]:CLK
  To:   FIC_0_PERIPHERALS_0/security_core_0/rng/trivium_0/C[1][8]:D
  Delay (ns):              0.314
  Slack (ns):              0.065
  Arrival (ns):            7.033
  Required (ns):           6.968
  Operating Conditions: slow_lv_lt

Path 91
  From: CLOCKS_AND_RESETS_0/RESET_FIC_0_CLK/CORERESET_0/dff_11[0]:CLK
  To:   CLOCKS_AND_RESETS_0/RESET_FIC_0_CLK/CORERESET_0/dff_12[0]:D
  Delay (ns):              0.143
  Slack (ns):              0.066
  Arrival (ns):            4.900
  Required (ns):           4.834
  Operating Conditions: fast_hv_lt

Path 92
  From: FIC_0_PERIPHERALS_0/FIC0_INITIATOR_inst_0/FIC0_INITIATOR_0/SlvConvertor_loop[4].slvcnv/slvdwc/genblk1.DownConverter_inst/writeWidthConv/caxi4interconnect_DWC_DownConv_Hold_Reg_Wr/DWC_DownConv_hold_data_out[0]:CLK
  To:   FIC_0_PERIPHERALS_0/FIC0_INITIATOR_inst_0/FIC0_INITIATOR_0/SlvConvertor_loop[4].slvcnv/slvdwc/genblk1.DownConverter_inst/writeWidthConv/widthConvwr/lastTx_reg:D
  Delay (ns):              0.144
  Slack (ns):              0.067
  Arrival (ns):            4.924
  Required (ns):           4.857
  Operating Conditions: fast_hv_lt

Path 93
  From: MIPI_CAMERA_0/VDMA_C0_0/VDMA_C0_0/dma_top_0/axi4lite_regmap_vdma_0/write_reg_vdma_0/r_fifo_rstn:CLK
  To:   MIPI_CAMERA_0/VDMA_C0_0/VDMA_C0_0/dma_top_0/axi4lite_regmap_vdma_0/write_reg_vdma_0/r_fifo_rstn_dly_Z[0]:D
  Delay (ns):              0.145
  Slack (ns):              0.068
  Arrival (ns):            4.933
  Required (ns):           4.865
  Operating Conditions: fast_hv_lt

Path 94
  From: FIC_0_PERIPHERALS_0/DMA_CONTROLLER_inst_0/DMA_CONTROLLER_0/U_AXI4INITIATORDMACtrl/ARADDRReg[26]:CLK
  To:   FIC_0_PERIPHERALS_0/DMA_INITIATOR_inst_0/DMA_INITIATOR_0/MstConvertor_loop[0].mstrconv/mstrDWC/genblk1.MstUpConv/DWC_UpConv_preCalcAChannel_ar_inst/MASTER_AADDR_out[26]:D
  Delay (ns):              0.217
  Slack (ns):              0.068
  Arrival (ns):            6.951
  Required (ns):           6.883
  Operating Conditions: slow_lv_lt

Path 95
  From: CLOCKS_AND_RESETS_0/RESET_FIC_0_CLK/CORERESET_0/dff_13[0]:CLK
  To:   CLOCKS_AND_RESETS_0/RESET_FIC_0_CLK/CORERESET_0/dff_14[0]:D
  Delay (ns):              0.145
  Slack (ns):              0.068
  Arrival (ns):            4.902
  Required (ns):           4.834
  Operating Conditions: fast_hv_lt

Path 96
  From: MIPI_CAMERA_0/VDMA_C0_0/VDMA_C0_0/dma_top_0/vdma_write_0/frame_size_fifo/rwptr1[4]:CLK
  To:   MIPI_CAMERA_0/VDMA_C0_0/VDMA_C0_0/dma_top_0/vdma_write_0/frame_size_fifo/rwptr2[4]:D
  Delay (ns):              0.217
  Slack (ns):              0.069
  Arrival (ns):            6.942
  Required (ns):           6.873
  Operating Conditions: slow_lv_lt

Path 97
  From: FIC_3_PERIPHERALS_0/CoreUARTapb_C0_0/CoreUARTapb_C0_0/uUART/make_RX/rx_shift[4]:CLK
  To:   FIC_3_PERIPHERALS_0/CoreUARTapb_C0_0/CoreUARTapb_C0_0/uUART/make_RX/rx_shift[3]:D
  Delay (ns):              0.146
  Slack (ns):              0.069
  Arrival (ns):            4.236
  Required (ns):           4.167
  Operating Conditions: fast_hv_lt

Path 98
  From: FIC_0_PERIPHERALS_0/security_core_0/hash_block_9[23]:CLK
  To:   FIC_0_PERIPHERALS_0/security_core_0/hash_block_10[23]:D
  Delay (ns):              0.146
  Slack (ns):              0.069
  Arrival (ns):            4.939
  Required (ns):           4.870
  Operating Conditions: fast_hv_lt

Path 99
  From: MIPI_CAMERA_0/mipicsi2rxdecoderPF_C0_0/MSC_i_0/sot_r0_pclk:CLK
  To:   MIPI_CAMERA_0/mipicsi2rxdecoderPF_C0_0/MSC_i_0/sot_r1_pclk:D
  Delay (ns):              0.147
  Slack (ns):              0.070
  Arrival (ns):            4.402
  Required (ns):           4.332
  Operating Conditions: fast_hv_lt

Path 100
  From: FIC_0_PERIPHERALS_0/security_core_0/sbox/y_lo_r2[0][2]:CLK
  To:   FIC_0_PERIPHERALS_0/security_core_0/sbox/y_lo_r3[0][2]:D
  Delay (ns):              0.146
  Slack (ns):              0.070
  Arrival (ns):            4.913
  Required (ns):           4.843
  Operating Conditions: fast_hv_lt

