Timing Violation Report Max Delay Analysis

SmartTime Version 2025.2
Microchip Technology Inc. - Microchip Libero Software Release 2025.2 (Version 2025.2.0.14)
Date: Mon Mar 16 01:23:54 2026


Design: MPFS_DISCOVERY_KIT
Family: PolarFireSoC
Die: MPFS095T
Package: FCSG325
Temperature Range: 0 - 100 C
Voltage Range: 0.97 - 1.03 V
Speed Grade: -1
Design State: Post-Layout
Data source: Production
Multi Corner Report Operating Conditions: slow_lv_lt,fast_hv_lt,slow_lv_ht


Path 1
  From: FIC_0_PERIPHERALS_0/DMA_CONTROLLER_inst_0/DMA_CONTROLLER_0/U_AXI4INITIATORDMACtrl/wrByteCnt[5]:CLK
  To:   FIC_0_PERIPHERALS_0/DMA_CONTROLLER_inst_0/DMA_CONTROLLER_0/U_AXI4INITIATORDMACtrl/wrByteCnt[9]:D
  Delay (ns):              4.098
  Slack (ns):              3.733
  Arrival (ns):           10.149
  Required (ns):          13.882
  Operating Conditions: slow_lv_ht

Path 2
  From: FIC_0_PERIPHERALS_0/DMA_CONTROLLER_inst_0/DMA_CONTROLLER_0/U_AXI4INITIATORDMACtrl/wrByteCnt[5]:CLK
  To:   FIC_0_PERIPHERALS_0/DMA_CONTROLLER_inst_0/DMA_CONTROLLER_0/U_AXI4INITIATORDMACtrl/wrByteCnt[7]:D
  Delay (ns):              4.091
  Slack (ns):              3.765
  Arrival (ns):           10.142
  Required (ns):          13.907
  Operating Conditions: slow_lv_ht

Path 3
  From: FIC_0_PERIPHERALS_0/DMA_CONTROLLER_inst_0/DMA_CONTROLLER_0/U_AXI4INITIATORDMACtrl/wrByteCnt[5]:CLK
  To:   FIC_0_PERIPHERALS_0/DMA_CONTROLLER_inst_0/DMA_CONTROLLER_0/U_AXI4INITIATORDMACtrl/wrByteCnt[8]:D
  Delay (ns):              4.038
  Slack (ns):              3.771
  Arrival (ns):           10.089
  Required (ns):          13.860
  Operating Conditions: slow_lv_ht

Path 4
  From: FIC_0_PERIPHERALS_0/DMA_CONTROLLER_inst_0/DMA_CONTROLLER_0/U_AXI4INITIATORDMACtrl/wrByteCnt[5]:CLK
  To:   FIC_0_PERIPHERALS_0/DMA_CONTROLLER_inst_0/DMA_CONTROLLER_0/U_AXI4INITIATORDMACtrl/wrByteCnt[6]:D
  Delay (ns):              4.051
  Slack (ns):              3.780
  Arrival (ns):           10.102
  Required (ns):          13.882
  Operating Conditions: slow_lv_ht

Path 5
  From: FIC_0_PERIPHERALS_0/DMA_CONTROLLER_inst_0/DMA_CONTROLLER_0/U_AXI4INITIATORDMACtrl/wrByteCnt[8]:CLK
  To:   FIC_0_PERIPHERALS_0/DMA_CONTROLLER_inst_0/DMA_CONTROLLER_0/U_AXI4INITIATORDMACtrl/wrByteCnt[9]:D
  Delay (ns):              4.034
  Slack (ns):              3.795
  Arrival (ns):           10.073
  Required (ns):          13.868
  Operating Conditions: slow_lv_ht

Path 6
  From: FIC_0_PERIPHERALS_0/DMA_CONTROLLER_inst_0/DMA_CONTROLLER_0/U_AXI4INITIATORDMACtrl/wrByteCnt[4]:CLK
  To:   FIC_0_PERIPHERALS_0/DMA_CONTROLLER_inst_0/DMA_CONTROLLER_0/U_AXI4INITIATORDMACtrl/wrByteCnt[9]:D
  Delay (ns):              4.031
  Slack (ns):              3.798
  Arrival (ns):           10.070
  Required (ns):          13.868
  Operating Conditions: slow_lv_ht

Path 7
  From: FIC_0_PERIPHERALS_0/DMA_CONTROLLER_inst_0/DMA_CONTROLLER_0/U_AXI4INITIATORDMACtrl/wrByteCnt[8]:CLK
  To:   FIC_0_PERIPHERALS_0/DMA_CONTROLLER_inst_0/DMA_CONTROLLER_0/U_AXI4INITIATORDMACtrl/wrByteCnt[7]:D
  Delay (ns):              4.027
  Slack (ns):              3.803
  Arrival (ns):           10.066
  Required (ns):          13.869
  Operating Conditions: slow_lv_ht

Path 8
  From: FIC_0_PERIPHERALS_0/DMA_CONTROLLER_inst_0/DMA_CONTROLLER_0/U_AXI4INITIATORDMACtrl/wrByteCnt[4]:CLK
  To:   FIC_0_PERIPHERALS_0/DMA_CONTROLLER_inst_0/DMA_CONTROLLER_0/U_AXI4INITIATORDMACtrl/wrByteCnt[7]:D
  Delay (ns):              4.024
  Slack (ns):              3.806
  Arrival (ns):           10.063
  Required (ns):          13.869
  Operating Conditions: slow_lv_ht

Path 9
  From: FIC_0_PERIPHERALS_0/DMA_CONTROLLER_inst_0/DMA_CONTROLLER_0/U_AXI4INITIATORDMACtrl/wrByteCnt[0]:CLK
  To:   FIC_0_PERIPHERALS_0/DMA_CONTROLLER_inst_0/DMA_CONTROLLER_0/U_AXI4INITIATORDMACtrl/wrByteCnt[9]:D
  Delay (ns):              3.995
  Slack (ns):              3.834
  Arrival (ns):           10.034
  Required (ns):          13.868
  Operating Conditions: slow_lv_ht

Path 10
  From: FIC_0_PERIPHERALS_0/DMA_CONTROLLER_inst_0/DMA_CONTROLLER_0/U_AXI4INITIATORDMACtrl/wrByteCnt[8]:CLK
  To:   FIC_0_PERIPHERALS_0/DMA_CONTROLLER_inst_0/DMA_CONTROLLER_0/U_AXI4INITIATORDMACtrl/wrByteCnt[6]:D
  Delay (ns):              3.987
  Slack (ns):              3.842
  Arrival (ns):           10.026
  Required (ns):          13.868
  Operating Conditions: slow_lv_ht

Path 11
  From: FIC_0_PERIPHERALS_0/DMA_CONTROLLER_inst_0/DMA_CONTROLLER_0/U_AXI4INITIATORDMACtrl/wrByteCnt[0]:CLK
  To:   FIC_0_PERIPHERALS_0/DMA_CONTROLLER_inst_0/DMA_CONTROLLER_0/U_AXI4INITIATORDMACtrl/wrByteCnt[7]:D
  Delay (ns):              3.988
  Slack (ns):              3.842
  Arrival (ns):           10.027
  Required (ns):          13.869
  Operating Conditions: slow_lv_ht

Path 12
  From: FIC_0_PERIPHERALS_0/DMA_CONTROLLER_inst_0/DMA_CONTROLLER_0/U_AXI4INITIATORDMACtrl/wrByteCnt[4]:CLK
  To:   FIC_0_PERIPHERALS_0/DMA_CONTROLLER_inst_0/DMA_CONTROLLER_0/U_AXI4INITIATORDMACtrl/wrByteCnt[6]:D
  Delay (ns):              3.984
  Slack (ns):              3.845
  Arrival (ns):           10.023
  Required (ns):          13.868
  Operating Conditions: slow_lv_ht

Path 13
  From: FIC_0_PERIPHERALS_0/DMA_CONTROLLER_inst_0/DMA_CONTROLLER_0/U_DMAController/DMATranCtrl/numOfBytesInRdReg[0]rff_0:CLK
  To:   FIC_0_PERIPHERALS_0/DMA_CONTROLLER_inst_0/DMA_CONTROLLER_0/U_DMAController/DMATranCtrl/rdTranQueue_inst/reqCnt_Z[0]:D
  Delay (ns):              3.954
  Slack (ns):              3.848
  Arrival (ns):           10.017
  Required (ns):          13.865
  Operating Conditions: slow_lv_ht

Path 14
  From: FIC_0_PERIPHERALS_0/DMA_CONTROLLER_inst_0/DMA_CONTROLLER_0/U_AXI4INITIATORDMACtrl/wrByteCnt[1]:CLK
  To:   FIC_0_PERIPHERALS_0/DMA_CONTROLLER_inst_0/DMA_CONTROLLER_0/U_AXI4INITIATORDMACtrl/AWLENReg[2]:D
  Delay (ns):              3.963
  Slack (ns):              3.859
  Arrival (ns):           10.002
  Required (ns):          13.861
  Operating Conditions: slow_lv_ht

Path 15
  From: FIC_0_PERIPHERALS_0/DMA_CONTROLLER_inst_0/DMA_CONTROLLER_0/U_AXI4INITIATORDMACtrl/wrByteCnt[6]:CLK
  To:   FIC_0_PERIPHERALS_0/DMA_CONTROLLER_inst_0/DMA_CONTROLLER_0/U_AXI4INITIATORDMACtrl/wrByteCnt[9]:D
  Delay (ns):              3.969
  Slack (ns):              3.864
  Arrival (ns):           10.018
  Required (ns):          13.882
  Operating Conditions: slow_lv_ht

Path 16
  From: FIC_0_PERIPHERALS_0/DMA_CONTROLLER_inst_0/DMA_CONTROLLER_0/U_DMAController/DMATranCtrl/rdTranQueue_inst/numOfBytes_rdTranQueue0_Z[20]:CLK
  To:   FIC_0_PERIPHERALS_0/DMA_CONTROLLER_inst_0/DMA_CONTROLLER_0/U_DMAController/DMATranCtrl/intErrorCtrl_inst/extDscrptrAddr_extFetchReg[30]:D
  Delay (ns):              3.896
  Slack (ns):              3.867
  Arrival (ns):            9.967
  Required (ns):          13.834
  Operating Conditions: slow_lv_ht

Path 17
  From: FIC_0_PERIPHERALS_0/DMA_CONTROLLER_inst_0/DMA_CONTROLLER_0/U_AXI4INITIATORDMACtrl/wrByteCnt[3]:CLK
  To:   FIC_0_PERIPHERALS_0/DMA_CONTROLLER_inst_0/DMA_CONTROLLER_0/U_AXI4INITIATORDMACtrl/AWLENReg[2]:D
  Delay (ns):              3.944
  Slack (ns):              3.867
  Arrival (ns):            9.994
  Required (ns):          13.861
  Operating Conditions: slow_lv_ht

Path 18
  From: FIC_0_PERIPHERALS_0/DMA_CONTROLLER_inst_0/DMA_CONTROLLER_0/U_AXI4INITIATORDMACtrl/wrByteCnt[6]:CLK
  To:   FIC_0_PERIPHERALS_0/DMA_CONTROLLER_inst_0/DMA_CONTROLLER_0/U_AXI4INITIATORDMACtrl/wrByteCnt[7]:D
  Delay (ns):              3.962
  Slack (ns):              3.872
  Arrival (ns):           10.011
  Required (ns):          13.883
  Operating Conditions: slow_lv_ht

Path 19
  From: FIC_0_PERIPHERALS_0/security_core_0/key_expansion/t_rep[5]:CLK
  To:   FIC_0_PERIPHERALS_0/security_core_0/key_expansion/w[2][53][5]:D
  Delay (ns):              3.908
  Slack (ns):              3.875
  Arrival (ns):            9.960
  Required (ns):          13.835
  Operating Conditions: slow_lv_ht

Path 20
  From: FIC_0_PERIPHERALS_0/security_core_0/key_expansion/t_rep[5]:CLK
  To:   FIC_0_PERIPHERALS_0/security_core_0/key_expansion/w[2][37][5]:D
  Delay (ns):              3.908
  Slack (ns):              3.875
  Arrival (ns):            9.960
  Required (ns):          13.835
  Operating Conditions: slow_lv_ht

Path 21
  From: FIC_0_PERIPHERALS_0/FIC0_INITIATOR_inst_0/FIC0_INITIATOR_0/SlvConvertor_loop[2].slvcnv/slvdwc/genblk1.DownConverter_inst/writeWidthConv/DWC_DownConv_preCalcCmdFifoWrCtrl_inst/length_comb_pre_Z[4]:CLK
  To:   FIC_0_PERIPHERALS_0/FIC0_INITIATOR_inst_0/FIC0_INITIATOR_0/SlvConvertor_loop[2].slvcnv/slvdwc/genblk1.DownConverter_inst/writeWidthConv/wrCmdFifoWriteCtrl/len_latched[11]:D
  Delay (ns):              3.882
  Slack (ns):              3.877
  Arrival (ns):            9.942
  Required (ns):          13.819
  Operating Conditions: slow_lv_ht

Path 22
  From: FIC_0_PERIPHERALS_0/DMA_CONTROLLER_inst_0/DMA_CONTROLLER_0/U_DMAController/DMATranCtrl/rdTranQueue_inst/numOfBytes_rdTranQueue0_Z[20]:CLK
  To:   FIC_0_PERIPHERALS_0/DMA_CONTROLLER_inst_0/DMA_CONTROLLER_0/U_DMAController/DMATranCtrl/intErrorCtrl_inst/extDscrptrAddr_extFetchReg[10]:D
  Delay (ns):              3.882
  Slack (ns):              3.881
  Arrival (ns):            9.953
  Required (ns):          13.834
  Operating Conditions: slow_lv_ht

Path 23
  From: FIC_0_PERIPHERALS_0/DMA_CONTROLLER_inst_0/DMA_CONTROLLER_0/U_AXI4INITIATORDMACtrl/wrByteCnt[0]:CLK
  To:   FIC_0_PERIPHERALS_0/DMA_CONTROLLER_inst_0/DMA_CONTROLLER_0/U_AXI4INITIATORDMACtrl/wrByteCnt[6]:D
  Delay (ns):              3.948
  Slack (ns):              3.881
  Arrival (ns):            9.987
  Required (ns):          13.868
  Operating Conditions: slow_lv_ht

Path 24
  From: FIC_0_PERIPHERALS_0/DMA_CONTROLLER_inst_0/DMA_CONTROLLER_0/U_AXI4INITIATORDMACtrl/wrByteCnt[4]:CLK
  To:   FIC_0_PERIPHERALS_0/DMA_CONTROLLER_inst_0/DMA_CONTROLLER_0/U_AXI4INITIATORDMACtrl/wrByteCnt[8]:D
  Delay (ns):              3.971
  Slack (ns):              3.885
  Arrival (ns):           10.010
  Required (ns):          13.895
  Operating Conditions: slow_lv_ht

Path 25
  From: FIC_0_PERIPHERALS_0/DMA_CONTROLLER_inst_0/DMA_CONTROLLER_0/U_DMAController/DMATranCtrl/numOfBytesInRdReg[0]rff_0:CLK
  To:   FIC_0_PERIPHERALS_0/DMA_CONTROLLER_inst_0/DMA_CONTROLLER_0/U_DMAController/DMATranCtrl/rdTranQueue_inst/reqCnt_Z[1]:D
  Delay (ns):              3.912
  Slack (ns):              3.890
  Arrival (ns):            9.975
  Required (ns):          13.865
  Operating Conditions: slow_lv_ht

Path 26
  From: FIC_0_PERIPHERALS_0/DMA_CONTROLLER_inst_0/DMA_CONTROLLER_0/U_DMAController/DMATranCtrl/numOfBytesInRdReg[0]rff_1:CLK
  To:   FIC_0_PERIPHERALS_0/DMA_CONTROLLER_inst_0/DMA_CONTROLLER_0/U_DMAController/DMATranCtrl/rdTranQueue_inst/reqCnt_Z[0]:D
  Delay (ns):              3.911
  Slack (ns):              3.891
  Arrival (ns):            9.974
  Required (ns):          13.865
  Operating Conditions: slow_lv_ht

Path 27
  From: FIC_0_PERIPHERALS_0/DMA_CONTROLLER_inst_0/DMA_CONTROLLER_0/U_AXI4INITIATORDMACtrl/wrByteCnt[8]:CLK
  To:   FIC_0_PERIPHERALS_0/DMA_CONTROLLER_inst_0/DMA_CONTROLLER_0/U_AXI4INITIATORDMACtrl/wrByteCnt[8]:D
  Delay (ns):              3.974
  Slack (ns):              3.891
  Arrival (ns):           10.013
  Required (ns):          13.904
  Operating Conditions: slow_lv_ht

Path 28
  From: FIC_0_PERIPHERALS_0/DMA_CONTROLLER_inst_0/DMA_CONTROLLER_0/U_AXI4INITIATORDMACtrl/wrByteCnt[5]:CLK
  To:   FIC_0_PERIPHERALS_0/DMA_CONTROLLER_inst_0/DMA_CONTROLLER_0/U_AXI4INITIATORDMACtrl/AWLENReg[2]:D
  Delay (ns):              3.918
  Slack (ns):              3.892
  Arrival (ns):            9.969
  Required (ns):          13.861
  Operating Conditions: slow_lv_ht

Path 29
  From: FIC_0_PERIPHERALS_0/DMA_CONTROLLER_inst_0/DMA_CONTROLLER_0/U_AXI4INITIATORDMACtrl/wrByteCnt[7]:CLK
  To:   FIC_0_PERIPHERALS_0/DMA_CONTROLLER_inst_0/DMA_CONTROLLER_0/U_AXI4INITIATORDMACtrl/wrByteCnt[9]:D
  Delay (ns):              3.937
  Slack (ns):              3.894
  Arrival (ns):            9.988
  Required (ns):          13.882
  Operating Conditions: slow_lv_ht

Path 30
  From: FIC_0_PERIPHERALS_0/FIC0_INITIATOR_inst_0/FIC0_INITIATOR_0/MstConvertor_loop[0].mstrconv/rgsl/genblk1.awrs/sDat[75]:CLK
  To:   FIC_0_PERIPHERALS_0/FIC0_INITIATOR_inst_0/FIC0_INITIATOR_0/axicb/cb.awcon/trgmx/slaveAVALID[0]:SLn
  Delay (ns):              3.882
  Slack (ns):              3.897
  Arrival (ns):            9.927
  Required (ns):          13.824
  Operating Conditions: slow_lv_ht

Path 31
  From: FIC_0_PERIPHERALS_0/DMA_CONTROLLER_inst_0/DMA_CONTROLLER_0/U_AXI4INITIATORDMACtrl/wrByteCnt[7]:CLK
  To:   FIC_0_PERIPHERALS_0/DMA_CONTROLLER_inst_0/DMA_CONTROLLER_0/U_AXI4INITIATORDMACtrl/AWLENReg[2]:D
  Delay (ns):              3.911
  Slack (ns):              3.899
  Arrival (ns):            9.962
  Required (ns):          13.861
  Operating Conditions: slow_lv_ht

Path 32
  From: FIC_0_PERIPHERALS_0/FIC0_INITIATOR_inst_0/FIC0_INITIATOR_0/MstConvertor_loop[0].mstrconv/rgsl/genblk1.awrs/sDat[75]:CLK
  To:   FIC_0_PERIPHERALS_0/FIC0_INITIATOR_inst_0/FIC0_INITIATOR_0/axicb/cb.awcon/trgmx/slaveAVALID[1]:SLn
  Delay (ns):              3.877
  Slack (ns):              3.901
  Arrival (ns):            9.922
  Required (ns):          13.823
  Operating Conditions: slow_lv_ht

Path 33
  From: FIC_0_PERIPHERALS_0/FIC0_INITIATOR_inst_0/FIC0_INITIATOR_0/MstConvertor_loop[0].mstrconv/rgsl/genblk1.awrs/sDat[71]:CLK
  To:   FIC_0_PERIPHERALS_0/FIC0_INITIATOR_inst_0/FIC0_INITIATOR_0/axicb/cb.awcon/trgmx/slaveAVALID[0]:SLn
  Delay (ns):              3.878
  Slack (ns):              3.901
  Arrival (ns):            9.923
  Required (ns):          13.824
  Operating Conditions: slow_lv_ht

Path 34
  From: FIC_0_PERIPHERALS_0/DMA_CONTROLLER_inst_0/DMA_CONTROLLER_0/U_AXI4INITIATORDMACtrl/wrByteCnt[6]:CLK
  To:   FIC_0_PERIPHERALS_0/DMA_CONTROLLER_inst_0/DMA_CONTROLLER_0/U_AXI4INITIATORDMACtrl/wrByteCnt[8]:D
  Delay (ns):              3.909
  Slack (ns):              3.902
  Arrival (ns):            9.958
  Required (ns):          13.860
  Operating Conditions: slow_lv_ht

Path 35
  From: MSS_WRAPPER_0/MPFS_DISCOVERY_KIT_MSS_0/I_MSS:FIC_3_PCLK
  To:   MSS_WRAPPER_0/MPFS_DISCOVERY_KIT_MSS_0/I_MSS:FIC_3_APB_M_PRDATA[17]
  Delay (ns):              6.139
  Slack (ns):              3.903
  Arrival (ns):           13.149
  Required (ns):          17.052
  Operating Conditions: slow_lv_ht

Path 36
  From: FIC_0_PERIPHERALS_0/security_core_0/key_expansion/t_rep[5]:CLK
  To:   FIC_0_PERIPHERALS_0/security_core_0/key_expansion/w[2][21][5]:D
  Delay (ns):              3.880
  Slack (ns):              3.903
  Arrival (ns):            9.932
  Required (ns):          13.835
  Operating Conditions: slow_lv_ht

Path 37
  From: FIC_0_PERIPHERALS_0/DMA_CONTROLLER_inst_0/DMA_CONTROLLER_0/U_DMAController/DMATranCtrl/intErrorCtrl_inst/rdCache1Sel_rep:CLK
  To:   FIC_0_PERIPHERALS_0/DMA_CONTROLLER_inst_0/DMA_CONTROLLER_0/U_DMAController/DMATranCtrl/rdTranQueue_inst/reqCnt_Z[0]:D
  Delay (ns):              3.899
  Slack (ns):              3.903
  Arrival (ns):            9.962
  Required (ns):          13.865
  Operating Conditions: slow_lv_ht

Path 38
  From: FIC_0_PERIPHERALS_0/FIC0_INITIATOR_inst_0/FIC0_INITIATOR_0/MstConvertor_loop[0].mstrconv/rgsl/genblk1.awrs/sDat[71]:CLK
  To:   FIC_0_PERIPHERALS_0/FIC0_INITIATOR_inst_0/FIC0_INITIATOR_0/axicb/cb.awcon/trgmx/slaveAVALID[1]:SLn
  Delay (ns):              3.873
  Slack (ns):              3.905
  Arrival (ns):            9.918
  Required (ns):          13.823
  Operating Conditions: slow_lv_ht

Path 39
  From: FIC_0_PERIPHERALS_0/security_core_0/dec/t[0]:CLK
  To:   FIC_0_PERIPHERALS_0/security_core_0/dec/s[2][50]:D
  Delay (ns):              3.931
  Slack (ns):              3.909
  Arrival (ns):            9.987
  Required (ns):          13.896
  Operating Conditions: slow_lv_ht

Path 40
  From: FIC_0_PERIPHERALS_0/security_core_0/dec/t[1]:CLK
  To:   FIC_0_PERIPHERALS_0/security_core_0/dec/s[2][50]:D
  Delay (ns):              3.924
  Slack (ns):              3.916
  Arrival (ns):            9.980
  Required (ns):          13.896
  Operating Conditions: slow_lv_ht

Path 41
  From: FIC_0_PERIPHERALS_0/FIC0_INITIATOR_inst_0/FIC0_INITIATOR_0/SlvConvertor_loop[2].slvcnv/slvdwc/genblk1.DownConverter_inst/writeWidthConv/DWC_DownConv_preCalcCmdFifoWrCtrl_inst/length_comb_pre_Z[3]:CLK
  To:   FIC_0_PERIPHERALS_0/FIC0_INITIATOR_inst_0/FIC0_INITIATOR_0/SlvConvertor_loop[2].slvcnv/slvdwc/genblk1.DownConverter_inst/writeWidthConv/wrCmdFifoWriteCtrl/len_latched[11]:D
  Delay (ns):              3.843
  Slack (ns):              3.917
  Arrival (ns):            9.902
  Required (ns):          13.819
  Operating Conditions: slow_lv_ht

Path 42
  From: FIC_0_PERIPHERALS_0/security_core_0/key_expansion/t[1]:CLK
  To:   FIC_0_PERIPHERALS_0/security_core_0/key_expansion/w[2][5][25]:D
  Delay (ns):              3.860
  Slack (ns):              3.918
  Arrival (ns):            9.912
  Required (ns):          13.830
  Operating Conditions: slow_lv_ht

Path 43
  From: FIC_0_PERIPHERALS_0/DMA_CONTROLLER_inst_0/DMA_CONTROLLER_0/U_AXI4INITIATORDMACtrl/wrByteCnt[0]:CLK
  To:   FIC_0_PERIPHERALS_0/DMA_CONTROLLER_inst_0/DMA_CONTROLLER_0/U_AXI4INITIATORDMACtrl/AWLENReg[2]:D
  Delay (ns):              3.903
  Slack (ns):              3.919
  Arrival (ns):            9.942
  Required (ns):          13.861
  Operating Conditions: slow_lv_ht

Path 44
  From: FIC_0_PERIPHERALS_0/FIC0_INITIATOR_inst_0/FIC0_INITIATOR_0/SlvConvertor_loop[2].slvcnv/slvdwc/genblk1.DownConverter_inst/writeWidthConv/DWC_DownConv_preCalcCmdFifoWrCtrl_inst/length_comb_pre_Z[4]:CLK
  To:   FIC_0_PERIPHERALS_0/FIC0_INITIATOR_inst_0/FIC0_INITIATOR_0/SlvConvertor_loop[2].slvcnv/slvdwc/genblk1.DownConverter_inst/writeWidthConv/wrCmdFifoWriteCtrl/len_latched[7]:D
  Delay (ns):              3.839
  Slack (ns):              3.920
  Arrival (ns):            9.899
  Required (ns):          13.819
  Operating Conditions: slow_lv_ht

Path 45
  From: FIC_0_PERIPHERALS_0/DMA_CONTROLLER_inst_0/DMA_CONTROLLER_0/U_AXI4INITIATORDMACtrl/wrByteCnt[0]:CLK
  To:   FIC_0_PERIPHERALS_0/DMA_CONTROLLER_inst_0/DMA_CONTROLLER_0/U_AXI4INITIATORDMACtrl/wrByteCnt[8]:D
  Delay (ns):              3.935
  Slack (ns):              3.921
  Arrival (ns):            9.974
  Required (ns):          13.895
  Operating Conditions: slow_lv_ht

Path 46
  From: FIC_0_PERIPHERALS_0/FIC0_INITIATOR_inst_0/FIC0_INITIATOR_0/SlvConvertor_loop[2].slvcnv/slvdwc/genblk1.DownConverter_inst/writeWidthConv/DWC_DownConv_preCalcCmdFifoWrCtrl_inst/length_comb_pre_Z[1]:CLK
  To:   FIC_0_PERIPHERALS_0/FIC0_INITIATOR_inst_0/FIC0_INITIATOR_0/SlvConvertor_loop[2].slvcnv/slvdwc/genblk1.DownConverter_inst/writeWidthConv/wrCmdFifoWriteCtrl/len_latched[11]:D
  Delay (ns):              3.846
  Slack (ns):              3.925
  Arrival (ns):            9.894
  Required (ns):          13.819
  Operating Conditions: slow_lv_ht

Path 47
  From: FIC_0_PERIPHERALS_0/DMA_CONTROLLER_inst_0/DMA_CONTROLLER_0/U_DMAController/DMATranCtrl/rdTranQueue_inst/numOfBytes_rdTranQueue0_Z[20]:CLK
  To:   FIC_0_PERIPHERALS_0/DMA_CONTROLLER_inst_0/DMA_CONTROLLER_0/U_DMAController/DMATranCtrl/intErrorCtrl_inst/extDscrptrAddr_extFetchReg[2]:D
  Delay (ns):              3.840
  Slack (ns):              3.925
  Arrival (ns):            9.911
  Required (ns):          13.836
  Operating Conditions: slow_lv_ht

Path 48
  From: FIC_0_PERIPHERALS_0/security_core_0/dec/t[3]:CLK
  To:   FIC_0_PERIPHERALS_0/security_core_0/dec/s[2][108]:D
  Delay (ns):              3.919
  Slack (ns):              3.927
  Arrival (ns):            9.968
  Required (ns):          13.895
  Operating Conditions: slow_lv_ht

Path 49
  From: FIC_0_PERIPHERALS_0/DMA_CONTROLLER_inst_0/DMA_CONTROLLER_0/U_DMAController/DMATranCtrl/rdTranQueue_inst/numOfBytes_rdTranQueue0_Z[20]:CLK
  To:   FIC_0_PERIPHERALS_0/DMA_CONTROLLER_inst_0/DMA_CONTROLLER_0/U_DMAController/DMATranCtrl/intErrorCtrl_inst/extDscrptrAddr_extFetchReg[25]:D
  Delay (ns):              3.838
  Slack (ns):              3.927
  Arrival (ns):            9.909
  Required (ns):          13.836
  Operating Conditions: slow_lv_ht

Path 50
  From: FIC_0_PERIPHERALS_0/DMA_CONTROLLER_inst_0/DMA_CONTROLLER_0/U_AXI4INITIATORDMACtrl/wrByteCnt[5]:CLK
  To:   FIC_0_PERIPHERALS_0/DMA_CONTROLLER_inst_0/DMA_CONTROLLER_0/U_AXI4INITIATORDMACtrl/wrByteCnt[10]:D
  Delay (ns):              3.879
  Slack (ns):              3.930
  Arrival (ns):            9.930
  Required (ns):          13.860
  Operating Conditions: slow_lv_ht

Path 51
  From: FIC_0_PERIPHERALS_0/FIC0_INITIATOR_inst_0/FIC0_INITIATOR_0/SlvConvertor_loop[2].slvcnv/slvdwc/genblk1.DownConverter_inst/writeWidthConv/DWC_DownConv_preCalcCmdFifoWrCtrl_inst/length_comb_pre_Z[4]:CLK
  To:   FIC_0_PERIPHERALS_0/FIC0_INITIATOR_inst_0/FIC0_INITIATOR_0/SlvConvertor_loop[2].slvcnv/slvdwc/genblk1.DownConverter_inst/writeWidthConv/wrCmdFifoWriteCtrl/len_latched[5]:D
  Delay (ns):              3.828
  Slack (ns):              3.931
  Arrival (ns):            9.888
  Required (ns):          13.819
  Operating Conditions: slow_lv_ht

Path 52
  From: FIC_0_PERIPHERALS_0/DMA_CONTROLLER_inst_0/DMA_CONTROLLER_0/U_DMAController/DMATranCtrl/rdTranQueue_inst/numOfBytes_rdTranQueue1_Z[20]:CLK
  To:   FIC_0_PERIPHERALS_0/DMA_CONTROLLER_inst_0/DMA_CONTROLLER_0/U_DMAController/DMATranCtrl/intErrorCtrl_inst/extDscrptrAddr_extFetchReg[30]:D
  Delay (ns):              3.831
  Slack (ns):              3.932
  Arrival (ns):            9.902
  Required (ns):          13.834
  Operating Conditions: slow_lv_ht

Path 53
  From: FIC_0_PERIPHERALS_0/DMA_CONTROLLER_inst_0/DMA_CONTROLLER_0/U_AXI4INITIATORDMACtrl/wrByteCnt[7]:CLK
  To:   FIC_0_PERIPHERALS_0/DMA_CONTROLLER_inst_0/DMA_CONTROLLER_0/U_AXI4INITIATORDMACtrl/wrByteCnt[8]:D
  Delay (ns):              3.877
  Slack (ns):              3.932
  Arrival (ns):            9.928
  Required (ns):          13.860
  Operating Conditions: slow_lv_ht

Path 54
  From: FIC_0_PERIPHERALS_0/DMA_CONTROLLER_inst_0/DMA_CONTROLLER_0/U_DMAController/DMATranCtrl/numOfBytesInRdReg[0]rff_1:CLK
  To:   FIC_0_PERIPHERALS_0/DMA_CONTROLLER_inst_0/DMA_CONTROLLER_0/U_DMAController/DMATranCtrl/rdTranQueue_inst/reqCnt_Z[1]:D
  Delay (ns):              3.869
  Slack (ns):              3.933
  Arrival (ns):            9.932
  Required (ns):          13.865
  Operating Conditions: slow_lv_ht

Path 55
  From: FIC_0_PERIPHERALS_0/security_core_0/dec/t[1]:CLK
  To:   FIC_0_PERIPHERALS_0/security_core_0/dec/s[2][96]:D
  Delay (ns):              3.861
  Slack (ns):              3.934
  Arrival (ns):            9.917
  Required (ns):          13.851
  Operating Conditions: slow_lv_ht

Path 56
  From: FIC_0_PERIPHERALS_0/DMA_CONTROLLER_inst_0/DMA_CONTROLLER_0/U_AXI4INITIATORDMACtrl/wrByteCnt[2]:CLK
  To:   FIC_0_PERIPHERALS_0/DMA_CONTROLLER_inst_0/DMA_CONTROLLER_0/U_AXI4INITIATORDMACtrl/wrByteCnt[9]:D
  Delay (ns):              3.895
  Slack (ns):              3.934
  Arrival (ns):            9.934
  Required (ns):          13.868
  Operating Conditions: slow_lv_ht

Path 57
  From: FIC_0_PERIPHERALS_0/DMA_CONTROLLER_inst_0/DMA_CONTROLLER_0/U_AXI4INITIATORDMACtrl/wrByteCnt[7]:CLK
  To:   FIC_0_PERIPHERALS_0/DMA_CONTROLLER_inst_0/DMA_CONTROLLER_0/U_AXI4INITIATORDMACtrl/wrByteCnt[7]:D
  Delay (ns):              3.930
  Slack (ns):              3.935
  Arrival (ns):            9.981
  Required (ns):          13.916
  Operating Conditions: slow_lv_ht

Path 58
  From: FIC_0_PERIPHERALS_0/FIC0_INITIATOR_inst_0/FIC0_INITIATOR_0/SlvConvertor_loop[2].slvcnv/slvdwc/genblk1.DownConverter_inst/writeWidthConv/DWC_DownConv_preCalcCmdFifoWrCtrl_inst/length_comb_pre_Z[5]:CLK
  To:   FIC_0_PERIPHERALS_0/FIC0_INITIATOR_inst_0/FIC0_INITIATOR_0/SlvConvertor_loop[2].slvcnv/slvdwc/genblk1.DownConverter_inst/writeWidthConv/wrCmdFifoWriteCtrl/len_latched[11]:D
  Delay (ns):              3.824
  Slack (ns):              3.936
  Arrival (ns):            9.883
  Required (ns):          13.819
  Operating Conditions: slow_lv_ht

Path 59
  From: MSS_WRAPPER_0/MPFS_DISCOVERY_KIT_MSS_0/I_MSS:FIC_3_PCLK
  To:   MSS_WRAPPER_0/MPFS_DISCOVERY_KIT_MSS_0/I_MSS:FIC_3_APB_M_PRDATA[3]
  Delay (ns):              6.025
  Slack (ns):              3.938
  Arrival (ns):           13.035
  Required (ns):          16.973
  Operating Conditions: slow_lv_ht

Path 60
  From: FIC_0_PERIPHERALS_0/FIC0_INITIATOR_inst_0/FIC0_INITIATOR_0/SlvConvertor_loop[2].slvcnv/slvdwc/genblk1.DownConverter_inst/writeWidthConv/DWC_DownConv_preCalcCmdFifoWrCtrl_inst/length_comb_pre_Z[4]:CLK
  To:   FIC_0_PERIPHERALS_0/FIC0_INITIATOR_inst_0/FIC0_INITIATOR_0/SlvConvertor_loop[2].slvcnv/slvdwc/genblk1.DownConverter_inst/writeWidthConv/wrCmdFifoWriteCtrl/len_latched[3]:D
  Delay (ns):              3.820
  Slack (ns):              3.939
  Arrival (ns):            9.880
  Required (ns):          13.819
  Operating Conditions: slow_lv_ht

Path 61
  From: FIC_0_PERIPHERALS_0/security_core_0/dec/t[2]:CLK
  To:   FIC_0_PERIPHERALS_0/security_core_0/dec/s[2][50]:D
  Delay (ns):              3.907
  Slack (ns):              3.940
  Arrival (ns):            9.956
  Required (ns):          13.896
  Operating Conditions: slow_lv_ht

Path 62
  From: FIC_0_PERIPHERALS_0/DMA_CONTROLLER_inst_0/DMA_CONTROLLER_0/U_DMAController/DMATranCtrl/rdTranQueue_inst/numOfBytes_rdTranQueue0_Z[20]:CLK
  To:   FIC_0_PERIPHERALS_0/DMA_CONTROLLER_inst_0/DMA_CONTROLLER_0/U_DMAController/DMATranCtrl/intErrorCtrl_inst/extDscrptrAddr_extFetchReg[6]:D
  Delay (ns):              3.825
  Slack (ns):              3.940
  Arrival (ns):            9.896
  Required (ns):          13.836
  Operating Conditions: slow_lv_ht

Path 63
  From: FIC_0_PERIPHERALS_0/FIC0_INITIATOR_inst_0/FIC0_INITIATOR_0/SlvConvertor_loop[2].slvcnv/slvdwc/genblk1.DownConverter_inst/writeWidthConv/DWC_DownConv_preCalcCmdFifoWrCtrl_inst/length_comb_pre_Z[0]:CLK
  To:   FIC_0_PERIPHERALS_0/FIC0_INITIATOR_inst_0/FIC0_INITIATOR_0/SlvConvertor_loop[2].slvcnv/slvdwc/genblk1.DownConverter_inst/writeWidthConv/wrCmdFifoWriteCtrl/len_latched[11]:D
  Delay (ns):              3.836
  Slack (ns):              3.941
  Arrival (ns):            9.878
  Required (ns):          13.819
  Operating Conditions: slow_lv_ht

Path 64
  From: FIC_0_PERIPHERALS_0/DMA_CONTROLLER_inst_0/DMA_CONTROLLER_0/U_AXI4INITIATORDMACtrl/wrByteCnt[7]:CLK
  To:   FIC_0_PERIPHERALS_0/DMA_CONTROLLER_inst_0/DMA_CONTROLLER_0/U_AXI4INITIATORDMACtrl/wrByteCnt[6]:D
  Delay (ns):              3.890
  Slack (ns):              3.941
  Arrival (ns):            9.941
  Required (ns):          13.882
  Operating Conditions: slow_lv_ht

Path 65
  From: FIC_0_PERIPHERALS_0/DMA_CONTROLLER_inst_0/DMA_CONTROLLER_0/U_AXI4INITIATORDMACtrl/wrByteCnt[3]:CLK
  To:   FIC_0_PERIPHERALS_0/DMA_CONTROLLER_inst_0/DMA_CONTROLLER_0/U_AXI4INITIATORDMACtrl/AWLENReg[4]:D
  Delay (ns):              3.871
  Slack (ns):              3.942
  Arrival (ns):            9.921
  Required (ns):          13.863
  Operating Conditions: slow_lv_ht

Path 66
  From: FIC_0_PERIPHERALS_0/DMA_CONTROLLER_inst_0/DMA_CONTROLLER_0/U_AXI4INITIATORDMACtrl/wrByteCnt[2]:CLK
  To:   FIC_0_PERIPHERALS_0/DMA_CONTROLLER_inst_0/DMA_CONTROLLER_0/U_AXI4INITIATORDMACtrl/wrByteCnt[7]:D
  Delay (ns):              3.888
  Slack (ns):              3.942
  Arrival (ns):            9.927
  Required (ns):          13.869
  Operating Conditions: slow_lv_ht

Path 67
  From: FIC_0_PERIPHERALS_0/DMA_CONTROLLER_inst_0/DMA_CONTROLLER_0/U_AXI4INITIATORDMACtrl/wrByteCnt[1]:CLK
  To:   FIC_0_PERIPHERALS_0/DMA_CONTROLLER_inst_0/DMA_CONTROLLER_0/U_AXI4INITIATORDMACtrl/AWLENReg[4]:D
  Delay (ns):              3.882
  Slack (ns):              3.942
  Arrival (ns):            9.921
  Required (ns):          13.863
  Operating Conditions: slow_lv_ht

Path 68
  From: FIC_0_PERIPHERALS_0/DMA_CONTROLLER_inst_0/DMA_CONTROLLER_0/U_AXI4INITIATORDMACtrl/wrByteCnt[6]:CLK
  To:   FIC_0_PERIPHERALS_0/DMA_CONTROLLER_inst_0/DMA_CONTROLLER_0/U_AXI4INITIATORDMACtrl/wrByteCnt[6]:D
  Delay (ns):              3.922
  Slack (ns):              3.943
  Arrival (ns):            9.971
  Required (ns):          13.914
  Operating Conditions: slow_lv_ht

Path 69
  From: FIC_0_PERIPHERALS_0/DMA_CONTROLLER_inst_0/DMA_CONTROLLER_0/U_AXI4INITIATORDMACtrl/wrByteCnt[5]:CLK
  To:   FIC_0_PERIPHERALS_0/DMA_CONTROLLER_inst_0/DMA_CONTROLLER_0/U_AXI4INITIATORDMACtrl/wrByteCnt[5]:D
  Delay (ns):              3.921
  Slack (ns):              3.944
  Arrival (ns):            9.972
  Required (ns):          13.916
  Operating Conditions: slow_lv_ht

Path 70
  From: FIC_0_PERIPHERALS_0/DMA_CONTROLLER_inst_0/DMA_CONTROLLER_0/U_DMAController/DMATranCtrl/intErrorCtrl_inst/rdCache1Sel_rep:CLK
  To:   FIC_0_PERIPHERALS_0/DMA_CONTROLLER_inst_0/DMA_CONTROLLER_0/U_DMAController/DMATranCtrl/rdTranQueue_inst/reqCnt_Z[1]:D
  Delay (ns):              3.857
  Slack (ns):              3.945
  Arrival (ns):            9.920
  Required (ns):          13.865
  Operating Conditions: slow_lv_ht

Path 71
  From: FIC_0_PERIPHERALS_0/DMA_CONTROLLER_inst_0/DMA_CONTROLLER_0/U_DMAController/DMATranCtrl/rdTranQueue_inst/numOfBytes_rdTranQueue1_Z[20]:CLK
  To:   FIC_0_PERIPHERALS_0/DMA_CONTROLLER_inst_0/DMA_CONTROLLER_0/U_DMAController/DMATranCtrl/intErrorCtrl_inst/extDscrptrAddr_extFetchReg[10]:D
  Delay (ns):              3.817
  Slack (ns):              3.946
  Arrival (ns):            9.888
  Required (ns):          13.834
  Operating Conditions: slow_lv_ht

Path 72
  From: FIC_0_PERIPHERALS_0/security_core_0/dec/t[0]:CLK
  To:   FIC_0_PERIPHERALS_0/security_core_0/dec/s[2][96]:D
  Delay (ns):              3.848
  Slack (ns):              3.947
  Arrival (ns):            9.904
  Required (ns):          13.851
  Operating Conditions: slow_lv_ht

Path 73
  From: FIC_0_PERIPHERALS_0/DMA_CONTROLLER_inst_0/DMA_CONTROLLER_0/U_DMAController/DMATranCtrl/intErrorCtrl_inst/wrCache1Sel:CLK
  To:   FIC_0_PERIPHERALS_0/DMA_CONTROLLER_inst_0/DMA_CONTROLLER_0/U_DMAController/DMATranCtrl/intErrorCtrl_inst/extDscrptrAddr_extFetchReg[30]:D
  Delay (ns):              3.816
  Slack (ns):              3.948
  Arrival (ns):            9.886
  Required (ns):          13.834
  Operating Conditions: slow_lv_ht

Path 74
  From: FIC_0_PERIPHERALS_0/FIC0_INITIATOR_inst_0/FIC0_INITIATOR_0/SlvConvertor_loop[2].slvcnv/slvdwc/genblk1.DownConverter_inst/writeWidthConv/DWC_DownConv_preCalcCmdFifoWrCtrl_inst/length_comb_pre_Z[8]:CLK
  To:   FIC_0_PERIPHERALS_0/FIC0_INITIATOR_inst_0/FIC0_INITIATOR_0/SlvConvertor_loop[2].slvcnv/slvdwc/genblk1.DownConverter_inst/writeWidthConv/wrCmdFifoWriteCtrl/len_latched[11]:D
  Delay (ns):              3.810
  Slack (ns):              3.949
  Arrival (ns):            9.870
  Required (ns):          13.819
  Operating Conditions: slow_lv_ht

Path 75
  From: FIC_0_PERIPHERALS_0/security_core_0/dec/t[3]:CLK
  To:   FIC_0_PERIPHERALS_0/security_core_0/dec/s[2][50]:D
  Delay (ns):              3.897
  Slack (ns):              3.950
  Arrival (ns):            9.946
  Required (ns):          13.896
  Operating Conditions: slow_lv_ht

Path 76
  From: FIC_0_PERIPHERALS_0/DMA_CONTROLLER_inst_0/DMA_CONTROLLER_0/U_DMAController/DMATranCtrl/rdTranQueue_inst/numOfBytes_rdTranQueue0_Z[20]:CLK
  To:   FIC_0_PERIPHERALS_0/DMA_CONTROLLER_inst_0/DMA_CONTROLLER_0/U_DMAController/DMATranCtrl/intErrorCtrl_inst/extDscrptrAddr_extFetchReg[15]:D
  Delay (ns):              3.811
  Slack (ns):              3.952
  Arrival (ns):            9.882
  Required (ns):          13.834
  Operating Conditions: slow_lv_ht

Path 77
  From: FIC_0_PERIPHERALS_0/security_core_0/key_expansion/t_rep[5]:CLK
  To:   FIC_0_PERIPHERALS_0/security_core_0/key_expansion/w[2][5][25]:D
  Delay (ns):              3.821
  Slack (ns):              3.957
  Arrival (ns):            9.873
  Required (ns):          13.830
  Operating Conditions: slow_lv_ht

Path 78
  From: FIC_0_PERIPHERALS_0/security_core_0/dec/t[3]:CLK
  To:   FIC_0_PERIPHERALS_0/security_core_0/dec/s[2][96]:D
  Delay (ns):              3.844
  Slack (ns):              3.958
  Arrival (ns):            9.893
  Required (ns):          13.851
  Operating Conditions: slow_lv_ht

Path 79
  From: FIC_0_PERIPHERALS_0/FIC0_INITIATOR_inst_0/FIC0_INITIATOR_0/MstConvertor_loop[0].mstrconv/rgsl/genblk1.awrs/sDat[74]:CLK
  To:   FIC_0_PERIPHERALS_0/FIC0_INITIATOR_inst_0/FIC0_INITIATOR_0/axicb/cb.awcon/trgmx/slaveAVALID[0]:SLn
  Delay (ns):              3.822
  Slack (ns):              3.958
  Arrival (ns):            9.866
  Required (ns):          13.824
  Operating Conditions: slow_lv_ht

Path 80
  From: FIC_0_PERIPHERALS_0/security_core_0/dec/t[0]:CLK
  To:   FIC_0_PERIPHERALS_0/security_core_0/dec/s[2][54]:D
  Delay (ns):              3.863
  Slack (ns):              3.960
  Arrival (ns):            9.919
  Required (ns):          13.879
  Operating Conditions: slow_lv_ht

Path 81
  From: FIC_0_PERIPHERALS_0/FIC0_INITIATOR_inst_0/FIC0_INITIATOR_0/SlvConvertor_loop[2].slvcnv/slvdwc/genblk1.DownConverter_inst/writeWidthConv/DWC_DownConv_preCalcCmdFifoWrCtrl_inst/length_comb_pre_Z[3]:CLK
  To:   FIC_0_PERIPHERALS_0/FIC0_INITIATOR_inst_0/FIC0_INITIATOR_0/SlvConvertor_loop[2].slvcnv/slvdwc/genblk1.DownConverter_inst/writeWidthConv/wrCmdFifoWriteCtrl/len_latched[7]:D
  Delay (ns):              3.800
  Slack (ns):              3.960
  Arrival (ns):            9.859
  Required (ns):          13.819
  Operating Conditions: slow_lv_ht

Path 82
  From: FIC_0_PERIPHERALS_0/security_core_0/dec/t[2]:CLK
  To:   FIC_0_PERIPHERALS_0/security_core_0/dec/s[2][96]:D
  Delay (ns):              3.841
  Slack (ns):              3.961
  Arrival (ns):            9.890
  Required (ns):          13.851
  Operating Conditions: slow_lv_ht

Path 83
  From: FIC_0_PERIPHERALS_0/DMA_CONTROLLER_inst_0/DMA_CONTROLLER_0/U_DMAController/DMATranCtrl/rdTranQueue_inst/numOfBytes_rdTranQueue0_Z[20]:CLK
  To:   FIC_0_PERIPHERALS_0/DMA_CONTROLLER_inst_0/DMA_CONTROLLER_0/U_DMAController/DMATranCtrl/intErrorCtrl_inst/extDscrptrAddr_intStatusMuxReg[19]:D
  Delay (ns):              3.802
  Slack (ns):              3.961
  Arrival (ns):            9.873
  Required (ns):          13.834
  Operating Conditions: slow_lv_ht

Path 84
  From: FIC_0_PERIPHERALS_0/DMA_CONTROLLER_inst_0/DMA_CONTROLLER_0/U_DMAController/DMATranCtrl/rdTranQueue_inst/numOfBytes_rdTranQueue0_Z[20]:CLK
  To:   FIC_0_PERIPHERALS_0/DMA_CONTROLLER_inst_0/DMA_CONTROLLER_0/U_DMAController/DMATranCtrl/intErrorCtrl_inst/extDscrptrAddr_extFetchReg[13]:D
  Delay (ns):              3.802
  Slack (ns):              3.961
  Arrival (ns):            9.873
  Required (ns):          13.834
  Operating Conditions: slow_lv_ht

Path 85
  From: FIC_0_PERIPHERALS_0/FIC0_INITIATOR_inst_0/FIC0_INITIATOR_0/MstConvertor_loop[0].mstrconv/rgsl/genblk1.awrs/sDat[74]:CLK
  To:   FIC_0_PERIPHERALS_0/FIC0_INITIATOR_inst_0/FIC0_INITIATOR_0/axicb/cb.awcon/trgmx/slaveAVALID[1]:SLn
  Delay (ns):              3.817
  Slack (ns):              3.962
  Arrival (ns):            9.861
  Required (ns):          13.823
  Operating Conditions: slow_lv_ht

Path 86
  From: FIC_0_PERIPHERALS_0/DMA_CONTROLLER_inst_0/DMA_CONTROLLER_0/U_DMAController/DMATranCtrl/intErrorCtrl_inst/wrCache1Sel:CLK
  To:   FIC_0_PERIPHERALS_0/DMA_CONTROLLER_inst_0/DMA_CONTROLLER_0/U_DMAController/DMATranCtrl/intErrorCtrl_inst/extDscrptrAddr_extFetchReg[10]:D
  Delay (ns):              3.802
  Slack (ns):              3.962
  Arrival (ns):            9.872
  Required (ns):          13.834
  Operating Conditions: slow_lv_ht

Path 87
  From: FIC_0_PERIPHERALS_0/FIC0_INITIATOR_inst_0/FIC0_INITIATOR_0/SlvConvertor_loop[2].slvcnv/slvdwc/genblk1.DownConverter_inst/writeWidthConv/DWC_DownConv_preCalcCmdFifoWrCtrl_inst/length_comb_pre_Z[4]:CLK
  To:   FIC_0_PERIPHERALS_0/FIC0_INITIATOR_inst_0/FIC0_INITIATOR_0/SlvConvertor_loop[2].slvcnv/slvdwc/genblk1.DownConverter_inst/writeWidthConv/wrCmdFifoWriteCtrl/len_latched[9]:D
  Delay (ns):              3.795
  Slack (ns):              3.964
  Arrival (ns):            9.855
  Required (ns):          13.819
  Operating Conditions: slow_lv_ht

Path 88
  From: MSS_WRAPPER_0/MPFS_DISCOVERY_KIT_MSS_0/I_MSS:FIC_3_PCLK
  To:   MSS_WRAPPER_0/MPFS_DISCOVERY_KIT_MSS_0/I_MSS:FIC_3_APB_M_PRDATA[6]
  Delay (ns):              6.130
  Slack (ns):              3.966
  Arrival (ns):           13.140
  Required (ns):          17.106
  Operating Conditions: slow_lv_ht

Path 89
  From: FIC_0_PERIPHERALS_0/security_core_0/dec/t[1]:CLK
  To:   FIC_0_PERIPHERALS_0/security_core_0/dec/s[2][54]:D
  Delay (ns):              3.856
  Slack (ns):              3.967
  Arrival (ns):            9.912
  Required (ns):          13.879
  Operating Conditions: slow_lv_ht

Path 90
  From: FIC_0_PERIPHERALS_0/DMA_CONTROLLER_inst_0/DMA_CONTROLLER_0/U_DMAController/DMATranCtrl/numOfBytesInRdReg[0]rff_0:CLK
  To:   FIC_0_PERIPHERALS_0/DMA_CONTROLLER_inst_0/DMA_CONTROLLER_0/U_DMAController/DMATranCtrl/rdTranCtrl_inst/currState[0]:D
  Delay (ns):              3.829
  Slack (ns):              3.967
  Arrival (ns):            9.892
  Required (ns):          13.859
  Operating Conditions: slow_lv_ht

Path 91
  From: FIC_0_PERIPHERALS_0/DMA_CONTROLLER_inst_0/DMA_CONTROLLER_0/U_AXI4INITIATORDMACtrl/wrByteCnt[5]:CLK
  To:   FIC_0_PERIPHERALS_0/DMA_CONTROLLER_inst_0/DMA_CONTROLLER_0/U_AXI4INITIATORDMACtrl/AWLENReg[4]:D
  Delay (ns):              3.845
  Slack (ns):              3.967
  Arrival (ns):            9.896
  Required (ns):          13.863
  Operating Conditions: slow_lv_ht

Path 92
  From: FIC_0_PERIPHERALS_0/FIC0_INITIATOR_inst_0/FIC0_INITIATOR_0/SlvConvertor_loop[2].slvcnv/slvdwc/genblk1.DownConverter_inst/writeWidthConv/DWC_DownConv_preCalcCmdFifoWrCtrl_inst/length_comb_pre_Z[1]:CLK
  To:   FIC_0_PERIPHERALS_0/FIC0_INITIATOR_inst_0/FIC0_INITIATOR_0/SlvConvertor_loop[2].slvcnv/slvdwc/genblk1.DownConverter_inst/writeWidthConv/wrCmdFifoWriteCtrl/len_latched[7]:D
  Delay (ns):              3.803
  Slack (ns):              3.968
  Arrival (ns):            9.851
  Required (ns):          13.819
  Operating Conditions: slow_lv_ht

Path 93
  From: FIC_0_PERIPHERALS_0/FIC0_INITIATOR_inst_0/FIC0_INITIATOR_0/SlvConvertor_loop[2].slvcnv/slvdwc/genblk1.DownConverter_inst/readWidthConv/DWC_DownConv_preCalcCmdFifoWrCtrl_inst/length_comb_pre_Z[0]:CLK
  To:   FIC_0_PERIPHERALS_0/FIC0_INITIATOR_inst_0/FIC0_INITIATOR_0/SlvConvertor_loop[2].slvcnv/slvdwc/genblk1.DownConverter_inst/readWidthConv/rdCmdFifoWriteCtrl/len_latched[10]:D
  Delay (ns):              3.822
  Slack (ns):              3.969
  Arrival (ns):            9.848
  Required (ns):          13.817
  Operating Conditions: slow_lv_ht

Path 94
  From: FIC_0_PERIPHERALS_0/FIC0_INITIATOR_inst_0/FIC0_INITIATOR_0/SlvConvertor_loop[0].slvcnv/slvdwc/genblk1.DownConverter_inst/writeWidthConv/widthConvwr/fixed_burst_sizecnt[0]:CLK
  To:   FIC_0_PERIPHERALS_0/FIC0_INITIATOR_inst_0/FIC0_INITIATOR_0/SlvConvertor_loop[0].slvcnv/rgsl/genblk4.wrs/sDat[42]:EN
  Delay (ns):              3.688
  Slack (ns):              3.969
  Arrival (ns):            9.742
  Required (ns):          13.711
  Operating Conditions: slow_lv_ht

Path 95
  From: FIC_0_PERIPHERALS_0/FIC0_INITIATOR_inst_0/FIC0_INITIATOR_0/SlvConvertor_loop[0].slvcnv/slvdwc/genblk1.DownConverter_inst/writeWidthConv/widthConvwr/fixed_burst_sizecnt[0]:CLK
  To:   FIC_0_PERIPHERALS_0/FIC0_INITIATOR_inst_0/FIC0_INITIATOR_0/SlvConvertor_loop[0].slvcnv/rgsl/genblk4.wrs/sDat[10]:EN
  Delay (ns):              3.688
  Slack (ns):              3.969
  Arrival (ns):            9.742
  Required (ns):          13.711
  Operating Conditions: slow_lv_ht

Path 96
  From: FIC_0_PERIPHERALS_0/FIC0_INITIATOR_inst_0/FIC0_INITIATOR_0/SlvConvertor_loop[2].slvcnv/slvdwc/genblk1.DownConverter_inst/writeWidthConv/DWC_DownConv_preCalcCmdFifoWrCtrl_inst/length_comb_pre_Z[3]:CLK
  To:   FIC_0_PERIPHERALS_0/FIC0_INITIATOR_inst_0/FIC0_INITIATOR_0/SlvConvertor_loop[2].slvcnv/slvdwc/genblk1.DownConverter_inst/writeWidthConv/wrCmdFifoWriteCtrl/len_latched[5]:D
  Delay (ns):              3.789
  Slack (ns):              3.971
  Arrival (ns):            9.848
  Required (ns):          13.819
  Operating Conditions: slow_lv_ht

Path 97
  From: FIC_0_PERIPHERALS_0/DMA_CONTROLLER_inst_0/DMA_CONTROLLER_0/U_AXI4INITIATORDMACtrl/wrByteCnt[2]:CLK
  To:   FIC_0_PERIPHERALS_0/DMA_CONTROLLER_inst_0/DMA_CONTROLLER_0/U_AXI4INITIATORDMACtrl/AWLENReg[2]:D
  Delay (ns):              3.851
  Slack (ns):              3.971
  Arrival (ns):            9.890
  Required (ns):          13.861
  Operating Conditions: slow_lv_ht

Path 98
  From: FIC_0_PERIPHERALS_0/security_core_0/key_expansion/t[1]:CLK
  To:   FIC_0_PERIPHERALS_0/security_core_0/key_expansion/w[2][50][15]:D
  Delay (ns):              3.795
  Slack (ns):              3.973
  Arrival (ns):            9.847
  Required (ns):          13.820
  Operating Conditions: slow_lv_ht

Path 99
  From: FIC_0_PERIPHERALS_0/security_core_0/dec/t[3]:CLK
  To:   FIC_0_PERIPHERALS_0/security_core_0/dec/s[2][17]:D
  Delay (ns):              3.828
  Slack (ns):              3.973
  Arrival (ns):            9.877
  Required (ns):          13.850
  Operating Conditions: slow_lv_ht

Path 100
  From: FIC_0_PERIPHERALS_0/DMA_CONTROLLER_inst_0/DMA_CONTROLLER_0/U_AXI4INITIATORDMACtrl/wrByteCnt[8]:CLK
  To:   FIC_0_PERIPHERALS_0/DMA_CONTROLLER_inst_0/DMA_CONTROLLER_0/U_AXI4INITIATORDMACtrl/wrByteCnt[5]:D
  Delay (ns):              3.857
  Slack (ns):              3.973
  Arrival (ns):            9.896
  Required (ns):          13.869
  Operating Conditions: slow_lv_ht

