Timing Violation Report Min Delay Analysis

SmartTime Version 2025.2
Microchip Technology Inc. - Microchip Libero Software Release 2025.2 (Version 2025.2.0.14)
Date: Tue Feb 17 21:09:07 2026


Design: MPFS_DISCOVERY_KIT
Family: PolarFireSoC
Die: MPFS095T
Package: FCSG325
Temperature Range: 0 - 100 C
Voltage Range: 0.97 - 1.03 V
Speed Grade: -1
Design State: Post-Layout
Data source: Production
Multi Corner Report Operating Conditions: slow_lv_lt,fast_hv_lt,slow_lv_ht


Path 1
  From: FIC_0_PERIPHERALS_0/DMA_INITIATOR_inst_0/DMA_INITIATOR_0/MstConvertor_loop[0].mstrconv/mstrDWC/genblk1.MstUpConv/DWC_UpConv_preCalcAChannel_ar_inst/MASTER_AADDR_out[1]:CLK
  To:   FIC_0_PERIPHERALS_0/DMA_INITIATOR_inst_0/DMA_INITIATOR_0/MstConvertor_loop[0].mstrconv/mstrDWC/genblk1.MstUpConv/DWC_ARChan/addr_fifo[1]:D
  Delay (ns):              0.300
  Slack (ns):              0.053
  Arrival (ns):            5.530
  Required (ns):           5.477
  Operating Conditions: slow_lv_lt

Path 2
  From: FIC_0_PERIPHERALS_0/FIC0_INITIATOR_inst_0/FIC0_INITIATOR_0/MstConvertor_loop[0].mstrconv/rgsl/genblk2.arrs/sDat[28]:CLK
  To:   FIC_0_PERIPHERALS_0/FIC0_INITIATOR_inst_0/FIC0_INITIATOR_0/axicb/cb.arcon/trgmx/slaveALEN[5]:D
  Delay (ns):              0.144
  Slack (ns):              0.067
  Arrival (ns):            3.793
  Required (ns):           3.726
  Operating Conditions: fast_hv_lt

Path 3
  From: FIC_0_PERIPHERALS_0/FIC0_INITIATOR_inst_0/FIC0_INITIATOR_0/SlvConvertor_loop[1].slvcnv/rgsl/genblk4.wrs/sDat[10]:CLK
  To:   FIC_0_PERIPHERALS_0/MSS_LSRAM_inst_0/COREAXI4SRAM_0/genblk1.genblk1.U_MSS_LSRAM_COREAXI4SRAM_0_CoreAXI4SRAM_MAINCTRL/genblk1.wdata_sc_r[0]:D
  Delay (ns):              0.149
  Slack (ns):              0.072
  Arrival (ns):            3.794
  Required (ns):           3.722
  Operating Conditions: fast_hv_lt

Path 4
  From: FIC_0_PERIPHERALS_0/FIC0_INITIATOR_inst_0/FIC0_INITIATOR_0/SlvConvertor_loop[0].slvcnv/slvdwc/genblk1.DownConverter_inst/readWidthConv/DWC_DownConv_preCalcCmdFifoWrCtrl_inst/MASTER_AID_out[2]:CLK
  To:   FIC_0_PERIPHERALS_0/FIC0_INITIATOR_inst_0/FIC0_INITIATOR_0/SlvConvertor_loop[0].slvcnv/slvdwc/genblk1.DownConverter_inst/readWidthConv/rdCmdFifoWriteCtrl/MASTER_AID_reg[2]:D
  Delay (ns):              0.152
  Slack (ns):              0.075
  Arrival (ns):            3.799
  Required (ns):           3.724
  Operating Conditions: fast_hv_lt

Path 5
  From: FIC_0_PERIPHERALS_0/DMA_INITIATOR_inst_0/DMA_INITIATOR_0/MstConvertor_loop[0].mstrconv/mstrDWC/genblk1.MstUpConv/DWC_UpConv_preCalcAChannel_ar_inst/MASTER_AADDR_out[23]:CLK
  To:   FIC_0_PERIPHERALS_0/DMA_INITIATOR_inst_0/DMA_INITIATOR_0/MstConvertor_loop[0].mstrconv/mstrDWC/genblk1.MstUpConv/DWC_ARChan/SLAVE_AADDR[23]:D
  Delay (ns):              0.144
  Slack (ns):              0.076
  Arrival (ns):            3.792
  Required (ns):           3.716
  Operating Conditions: fast_hv_lt

Path 6
  From: FIC_0_PERIPHERALS_0/DMA_INITIATOR_inst_0/DMA_INITIATOR_0/MstConvertor_loop[0].mstrconv/mstrDWC/genblk1.MstUpConv/DWC_UpConv_preCalcAChannel_aw_inst/MASTER_AADDR_out[26]:CLK
  To:   FIC_0_PERIPHERALS_0/DMA_INITIATOR_inst_0/DMA_INITIATOR_0/MstConvertor_loop[0].mstrconv/mstrDWC/genblk1.MstUpConv/DWC_AWChan/SLAVE_AADDR[26]:D
  Delay (ns):              0.151
  Slack (ns):              0.077
  Arrival (ns):            3.804
  Required (ns):           3.727
  Operating Conditions: fast_hv_lt

Path 7
  From: FIC_0_PERIPHERALS_0/DMA_INITIATOR_inst_0/DMA_INITIATOR_0/MstConvertor_loop[0].mstrconv/mstrDWC/genblk1.MstUpConv/DWC_UpConv_preCalcAChannel_aw_inst/MASTER_AADDR_out[19]:CLK
  To:   FIC_0_PERIPHERALS_0/DMA_INITIATOR_inst_0/DMA_INITIATOR_0/MstConvertor_loop[0].mstrconv/mstrDWC/genblk1.MstUpConv/DWC_AWChan/SLAVE_AADDR[19]:D
  Delay (ns):              0.151
  Slack (ns):              0.077
  Arrival (ns):            3.817
  Required (ns):           3.740
  Operating Conditions: fast_hv_lt

Path 8
  From: FIC_0_PERIPHERALS_0/DMA_INITIATOR_inst_0/DMA_INITIATOR_0/MstConvertor_loop[0].mstrconv/rgsl/genblk2.arrs/sDat[25]:CLK
  To:   FIC_0_PERIPHERALS_0/DMA_INITIATOR_inst_0/DMA_INITIATOR_0/SlvConvertor_loop[0].slvcnv/rgsl/genblk2.arrs/holdDat[25]:D
  Delay (ns):              0.156
  Slack (ns):              0.078
  Arrival (ns):            3.800
  Required (ns):           3.722
  Operating Conditions: fast_hv_lt

Path 9
  From: FIC_0_PERIPHERALS_0/DMA_CONTROLLER_inst_0/DMA_CONTROLLER_0/U_AXI4INITIATORDMACtrl/AWADDRReg[29]:CLK
  To:   FIC_0_PERIPHERALS_0/DMA_INITIATOR_inst_0/DMA_INITIATOR_0/MstConvertor_loop[0].mstrconv/mstrDWC/genblk1.MstUpConv/DWC_UpConv_preCalcAChannel_aw_inst/MASTER_AADDR_out[29]:D
  Delay (ns):              0.155
  Slack (ns):              0.078
  Arrival (ns):            3.807
  Required (ns):           3.729
  Operating Conditions: fast_hv_lt

Path 10
  From: FIC_0_PERIPHERALS_0/FIC0_INITIATOR_inst_0/FIC0_INITIATOR_0/SlvConvertor_loop[1].slvcnv/rgsl/genblk4.wrs/sDat[59]:CLK
  To:   FIC_0_PERIPHERALS_0/MSS_LSRAM_inst_0/COREAXI4SRAM_0/genblk1.genblk1.U_MSS_LSRAM_COREAXI4SRAM_0_CoreAXI4SRAM_MAINCTRL/genblk1.wdata_sc_r[49]:D
  Delay (ns):              0.153
  Slack (ns):              0.079
  Arrival (ns):            3.787
  Required (ns):           3.708
  Operating Conditions: fast_hv_lt

Path 11
  From: FIC_0_PERIPHERALS_0/DMA_CONTROLLER_inst_0/DMA_CONTROLLER_0/U_AXI4INITIATORDMACtrl/AWADDRReg[4]:CLK
  To:   FIC_0_PERIPHERALS_0/DMA_INITIATOR_inst_0/DMA_INITIATOR_0/MstConvertor_loop[0].mstrconv/mstrDWC/genblk1.MstUpConv/DWC_UpConv_preCalcAChannel_aw_inst/MASTER_AADDR_out[4]:D
  Delay (ns):              0.156
  Slack (ns):              0.079
  Arrival (ns):            3.808
  Required (ns):           3.729
  Operating Conditions: fast_hv_lt

Path 12
  From: FIC_0_PERIPHERALS_0/DMA_CONTROLLER_inst_0/DMA_CONTROLLER_0/U_AXI4INITIATORDMACtrl/ARADDRReg[29]:CLK
  To:   FIC_0_PERIPHERALS_0/DMA_INITIATOR_inst_0/DMA_INITIATOR_0/MstConvertor_loop[0].mstrconv/mstrDWC/genblk1.MstUpConv/DWC_UpConv_preCalcAChannel_ar_inst/MASTER_AADDR_out[29]:D
  Delay (ns):              0.156
  Slack (ns):              0.079
  Arrival (ns):            3.808
  Required (ns):           3.729
  Operating Conditions: fast_hv_lt

Path 13
  From: FIC_3_PERIPHERALS_0/SPI_FOR_7_SEG_0/SPI_FOR_7_SEG_0/USPI/UCC/clock_rx_q1:CLK
  To:   FIC_3_PERIPHERALS_0/SPI_FOR_7_SEG_0/SPI_FOR_7_SEG_0/USPI/UCC/clock_rx_q2:D
  Delay (ns):              0.157
  Slack (ns):              0.080
  Arrival (ns):            4.220
  Required (ns):           4.140
  Operating Conditions: fast_hv_lt

Path 14
  From: FIC_3_PERIPHERALS_0/PWM/corepwm_C0_0/genblk3.corepwm_reg_if/psh_prescale_reg[29]:CLK
  To:   FIC_3_PERIPHERALS_0/PWM/corepwm_C0_0/genblk3.corepwm_reg_if/prescale_reg_Z[29]:D
  Delay (ns):              0.148
  Slack (ns):              0.080
  Arrival (ns):            4.217
  Required (ns):           4.137
  Operating Conditions: fast_hv_lt

Path 15
  From: FIC_0_PERIPHERALS_0/FIC0_INITIATOR_inst_0/FIC0_INITIATOR_0/SlvConvertor_loop[1].slvcnv/rgsl/genblk4.wrs/sDat[33]:CLK
  To:   FIC_0_PERIPHERALS_0/MSS_LSRAM_inst_0/COREAXI4SRAM_0/genblk1.genblk1.U_MSS_LSRAM_COREAXI4SRAM_0_CoreAXI4SRAM_MAINCTRL/genblk1.wdata_sc_r[23]:D
  Delay (ns):              0.154
  Slack (ns):              0.080
  Arrival (ns):            3.810
  Required (ns):           3.730
  Operating Conditions: fast_hv_lt

Path 16
  From: FIC_0_PERIPHERALS_0/FIC0_INITIATOR_inst_0/FIC0_INITIATOR_0/SlvConvertor_loop[0].slvcnv/slvdwc/genblk1.DownConverter_inst/readWidthConv/genblk1.caxi4interconnect_DWC_DownConv_Hold_Reg_Rd/DWC_DownConv_hold_data_out[32]:CLK
  To:   FIC_0_PERIPHERALS_0/FIC0_INITIATOR_inst_0/FIC0_INITIATOR_0/SlvConvertor_loop[0].slvcnv/slvdwc/genblk1.DownConverter_inst/readWidthConv/genblk1.widthConvrd/MASTER_RID[2]:D
  Delay (ns):              0.148
  Slack (ns):              0.080
  Arrival (ns):            3.798
  Required (ns):           3.718
  Operating Conditions: fast_hv_lt

Path 17
  From: FIC_0_PERIPHERALS_0/DMA_INITIATOR_inst_0/DMA_INITIATOR_0/SlvConvertor_loop[0].slvcnv/rgsl/genblk3.rrs/sDat[21]:CLK
  To:   FIC_0_PERIPHERALS_0/DMA_INITIATOR_inst_0/DMA_INITIATOR_0/MstConvertor_loop[0].mstrconv/rgsl/genblk3.rrs/holdDat[21]:D
  Delay (ns):              0.154
  Slack (ns):              0.080
  Arrival (ns):            3.816
  Required (ns):           3.736
  Operating Conditions: fast_hv_lt

Path 18
  From: FIC_0_PERIPHERALS_0/DMA_INITIATOR_inst_0/DMA_INITIATOR_0/MstConvertor_loop[0].mstrconv/mstrDWC/genblk1.MstUpConv/DWC_UpConv_preCalcAChannel_aw_inst/MASTER_AADDR_out[13]:CLK
  To:   FIC_0_PERIPHERALS_0/DMA_INITIATOR_inst_0/DMA_INITIATOR_0/MstConvertor_loop[0].mstrconv/mstrDWC/genblk1.MstUpConv/DWC_AWChan/SLAVE_AADDR[13]:D
  Delay (ns):              0.154
  Slack (ns):              0.080
  Arrival (ns):            3.820
  Required (ns):           3.740
  Operating Conditions: fast_hv_lt

Path 19
  From: FIC_0_PERIPHERALS_0/DMA_INITIATOR_inst_0/DMA_INITIATOR_0/MstConvertor_loop[0].mstrconv/mstrDWC/genblk1.MstUpConv/DWC_ARChan/SLAVE_AADDR[29]:CLK
  To:   FIC_0_PERIPHERALS_0/DMA_INITIATOR_inst_0/DMA_INITIATOR_0/MstConvertor_loop[0].mstrconv/rgsl/genblk2.arrs/holdDat[60]:D
  Delay (ns):              0.157
  Slack (ns):              0.080
  Arrival (ns):            3.809
  Required (ns):           3.729
  Operating Conditions: fast_hv_lt

Path 20
  From: FIC_0_PERIPHERALS_0/DMA_CONTROLLER_inst_0/DMA_CONTROLLER_0/U_AXI4INITIATORDMACtrl/AWADDRReg[23]:CLK
  To:   FIC_0_PERIPHERALS_0/DMA_INITIATOR_inst_0/DMA_INITIATOR_0/MstConvertor_loop[0].mstrconv/mstrDWC/genblk1.MstUpConv/DWC_UpConv_preCalcAChannel_aw_inst/MASTER_AADDR_out[23]:D
  Delay (ns):              0.154
  Slack (ns):              0.080
  Arrival (ns):            3.808
  Required (ns):           3.728
  Operating Conditions: fast_hv_lt

Path 21
  From: FIC_0_PERIPHERALS_0/DMA_INITIATOR_inst_0/DMA_INITIATOR_0/MstConvertor_loop[0].mstrconv/rgsl/genblk1.awrs/sDat[57]:CLK
  To:   FIC_0_PERIPHERALS_0/DMA_INITIATOR_inst_0/DMA_INITIATOR_0/SlvConvertor_loop[0].slvcnv/rgsl/genblk1.awrs/holdDat[57]:D
  Delay (ns):              0.155
  Slack (ns):              0.081
  Arrival (ns):            3.790
  Required (ns):           3.709
  Operating Conditions: fast_hv_lt

Path 22
  From: FIC_0_PERIPHERALS_0/DMA_INITIATOR_inst_0/DMA_INITIATOR_0/MstConvertor_loop[0].mstrconv/mstrDWC/genblk1.MstUpConv/DWC_AWChan/SLAVE_AADDR[21]:CLK
  To:   FIC_0_PERIPHERALS_0/DMA_INITIATOR_inst_0/DMA_INITIATOR_0/MstConvertor_loop[0].mstrconv/rgsl/genblk1.awrs/holdDat[52]:D
  Delay (ns):              0.155
  Slack (ns):              0.081
  Arrival (ns):            3.817
  Required (ns):           3.736
  Operating Conditions: fast_hv_lt

Path 23
  From: FIC_0_PERIPHERALS_0/DMA_CONTROLLER_inst_0/DMA_CONTROLLER_0/U_bufferDescriptors/currRdState[10]:CLK
  To:   FIC_0_PERIPHERALS_0/DMA_CONTROLLER_inst_0/DMA_CONTROLLER_0/U_bufferDescriptors/currRdState[15]:D
  Delay (ns):              0.148
  Slack (ns):              0.081
  Arrival (ns):            3.807
  Required (ns):           3.726
  Operating Conditions: fast_hv_lt

Path 24
  From: CLOCKS_AND_RESETS_0/RESET_FIC_3_CLK/CORERESET_0/dff_5[0]:CLK
  To:   CLOCKS_AND_RESETS_0/RESET_FIC_3_CLK/CORERESET_0/dff_6[0]:D
  Delay (ns):              0.155
  Slack (ns):              0.081
  Arrival (ns):            4.203
  Required (ns):           4.122
  Operating Conditions: fast_hv_lt

Path 25
  From: FIC_3_PERIPHERALS_0/CORE_I2C_C0_0_WRAPPER_1/COREI2C_C0_0/COREI2C_C0_0/I2C_NUM_GENERATION[0].ui2c/SDAI_ff_reg[2]:CLK
  To:   FIC_3_PERIPHERALS_0/CORE_I2C_C0_0_WRAPPER_1/COREI2C_C0_0/COREI2C_C0_0/I2C_NUM_GENERATION[0].ui2c/SDAInt:D
  Delay (ns):              0.150
  Slack (ns):              0.082
  Arrival (ns):            4.236
  Required (ns):           4.154
  Operating Conditions: fast_hv_lt

Path 26
  From: FIC_0_PERIPHERALS_0/FIC0_INITIATOR_inst_0/FIC0_INITIATOR_0/SlvConvertor_loop[0].slvcnv/slvdwc/genblk1.DownConverter_inst/readWidthConv/DWC_DownConv_preCalcCmdFifoWrCtrl_inst/sizeCnt_comb_pre_Z[2]:CLK
  To:   FIC_0_PERIPHERALS_0/FIC0_INITIATOR_inst_0/FIC0_INITIATOR_0/SlvConvertor_loop[0].slvcnv/slvdwc/genblk1.DownConverter_inst/readWidthConv/rdCmdFifoWriteCtrl/sizeCnt_reg[2]:D
  Delay (ns):              0.159
  Slack (ns):              0.082
  Arrival (ns):            3.807
  Required (ns):           3.725
  Operating Conditions: fast_hv_lt

Path 27
  From: FIC_0_PERIPHERALS_0/FIC0_INITIATOR_inst_0/FIC0_INITIATOR_0/SlvConvertor_loop[0].slvcnv/slvdwc/genblk1.DownConverter_inst/readWidthConv/DWC_DownConv_preCalcCmdFifoWrCtrl_inst/MASTER_AID_out[7]:CLK
  To:   FIC_0_PERIPHERALS_0/FIC0_INITIATOR_inst_0/FIC0_INITIATOR_0/SlvConvertor_loop[0].slvcnv/slvdwc/genblk1.DownConverter_inst/readWidthConv/rdCmdFifoWriteCtrl/MASTER_AID_reg[7]:D
  Delay (ns):              0.159
  Slack (ns):              0.082
  Arrival (ns):            3.807
  Required (ns):           3.725
  Operating Conditions: fast_hv_lt

Path 28
  From: FIC_0_PERIPHERALS_0/DMA_INITIATOR_inst_0/DMA_INITIATOR_0/SlvConvertor_loop[0].slvcnv/rgsl/genblk5.brs/sDat[2]:CLK
  To:   FIC_0_PERIPHERALS_0/DMA_INITIATOR_inst_0/DMA_INITIATOR_0/MstConvertor_loop[0].mstrconv/rgsl/genblk5.brs/holdDat[2]:D
  Delay (ns):              0.149
  Slack (ns):              0.082
  Arrival (ns):            3.783
  Required (ns):           3.701
  Operating Conditions: fast_hv_lt

Path 29
  From: FIC_0_PERIPHERALS_0/DMA_INITIATOR_inst_0/DMA_INITIATOR_0/MstConvertor_loop[0].mstrconv/mstrDWC/genblk1.MstUpConv/DWC_ARChan/SLAVE_AADDR[24]:CLK
  To:   FIC_0_PERIPHERALS_0/DMA_INITIATOR_inst_0/DMA_INITIATOR_0/MstConvertor_loop[0].mstrconv/rgsl/genblk2.arrs/holdDat[55]:D
  Delay (ns):              0.159
  Slack (ns):              0.082
  Arrival (ns):            3.811
  Required (ns):           3.729
  Operating Conditions: fast_hv_lt

Path 30
  From: FIC_0_PERIPHERALS_0/FIC0_INITIATOR_inst_0/FIC0_INITIATOR_0/SlvConvertor_loop[0].slvcnv/rgsl/genblk4.wrs/sDat[43]:CLK
  To:   FIC_0_PERIPHERALS_0/FIC0_INITIATOR_inst_0/FIC0_INITIATOR_0/SlvConvertor_loop[0].slvcnv/slvdwc/genblk1.DownConverter_inst/writeWidthConv/widthConvwr/MASTER_WDATA_reg[33]:D
  Delay (ns):              0.157
  Slack (ns):              0.083
  Arrival (ns):            3.796
  Required (ns):           3.713
  Operating Conditions: fast_hv_lt

Path 31
  From: FIC_0_PERIPHERALS_0/FIC0_INITIATOR_inst_0/FIC0_INITIATOR_0/MstConvertor_loop[0].mstrconv/rgsl/genblk1.awrs/sDat[22]:CLK
  To:   FIC_0_PERIPHERALS_0/FIC0_INITIATOR_inst_0/FIC0_INITIATOR_0/axicb/cb.awcon/trgmx/slaveASIZE[2]:D
  Delay (ns):              0.157
  Slack (ns):              0.083
  Arrival (ns):            3.803
  Required (ns):           3.720
  Operating Conditions: fast_hv_lt

Path 32
  From: CLOCKS_AND_RESETS_0/RESET_FIC_3_CLK/CORERESET_0/dff_0[0]:CLK
  To:   CLOCKS_AND_RESETS_0/RESET_FIC_3_CLK/CORERESET_0/dff_1[0]:D
  Delay (ns):              0.151
  Slack (ns):              0.083
  Arrival (ns):            4.199
  Required (ns):           4.116
  Operating Conditions: fast_hv_lt

Path 33
  From: FIC_3_PERIPHERALS_0/PWM/corepwm_C0_0/genblk3.corepwm_reg_if/psh_prescale_reg[5]:CLK
  To:   FIC_3_PERIPHERALS_0/PWM/corepwm_C0_0/genblk3.corepwm_reg_if/prescale_reg_Z[5]:D
  Delay (ns):              0.158
  Slack (ns):              0.084
  Arrival (ns):            4.234
  Required (ns):           4.150
  Operating Conditions: fast_hv_lt

Path 34
  From: FIC_0_PERIPHERALS_0/FIC0_INITIATOR_inst_0/FIC0_INITIATOR_0/SlvConvertor_loop[1].slvcnv/rgsl/genblk4.wrs/sDat[40]:CLK
  To:   FIC_0_PERIPHERALS_0/MSS_LSRAM_inst_0/COREAXI4SRAM_0/genblk1.genblk1.U_MSS_LSRAM_COREAXI4SRAM_0_CoreAXI4SRAM_MAINCTRL/genblk1.wdata_sc_r[30]:D
  Delay (ns):              0.161
  Slack (ns):              0.084
  Arrival (ns):            3.806
  Required (ns):           3.722
  Operating Conditions: fast_hv_lt

Path 35
  From: FIC_0_PERIPHERALS_0/FIC0_INITIATOR_inst_0/FIC0_INITIATOR_0/SlvConvertor_loop[0].slvcnv/slvdwc/genblk1.DownConverter_inst/writeWidthConv/caxi4interconnect_DWC_DownConv_Hold_Reg_Wr/DWC_DownConv_hold_data_out[0]:CLK
  To:   FIC_0_PERIPHERALS_0/FIC0_INITIATOR_inst_0/FIC0_INITIATOR_0/SlvConvertor_loop[0].slvcnv/slvdwc/genblk1.DownConverter_inst/writeWidthConv/widthConvwr/lastTx_reg:D
  Delay (ns):              0.157
  Slack (ns):              0.084
  Arrival (ns):            3.808
  Required (ns):           3.724
  Operating Conditions: fast_hv_lt

Path 36
  From: FIC_0_PERIPHERALS_0/FIC0_INITIATOR_inst_0/FIC0_INITIATOR_0/MstConvertor_loop[0].mstrconv/rgsl/genblk1.awrs/sDat[26]:CLK
  To:   FIC_0_PERIPHERALS_0/FIC0_INITIATOR_inst_0/FIC0_INITIATOR_0/axicb/cb.awcon/trgmx/slaveALEN[3]:D
  Delay (ns):              0.161
  Slack (ns):              0.084
  Arrival (ns):            3.792
  Required (ns):           3.708
  Operating Conditions: fast_hv_lt

Path 37
  From: FIC_0_PERIPHERALS_0/DMA_INITIATOR_inst_0/DMA_INITIATOR_0/MstConvertor_loop[0].mstrconv/mstrDWC/genblk1.MstUpConv/DWC_UpConv_preCalcAChannel_aw_inst/MASTER_AADDR_out[28]:CLK
  To:   FIC_0_PERIPHERALS_0/DMA_INITIATOR_inst_0/DMA_INITIATOR_0/MstConvertor_loop[0].mstrconv/mstrDWC/genblk1.MstUpConv/DWC_AWChan/SLAVE_AADDR[28]:D
  Delay (ns):              0.158
  Slack (ns):              0.084
  Arrival (ns):            3.811
  Required (ns):           3.727
  Operating Conditions: fast_hv_lt

Path 38
  From: FIC_0_PERIPHERALS_0/DMA_INITIATOR_inst_0/DMA_INITIATOR_0/MstConvertor_loop[0].mstrconv/mstrDWC/genblk1.MstUpConv/DWC_UpConv_preCalcAChannel_aw_inst/MASTER_AADDR_out[18]:CLK
  To:   FIC_0_PERIPHERALS_0/DMA_INITIATOR_inst_0/DMA_INITIATOR_0/MstConvertor_loop[0].mstrconv/mstrDWC/genblk1.MstUpConv/DWC_AWChan/SLAVE_AADDR[18]:D
  Delay (ns):              0.158
  Slack (ns):              0.084
  Arrival (ns):            3.824
  Required (ns):           3.740
  Operating Conditions: fast_hv_lt

Path 39
  From: FIC_0_PERIPHERALS_0/DMA_INITIATOR_inst_0/DMA_INITIATOR_0/MstConvertor_loop[0].mstrconv/mstrDWC/genblk1.MstUpConv/DWC_UpConv_preCalcAChannel_ar_inst/MASTER_AADDR_out[11]:CLK
  To:   FIC_0_PERIPHERALS_0/DMA_INITIATOR_inst_0/DMA_INITIATOR_0/MstConvertor_loop[0].mstrconv/mstrDWC/genblk1.MstUpConv/DWC_ARChan/SLAVE_AADDR[11]:D
  Delay (ns):              0.158
  Slack (ns):              0.084
  Arrival (ns):            3.806
  Required (ns):           3.722
  Operating Conditions: fast_hv_lt

Path 40
  From: FIC_0_PERIPHERALS_0/DMA_INITIATOR_inst_0/DMA_INITIATOR_0/MstConvertor_loop[0].mstrconv/mstrDWC/genblk1.MstUpConv/DWC_AWChan/SLAVE_AADDR[12]:CLK
  To:   FIC_0_PERIPHERALS_0/DMA_INITIATOR_inst_0/DMA_INITIATOR_0/MstConvertor_loop[0].mstrconv/rgsl/genblk1.awrs/holdDat[43]:D
  Delay (ns):              0.158
  Slack (ns):              0.084
  Arrival (ns):            3.820
  Required (ns):           3.736
  Operating Conditions: fast_hv_lt

Path 41
  From: FIC_0_PERIPHERALS_0/DMA_INITIATOR_inst_0/DMA_INITIATOR_0/MstConvertor_loop[0].mstrconv/mstrDWC/genblk1.MstUpConv/DWC_AWChan/SLAVE_AADDR[10]:CLK
  To:   FIC_0_PERIPHERALS_0/DMA_INITIATOR_inst_0/DMA_INITIATOR_0/MstConvertor_loop[0].mstrconv/rgsl/genblk1.awrs/holdDat[41]:D
  Delay (ns):              0.158
  Slack (ns):              0.084
  Arrival (ns):            3.819
  Required (ns):           3.735
  Operating Conditions: fast_hv_lt

Path 42
  From: FIC_0_PERIPHERALS_0/DMA_CONTROLLER_inst_0/DMA_CONTROLLER_0/U_intController/genblk1.U_INT_0_QUEUE/reqForStaReg:CLK
  To:   FIC_0_PERIPHERALS_0/DMA_CONTROLLER_inst_0/DMA_CONTROLLER_0/U_intController/genblk1.U_INT_0_QUEUE/reqForStaReg_2:D
  Delay (ns):              0.158
  Slack (ns):              0.084
  Arrival (ns):            3.823
  Required (ns):           3.739
  Operating Conditions: fast_hv_lt

Path 43
  From: FIC_0_PERIPHERALS_0/DMA_CONTROLLER_inst_0/DMA_CONTROLLER_0/U_AXI4INITIATORDMACtrl/AWADDRReg[3]:CLK
  To:   FIC_0_PERIPHERALS_0/DMA_INITIATOR_inst_0/DMA_INITIATOR_0/MstConvertor_loop[0].mstrconv/mstrDWC/genblk1.MstUpConv/DWC_UpConv_preCalcAChannel_aw_inst/MASTER_AADDR_out[3]:D
  Delay (ns):              0.162
  Slack (ns):              0.084
  Arrival (ns):            3.813
  Required (ns):           3.729
  Operating Conditions: fast_hv_lt

Path 44
  From: FIC_0_PERIPHERALS_0/DMA_CONTROLLER_inst_0/DMA_CONTROLLER_0/U_AXI4INITIATORDMACtrl/AWADDRReg[15]:CLK
  To:   FIC_0_PERIPHERALS_0/DMA_INITIATOR_inst_0/DMA_INITIATOR_0/MstConvertor_loop[0].mstrconv/mstrDWC/genblk1.MstUpConv/DWC_UpConv_preCalcAChannel_aw_inst/MASTER_AADDR_out[15]:D
  Delay (ns):              0.158
  Slack (ns):              0.084
  Arrival (ns):            3.812
  Required (ns):           3.728
  Operating Conditions: fast_hv_lt

Path 45
  From: CLOCKS_AND_RESETS_0/RESET_FIC_3_CLK/CORERESET_0/dff_4[0]:CLK
  To:   CLOCKS_AND_RESETS_0/RESET_FIC_3_CLK/CORERESET_0/dff_5[0]:D
  Delay (ns):              0.158
  Slack (ns):              0.084
  Arrival (ns):            4.206
  Required (ns):           4.122
  Operating Conditions: fast_hv_lt

Path 46
  From: CLOCKS_AND_RESETS_0/RESET_FIC_3_CLK/CORERESET_0/dff_1[0]:CLK
  To:   CLOCKS_AND_RESETS_0/RESET_FIC_3_CLK/CORERESET_0/dff_2[0]:D
  Delay (ns):              0.158
  Slack (ns):              0.084
  Arrival (ns):            4.206
  Required (ns):           4.122
  Operating Conditions: fast_hv_lt

Path 47
  From: CLOCKS_AND_RESETS_0/RESET_FIC_0_CLK/CORERESET_0/dff_8[0]:CLK
  To:   CLOCKS_AND_RESETS_0/RESET_FIC_0_CLK/CORERESET_0/dff_9[0]:D
  Delay (ns):              0.158
  Slack (ns):              0.084
  Arrival (ns):            3.825
  Required (ns):           3.741
  Operating Conditions: fast_hv_lt

Path 48
  From: CLOCKS_AND_RESETS_0/RESET_FIC_0_CLK/CORERESET_0/dff_0[0]:CLK
  To:   CLOCKS_AND_RESETS_0/RESET_FIC_0_CLK/CORERESET_0/dff_1[0]:D
  Delay (ns):              0.158
  Slack (ns):              0.084
  Arrival (ns):            3.825
  Required (ns):           3.741
  Operating Conditions: fast_hv_lt

Path 49
  From: FIC_3_PERIPHERALS_0/SPI_FOR_7_SEG_0/SPI_FOR_7_SEG_0/USPI/UCC/stxs_strobetx:CLK
  To:   FIC_3_PERIPHERALS_0/SPI_FOR_7_SEG_0/SPI_FOR_7_SEG_0/USPI/UCC/SYNC1_stxp_strobetx:D
  Delay (ns):              0.159
  Slack (ns):              0.085
  Arrival (ns):            4.218
  Required (ns):           4.133
  Operating Conditions: fast_hv_lt

Path 50
  From: FIC_3_PERIPHERALS_0/PWM/corepwm_C0_0/genblk3.corepwm_reg_if/psh_period_reg[0]:CLK
  To:   FIC_3_PERIPHERALS_0/PWM/corepwm_C0_0/genblk3.corepwm_reg_if/period_reg_Z[0]:D
  Delay (ns):              0.159
  Slack (ns):              0.085
  Arrival (ns):            4.235
  Required (ns):           4.150
  Operating Conditions: fast_hv_lt

Path 51
  From: FIC_0_PERIPHERALS_0/FIC0_INITIATOR_inst_0/FIC0_INITIATOR_0/SlvConvertor_loop[0].slvcnv/slvdwc/genblk1.DownConverter_inst/writeWidthConv/DWC_DownConv_preCalcCmdFifoWrCtrl_inst/sizeMax_pre_Z[2]:CLK
  To:   FIC_0_PERIPHERALS_0/FIC0_INITIATOR_inst_0/FIC0_INITIATOR_0/SlvConvertor_loop[0].slvcnv/slvdwc/genblk1.DownConverter_inst/writeWidthConv/wrCmdFifoWriteCtrl/SizeMax_reg[2]:D
  Delay (ns):              0.162
  Slack (ns):              0.085
  Arrival (ns):            3.801
  Required (ns):           3.716
  Operating Conditions: fast_hv_lt

Path 52
  From: FIC_0_PERIPHERALS_0/DMA_INITIATOR_inst_0/DMA_INITIATOR_0/MstConvertor_loop[0].mstrconv/mstrDWC/genblk1.MstUpConv/DWC_UpConv_preCalcAChannel_aw_inst/MASTER_AADDR_out[5]:CLK
  To:   FIC_0_PERIPHERALS_0/DMA_INITIATOR_inst_0/DMA_INITIATOR_0/MstConvertor_loop[0].mstrconv/mstrDWC/genblk1.MstUpConv/DWC_AWChan/SLAVE_AADDR[5]:D
  Delay (ns):              0.159
  Slack (ns):              0.085
  Arrival (ns):            3.822
  Required (ns):           3.737
  Operating Conditions: fast_hv_lt

Path 53
  From: FIC_0_PERIPHERALS_0/DMA_INITIATOR_inst_0/DMA_INITIATOR_0/MstConvertor_loop[0].mstrconv/mstrDWC/genblk1.MstUpConv/DWC_UpConv_preCalcAChannel_ar_inst/MASTER_AADDR_out[4]:CLK
  To:   FIC_0_PERIPHERALS_0/DMA_INITIATOR_inst_0/DMA_INITIATOR_0/MstConvertor_loop[0].mstrconv/mstrDWC/genblk1.MstUpConv/DWC_ARChan/addr_fifo[4]:D
  Delay (ns):              0.162
  Slack (ns):              0.085
  Arrival (ns):            3.814
  Required (ns):           3.729
  Operating Conditions: fast_hv_lt

Path 54
  From: FIC_0_PERIPHERALS_0/DMA_CONTROLLER_inst_0/DMA_CONTROLLER_0/U_AXI4INITIATORDMACtrl/ARADDRReg[9]:CLK
  To:   FIC_0_PERIPHERALS_0/DMA_INITIATOR_inst_0/DMA_INITIATOR_0/MstConvertor_loop[0].mstrconv/mstrDWC/genblk1.MstUpConv/DWC_UpConv_preCalcAChannel_ar_inst/MASTER_AADDR_out[9]:D
  Delay (ns):              0.162
  Slack (ns):              0.085
  Arrival (ns):            3.814
  Required (ns):           3.729
  Operating Conditions: fast_hv_lt

Path 55
  From: FIC_3_PERIPHERALS_0/SPI_FOR_7_SEG_0/SPI_FOR_7_SEG_0/USPI/UCC/clock_rx_q2:CLK
  To:   FIC_3_PERIPHERALS_0/SPI_FOR_7_SEG_0/SPI_FOR_7_SEG_0/USPI/UCC/clock_rx_q3:D
  Delay (ns):              0.163
  Slack (ns):              0.086
  Arrival (ns):            4.226
  Required (ns):           4.140
  Operating Conditions: fast_hv_lt

Path 56
  From: FIC_0_PERIPHERALS_0/FIC0_INITIATOR_inst_0/FIC0_INITIATOR_0/SlvConvertor_loop[1].slvcnv/rgsl/genblk4.wrs/sDat[66]:CLK
  To:   FIC_0_PERIPHERALS_0/MSS_LSRAM_inst_0/COREAXI4SRAM_0/genblk1.genblk1.U_MSS_LSRAM_COREAXI4SRAM_0_CoreAXI4SRAM_MAINCTRL/genblk1.wdata_sc_r[56]:D
  Delay (ns):              0.163
  Slack (ns):              0.086
  Arrival (ns):            3.818
  Required (ns):           3.732
  Operating Conditions: fast_hv_lt

Path 57
  From: FIC_0_PERIPHERALS_0/DMA_CONTROLLER_inst_0/DMA_CONTROLLER_0/U_bufferDescriptors/currRdState[18]:CLK
  To:   FIC_0_PERIPHERALS_0/DMA_CONTROLLER_inst_0/DMA_CONTROLLER_0/U_bufferDescriptors/currRdState[21]:D
  Delay (ns):              0.160
  Slack (ns):              0.086
  Arrival (ns):            3.819
  Required (ns):           3.733
  Operating Conditions: fast_hv_lt

Path 58
  From: FIC_0_PERIPHERALS_0/DMA_CONTROLLER_inst_0/DMA_CONTROLLER_0/U_AXI4INITIATORDMACtrl/ARADDRReg[12]:CLK
  To:   FIC_0_PERIPHERALS_0/DMA_INITIATOR_inst_0/DMA_INITIATOR_0/MstConvertor_loop[0].mstrconv/mstrDWC/genblk1.MstUpConv/DWC_UpConv_preCalcAChannel_ar_inst/MASTER_AADDR_out[12]:D
  Delay (ns):              0.160
  Slack (ns):              0.086
  Arrival (ns):            3.813
  Required (ns):           3.727
  Operating Conditions: fast_hv_lt

Path 59
  From: CLOCKS_AND_RESETS_0/RESET_FIC_3_CLK/CORERESET_0/dff_8[0]:CLK
  To:   CLOCKS_AND_RESETS_0/RESET_FIC_3_CLK/CORERESET_0/dff_9[0]:D
  Delay (ns):              0.160
  Slack (ns):              0.086
  Arrival (ns):            4.208
  Required (ns):           4.122
  Operating Conditions: fast_hv_lt

Path 60
  From: CLOCKS_AND_RESETS_0/RESET_FIC_3_CLK/CORERESET_0/dff_3[0]:CLK
  To:   CLOCKS_AND_RESETS_0/RESET_FIC_3_CLK/CORERESET_0/dff_4[0]:D
  Delay (ns):              0.160
  Slack (ns):              0.086
  Arrival (ns):            4.208
  Required (ns):           4.122
  Operating Conditions: fast_hv_lt

Path 61
  From: CLOCKS_AND_RESETS_0/RESET_FIC_0_CLK/CORERESET_0/dff_10[0]:CLK
  To:   CLOCKS_AND_RESETS_0/RESET_FIC_0_CLK/CORERESET_0/dff_11[0]:D
  Delay (ns):              0.160
  Slack (ns):              0.086
  Arrival (ns):            3.827
  Required (ns):           3.741
  Operating Conditions: fast_hv_lt

Path 62
  From: FIC_3_PERIPHERALS_0/PWM/corepwm_C0_0/genblk3.corepwm_reg_if/psh_period_reg[8]:CLK
  To:   FIC_3_PERIPHERALS_0/PWM/corepwm_C0_0/genblk3.corepwm_reg_if/period_reg_Z[8]:D
  Delay (ns):              0.161
  Slack (ns):              0.087
  Arrival (ns):            4.237
  Required (ns):           4.150
  Operating Conditions: fast_hv_lt

Path 63
  From: FIC_3_PERIPHERALS_0/PWM/corepwm_C0_0/genblk3.corepwm_reg_if/psh_period_reg[6]:CLK
  To:   FIC_3_PERIPHERALS_0/PWM/corepwm_C0_0/genblk3.corepwm_reg_if/period_reg_Z[6]:D
  Delay (ns):              0.161
  Slack (ns):              0.087
  Arrival (ns):            4.232
  Required (ns):           4.145
  Operating Conditions: fast_hv_lt

Path 64
  From: FIC_3_PERIPHERALS_0/CoreUARTapb_C0_0/CoreUARTapb_C0_0/uUART/make_RX/samples_1[0]:CLK
  To:   FIC_3_PERIPHERALS_0/CoreUARTapb_C0_0/CoreUARTapb_C0_0/uUART/make_RX/samples_0[0]:D
  Delay (ns):              0.164
  Slack (ns):              0.087
  Arrival (ns):            4.217
  Required (ns):           4.130
  Operating Conditions: fast_hv_lt

Path 65
  From: FIC_0_PERIPHERALS_0/FIC0_INITIATOR_inst_0/FIC0_INITIATOR_0/SlvConvertor_loop[1].slvcnv/rgsl/genblk4.wrs/sDat[38]:CLK
  To:   FIC_0_PERIPHERALS_0/MSS_LSRAM_inst_0/COREAXI4SRAM_0/genblk1.genblk1.U_MSS_LSRAM_COREAXI4SRAM_0_CoreAXI4SRAM_MAINCTRL/genblk1.wdata_sc_r[28]:D
  Delay (ns):              0.164
  Slack (ns):              0.087
  Arrival (ns):            3.817
  Required (ns):           3.730
  Operating Conditions: fast_hv_lt

Path 66
  From: FIC_0_PERIPHERALS_0/DMA_INITIATOR_inst_0/DMA_INITIATOR_0/MstConvertor_loop[0].mstrconv/mstrDWC/genblk1.MstUpConv/DWC_UpConv_preCalcAChannel_aw_inst/MASTER_AADDR_out[30]:CLK
  To:   FIC_0_PERIPHERALS_0/DMA_INITIATOR_inst_0/DMA_INITIATOR_0/MstConvertor_loop[0].mstrconv/mstrDWC/genblk1.MstUpConv/DWC_AWChan/SLAVE_AADDR[30]:D
  Delay (ns):              0.161
  Slack (ns):              0.087
  Arrival (ns):            3.814
  Required (ns):           3.727
  Operating Conditions: fast_hv_lt

Path 67
  From: FIC_0_PERIPHERALS_0/DMA_INITIATOR_inst_0/DMA_INITIATOR_0/MstConvertor_loop[0].mstrconv/mstrDWC/genblk1.MstUpConv/DWC_UpConv_preCalcAChannel_aw_inst/MASTER_AADDR_out[16]:CLK
  To:   FIC_0_PERIPHERALS_0/DMA_INITIATOR_inst_0/DMA_INITIATOR_0/MstConvertor_loop[0].mstrconv/mstrDWC/genblk1.MstUpConv/DWC_AWChan/SLAVE_AADDR[16]:D
  Delay (ns):              0.161
  Slack (ns):              0.087
  Arrival (ns):            3.827
  Required (ns):           3.740
  Operating Conditions: fast_hv_lt

Path 68
  From: FIC_0_PERIPHERALS_0/DMA_INITIATOR_inst_0/DMA_INITIATOR_0/MstConvertor_loop[0].mstrconv/mstrDWC/genblk1.MstUpConv/DWC_UpConv_preCalcAChannel_ar_inst/MASTER_AADDR_out[13]:CLK
  To:   FIC_0_PERIPHERALS_0/DMA_INITIATOR_inst_0/DMA_INITIATOR_0/MstConvertor_loop[0].mstrconv/mstrDWC/genblk1.MstUpConv/DWC_ARChan/SLAVE_AADDR[13]:D
  Delay (ns):              0.161
  Slack (ns):              0.087
  Arrival (ns):            3.809
  Required (ns):           3.722
  Operating Conditions: fast_hv_lt

Path 69
  From: FIC_0_PERIPHERALS_0/DMA_INITIATOR_inst_0/DMA_INITIATOR_0/MstConvertor_loop[0].mstrconv/mstrDWC/genblk1.MstUpConv/DWC_ARChan/SLAVE_AADDR[31]:CLK
  To:   FIC_0_PERIPHERALS_0/DMA_INITIATOR_inst_0/DMA_INITIATOR_0/MstConvertor_loop[0].mstrconv/rgsl/genblk2.arrs/holdDat[62]:D
  Delay (ns):              0.155
  Slack (ns):              0.087
  Arrival (ns):            3.797
  Required (ns):           3.710
  Operating Conditions: fast_hv_lt

Path 70
  From: FIC_0_PERIPHERALS_0/DMA_INITIATOR_inst_0/DMA_INITIATOR_0/MstConvertor_loop[0].mstrconv/mstrDWC/genblk1.MstUpConv/DWC_ARChan/SLAVE_AADDR[14]:CLK
  To:   FIC_0_PERIPHERALS_0/DMA_INITIATOR_inst_0/DMA_INITIATOR_0/MstConvertor_loop[0].mstrconv/rgsl/genblk2.arrs/holdDat[45]:D
  Delay (ns):              0.164
  Slack (ns):              0.087
  Arrival (ns):            3.815
  Required (ns):           3.728
  Operating Conditions: fast_hv_lt

Path 71
  From: FIC_0_PERIPHERALS_0/DMA_CONTROLLER_inst_0/DMA_CONTROLLER_0/U_bufferDescriptors/currRdState[3]:CLK
  To:   FIC_0_PERIPHERALS_0/DMA_CONTROLLER_inst_0/DMA_CONTROLLER_0/U_bufferDescriptors/currRdState[6]:D
  Delay (ns):              0.161
  Slack (ns):              0.087
  Arrival (ns):            3.820
  Required (ns):           3.733
  Operating Conditions: fast_hv_lt

Path 72
  From: FIC_0_PERIPHERALS_0/DMA_CONTROLLER_inst_0/DMA_CONTROLLER_0/U_AXI4INITIATORDMACtrl/AWADDRReg[11]:CLK
  To:   FIC_0_PERIPHERALS_0/DMA_INITIATOR_inst_0/DMA_INITIATOR_0/MstConvertor_loop[0].mstrconv/mstrDWC/genblk1.MstUpConv/DWC_UpConv_preCalcAChannel_aw_inst/MASTER_AADDR_out[11]:D
  Delay (ns):              0.161
  Slack (ns):              0.087
  Arrival (ns):            3.804
  Required (ns):           3.717
  Operating Conditions: fast_hv_lt

Path 73
  From: FIC_0_PERIPHERALS_0/DMA_CONTROLLER_inst_0/DMA_CONTROLLER_0/U_AXI4INITIATORDMACtrl/ARADDRReg[19]:CLK
  To:   FIC_0_PERIPHERALS_0/DMA_INITIATOR_inst_0/DMA_INITIATOR_0/MstConvertor_loop[0].mstrconv/mstrDWC/genblk1.MstUpConv/DWC_UpConv_preCalcAChannel_ar_inst/MASTER_AADDR_out[19]:D
  Delay (ns):              0.161
  Slack (ns):              0.087
  Arrival (ns):            3.811
  Required (ns):           3.724
  Operating Conditions: fast_hv_lt

Path 74
  From: FIC_0_PERIPHERALS_0/DMA_CONTROLLER_inst_0/DMA_CONTROLLER_0/U_AXI4INITIATORDMACtrl/ARADDRReg[15]:CLK
  To:   FIC_0_PERIPHERALS_0/DMA_INITIATOR_inst_0/DMA_INITIATOR_0/MstConvertor_loop[0].mstrconv/mstrDWC/genblk1.MstUpConv/DWC_UpConv_preCalcAChannel_ar_inst/MASTER_AADDR_out[15]:D
  Delay (ns):              0.161
  Slack (ns):              0.087
  Arrival (ns):            3.814
  Required (ns):           3.727
  Operating Conditions: fast_hv_lt

Path 75
  From: CLOCKS_AND_RESETS_0/RESET_FIC_3_CLK/CORERESET_0/dff_6[0]:CLK
  To:   CLOCKS_AND_RESETS_0/RESET_FIC_3_CLK/CORERESET_0/dff_7[0]:D
  Delay (ns):              0.161
  Slack (ns):              0.087
  Arrival (ns):            4.209
  Required (ns):           4.122
  Operating Conditions: fast_hv_lt

Path 76
  From: CLOCKS_AND_RESETS_0/RESET_FIC_0_CLK/CORERESET_0/dff_7[0]:CLK
  To:   CLOCKS_AND_RESETS_0/RESET_FIC_0_CLK/CORERESET_0/dff_8[0]:D
  Delay (ns):              0.161
  Slack (ns):              0.087
  Arrival (ns):            3.828
  Required (ns):           3.741
  Operating Conditions: fast_hv_lt

Path 77
  From: CLOCKS_AND_RESETS_0/RESET_FIC_0_CLK/CORERESET_0/dff_3[0]:CLK
  To:   CLOCKS_AND_RESETS_0/RESET_FIC_0_CLK/CORERESET_0/dff_4[0]:D
  Delay (ns):              0.161
  Slack (ns):              0.087
  Arrival (ns):            3.828
  Required (ns):           3.741
  Operating Conditions: fast_hv_lt

Path 78
  From: FIC_3_PERIPHERALS_0/CoreUARTapb_C0_0/CoreUARTapb_C0_0/uUART/make_RX/rx_shift[2]:CLK
  To:   FIC_3_PERIPHERALS_0/CoreUARTapb_C0_0/CoreUARTapb_C0_0/uUART/make_RX/rx_shift[1]:D
  Delay (ns):              0.162
  Slack (ns):              0.088
  Arrival (ns):            4.228
  Required (ns):           4.140
  Operating Conditions: fast_hv_lt

Path 79
  From: FIC_0_PERIPHERALS_0/FIC0_INITIATOR_inst_0/FIC0_INITIATOR_0/axicb/cb.arcon/trgmx/slaveALEN[6]:CLK
  To:   FIC_0_PERIPHERALS_0/FIC0_INITIATOR_inst_0/FIC0_INITIATOR_0/axicb/cb.derr/readLen[6]:D
  Delay (ns):              0.162
  Slack (ns):              0.088
  Arrival (ns):            3.811
  Required (ns):           3.723
  Operating Conditions: fast_hv_lt

Path 80
  From: FIC_0_PERIPHERALS_0/FIC0_INITIATOR_inst_0/FIC0_INITIATOR_0/SlvConvertor_loop[0].slvcnv/slvdwc/genblk1.DownConverter_inst/readWidthConv/rdCmdFifoWriteCtrl/SLAVE_ABURST[1]:CLK
  To:   FIC_0_PERIPHERALS_0/FIC0_INITIATOR_inst_0/FIC0_INITIATOR_0/SlvConvertor_loop[0].slvcnv/slvProtConv/genblk1.u_AXILtePC/SlvPCRd/latARBURST[1]:D
  Delay (ns):              0.161
  Slack (ns):              0.088
  Arrival (ns):            3.802
  Required (ns):           3.714
  Operating Conditions: fast_hv_lt

Path 81
  From: FIC_0_PERIPHERALS_0/DMA_INITIATOR_inst_0/DMA_INITIATOR_0/MstConvertor_loop[0].mstrconv/mstrDWC/genblk1.MstUpConv/DWC_AWChan/SLAVE_AADDR[4]:CLK
  To:   FIC_0_PERIPHERALS_0/DMA_INITIATOR_inst_0/DMA_INITIATOR_0/MstConvertor_loop[0].mstrconv/rgsl/genblk1.awrs/holdDat[35]:D
  Delay (ns):              0.162
  Slack (ns):              0.088
  Arrival (ns):            3.829
  Required (ns):           3.741
  Operating Conditions: fast_hv_lt

Path 82
  From: FIC_0_PERIPHERALS_0/DMA_CONTROLLER_inst_0/DMA_CONTROLLER_0/U_bufferDescriptors/currRdState[9]:CLK
  To:   FIC_0_PERIPHERALS_0/DMA_CONTROLLER_inst_0/DMA_CONTROLLER_0/U_bufferDescriptors/currRdState[13]:D
  Delay (ns):              0.162
  Slack (ns):              0.088
  Arrival (ns):            3.820
  Required (ns):           3.732
  Operating Conditions: fast_hv_lt

Path 83
  From: FIC_3_PERIPHERALS_0/SPI_FOR_7_SEG_0/SPI_FOR_7_SEG_0/USPI/UCC/mtx_re_q1:CLK
  To:   FIC_3_PERIPHERALS_0/SPI_FOR_7_SEG_0/SPI_FOR_7_SEG_0/USPI/UCC/mtx_re_q2:D
  Delay (ns):              0.166
  Slack (ns):              0.089
  Arrival (ns):            4.229
  Required (ns):           4.140
  Operating Conditions: fast_hv_lt

Path 84
  From: FIC_3_PERIPHERALS_0/PWM/corepwm_C0_0/genblk3.corepwm_reg_if/psh_prescale_reg[27]:CLK
  To:   FIC_3_PERIPHERALS_0/PWM/corepwm_C0_0/genblk3.corepwm_reg_if/prescale_reg_Z[27]:D
  Delay (ns):              0.163
  Slack (ns):              0.089
  Arrival (ns):            4.232
  Required (ns):           4.143
  Operating Conditions: fast_hv_lt

Path 85
  From: FIC_3_PERIPHERALS_0/CoreUARTapb_C0_0/CoreUARTapb_C0_0/uUART/make_RX/samples_2[0]:CLK
  To:   FIC_3_PERIPHERALS_0/CoreUARTapb_C0_0/CoreUARTapb_C0_0/uUART/make_RX/samples_1[0]:D
  Delay (ns):              0.166
  Slack (ns):              0.089
  Arrival (ns):            4.219
  Required (ns):           4.130
  Operating Conditions: fast_hv_lt

Path 86
  From: FIC_0_PERIPHERALS_0/FIC0_INITIATOR_inst_0/FIC0_INITIATOR_0/SlvConvertor_loop[1].slvcnv/rgsl/genblk4.wrs/sDat[26]:CLK
  To:   FIC_0_PERIPHERALS_0/MSS_LSRAM_inst_0/COREAXI4SRAM_0/genblk1.genblk1.U_MSS_LSRAM_COREAXI4SRAM_0_CoreAXI4SRAM_MAINCTRL/genblk1.wdata_sc_r[16]:D
  Delay (ns):              0.163
  Slack (ns):              0.089
  Arrival (ns):            3.803
  Required (ns):           3.714
  Operating Conditions: fast_hv_lt

Path 87
  From: FIC_0_PERIPHERALS_0/FIC0_INITIATOR_inst_0/FIC0_INITIATOR_0/SlvConvertor_loop[0].slvcnv/rgsl/genblk4.wrs/sDat[58]:CLK
  To:   FIC_0_PERIPHERALS_0/FIC0_INITIATOR_inst_0/FIC0_INITIATOR_0/SlvConvertor_loop[0].slvcnv/slvdwc/genblk1.DownConverter_inst/writeWidthConv/widthConvwr/MASTER_WDATA_reg[48]:D
  Delay (ns):              0.163
  Slack (ns):              0.089
  Arrival (ns):            3.797
  Required (ns):           3.708
  Operating Conditions: fast_hv_lt

Path 88
  From: FIC_0_PERIPHERALS_0/FIC0_INITIATOR_inst_0/FIC0_INITIATOR_0/MstConvertor_loop[0].mstrconv/rgsl/genblk1.awrs/sDat[76]:CLK
  To:   FIC_0_PERIPHERALS_0/FIC0_INITIATOR_inst_0/FIC0_INITIATOR_0/axicb/cb.awcon/mstctrlBlk[0].mstctrl/trnscon/genblk3[3].openTransVec[3][13]:D
  Delay (ns):              0.163
  Slack (ns):              0.089
  Arrival (ns):            3.803
  Required (ns):           3.714
  Operating Conditions: fast_hv_lt

Path 89
  From: FIC_0_PERIPHERALS_0/DMA_INITIATOR_inst_0/DMA_INITIATOR_0/arst_aclk_sync/sysReset_f1:CLK
  To:   FIC_0_PERIPHERALS_0/DMA_INITIATOR_inst_0/DMA_INITIATOR_0/arst_aclk_sync/sysReset:D
  Delay (ns):              0.163
  Slack (ns):              0.089
  Arrival (ns):            3.787
  Required (ns):           3.698
  Operating Conditions: fast_hv_lt

Path 90
  From: FIC_0_PERIPHERALS_0/DMA_INITIATOR_inst_0/DMA_INITIATOR_0/SlvConvertor_loop[0].slvcnv/rgsl/genblk3.rrs/sDat[22]:CLK
  To:   FIC_0_PERIPHERALS_0/DMA_INITIATOR_inst_0/DMA_INITIATOR_0/MstConvertor_loop[0].mstrconv/rgsl/genblk3.rrs/holdDat[22]:D
  Delay (ns):              0.163
  Slack (ns):              0.089
  Arrival (ns):            3.811
  Required (ns):           3.722
  Operating Conditions: fast_hv_lt

Path 91
  From: FIC_0_PERIPHERALS_0/DMA_INITIATOR_inst_0/DMA_INITIATOR_0/MstConvertor_loop[0].mstrconv/mstrDWC/genblk1.MstUpConv/DWC_UpConv_preCalcAChannel_ar_inst/MASTER_AADDR_out[22]:CLK
  To:   FIC_0_PERIPHERALS_0/DMA_INITIATOR_inst_0/DMA_INITIATOR_0/MstConvertor_loop[0].mstrconv/mstrDWC/genblk1.MstUpConv/DWC_ARChan/SLAVE_AADDR[22]:D
  Delay (ns):              0.163
  Slack (ns):              0.089
  Arrival (ns):            3.811
  Required (ns):           3.722
  Operating Conditions: fast_hv_lt

Path 92
  From: FIC_0_PERIPHERALS_0/DMA_CONTROLLER_inst_0/DMA_CONTROLLER_0/U_AXI4INITIATORDMACtrl/ARVALIDReg:CLK
  To:   FIC_0_PERIPHERALS_0/DMA_INITIATOR_inst_0/DMA_INITIATOR_0/MstConvertor_loop[0].mstrconv/mstrDWC/genblk1.MstUpConv/DWC_UpConv_preCalcAChannel_ar_inst/DWC_DownConv_Calc_Hold_Reg_Ctrl/hold_data_valid:D
  Delay (ns):              0.162
  Slack (ns):              0.089
  Arrival (ns):            3.815
  Required (ns):           3.726
  Operating Conditions: fast_hv_lt

Path 93
  From: CLOCKS_AND_RESETS_0/RESET_FIC_3_CLK/CORERESET_0/dff_2[0]:CLK
  To:   CLOCKS_AND_RESETS_0/RESET_FIC_3_CLK/CORERESET_0/dff_3[0]:D
  Delay (ns):              0.163
  Slack (ns):              0.089
  Arrival (ns):            4.211
  Required (ns):           4.122
  Operating Conditions: fast_hv_lt

Path 94
  From: CLOCKS_AND_RESETS_0/RESET_FIC_0_CLK/CORERESET_0/dff_1[0]:CLK
  To:   CLOCKS_AND_RESETS_0/RESET_FIC_0_CLK/CORERESET_0/dff_2[0]:D
  Delay (ns):              0.163
  Slack (ns):              0.089
  Arrival (ns):            3.830
  Required (ns):           3.741
  Operating Conditions: fast_hv_lt

Path 95
  From: FIC_0_PERIPHERALS_0/FIC0_INITIATOR_inst_0/FIC0_INITIATOR_0/arst_aclk_sync/sysReset_f1:CLK
  To:   FIC_0_PERIPHERALS_0/FIC0_INITIATOR_inst_0/FIC0_INITIATOR_0/arst_aclk_sync/sysReset:D
  Delay (ns):              0.164
  Slack (ns):              0.090
  Arrival (ns):            3.788
  Required (ns):           3.698
  Operating Conditions: fast_hv_lt

Path 96
  From: FIC_0_PERIPHERALS_0/FIC0_INITIATOR_inst_0/FIC0_INITIATOR_0/SlvConvertor_loop[1].slvcnv/rgsl/genblk4.wrs/sDat[11]:CLK
  To:   FIC_0_PERIPHERALS_0/MSS_LSRAM_inst_0/COREAXI4SRAM_0/genblk1.genblk1.U_MSS_LSRAM_COREAXI4SRAM_0_CoreAXI4SRAM_MAINCTRL/genblk1.wdata_sc_r[1]:D
  Delay (ns):              0.164
  Slack (ns):              0.090
  Arrival (ns):            3.798
  Required (ns):           3.708
  Operating Conditions: fast_hv_lt

Path 97
  From: FIC_0_PERIPHERALS_0/DMA_INITIATOR_inst_0/DMA_INITIATOR_0/MstConvertor_loop[0].mstrconv/mstrDWC/genblk1.MstUpConv/DWC_UpConv_preCalcAChannel_aw_inst/MASTER_AADDR_out[27]:CLK
  To:   FIC_0_PERIPHERALS_0/DMA_INITIATOR_inst_0/DMA_INITIATOR_0/MstConvertor_loop[0].mstrconv/mstrDWC/genblk1.MstUpConv/DWC_AWChan/SLAVE_AADDR[27]:D
  Delay (ns):              0.164
  Slack (ns):              0.090
  Arrival (ns):            3.817
  Required (ns):           3.727
  Operating Conditions: fast_hv_lt

Path 98
  From: FIC_0_PERIPHERALS_0/DMA_CONTROLLER_inst_0/DMA_CONTROLLER_0/U_AXI4INITIATORDMACtrl/ARADDRReg[21]:CLK
  To:   FIC_0_PERIPHERALS_0/DMA_INITIATOR_inst_0/DMA_INITIATOR_0/MstConvertor_loop[0].mstrconv/mstrDWC/genblk1.MstUpConv/DWC_UpConv_preCalcAChannel_ar_inst/MASTER_AADDR_out[21]:D
  Delay (ns):              0.164
  Slack (ns):              0.090
  Arrival (ns):            3.814
  Required (ns):           3.724
  Operating Conditions: fast_hv_lt

Path 99
  From: CLOCKS_AND_RESETS_0/RESET_FIC_0_CLK/CORERESET_0/dff_6[0]:CLK
  To:   CLOCKS_AND_RESETS_0/RESET_FIC_0_CLK/CORERESET_0/dff_7[0]:D
  Delay (ns):              0.164
  Slack (ns):              0.090
  Arrival (ns):            3.831
  Required (ns):           3.741
  Operating Conditions: fast_hv_lt

Path 100
  From: CLOCKS_AND_RESETS_0/RESET_FIC_3_CLK/CORERESET_0/dff_14[0]:CLK
  To:   CLOCKS_AND_RESETS_0/RESET_FIC_3_CLK/CORERESET_0/dff_15_rep[0]:D
  Delay (ns):              0.165
  Slack (ns):              0.091
  Arrival (ns):            4.220
  Required (ns):           4.129
  Operating Conditions: fast_hv_lt

