Timing Violation Report Min Delay Analysis

SmartTime Version 2025.2
Microchip Technology Inc. - Microchip Libero Software Release 2025.2 (Version 2025.2.0.14)
Date: Sun Apr  5 03:11:12 2026


Design: MPFS_DISCOVERY_KIT
Family: PolarFireSoC
Die: MPFS095T
Package: FCSG325
Temperature Range: 0 - 100 C
Voltage Range: 0.97 - 1.03 V
Speed Grade: -1
Design State: Post-Layout
Data source: Production
Multi Corner Report Operating Conditions: slow_lv_lt,fast_hv_lt,slow_lv_ht


Path 1
  From: FIC_3_PERIPHERALS_0/PWM/corepwm_C0_0/genblk3.corepwm_reg_if/psh_period_reg[9]:CLK
  To:   FIC_3_PERIPHERALS_0/PWM/corepwm_C0_0/genblk3.corepwm_reg_if/period_reg_Z[9]:D
  Delay (ns):              0.300
  Slack (ns):              0.052
  Arrival (ns):            6.152
  Required (ns):           6.100
  Operating Conditions: slow_lv_lt

Path 2
  From: FIC_3_PERIPHERALS_0/PWM/corepwm_C0_0/genblk3.corepwm_reg_if/psh_prescale_reg[31]:CLK
  To:   FIC_3_PERIPHERALS_0/PWM/corepwm_C0_0/genblk3.corepwm_reg_if/prescale_reg_Z[31]:D
  Delay (ns):              0.144
  Slack (ns):              0.066
  Arrival (ns):            4.220
  Required (ns):           4.154
  Operating Conditions: fast_hv_lt

Path 3
  From: CLOCKS_AND_RESETS_0/RESET_FIC_0_CLK/CORERESET_0/dff_7[0]:CLK
  To:   CLOCKS_AND_RESETS_0/RESET_FIC_0_CLK/CORERESET_0/dff_8[0]:D
  Delay (ns):              0.144
  Slack (ns):              0.066
  Arrival (ns):            3.800
  Required (ns):           3.734
  Operating Conditions: fast_hv_lt

Path 4
  From: FIC_3_PERIPHERALS_0/SPI_FOR_7_SEG_0/SPI_FOR_7_SEG_0/USPI/UCC/SYNC1_msrxp_pktsel:CLK
  To:   FIC_3_PERIPHERALS_0/SPI_FOR_7_SEG_0/SPI_FOR_7_SEG_0/USPI/UCC/SYNC2_msrxp_pktsel:D
  Delay (ns):              0.144
  Slack (ns):              0.067
  Arrival (ns):            4.214
  Required (ns):           4.147
  Operating Conditions: fast_hv_lt

Path 5
  From: FIC_3_PERIPHERALS_0/PWM/corepwm_C0_0/genblk3.corepwm_reg_if/psh_period_reg[2]:CLK
  To:   FIC_3_PERIPHERALS_0/PWM/corepwm_C0_0/genblk3.corepwm_reg_if/period_reg_Z[2]:D
  Delay (ns):              0.144
  Slack (ns):              0.067
  Arrival (ns):            4.214
  Required (ns):           4.147
  Operating Conditions: fast_hv_lt

Path 6
  From: FIC_0_PERIPHERALS_0/security_core_0/sbox/y_lo_r1[0][0]:CLK
  To:   FIC_0_PERIPHERALS_0/security_core_0/sbox/y_lo_r2[0][0]:D
  Delay (ns):              0.144
  Slack (ns):              0.067
  Arrival (ns):            3.798
  Required (ns):           3.731
  Operating Conditions: fast_hv_lt

Path 7
  From: FIC_0_PERIPHERALS_0/security_core_0/sbox/y_hi_r3[0][1]:CLK
  To:   FIC_0_PERIPHERALS_0/security_core_0/sbox/y_hi_r4[0][1]:D
  Delay (ns):              0.144
  Slack (ns):              0.067
  Arrival (ns):            3.804
  Required (ns):           3.737
  Operating Conditions: fast_hv_lt

Path 8
  From: FIC_0_PERIPHERALS_0/DMA_INITIATOR_inst_0/DMA_INITIATOR_0/MstConvertor_loop[0].mstrconv/mstrDWC/genblk1.MstUpConv/DWC_UpConv_preCalcAChannel_aw_inst/MASTER_AADDR_out[8]:CLK
  To:   FIC_0_PERIPHERALS_0/DMA_INITIATOR_inst_0/DMA_INITIATOR_0/MstConvertor_loop[0].mstrconv/mstrDWC/genblk1.MstUpConv/DWC_AWChan/SLAVE_AADDR[8]:D
  Delay (ns):              0.144
  Slack (ns):              0.067
  Arrival (ns):            3.796
  Required (ns):           3.729
  Operating Conditions: fast_hv_lt

Path 9
  From: CLOCKS_AND_RESETS_0/RESET_FIC_0_CLK/CORERESET_0/dff_1[0]:CLK
  To:   CLOCKS_AND_RESETS_0/RESET_FIC_0_CLK/CORERESET_0/dff_2[0]:D
  Delay (ns):              0.144
  Slack (ns):              0.067
  Arrival (ns):            3.801
  Required (ns):           3.734
  Operating Conditions: fast_hv_lt

Path 10
  From: FIC_0_PERIPHERALS_0/security_core_0/sbox/y_lo_r2[1][0]:CLK
  To:   FIC_0_PERIPHERALS_0/security_core_0/sbox/y_lo_r3[1][0]:D
  Delay (ns):              0.145
  Slack (ns):              0.068
  Arrival (ns):            3.786
  Required (ns):           3.718
  Operating Conditions: fast_hv_lt

Path 11
  From: FIC_3_PERIPHERALS_0/SPI_FOR_7_SEG_0/SPI_FOR_7_SEG_0/USPI/UCC/txfifo_davailable:CLK
  To:   FIC_3_PERIPHERALS_0/SPI_FOR_7_SEG_0/SPI_FOR_7_SEG_0/USPI/UCC/stxs_txready_at_ssel:D
  Delay (ns):              0.318
  Slack (ns):              0.069
  Arrival (ns):            6.176
  Required (ns):           6.107
  Operating Conditions: slow_lv_lt

Path 12
  From: FIC_0_PERIPHERALS_0/security_core_0/hash_block_9[14]:CLK
  To:   FIC_0_PERIPHERALS_0/security_core_0/hash_block_10[14]:D
  Delay (ns):              0.146
  Slack (ns):              0.069
  Arrival (ns):            3.806
  Required (ns):           3.737
  Operating Conditions: fast_hv_lt

Path 13
  From: FIC_0_PERIPHERALS_0/security_core_0/sbox/y_r[1][0]:CLK
  To:   FIC_0_PERIPHERALS_0/security_core_0/sbox/y_lo_r0[1][0]:D
  Delay (ns):              0.147
  Slack (ns):              0.070
  Arrival (ns):            3.788
  Required (ns):           3.718
  Operating Conditions: fast_hv_lt

Path 14
  From: FIC_0_PERIPHERALS_0/security_core_0/hash_block_8[8]:CLK
  To:   FIC_0_PERIPHERALS_0/security_core_0/hash_block_9[8]:D
  Delay (ns):              0.148
  Slack (ns):              0.070
  Arrival (ns):            3.811
  Required (ns):           3.741
  Operating Conditions: fast_hv_lt

Path 15
  From: FIC_0_PERIPHERALS_0/security_core_0/hash_block_8[22]:CLK
  To:   FIC_0_PERIPHERALS_0/security_core_0/hash_block_9[22]:D
  Delay (ns):              0.148
  Slack (ns):              0.070
  Arrival (ns):            3.806
  Required (ns):           3.736
  Operating Conditions: fast_hv_lt

Path 16
  From: FIC_0_PERIPHERALS_0/security_core_0/hash_block_1[23]:CLK
  To:   FIC_0_PERIPHERALS_0/security_core_0/hash_block_2[23]:D
  Delay (ns):              0.147
  Slack (ns):              0.070
  Arrival (ns):            3.832
  Required (ns):           3.762
  Operating Conditions: fast_hv_lt

Path 17
  From: CLOCKS_AND_RESETS_0/RESET_FIC_3_CLK/CORERESET_0/dff_12[0]:CLK
  To:   CLOCKS_AND_RESETS_0/RESET_FIC_3_CLK/CORERESET_0/dff_13[0]:D
  Delay (ns):              0.218
  Slack (ns):              0.070
  Arrival (ns):            6.100
  Required (ns):           6.030
  Operating Conditions: slow_lv_lt

Path 18
  From: FIC_0_PERIPHERALS_0/security_core_0/rng/trng_acc_0/seed_o_2[2]:CLK
  To:   FIC_0_PERIPHERALS_0/security_core_0/rng/trng_acc_0/seed_o_3[2]:D
  Delay (ns):              0.148
  Slack (ns):              0.071
  Arrival (ns):            3.804
  Required (ns):           3.733
  Operating Conditions: fast_hv_lt

Path 19
  From: FIC_0_PERIPHERALS_0/security_core_0/hash_block_5[30]:CLK
  To:   FIC_0_PERIPHERALS_0/security_core_0/hash_block_6[30]:D
  Delay (ns):              0.148
  Slack (ns):              0.071
  Arrival (ns):            3.807
  Required (ns):           3.736
  Operating Conditions: fast_hv_lt

Path 20
  From: FIC_0_PERIPHERALS_0/security_core_0/hash_block_2[4]:CLK
  To:   FIC_0_PERIPHERALS_0/security_core_0/hash_block_3[4]:D
  Delay (ns):              0.148
  Slack (ns):              0.071
  Arrival (ns):            3.802
  Required (ns):           3.731
  Operating Conditions: fast_hv_lt

Path 21
  From: FIC_0_PERIPHERALS_0/security_core_0/hash_block_12[7]:CLK
  To:   FIC_0_PERIPHERALS_0/security_core_0/hash_block_13[7]:D
  Delay (ns):              0.148
  Slack (ns):              0.071
  Arrival (ns):            3.804
  Required (ns):           3.733
  Operating Conditions: fast_hv_lt

Path 22
  From: FIC_0_PERIPHERALS_0/security_core_0/hash_block_10[3]:CLK
  To:   FIC_0_PERIPHERALS_0/security_core_0/hash_core/buffer[323]:D
  Delay (ns):              0.148
  Slack (ns):              0.071
  Arrival (ns):            3.829
  Required (ns):           3.758
  Operating Conditions: fast_hv_lt

Path 23
  From: FIC_0_PERIPHERALS_0/security_core_0/hash_block_10[26]:CLK
  To:   FIC_0_PERIPHERALS_0/security_core_0/hash_block_11[26]:D
  Delay (ns):              0.148
  Slack (ns):              0.071
  Arrival (ns):            3.825
  Required (ns):           3.754
  Operating Conditions: fast_hv_lt

Path 24
  From: FIC_0_PERIPHERALS_0/security_core_0/rng/neoTRNG_0/entropy_cell_gen.0.neoTRNG_cell_inst/sreg_2[0]:CLK
  To:   FIC_0_PERIPHERALS_0/security_core_0/rng/neoTRNG_0/entropy_cell_gen.0.neoTRNG_cell_inst/sreg_3[0]:D
  Delay (ns):              0.149
  Slack (ns):              0.072
  Arrival (ns):            3.786
  Required (ns):           3.714
  Operating Conditions: fast_hv_lt

Path 25
  From: FIC_0_PERIPHERALS_0/security_core_0/hash_block_3[7]:CLK
  To:   FIC_0_PERIPHERALS_0/security_core_0/hash_block_4[7]:D
  Delay (ns):              0.150
  Slack (ns):              0.072
  Arrival (ns):            3.809
  Required (ns):           3.737
  Operating Conditions: fast_hv_lt

Path 26
  From: FIC_0_PERIPHERALS_0/security_core_0/hash_block_1[8]:CLK
  To:   FIC_0_PERIPHERALS_0/security_core_0/hash_block_2[8]:D
  Delay (ns):              0.149
  Slack (ns):              0.072
  Arrival (ns):            3.811
  Required (ns):           3.739
  Operating Conditions: fast_hv_lt

Path 27
  From: FIC_0_PERIPHERALS_0/FIC0_INITIATOR_inst_0/FIC0_INITIATOR_0/SlvConvertor_loop[0].slvcnv/slvdwc/genblk1.DownConverter_inst/writeWidthConv/caxi4interconnect_DWC_DownConv_Hold_Reg_Wr/DWC_DownConv_hold_data_out[0]:CLK
  To:   FIC_0_PERIPHERALS_0/FIC0_INITIATOR_inst_0/FIC0_INITIATOR_0/SlvConvertor_loop[0].slvcnv/slvdwc/genblk1.DownConverter_inst/writeWidthConv/widthConvwr/lastTx_reg:D
  Delay (ns):              0.149
  Slack (ns):              0.072
  Arrival (ns):            3.815
  Required (ns):           3.743
  Operating Conditions: fast_hv_lt

Path 28
  From: FIC_0_PERIPHERALS_0/security_core_0/sbox/y_hi_r3[2][2]:CLK
  To:   FIC_0_PERIPHERALS_0/security_core_0/sbox/y_hi_r4[2][2]:D
  Delay (ns):              0.222
  Slack (ns):              0.073
  Arrival (ns):            5.478
  Required (ns):           5.405
  Operating Conditions: slow_lv_lt

Path 29
  From: FIC_0_PERIPHERALS_0/security_core_0/hash_block_7[7]:CLK
  To:   FIC_0_PERIPHERALS_0/security_core_0/hash_block_8[7]:D
  Delay (ns):              0.150
  Slack (ns):              0.073
  Arrival (ns):            3.810
  Required (ns):           3.737
  Operating Conditions: fast_hv_lt

Path 30
  From: FIC_0_PERIPHERALS_0/security_core_0/hash_block_11[14]:CLK
  To:   FIC_0_PERIPHERALS_0/security_core_0/hash_block_12[14]:D
  Delay (ns):              0.150
  Slack (ns):              0.073
  Arrival (ns):            3.810
  Required (ns):           3.737
  Operating Conditions: fast_hv_lt

Path 31
  From: FIC_0_PERIPHERALS_0/FIC0_INITIATOR_inst_0/FIC0_INITIATOR_0/SlvConvertor_loop[0].slvcnv/slvdwc/genblk1.DownConverter_inst/readWidthConv/rdCmdFifoWriteCtrl/SLAVE_ABURST[1]:CLK
  To:   FIC_0_PERIPHERALS_0/FIC0_INITIATOR_inst_0/FIC0_INITIATOR_0/SlvConvertor_loop[0].slvcnv/slvProtConv/genblk1.u_AXILtePC/SlvPCRd/latARBURST[1]:D
  Delay (ns):              0.150
  Slack (ns):              0.073
  Arrival (ns):            3.821
  Required (ns):           3.748
  Operating Conditions: fast_hv_lt

Path 32
  From: FIC_0_PERIPHERALS_0/DMA_CONTROLLER_inst_0/DMA_CONTROLLER_0/U_AXI4INITIATORDMACtrl/AWADDRReg[19]:CLK
  To:   FIC_0_PERIPHERALS_0/DMA_INITIATOR_inst_0/DMA_INITIATOR_0/MstConvertor_loop[0].mstrconv/mstrDWC/genblk1.MstUpConv/DWC_UpConv_preCalcAChannel_aw_inst/MASTER_AADDR_out[19]:D
  Delay (ns):              0.151
  Slack (ns):              0.073
  Arrival (ns):            3.805
  Required (ns):           3.732
  Operating Conditions: fast_hv_lt

Path 33
  From: FIC_0_PERIPHERALS_0/security_core_0/rng/neoTRNG_0/entropy_cell_gen.1.neoTRNG_cell_inst/sreg_1[0]:CLK
  To:   FIC_0_PERIPHERALS_0/security_core_0/rng/neoTRNG_0/entropy_cell_gen.1.neoTRNG_cell_inst/sreg_2[0]:D
  Delay (ns):              0.151
  Slack (ns):              0.074
  Arrival (ns):            3.788
  Required (ns):           3.714
  Operating Conditions: fast_hv_lt

Path 34
  From: FIC_0_PERIPHERALS_0/security_core_0/hash_block_8[14]:CLK
  To:   FIC_0_PERIPHERALS_0/security_core_0/hash_block_9[14]:D
  Delay (ns):              0.151
  Slack (ns):              0.074
  Arrival (ns):            3.811
  Required (ns):           3.737
  Operating Conditions: fast_hv_lt

Path 35
  From: FIC_0_PERIPHERALS_0/FIC0_INITIATOR_inst_0/FIC0_INITIATOR_0/SlvConvertor_loop[1].slvcnv/rgsl/genblk4.wrs/sDat[25]:CLK
  To:   FIC_0_PERIPHERALS_0/MSS_LSRAM_inst_0/COREAXI4SRAM_0/genblk1.genblk1.U_MSS_LSRAM_COREAXI4SRAM_0_CoreAXI4SRAM_MAINCTRL/genblk1.wdata_sc_r[15]:D
  Delay (ns):              0.151
  Slack (ns):              0.074
  Arrival (ns):            3.834
  Required (ns):           3.760
  Operating Conditions: fast_hv_lt

Path 36
  From: FIC_0_PERIPHERALS_0/DMA_INITIATOR_inst_0/DMA_INITIATOR_0/MstConvertor_loop[0].mstrconv/mstrDWC/genblk1.MstUpConv/DWC_ARChan/SLAVE_AADDR[19]:CLK
  To:   FIC_0_PERIPHERALS_0/DMA_INITIATOR_inst_0/DMA_INITIATOR_0/MstConvertor_loop[0].mstrconv/rgsl/genblk2.arrs/holdDat[50]:D
  Delay (ns):              0.150
  Slack (ns):              0.074
  Arrival (ns):            3.806
  Required (ns):           3.732
  Operating Conditions: fast_hv_lt

Path 37
  From: CLOCKS_AND_RESETS_0/RESET_FIC_0_CLK/CORERESET_0/dff_9[0]:CLK
  To:   CLOCKS_AND_RESETS_0/RESET_FIC_0_CLK/CORERESET_0/dff_10[0]:D
  Delay (ns):              0.151
  Slack (ns):              0.074
  Arrival (ns):            3.808
  Required (ns):           3.734
  Operating Conditions: fast_hv_lt

Path 38
  From: CLOCKS_AND_RESETS_0/RESET_FIC_0_CLK/CORERESET_0/dff_2[0]:CLK
  To:   CLOCKS_AND_RESETS_0/RESET_FIC_0_CLK/CORERESET_0/dff_3[0]:D
  Delay (ns):              0.152
  Slack (ns):              0.074
  Arrival (ns):            3.808
  Required (ns):           3.734
  Operating Conditions: fast_hv_lt

Path 39
  From: FIC_0_PERIPHERALS_0/security_core_0/sbox/y_lo_r3[1][3]:CLK
  To:   FIC_0_PERIPHERALS_0/security_core_0/sbox/y_lo_r4[1][3]:D
  Delay (ns):              0.149
  Slack (ns):              0.075
  Arrival (ns):            3.795
  Required (ns):           3.720
  Operating Conditions: fast_hv_lt

Path 40
  From: FIC_0_PERIPHERALS_0/security_core_0/rng/trng_acc_0/seed_o_6[7]:CLK
  To:   FIC_0_PERIPHERALS_0/security_core_0/rng/trng_acc_0/seed_o_7[7]:D
  Delay (ns):              0.152
  Slack (ns):              0.075
  Arrival (ns):            3.807
  Required (ns):           3.732
  Operating Conditions: fast_hv_lt

Path 41
  From: FIC_0_PERIPHERALS_0/security_core_0/rng/trng_acc_0/seed_o_2[1]:CLK
  To:   FIC_0_PERIPHERALS_0/security_core_0/rng/trng_acc_0/seed_o_3[1]:D
  Delay (ns):              0.149
  Slack (ns):              0.075
  Arrival (ns):            3.799
  Required (ns):           3.724
  Operating Conditions: fast_hv_lt

Path 42
  From: FIC_0_PERIPHERALS_0/security_core_0/hash_block_9[12]:CLK
  To:   FIC_0_PERIPHERALS_0/security_core_0/hash_block_10[12]:D
  Delay (ns):              0.153
  Slack (ns):              0.075
  Arrival (ns):            3.808
  Required (ns):           3.733
  Operating Conditions: fast_hv_lt

Path 43
  From: FIC_0_PERIPHERALS_0/security_core_0/hash_block_5[6]:CLK
  To:   FIC_0_PERIPHERALS_0/security_core_0/hash_core/buffer[166]:D
  Delay (ns):              0.152
  Slack (ns):              0.075
  Arrival (ns):            3.812
  Required (ns):           3.737
  Operating Conditions: fast_hv_lt

Path 44
  From: FIC_0_PERIPHERALS_0/FIC0_INITIATOR_inst_0/FIC0_INITIATOR_0/SlvConvertor_loop[1].slvcnv/rgsl/genblk4.wrs/sDat[13]:CLK
  To:   FIC_0_PERIPHERALS_0/MSS_LSRAM_inst_0/COREAXI4SRAM_0/genblk1.genblk1.U_MSS_LSRAM_COREAXI4SRAM_0_CoreAXI4SRAM_MAINCTRL/genblk1.wdata_sc_r[3]:D
  Delay (ns):              0.152
  Slack (ns):              0.075
  Arrival (ns):            3.835
  Required (ns):           3.760
  Operating Conditions: fast_hv_lt

Path 45
  From: FIC_0_PERIPHERALS_0/security_core_0/sbox/y_hi_r3[0][2]:CLK
  To:   FIC_0_PERIPHERALS_0/security_core_0/sbox/y_hi_r4[0][2]:D
  Delay (ns):              0.153
  Slack (ns):              0.076
  Arrival (ns):            3.813
  Required (ns):           3.737
  Operating Conditions: fast_hv_lt

Path 46
  From: FIC_0_PERIPHERALS_0/security_core_0/sbox/y_hi_r0[2][2]:CLK
  To:   FIC_0_PERIPHERALS_0/security_core_0/sbox/y_hi_r1[2][2]:D
  Delay (ns):              0.149
  Slack (ns):              0.076
  Arrival (ns):            3.787
  Required (ns):           3.711
  Operating Conditions: fast_hv_lt

Path 47
  From: FIC_0_PERIPHERALS_0/security_core_0/sbox/y_hi_r0[1][3]:CLK
  To:   FIC_0_PERIPHERALS_0/security_core_0/sbox/y_hi_r1[1][3]:D
  Delay (ns):              0.153
  Slack (ns):              0.076
  Arrival (ns):            3.813
  Required (ns):           3.737
  Operating Conditions: fast_hv_lt

Path 48
  From: FIC_0_PERIPHERALS_0/security_core_0/rng/trng_acc_0/seed_o_4[3]:CLK
  To:   FIC_0_PERIPHERALS_0/security_core_0/rng/trng_acc_0/seed_o_5[3]:D
  Delay (ns):              0.149
  Slack (ns):              0.076
  Arrival (ns):            3.801
  Required (ns):           3.725
  Operating Conditions: fast_hv_lt

Path 49
  From: FIC_0_PERIPHERALS_0/security_core_0/hash_block_1[8]:CLK
  To:   FIC_0_PERIPHERALS_0/security_core_0/hash_core/buffer[40]:D
  Delay (ns):              0.153
  Slack (ns):              0.076
  Arrival (ns):            3.815
  Required (ns):           3.739
  Operating Conditions: fast_hv_lt

Path 50
  From: FIC_0_PERIPHERALS_0/security_core_0/hash_block_13[3]:CLK
  To:   FIC_0_PERIPHERALS_0/security_core_0/hash_block_14[3]:D
  Delay (ns):              0.153
  Slack (ns):              0.076
  Arrival (ns):            3.834
  Required (ns):           3.758
  Operating Conditions: fast_hv_lt

Path 51
  From: FIC_0_PERIPHERALS_0/DMA_INITIATOR_inst_0/DMA_INITIATOR_0/SlvConvertor_loop[0].slvcnv/rgsl/genblk3.rrs/sDat[36]:CLK
  To:   FIC_0_PERIPHERALS_0/DMA_INITIATOR_inst_0/DMA_INITIATOR_0/MstConvertor_loop[0].mstrconv/rgsl/genblk3.rrs/holdDat[36]:D
  Delay (ns):              0.154
  Slack (ns):              0.076
  Arrival (ns):            3.811
  Required (ns):           3.735
  Operating Conditions: fast_hv_lt

Path 52
  From: FIC_0_PERIPHERALS_0/DMA_INITIATOR_inst_0/DMA_INITIATOR_0/MstConvertor_loop[0].mstrconv/mstrDWC/genblk1.MstUpConv/DWC_ARChan/SLAVE_AADDR[6]:CLK
  To:   FIC_0_PERIPHERALS_0/DMA_INITIATOR_inst_0/DMA_INITIATOR_0/MstConvertor_loop[0].mstrconv/rgsl/genblk2.arrs/holdDat[37]:D
  Delay (ns):              0.150
  Slack (ns):              0.076
  Arrival (ns):            3.796
  Required (ns):           3.720
  Operating Conditions: fast_hv_lt

Path 53
  From: FIC_0_PERIPHERALS_0/DMA_INITIATOR_inst_0/DMA_INITIATOR_0/MstConvertor_loop[0].mstrconv/mstrDWC/genblk1.MstUpConv/DWC_ARChan/SLAVE_AADDR[15]:CLK
  To:   FIC_0_PERIPHERALS_0/DMA_INITIATOR_inst_0/DMA_INITIATOR_0/MstConvertor_loop[0].mstrconv/rgsl/genblk2.arrs/holdDat[46]:D
  Delay (ns):              0.153
  Slack (ns):              0.076
  Arrival (ns):            3.809
  Required (ns):           3.733
  Operating Conditions: fast_hv_lt

Path 54
  From: FIC_0_PERIPHERALS_0/security_core_0/rng/trng_acc_0/seed_o_5[5]:CLK
  To:   FIC_0_PERIPHERALS_0/security_core_0/rng/trng_acc_0/seed_o_6[5]:D
  Delay (ns):              0.151
  Slack (ns):              0.077
  Arrival (ns):            3.813
  Required (ns):           3.736
  Operating Conditions: fast_hv_lt

Path 55
  From: FIC_0_PERIPHERALS_0/security_core_0/rng/neoTRNG_0/entropy_cell_gen.0.neoTRNG_cell_inst/sreg_3[0]:CLK
  To:   FIC_0_PERIPHERALS_0/security_core_0/rng/neoTRNG_0/entropy_cell_gen.0.neoTRNG_cell_inst/sreg_4[0]:D
  Delay (ns):              0.154
  Slack (ns):              0.077
  Arrival (ns):            3.791
  Required (ns):           3.714
  Operating Conditions: fast_hv_lt

Path 56
  From: FIC_0_PERIPHERALS_0/security_core_0/hash_block_7[16]:CLK
  To:   FIC_0_PERIPHERALS_0/security_core_0/hash_block_8[16]:D
  Delay (ns):              0.151
  Slack (ns):              0.077
  Arrival (ns):            3.830
  Required (ns):           3.753
  Operating Conditions: fast_hv_lt

Path 57
  From: FIC_0_PERIPHERALS_0/security_core_0/hash_block_5[21]:CLK
  To:   FIC_0_PERIPHERALS_0/security_core_0/hash_block_6[21]:D
  Delay (ns):              0.155
  Slack (ns):              0.077
  Arrival (ns):            3.833
  Required (ns):           3.756
  Operating Conditions: fast_hv_lt

Path 58
  From: FIC_0_PERIPHERALS_0/security_core_0/hash_block_2[5]:CLK
  To:   FIC_0_PERIPHERALS_0/security_core_0/hash_block_3[5]:D
  Delay (ns):              0.154
  Slack (ns):              0.077
  Arrival (ns):            3.829
  Required (ns):           3.752
  Operating Conditions: fast_hv_lt

Path 59
  From: FIC_0_PERIPHERALS_0/security_core_0/hash_block_13[10]:CLK
  To:   FIC_0_PERIPHERALS_0/security_core_0/hash_block_14[10]:D
  Delay (ns):              0.151
  Slack (ns):              0.077
  Arrival (ns):            3.800
  Required (ns):           3.723
  Operating Conditions: fast_hv_lt

Path 60
  From: FIC_0_PERIPHERALS_0/security_core_0/hash_block_13[0]:CLK
  To:   FIC_0_PERIPHERALS_0/security_core_0/hash_core/buffer[416]:D
  Delay (ns):              0.154
  Slack (ns):              0.077
  Arrival (ns):            3.806
  Required (ns):           3.729
  Operating Conditions: fast_hv_lt

Path 61
  From: FIC_0_PERIPHERALS_0/FIC0_INITIATOR_inst_0/FIC0_INITIATOR_0/arst_aclk_sync/sysReset_f1:CLK
  To:   FIC_0_PERIPHERALS_0/FIC0_INITIATOR_inst_0/FIC0_INITIATOR_0/arst_aclk_sync/sysReset:D
  Delay (ns):              0.153
  Slack (ns):              0.077
  Arrival (ns):            3.799
  Required (ns):           3.722
  Operating Conditions: fast_hv_lt

Path 62
  From: FIC_0_PERIPHERALS_0/FIC0_INITIATOR_inst_0/FIC0_INITIATOR_0/SlvConvertor_loop[0].slvcnv/rgsl/genblk2.arrs/sDat[69]:CLK
  To:   FIC_0_PERIPHERALS_0/FIC0_INITIATOR_inst_0/FIC0_INITIATOR_0/SlvConvertor_loop[0].slvcnv/slvdwc/genblk1.DownConverter_inst/readWidthConv/DWC_DownConv_preCalcCmdFifoWrCtrl_inst/MASTER_AID_out[0]:D
  Delay (ns):              0.151
  Slack (ns):              0.077
  Arrival (ns):            3.818
  Required (ns):           3.741
  Operating Conditions: fast_hv_lt

Path 63
  From: FIC_0_PERIPHERALS_0/DMA_CONTROLLER_inst_0/DMA_CONTROLLER_0/U_AXI4INITIATORDMACtrl/AWADDRReg[27]:CLK
  To:   FIC_0_PERIPHERALS_0/DMA_INITIATOR_inst_0/DMA_INITIATOR_0/MstConvertor_loop[0].mstrconv/mstrDWC/genblk1.MstUpConv/DWC_UpConv_preCalcAChannel_aw_inst/MASTER_AADDR_out[27]:D
  Delay (ns):              0.151
  Slack (ns):              0.077
  Arrival (ns):            3.831
  Required (ns):           3.754
  Operating Conditions: fast_hv_lt

Path 64
  From: FIC_0_PERIPHERALS_0/DMA_CONTROLLER_inst_0/DMA_CONTROLLER_0/U_AXI4INITIATORDMACtrl/ARADDRReg[28]:CLK
  To:   FIC_0_PERIPHERALS_0/DMA_INITIATOR_inst_0/DMA_INITIATOR_0/MstConvertor_loop[0].mstrconv/mstrDWC/genblk1.MstUpConv/DWC_UpConv_preCalcAChannel_ar_inst/MASTER_AADDR_out[28]:D
  Delay (ns):              0.154
  Slack (ns):              0.077
  Arrival (ns):            3.831
  Required (ns):           3.754
  Operating Conditions: fast_hv_lt

Path 65
  From: FIC_3_PERIPHERALS_0/PWM/corepwm_C0_0/genblk3.corepwm_reg_if/psh_prescale_reg[29]:CLK
  To:   FIC_3_PERIPHERALS_0/PWM/corepwm_C0_0/genblk3.corepwm_reg_if/prescale_reg_Z[29]:D
  Delay (ns):              0.155
  Slack (ns):              0.078
  Arrival (ns):            4.225
  Required (ns):           4.147
  Operating Conditions: fast_hv_lt

Path 66
  From: FIC_3_PERIPHERALS_0/PWM/corepwm_C0_0/genblk3.corepwm_reg_if/psh_period_reg[20]:CLK
  To:   FIC_3_PERIPHERALS_0/PWM/corepwm_C0_0/genblk3.corepwm_reg_if/period_reg_Z[20]:D
  Delay (ns):              0.155
  Slack (ns):              0.078
  Arrival (ns):            4.232
  Required (ns):           4.154
  Operating Conditions: fast_hv_lt

Path 67
  From: FIC_0_PERIPHERALS_0/security_core_0/hash_block_9[26]:CLK
  To:   FIC_0_PERIPHERALS_0/security_core_0/hash_core/buffer[314]:D
  Delay (ns):              0.155
  Slack (ns):              0.078
  Arrival (ns):            3.832
  Required (ns):           3.754
  Operating Conditions: fast_hv_lt

Path 68
  From: FIC_0_PERIPHERALS_0/security_core_0/hash_block_7[7]:CLK
  To:   FIC_0_PERIPHERALS_0/security_core_0/hash_core/buffer[231]:D
  Delay (ns):              0.155
  Slack (ns):              0.078
  Arrival (ns):            3.815
  Required (ns):           3.737
  Operating Conditions: fast_hv_lt

Path 69
  From: FIC_0_PERIPHERALS_0/security_core_0/hash_block_7[14]:CLK
  To:   FIC_0_PERIPHERALS_0/security_core_0/hash_block_8[14]:D
  Delay (ns):              0.155
  Slack (ns):              0.078
  Arrival (ns):            3.815
  Required (ns):           3.737
  Operating Conditions: fast_hv_lt

Path 70
  From: FIC_0_PERIPHERALS_0/security_core_0/hash_block_6[21]:CLK
  To:   FIC_0_PERIPHERALS_0/security_core_0/hash_block_7[21]:D
  Delay (ns):              0.155
  Slack (ns):              0.078
  Arrival (ns):            3.834
  Required (ns):           3.756
  Operating Conditions: fast_hv_lt

Path 71
  From: FIC_0_PERIPHERALS_0/security_core_0/hash_block_2[8]:CLK
  To:   FIC_0_PERIPHERALS_0/security_core_0/hash_block_3[8]:D
  Delay (ns):              0.155
  Slack (ns):              0.078
  Arrival (ns):            3.817
  Required (ns):           3.739
  Operating Conditions: fast_hv_lt

Path 72
  From: FIC_0_PERIPHERALS_0/security_core_0/hash_block_13[22]:CLK
  To:   FIC_0_PERIPHERALS_0/security_core_0/hash_block_14[22]:D
  Delay (ns):              0.155
  Slack (ns):              0.078
  Arrival (ns):            3.814
  Required (ns):           3.736
  Operating Conditions: fast_hv_lt

Path 73
  From: FIC_0_PERIPHERALS_0/security_core_0/hash_block_13[11]:CLK
  To:   FIC_0_PERIPHERALS_0/security_core_0/hash_block_14[11]:D
  Delay (ns):              0.152
  Slack (ns):              0.078
  Arrival (ns):            3.797
  Required (ns):           3.719
  Operating Conditions: fast_hv_lt

Path 74
  From: FIC_0_PERIPHERALS_0/security_core_0/hash_block_12[27]:CLK
  To:   FIC_0_PERIPHERALS_0/security_core_0/hash_block_13[27]:D
  Delay (ns):              0.152
  Slack (ns):              0.078
  Arrival (ns):            3.835
  Required (ns):           3.757
  Operating Conditions: fast_hv_lt

Path 75
  From: FIC_0_PERIPHERALS_0/security_core_0/hash_block_11[7]:CLK
  To:   FIC_0_PERIPHERALS_0/security_core_0/hash_block_12[7]:D
  Delay (ns):              0.154
  Slack (ns):              0.078
  Arrival (ns):            3.810
  Required (ns):           3.732
  Operating Conditions: fast_hv_lt

Path 76
  From: FIC_0_PERIPHERALS_0/security_core_0/hash_block_11[14]:CLK
  To:   FIC_0_PERIPHERALS_0/security_core_0/hash_core/buffer[366]:D
  Delay (ns):              0.155
  Slack (ns):              0.078
  Arrival (ns):            3.815
  Required (ns):           3.737
  Operating Conditions: fast_hv_lt

Path 77
  From: FIC_0_PERIPHERALS_0/FIC0_INITIATOR_inst_0/FIC0_INITIATOR_0/SlvConvertor_loop[2].slvcnv/slvdwc/genblk1.DownConverter_inst/readWidthConv/genblk1.widthConvrd/MASTER_RDATA[53]:CLK
  To:   FIC_0_PERIPHERALS_0/FIC0_INITIATOR_inst_0/FIC0_INITIATOR_0/SlvConvertor_loop[2].slvcnv/rgsl/genblk3.rrs/holdDat[57]:D
  Delay (ns):              0.155
  Slack (ns):              0.078
  Arrival (ns):            3.813
  Required (ns):           3.735
  Operating Conditions: fast_hv_lt

Path 78
  From: FIC_0_PERIPHERALS_0/DMA_INITIATOR_inst_0/DMA_INITIATOR_0/MstConvertor_loop[0].mstrconv/mstrDWC/genblk1.MstUpConv/DWC_UpConv_preCalcAChannel_aw_inst/MASTER_AADDR_out[19]:CLK
  To:   FIC_0_PERIPHERALS_0/DMA_INITIATOR_inst_0/DMA_INITIATOR_0/MstConvertor_loop[0].mstrconv/mstrDWC/genblk1.MstUpConv/DWC_AWChan/SLAVE_AADDR[19]:D
  Delay (ns):              0.155
  Slack (ns):              0.078
  Arrival (ns):            3.810
  Required (ns):           3.732
  Operating Conditions: fast_hv_lt

Path 79
  From: FIC_0_PERIPHERALS_0/DMA_CONTROLLER_inst_0/DMA_CONTROLLER_0/U_AXI4INITIATORDMACtrl/ARADDRReg[17]:CLK
  To:   FIC_0_PERIPHERALS_0/DMA_INITIATOR_inst_0/DMA_INITIATOR_0/MstConvertor_loop[0].mstrconv/mstrDWC/genblk1.MstUpConv/DWC_UpConv_preCalcAChannel_ar_inst/MASTER_AADDR_out[17]:D
  Delay (ns):              0.152
  Slack (ns):              0.078
  Arrival (ns):            3.826
  Required (ns):           3.748
  Operating Conditions: fast_hv_lt

Path 80
  From: CLOCKS_AND_RESETS_0/RESET_FIC_0_CLK/CORERESET_0/dff_5[0]:CLK
  To:   CLOCKS_AND_RESETS_0/RESET_FIC_0_CLK/CORERESET_0/dff_6[0]:D
  Delay (ns):              0.155
  Slack (ns):              0.078
  Arrival (ns):            3.812
  Required (ns):           3.734
  Operating Conditions: fast_hv_lt

Path 81
  From: FIC_0_PERIPHERALS_0/security_core_0/sbox/y_lo_r3[1][1]:CLK
  To:   FIC_0_PERIPHERALS_0/security_core_0/sbox/y_lo_r4[1][1]:D
  Delay (ns):              0.153
  Slack (ns):              0.079
  Arrival (ns):            3.799
  Required (ns):           3.720
  Operating Conditions: fast_hv_lt

Path 82
  From: FIC_0_PERIPHERALS_0/security_core_0/rng/trng_acc_0/seed_o_3[0]:CLK
  To:   FIC_0_PERIPHERALS_0/security_core_0/rng/trng_acc_0/seed_o_4[0]:D
  Delay (ns):              0.147
  Slack (ns):              0.079
  Arrival (ns):            3.809
  Required (ns):           3.730
  Operating Conditions: fast_hv_lt

Path 83
  From: FIC_0_PERIPHERALS_0/security_core_0/hash_block_2[2]:CLK
  To:   FIC_0_PERIPHERALS_0/security_core_0/hash_block_3[2]:D
  Delay (ns):              0.156
  Slack (ns):              0.079
  Arrival (ns):            3.812
  Required (ns):           3.733
  Operating Conditions: fast_hv_lt

Path 84
  From: FIC_0_PERIPHERALS_0/security_core_0/hash_block_14[27]:CLK
  To:   FIC_0_PERIPHERALS_0/security_core_0/hash_block_15[27]:D
  Delay (ns):              0.153
  Slack (ns):              0.079
  Arrival (ns):            3.836
  Required (ns):           3.757
  Operating Conditions: fast_hv_lt

Path 85
  From: FIC_0_PERIPHERALS_0/security_core_0/hash_block_12[10]:CLK
  To:   FIC_0_PERIPHERALS_0/security_core_0/hash_block_13[10]:D
  Delay (ns):              0.153
  Slack (ns):              0.079
  Arrival (ns):            3.802
  Required (ns):           3.723
  Operating Conditions: fast_hv_lt

Path 86
  From: FIC_0_PERIPHERALS_0/security_core_0/hash_block_10[18]:CLK
  To:   FIC_0_PERIPHERALS_0/security_core_0/hash_block_11[18]:D
  Delay (ns):              0.147
  Slack (ns):              0.079
  Arrival (ns):            3.797
  Required (ns):           3.718
  Operating Conditions: fast_hv_lt

Path 87
  From: FIC_0_PERIPHERALS_0/FIC0_INITIATOR_inst_0/FIC0_INITIATOR_0/SlvConvertor_loop[2].slvcnv/slvdwc/genblk1.DownConverter_inst/readWidthConv/DWC_DownConv_preCalcCmdFifoWrCtrl_inst/sizeCnt_comb_pre_Z[2]:CLK
  To:   FIC_0_PERIPHERALS_0/FIC0_INITIATOR_inst_0/FIC0_INITIATOR_0/SlvConvertor_loop[2].slvcnv/slvdwc/genblk1.DownConverter_inst/readWidthConv/rdCmdFifoWriteCtrl/sizeCnt_reg[2]:D
  Delay (ns):              0.153
  Slack (ns):              0.079
  Arrival (ns):            3.832
  Required (ns):           3.753
  Operating Conditions: fast_hv_lt

Path 88
  From: FIC_0_PERIPHERALS_0/FIC0_INITIATOR_inst_0/FIC0_INITIATOR_0/SlvConvertor_loop[2].slvcnv/rgsl/genblk2.arrs/sDat[73]:CLK
  To:   FIC_0_PERIPHERALS_0/FIC0_INITIATOR_inst_0/FIC0_INITIATOR_0/SlvConvertor_loop[2].slvcnv/slvdwc/genblk1.DownConverter_inst/readWidthConv/DWC_DownConv_preCalcCmdFifoWrCtrl_inst/MASTER_AID_out[4]:D
  Delay (ns):              0.153
  Slack (ns):              0.079
  Arrival (ns):            3.818
  Required (ns):           3.739
  Operating Conditions: fast_hv_lt

Path 89
  From: FIC_0_PERIPHERALS_0/FIC0_INITIATOR_inst_0/FIC0_INITIATOR_0/MstConvertor_loop[0].mstrconv/rgsl/genblk2.arrs/sDat[21]:CLK
  To:   FIC_0_PERIPHERALS_0/FIC0_INITIATOR_inst_0/FIC0_INITIATOR_0/axicb/cb.arcon/trgmx/slaveASIZE[1]:D
  Delay (ns):              0.153
  Slack (ns):              0.079
  Arrival (ns):            3.809
  Required (ns):           3.730
  Operating Conditions: fast_hv_lt

Path 90
  From: FIC_0_PERIPHERALS_0/DMA_INITIATOR_inst_0/DMA_INITIATOR_0/arst_aclk_sync/sysReset_f1:CLK
  To:   FIC_0_PERIPHERALS_0/DMA_INITIATOR_inst_0/DMA_INITIATOR_0/arst_aclk_sync/sysReset:D
  Delay (ns):              0.155
  Slack (ns):              0.079
  Arrival (ns):            3.801
  Required (ns):           3.722
  Operating Conditions: fast_hv_lt

Path 91
  From: CLOCKS_AND_RESETS_0/RESET_FIC_3_CLK/CORERESET_0/dff_2[0]:CLK
  To:   CLOCKS_AND_RESETS_0/RESET_FIC_3_CLK/CORERESET_0/dff_3[0]:D
  Delay (ns):              0.153
  Slack (ns):              0.079
  Arrival (ns):            4.218
  Required (ns):           4.139
  Operating Conditions: fast_hv_lt

Path 92
  From: CLOCKS_AND_RESETS_0/RESET_FIC_0_CLK/CORERESET_0/dff_4[0]:CLK
  To:   CLOCKS_AND_RESETS_0/RESET_FIC_0_CLK/CORERESET_0/dff_5[0]:D
  Delay (ns):              0.156
  Slack (ns):              0.079
  Arrival (ns):            3.813
  Required (ns):           3.734
  Operating Conditions: fast_hv_lt

Path 93
  From: CLOCKS_AND_RESETS_0/RESET_FIC_0_CLK/CORERESET_0/dff_10[0]:CLK
  To:   CLOCKS_AND_RESETS_0/RESET_FIC_0_CLK/CORERESET_0/dff_11[0]:D
  Delay (ns):              0.156
  Slack (ns):              0.079
  Arrival (ns):            3.813
  Required (ns):           3.734
  Operating Conditions: fast_hv_lt

Path 94
  From: FIC_0_PERIPHERALS_0/security_core_0/hash_block_11[10]:CLK
  To:   FIC_0_PERIPHERALS_0/security_core_0/hash_core/buffer[362]:D
  Delay (ns):              0.154
  Slack (ns):              0.080
  Arrival (ns):            3.803
  Required (ns):           3.723
  Operating Conditions: fast_hv_lt

Path 95
  From: FIC_0_PERIPHERALS_0/FIC0_INITIATOR_inst_0/FIC0_INITIATOR_0/SlvConvertor_loop[2].slvcnv/slvdwc/genblk1.DownConverter_inst/readWidthConv/DWC_DownConv_preCalcCmdFifoWrCtrl_inst/sizeCnt_comb_pre_Z[4]:CLK
  To:   FIC_0_PERIPHERALS_0/FIC0_INITIATOR_inst_0/FIC0_INITIATOR_0/SlvConvertor_loop[2].slvcnv/slvdwc/genblk1.DownConverter_inst/readWidthConv/rdCmdFifoWriteCtrl/sizeCnt_reg[4]:D
  Delay (ns):              0.154
  Slack (ns):              0.080
  Arrival (ns):            3.833
  Required (ns):           3.753
  Operating Conditions: fast_hv_lt

Path 96
  From: FIC_0_PERIPHERALS_0/FIC0_INITIATOR_inst_0/FIC0_INITIATOR_0/SlvConvertor_loop[2].slvcnv/rgsl/genblk1.awrs/sDat[36]:CLK
  To:   FIC_0_PERIPHERALS_0/FIC0_INITIATOR_inst_0/FIC0_INITIATOR_0/SlvConvertor_loop[2].slvcnv/slvdwc/genblk1.DownConverter_inst/writeWidthConv/DWC_DownConv_preCalcCmdFifoWrCtrl_inst/MASTER_AADDR_out[5]:D
  Delay (ns):              0.154
  Slack (ns):              0.080
  Arrival (ns):            3.818
  Required (ns):           3.738
  Operating Conditions: fast_hv_lt

Path 97
  From: FIC_0_PERIPHERALS_0/FIC0_INITIATOR_inst_0/FIC0_INITIATOR_0/SlvConvertor_loop[1].slvcnv/rgsl/genblk4.wrs/sDat[66]:CLK
  To:   FIC_0_PERIPHERALS_0/MSS_LSRAM_inst_0/COREAXI4SRAM_0/genblk1.genblk1.U_MSS_LSRAM_COREAXI4SRAM_0_CoreAXI4SRAM_MAINCTRL/genblk1.wdata_sc_r[56]:D
  Delay (ns):              0.154
  Slack (ns):              0.080
  Arrival (ns):            3.806
  Required (ns):           3.726
  Operating Conditions: fast_hv_lt

Path 98
  From: FIC_0_PERIPHERALS_0/DMA_INITIATOR_inst_0/DMA_INITIATOR_0/MstConvertor_loop[0].mstrconv/mstrDWC/genblk1.MstUpConv/DWC_UpConv_preCalcAChannel_aw_inst/MASTER_AADDR_out[27]:CLK
  To:   FIC_0_PERIPHERALS_0/DMA_INITIATOR_inst_0/DMA_INITIATOR_0/MstConvertor_loop[0].mstrconv/mstrDWC/genblk1.MstUpConv/DWC_AWChan/SLAVE_AADDR[27]:D
  Delay (ns):              0.154
  Slack (ns):              0.080
  Arrival (ns):            3.834
  Required (ns):           3.754
  Operating Conditions: fast_hv_lt

Path 99
  From: FIC_0_PERIPHERALS_0/DMA_INITIATOR_inst_0/DMA_INITIATOR_0/MstConvertor_loop[0].mstrconv/mstrDWC/genblk1.MstUpConv/DWC_ARChan/SLAVE_AADDR[22]:CLK
  To:   FIC_0_PERIPHERALS_0/DMA_INITIATOR_inst_0/DMA_INITIATOR_0/MstConvertor_loop[0].mstrconv/rgsl/genblk2.arrs/holdDat[53]:D
  Delay (ns):              0.154
  Slack (ns):              0.080
  Arrival (ns):            3.795
  Required (ns):           3.715
  Operating Conditions: fast_hv_lt

Path 100
  From: CLOCKS_AND_RESETS_0/RESET_FIC_0_CLK/CORERESET_0/dff_0[0]:CLK
  To:   CLOCKS_AND_RESETS_0/RESET_FIC_0_CLK/CORERESET_0/dff_1[0]:D
  Delay (ns):              0.157
  Slack (ns):              0.080
  Arrival (ns):            3.814
  Required (ns):           3.734
  Operating Conditions: fast_hv_lt

