Timing Violation Report Min Delay Analysis

SmartTime Version 2025.2
Microchip Technology Inc. - Microchip Libero Software Release 2025.2 (Version 2025.2.0.14)
Date: Wed Mar 25 02:43:00 2026


Design: MPFS_DISCOVERY_KIT
Family: PolarFireSoC
Die: MPFS095T
Package: FCSG325
Temperature Range: 0 - 100 C
Voltage Range: 0.97 - 1.03 V
Speed Grade: -1
Design State: Post-Layout
Data source: Production
Multi Corner Report Operating Conditions: slow_lv_lt,fast_hv_lt,slow_lv_ht


Path 1
  From: FIC_0_PERIPHERALS_0/FIC0_INITIATOR_inst_0/FIC0_INITIATOR_0/SlvConvertor_loop[0].slvcnv/rgsl/genblk1.awrs/sDat[19]:CLK
  To:   FIC_0_PERIPHERALS_0/FIC0_INITIATOR_inst_0/FIC0_INITIATOR_0/SlvConvertor_loop[0].slvcnv/slvdwc/genblk1.DownConverter_inst/writeWidthConv/DWC_DownConv_preCalcCmdFifoWrCtrl_inst/MASTER_ABURST_out[1]:D
  Delay (ns):              0.294
  Slack (ns):              0.039
  Arrival (ns):            5.547
  Required (ns):           5.508
  Operating Conditions: slow_lv_lt

Path 2
  From: FIC_0_PERIPHERALS_0/FIC0_INITIATOR_inst_0/FIC0_INITIATOR_0/SlvConvertor_loop[0].slvcnv/slvdwc/genblk1.DownConverter_inst/writeWidthConv/DWC_DownConv_preCalcCmdFifoWrCtrl_inst/WrapLogLen_comb_pre[1]:CLK
  To:   FIC_0_PERIPHERALS_0/FIC0_INITIATOR_inst_0/FIC0_INITIATOR_0/SlvConvertor_loop[0].slvcnv/slvdwc/genblk1.DownConverter_inst/writeWidthConv/wrCmdFifoWriteCtrl/WrapLogLen_reg[1]:D
  Delay (ns):              0.296
  Slack (ns):              0.042
  Arrival (ns):            5.541
  Required (ns):           5.499
  Operating Conditions: slow_lv_lt

Path 3
  From: FIC_0_PERIPHERALS_0/FIC0_INITIATOR_inst_0/FIC0_INITIATOR_0/SlvConvertor_loop[0].slvcnv/slvdwc/genblk1.DownConverter_inst/writeWidthConv/DWC_DownConv_preCalcCmdFifoWrCtrl_inst/WrapLogLen_comb_pre[0]:CLK
  To:   FIC_0_PERIPHERALS_0/FIC0_INITIATOR_inst_0/FIC0_INITIATOR_0/SlvConvertor_loop[0].slvcnv/slvdwc/genblk1.DownConverter_inst/writeWidthConv/wrCmdFifoWriteCtrl/WrapLogLen_reg[0]:D
  Delay (ns):              0.303
  Slack (ns):              0.048
  Arrival (ns):            5.547
  Required (ns):           5.499
  Operating Conditions: slow_lv_lt

Path 4
  From: FIC_0_PERIPHERALS_0/security_core_0/hash_block_3[23]:CLK
  To:   FIC_0_PERIPHERALS_0/security_core_0/hash_core/buffer[119]:D
  Delay (ns):              0.308
  Slack (ns):              0.050
  Arrival (ns):            5.553
  Required (ns):           5.503
  Operating Conditions: slow_lv_lt

Path 5
  From: FIC_0_PERIPHERALS_0/security_core_0/hash_block_8[28]:CLK
  To:   FIC_0_PERIPHERALS_0/security_core_0/hash_core/buffer[284]:D
  Delay (ns):              0.308
  Slack (ns):              0.052
  Arrival (ns):            5.557
  Required (ns):           5.505
  Operating Conditions: slow_lv_lt

Path 6
  From: FIC_0_PERIPHERALS_0/security_core_0/hash_block_7[23]:CLK
  To:   FIC_0_PERIPHERALS_0/security_core_0/hash_core/buffer[247]:D
  Delay (ns):              0.311
  Slack (ns):              0.052
  Arrival (ns):            5.555
  Required (ns):           5.503
  Operating Conditions: slow_lv_lt

Path 7
  From: FIC_3_PERIPHERALS_0/PWM/corepwm_C0_0/genblk3.corepwm_reg_if/psh_prescale_reg[19]:CLK
  To:   FIC_3_PERIPHERALS_0/PWM/corepwm_C0_0/genblk3.corepwm_reg_if/prescale_reg_Z[19]:D
  Delay (ns):              0.144
  Slack (ns):              0.067
  Arrival (ns):            4.222
  Required (ns):           4.155
  Operating Conditions: fast_hv_lt

Path 8
  From: FIC_0_PERIPHERALS_0/security_core_0/sbox/y_lo_r1[0][1]:CLK
  To:   FIC_0_PERIPHERALS_0/security_core_0/sbox/y_lo_r2[0][1]:D
  Delay (ns):              0.144
  Slack (ns):              0.067
  Arrival (ns):            3.811
  Required (ns):           3.744
  Operating Conditions: fast_hv_lt

Path 9
  From: FIC_0_PERIPHERALS_0/DMA_INITIATOR_inst_0/DMA_INITIATOR_0/MstConvertor_loop[0].mstrconv/mstrDWC/genblk1.MstUpConv/DWC_AWChan/SLAVE_AADDR[7]:CLK
  To:   FIC_0_PERIPHERALS_0/DMA_INITIATOR_inst_0/DMA_INITIATOR_0/MstConvertor_loop[0].mstrconv/rgsl/genblk1.awrs/holdDat[38]:D
  Delay (ns):              0.145
  Slack (ns):              0.068
  Arrival (ns):            3.799
  Required (ns):           3.731
  Operating Conditions: fast_hv_lt

Path 10
  From: FIC_0_PERIPHERALS_0/security_core_0/sbox/y_lo_r3[2][3]:CLK
  To:   FIC_0_PERIPHERALS_0/security_core_0/sbox/y_lo_r4[2][3]:D
  Delay (ns):              0.218
  Slack (ns):              0.069
  Arrival (ns):            5.474
  Required (ns):           5.405
  Operating Conditions: slow_lv_lt

Path 11
  From: FIC_0_PERIPHERALS_0/security_core_0/sbox/y_hi_r3[0][0]:CLK
  To:   FIC_0_PERIPHERALS_0/security_core_0/sbox/y_hi_r4[0][0]:D
  Delay (ns):              0.218
  Slack (ns):              0.069
  Arrival (ns):            5.475
  Required (ns):           5.406
  Operating Conditions: slow_lv_lt

Path 12
  From: FIC_0_PERIPHERALS_0/security_core_0/hash_block_3[24]:CLK
  To:   FIC_0_PERIPHERALS_0/security_core_0/hash_block_4[24]:D
  Delay (ns):              0.146
  Slack (ns):              0.069
  Arrival (ns):            3.826
  Required (ns):           3.757
  Operating Conditions: fast_hv_lt

Path 13
  From: FIC_0_PERIPHERALS_0/security_core_0/sbox/y_lo_r2[2][0]:CLK
  To:   FIC_0_PERIPHERALS_0/security_core_0/sbox/y_lo_r3[2][0]:D
  Delay (ns):              0.147
  Slack (ns):              0.070
  Arrival (ns):            3.807
  Required (ns):           3.737
  Operating Conditions: fast_hv_lt

Path 14
  From: FIC_0_PERIPHERALS_0/security_core_0/hash_block_3[6]:CLK
  To:   FIC_0_PERIPHERALS_0/security_core_0/hash_block_4[6]:D
  Delay (ns):              0.147
  Slack (ns):              0.070
  Arrival (ns):            3.823
  Required (ns):           3.753
  Operating Conditions: fast_hv_lt

Path 15
  From: FIC_0_PERIPHERALS_0/security_core_0/hash_block_13[27]:CLK
  To:   FIC_0_PERIPHERALS_0/security_core_0/hash_block_14[27]:D
  Delay (ns):              0.147
  Slack (ns):              0.070
  Arrival (ns):            3.827
  Required (ns):           3.757
  Operating Conditions: fast_hv_lt

Path 16
  From: FIC_0_PERIPHERALS_0/security_core_0/hash_block_13[10]:CLK
  To:   FIC_0_PERIPHERALS_0/security_core_0/hash_block_14[10]:D
  Delay (ns):              0.147
  Slack (ns):              0.070
  Arrival (ns):            3.807
  Required (ns):           3.737
  Operating Conditions: fast_hv_lt

Path 17
  From: CLOCKS_AND_RESETS_0/RESET_FIC_3_CLK/CORERESET_0/dff_0[0]:CLK
  To:   CLOCKS_AND_RESETS_0/RESET_FIC_3_CLK/CORERESET_0/dff_1[0]:D
  Delay (ns):              0.147
  Slack (ns):              0.070
  Arrival (ns):            4.202
  Required (ns):           4.132
  Operating Conditions: fast_hv_lt

Path 18
  From: FIC_3_PERIPHERALS_0/PWM/corepwm_C0_0/genblk3.corepwm_reg_if/psh_prescale_reg[12]:CLK
  To:   FIC_3_PERIPHERALS_0/PWM/corepwm_C0_0/genblk3.corepwm_reg_if/prescale_reg_Z[12]:D
  Delay (ns):              0.148
  Slack (ns):              0.071
  Arrival (ns):            4.221
  Required (ns):           4.150
  Operating Conditions: fast_hv_lt

Path 19
  From: FIC_0_PERIPHERALS_0/security_core_0/hash_block_9[21]:CLK
  To:   FIC_0_PERIPHERALS_0/security_core_0/hash_block_10[21]:D
  Delay (ns):              0.148
  Slack (ns):              0.071
  Arrival (ns):            3.827
  Required (ns):           3.756
  Operating Conditions: fast_hv_lt

Path 20
  From: FIC_0_PERIPHERALS_0/security_core_0/hash_block_9[10]:CLK
  To:   FIC_0_PERIPHERALS_0/security_core_0/hash_core/buffer[298]:D
  Delay (ns):              0.148
  Slack (ns):              0.071
  Arrival (ns):            3.808
  Required (ns):           3.737
  Operating Conditions: fast_hv_lt

Path 21
  From: FIC_0_PERIPHERALS_0/security_core_0/hash_block_4[14]:CLK
  To:   FIC_0_PERIPHERALS_0/security_core_0/hash_block_5[14]:D
  Delay (ns):              0.148
  Slack (ns):              0.071
  Arrival (ns):            3.812
  Required (ns):           3.741
  Operating Conditions: fast_hv_lt

Path 22
  From: FIC_0_PERIPHERALS_0/security_core_0/hash_block_14[7]:CLK
  To:   FIC_0_PERIPHERALS_0/security_core_0/hash_block_15[7]:D
  Delay (ns):              0.148
  Slack (ns):              0.071
  Arrival (ns):            3.808
  Required (ns):           3.737
  Operating Conditions: fast_hv_lt

Path 23
  From: FIC_0_PERIPHERALS_0/security_core_0/hash_block_14[27]:CLK
  To:   FIC_0_PERIPHERALS_0/security_core_0/hash_core/buffer[475]:D
  Delay (ns):              0.148
  Slack (ns):              0.071
  Arrival (ns):            3.828
  Required (ns):           3.757
  Operating Conditions: fast_hv_lt

Path 24
  From: FIC_0_PERIPHERALS_0/security_core_0/hash_block_13[18]:CLK
  To:   FIC_0_PERIPHERALS_0/security_core_0/hash_block_14[18]:D
  Delay (ns):              0.148
  Slack (ns):              0.071
  Arrival (ns):            3.828
  Required (ns):           3.757
  Operating Conditions: fast_hv_lt

Path 25
  From: FIC_0_PERIPHERALS_0/security_core_0/hash_block_11[31]:CLK
  To:   FIC_0_PERIPHERALS_0/security_core_0/hash_core/buffer[383]:D
  Delay (ns):              0.148
  Slack (ns):              0.071
  Arrival (ns):            3.827
  Required (ns):           3.756
  Operating Conditions: fast_hv_lt

Path 26
  From: FIC_0_PERIPHERALS_0/security_core_0/hash_block_11[29]:CLK
  To:   FIC_0_PERIPHERALS_0/security_core_0/hash_block_12[29]:D
  Delay (ns):              0.148
  Slack (ns):              0.071
  Arrival (ns):            3.800
  Required (ns):           3.729
  Operating Conditions: fast_hv_lt

Path 27
  From: FIC_0_PERIPHERALS_0/security_core_0/hash_block_11[22]:CLK
  To:   FIC_0_PERIPHERALS_0/security_core_0/hash_block_12[22]:D
  Delay (ns):              0.148
  Slack (ns):              0.071
  Arrival (ns):            3.810
  Required (ns):           3.739
  Operating Conditions: fast_hv_lt

Path 28
  From: FIC_0_PERIPHERALS_0/security_core_0/hash_block_11[15]:CLK
  To:   FIC_0_PERIPHERALS_0/security_core_0/hash_block_12[15]:D
  Delay (ns):              0.148
  Slack (ns):              0.071
  Arrival (ns):            3.803
  Required (ns):           3.732
  Operating Conditions: fast_hv_lt

Path 29
  From: FIC_3_PERIPHERALS_0/SPI_FOR_7_SEG_0/SPI_FOR_7_SEG_0/USPI/UCC/clock_rx_q1:CLK
  To:   FIC_3_PERIPHERALS_0/SPI_FOR_7_SEG_0/SPI_FOR_7_SEG_0/USPI/UCC/clock_rx_q2:D
  Delay (ns):              0.149
  Slack (ns):              0.072
  Arrival (ns):            4.212
  Required (ns):           4.140
  Operating Conditions: fast_hv_lt

Path 30
  From: FIC_3_PERIPHERALS_0/PWM/corepwm_C0_0/genblk3.corepwm_reg_if/psh_period_reg[19]:CLK
  To:   FIC_3_PERIPHERALS_0/PWM/corepwm_C0_0/genblk3.corepwm_reg_if/period_reg_Z[19]:D
  Delay (ns):              0.221
  Slack (ns):              0.072
  Arrival (ns):            6.100
  Required (ns):           6.028
  Operating Conditions: slow_lv_lt

Path 31
  From: FIC_0_PERIPHERALS_0/security_core_0/sbox/y_lo_r3[2][1]:CLK
  To:   FIC_0_PERIPHERALS_0/security_core_0/sbox/y_lo_r4[2][1]:D
  Delay (ns):              0.145
  Slack (ns):              0.072
  Arrival (ns):            3.812
  Required (ns):           3.740
  Operating Conditions: fast_hv_lt

Path 32
  From: FIC_0_PERIPHERALS_0/security_core_0/rng/trng_acc_0/seed_o_6[3]:CLK
  To:   FIC_0_PERIPHERALS_0/security_core_0/rng/trng_acc_0/seed_o_7[3]:D
  Delay (ns):              0.148
  Slack (ns):              0.072
  Arrival (ns):            3.780
  Required (ns):           3.708
  Operating Conditions: fast_hv_lt

Path 33
  From: FIC_0_PERIPHERALS_0/security_core_0/hash_block_9[4]:CLK
  To:   FIC_0_PERIPHERALS_0/security_core_0/hash_core/buffer[292]:D
  Delay (ns):              0.149
  Slack (ns):              0.072
  Arrival (ns):            3.822
  Required (ns):           3.750
  Operating Conditions: fast_hv_lt

Path 34
  From: FIC_0_PERIPHERALS_0/security_core_0/hash_block_9[29]:CLK
  To:   FIC_0_PERIPHERALS_0/security_core_0/hash_block_10[29]:D
  Delay (ns):              0.149
  Slack (ns):              0.072
  Arrival (ns):            3.801
  Required (ns):           3.729
  Operating Conditions: fast_hv_lt

Path 35
  From: FIC_0_PERIPHERALS_0/security_core_0/hash_block_3[3]:CLK
  To:   FIC_0_PERIPHERALS_0/security_core_0/hash_block_4[3]:D
  Delay (ns):              0.149
  Slack (ns):              0.072
  Arrival (ns):            3.816
  Required (ns):           3.744
  Operating Conditions: fast_hv_lt

Path 36
  From: FIC_0_PERIPHERALS_0/security_core_0/hash_block_11[18]:CLK
  To:   FIC_0_PERIPHERALS_0/security_core_0/hash_core/buffer[370]:D
  Delay (ns):              0.149
  Slack (ns):              0.072
  Arrival (ns):            3.829
  Required (ns):           3.757
  Operating Conditions: fast_hv_lt

Path 37
  From: FIC_0_PERIPHERALS_0/FIC0_INITIATOR_inst_0/FIC0_INITIATOR_0/SlvConvertor_loop[2].slvcnv/slvdwc/genblk1.DownConverter_inst/writeWidthConv/DWC_DownConv_preCalcCmdFifoWrCtrl_inst/sizeCnt_comb_pre_Z[5]:CLK
  To:   FIC_0_PERIPHERALS_0/FIC0_INITIATOR_inst_0/FIC0_INITIATOR_0/SlvConvertor_loop[2].slvcnv/slvdwc/genblk1.DownConverter_inst/writeWidthConv/wrCmdFifoWriteCtrl/sizeCnt_reg[5]:D
  Delay (ns):              0.149
  Slack (ns):              0.072
  Arrival (ns):            3.813
  Required (ns):           3.741
  Operating Conditions: fast_hv_lt

Path 38
  From: FIC_0_PERIPHERALS_0/DMA_INITIATOR_inst_0/DMA_INITIATOR_0/MstConvertor_loop[0].mstrconv/mstrDWC/genblk1.MstUpConv/DWC_ARChan/SLAVE_AADDR[23]:CLK
  To:   FIC_0_PERIPHERALS_0/DMA_INITIATOR_inst_0/DMA_INITIATOR_0/MstConvertor_loop[0].mstrconv/rgsl/genblk2.arrs/holdDat[54]:D
  Delay (ns):              0.221
  Slack (ns):              0.072
  Arrival (ns):            5.476
  Required (ns):           5.404
  Operating Conditions: slow_lv_lt

Path 39
  From: FIC_0_PERIPHERALS_0/DMA_CONTROLLER_inst_0/DMA_CONTROLLER_0/U_AXI4INITIATORDMACtrl/AWADDRReg[26]:CLK
  To:   FIC_0_PERIPHERALS_0/DMA_INITIATOR_inst_0/DMA_INITIATOR_0/MstConvertor_loop[0].mstrconv/mstrDWC/genblk1.MstUpConv/DWC_UpConv_preCalcAChannel_aw_inst/MASTER_AADDR_out[26]:D
  Delay (ns):              0.149
  Slack (ns):              0.072
  Arrival (ns):            3.799
  Required (ns):           3.727
  Operating Conditions: fast_hv_lt

Path 40
  From: FIC_3_PERIPHERALS_0/PWM/corepwm_C0_0/genblk3.corepwm_reg_if/psh_prescale_reg[14]:CLK
  To:   FIC_3_PERIPHERALS_0/PWM/corepwm_C0_0/genblk3.corepwm_reg_if/prescale_reg_Z[14]:D
  Delay (ns):              0.150
  Slack (ns):              0.073
  Arrival (ns):            4.229
  Required (ns):           4.156
  Operating Conditions: fast_hv_lt

Path 41
  From: FIC_0_PERIPHERALS_0/security_core_0/hash_block_7[16]:CLK
  To:   FIC_0_PERIPHERALS_0/security_core_0/hash_block_8[16]:D
  Delay (ns):              0.150
  Slack (ns):              0.073
  Arrival (ns):            3.805
  Required (ns):           3.732
  Operating Conditions: fast_hv_lt

Path 42
  From: FIC_0_PERIPHERALS_0/security_core_0/hash_block_5[24]:CLK
  To:   FIC_0_PERIPHERALS_0/security_core_0/hash_block_6[24]:D
  Delay (ns):              0.150
  Slack (ns):              0.073
  Arrival (ns):            3.830
  Required (ns):           3.757
  Operating Conditions: fast_hv_lt

Path 43
  From: FIC_0_PERIPHERALS_0/security_core_0/hash_block_14[31]:CLK
  To:   FIC_0_PERIPHERALS_0/security_core_0/hash_core/buffer[479]:D
  Delay (ns):              0.150
  Slack (ns):              0.073
  Arrival (ns):            3.829
  Required (ns):           3.756
  Operating Conditions: fast_hv_lt

Path 44
  From: FIC_0_PERIPHERALS_0/security_core_0/hash_block_14[12]:CLK
  To:   FIC_0_PERIPHERALS_0/security_core_0/hash_block_15[12]:D
  Delay (ns):              0.150
  Slack (ns):              0.073
  Arrival (ns):            3.830
  Required (ns):           3.757
  Operating Conditions: fast_hv_lt

Path 45
  From: FIC_0_PERIPHERALS_0/security_core_0/hash_block_10[18]:CLK
  To:   FIC_0_PERIPHERALS_0/security_core_0/hash_block_11[18]:D
  Delay (ns):              0.151
  Slack (ns):              0.073
  Arrival (ns):            3.830
  Required (ns):           3.757
  Operating Conditions: fast_hv_lt

Path 46
  From: FIC_0_PERIPHERALS_0/security_core_0/hash_block_10[16]:CLK
  To:   FIC_0_PERIPHERALS_0/security_core_0/hash_block_11[16]:D
  Delay (ns):              0.149
  Slack (ns):              0.073
  Arrival (ns):            3.804
  Required (ns):           3.731
  Operating Conditions: fast_hv_lt

Path 47
  From: FIC_0_PERIPHERALS_0/FIC0_INITIATOR_inst_0/FIC0_INITIATOR_0/MstConvertor_loop[0].mstrconv/rgsl/genblk2.arrs/sDat[28]:CLK
  To:   FIC_0_PERIPHERALS_0/FIC0_INITIATOR_inst_0/FIC0_INITIATOR_0/axicb/cb.arcon/trgmx/slaveALEN[5]:D
  Delay (ns):              0.151
  Slack (ns):              0.073
  Arrival (ns):            3.796
  Required (ns):           3.723
  Operating Conditions: fast_hv_lt

Path 48
  From: FIC_0_PERIPHERALS_0/security_core_0/hash_block_9[16]:CLK
  To:   FIC_0_PERIPHERALS_0/security_core_0/hash_block_10[16]:D
  Delay (ns):              0.151
  Slack (ns):              0.074
  Arrival (ns):            3.806
  Required (ns):           3.732
  Operating Conditions: fast_hv_lt

Path 49
  From: FIC_0_PERIPHERALS_0/security_core_0/hash_block_7[26]:CLK
  To:   FIC_0_PERIPHERALS_0/security_core_0/hash_block_8[26]:D
  Delay (ns):              0.151
  Slack (ns):              0.074
  Arrival (ns):            3.808
  Required (ns):           3.734
  Operating Conditions: fast_hv_lt

Path 50
  From: FIC_0_PERIPHERALS_0/security_core_0/hash_block_2[8]:CLK
  To:   FIC_0_PERIPHERALS_0/security_core_0/hash_block_3[8]:D
  Delay (ns):              0.151
  Slack (ns):              0.074
  Arrival (ns):            3.824
  Required (ns):           3.750
  Operating Conditions: fast_hv_lt

Path 51
  From: FIC_0_PERIPHERALS_0/security_core_0/hash_block_13[12]:CLK
  To:   FIC_0_PERIPHERALS_0/security_core_0/hash_block_14[12]:D
  Delay (ns):              0.151
  Slack (ns):              0.074
  Arrival (ns):            3.831
  Required (ns):           3.757
  Operating Conditions: fast_hv_lt

Path 52
  From: FIC_0_PERIPHERALS_0/security_core_0/hash_block_10[7]:CLK
  To:   FIC_0_PERIPHERALS_0/security_core_0/hash_block_11[7]:D
  Delay (ns):              0.151
  Slack (ns):              0.074
  Arrival (ns):            3.811
  Required (ns):           3.737
  Operating Conditions: fast_hv_lt

Path 53
  From: CLOCKS_AND_RESETS_0/RESET_FIC_0_CLK/CORERESET_0/dff_9[0]:CLK
  To:   CLOCKS_AND_RESETS_0/RESET_FIC_0_CLK/CORERESET_0/dff_10[0]:D
  Delay (ns):              0.148
  Slack (ns):              0.074
  Arrival (ns):            3.807
  Required (ns):           3.733
  Operating Conditions: fast_hv_lt

Path 54
  From: CLOCKS_AND_RESETS_0/RESET_FIC_0_CLK/CORERESET_0/dff_10[0]:CLK
  To:   CLOCKS_AND_RESETS_0/RESET_FIC_0_CLK/CORERESET_0/dff_11[0]:D
  Delay (ns):              0.148
  Slack (ns):              0.074
  Arrival (ns):            3.807
  Required (ns):           3.733
  Operating Conditions: fast_hv_lt

Path 55
  From: FIC_0_PERIPHERALS_0/security_core_0/sbox/y_lo_r2[2][1]:CLK
  To:   FIC_0_PERIPHERALS_0/security_core_0/sbox/y_lo_r3[2][1]:D
  Delay (ns):              0.150
  Slack (ns):              0.075
  Arrival (ns):            3.816
  Required (ns):           3.741
  Operating Conditions: fast_hv_lt

Path 56
  From: FIC_0_PERIPHERALS_0/security_core_0/rng/trng_acc_0/seed_o_2[7]:CLK
  To:   FIC_0_PERIPHERALS_0/security_core_0/rng/trng_acc_0/seed_o_3[7]:D
  Delay (ns):              0.149
  Slack (ns):              0.075
  Arrival (ns):            3.794
  Required (ns):           3.719
  Operating Conditions: fast_hv_lt

Path 57
  From: FIC_0_PERIPHERALS_0/security_core_0/rng/trng_acc_0/seed_o_1[5]:CLK
  To:   FIC_0_PERIPHERALS_0/security_core_0/rng/trng_acc_0/seed_o_2[5]:D
  Delay (ns):              0.152
  Slack (ns):              0.075
  Arrival (ns):            3.789
  Required (ns):           3.714
  Operating Conditions: fast_hv_lt

Path 58
  From: FIC_0_PERIPHERALS_0/security_core_0/hash_block_8[9]:CLK
  To:   FIC_0_PERIPHERALS_0/security_core_0/hash_block_9[9]:D
  Delay (ns):              0.153
  Slack (ns):              0.075
  Arrival (ns):            3.813
  Required (ns):           3.738
  Operating Conditions: fast_hv_lt

Path 59
  From: FIC_0_PERIPHERALS_0/security_core_0/hash_block_8[14]:CLK
  To:   FIC_0_PERIPHERALS_0/security_core_0/hash_block_9[14]:D
  Delay (ns):              0.152
  Slack (ns):              0.075
  Arrival (ns):            3.816
  Required (ns):           3.741
  Operating Conditions: fast_hv_lt

Path 60
  From: FIC_0_PERIPHERALS_0/security_core_0/hash_block_6[15]:CLK
  To:   FIC_0_PERIPHERALS_0/security_core_0/hash_block_7[15]:D
  Delay (ns):              0.152
  Slack (ns):              0.075
  Arrival (ns):            3.807
  Required (ns):           3.732
  Operating Conditions: fast_hv_lt

Path 61
  From: FIC_0_PERIPHERALS_0/security_core_0/hash_block_13[7]:CLK
  To:   FIC_0_PERIPHERALS_0/security_core_0/hash_core/buffer[423]:D
  Delay (ns):              0.152
  Slack (ns):              0.075
  Arrival (ns):            3.812
  Required (ns):           3.737
  Operating Conditions: fast_hv_lt

Path 62
  From: FIC_0_PERIPHERALS_0/FIC0_INITIATOR_inst_0/FIC0_INITIATOR_0/SlvConvertor_loop[2].slvcnv/slvdwc/genblk1.DownConverter_inst/writeWidthConv/DWC_DownConv_preCalcCmdFifoWrCtrl_inst/sizeCnt_comb_pre_Z[3]:CLK
  To:   FIC_0_PERIPHERALS_0/FIC0_INITIATOR_inst_0/FIC0_INITIATOR_0/SlvConvertor_loop[2].slvcnv/slvdwc/genblk1.DownConverter_inst/writeWidthConv/wrCmdFifoWriteCtrl/sizeCnt_reg[3]:D
  Delay (ns):              0.152
  Slack (ns):              0.075
  Arrival (ns):            3.816
  Required (ns):           3.741
  Operating Conditions: fast_hv_lt

Path 63
  From: FIC_0_PERIPHERALS_0/security_core_0/sbox/y_lo_r3[1][2]:CLK
  To:   FIC_0_PERIPHERALS_0/security_core_0/sbox/y_lo_r4[1][2]:D
  Delay (ns):              0.150
  Slack (ns):              0.076
  Arrival (ns):            3.812
  Required (ns):           3.736
  Operating Conditions: fast_hv_lt

Path 64
  From: FIC_0_PERIPHERALS_0/security_core_0/sbox/y_lo_r0[1][1]:CLK
  To:   FIC_0_PERIPHERALS_0/security_core_0/sbox/y_lo_r1[1][1]:D
  Delay (ns):              0.149
  Slack (ns):              0.076
  Arrival (ns):            3.806
  Required (ns):           3.730
  Operating Conditions: fast_hv_lt

Path 65
  From: FIC_0_PERIPHERALS_0/security_core_0/rng/trng_acc_0/seed_o_2[3]:CLK
  To:   FIC_0_PERIPHERALS_0/security_core_0/rng/trng_acc_0/seed_o_3[3]:D
  Delay (ns):              0.153
  Slack (ns):              0.076
  Arrival (ns):            3.785
  Required (ns):           3.709
  Operating Conditions: fast_hv_lt

Path 66
  From: FIC_0_PERIPHERALS_0/security_core_0/rng/trng_acc_0/seed_o_0[1]:CLK
  To:   FIC_0_PERIPHERALS_0/security_core_0/rng/trng_acc_0/seed_o_1[1]:D
  Delay (ns):              0.153
  Slack (ns):              0.076
  Arrival (ns):            3.785
  Required (ns):           3.709
  Operating Conditions: fast_hv_lt

Path 67
  From: FIC_0_PERIPHERALS_0/security_core_0/hash_block_9[31]:CLK
  To:   FIC_0_PERIPHERALS_0/security_core_0/hash_block_10[31]:D
  Delay (ns):              0.154
  Slack (ns):              0.076
  Arrival (ns):            3.832
  Required (ns):           3.756
  Operating Conditions: fast_hv_lt

Path 68
  From: FIC_0_PERIPHERALS_0/security_core_0/hash_block_9[19]:CLK
  To:   FIC_0_PERIPHERALS_0/security_core_0/hash_block_10[19]:D
  Delay (ns):              0.153
  Slack (ns):              0.076
  Arrival (ns):            3.828
  Required (ns):           3.752
  Operating Conditions: fast_hv_lt

Path 69
  From: FIC_0_PERIPHERALS_0/security_core_0/hash_block_9[14]:CLK
  To:   FIC_0_PERIPHERALS_0/security_core_0/hash_core/buffer[302]:D
  Delay (ns):              0.154
  Slack (ns):              0.076
  Arrival (ns):            3.817
  Required (ns):           3.741
  Operating Conditions: fast_hv_lt

Path 70
  From: FIC_0_PERIPHERALS_0/security_core_0/hash_block_8[22]:CLK
  To:   FIC_0_PERIPHERALS_0/security_core_0/hash_core/buffer[278]:D
  Delay (ns):              0.150
  Slack (ns):              0.076
  Arrival (ns):            3.816
  Required (ns):           3.740
  Operating Conditions: fast_hv_lt

Path 71
  From: FIC_0_PERIPHERALS_0/security_core_0/hash_block_3[28]:CLK
  To:   FIC_0_PERIPHERALS_0/security_core_0/hash_core/buffer[124]:D
  Delay (ns):              0.150
  Slack (ns):              0.076
  Arrival (ns):            3.800
  Required (ns):           3.724
  Operating Conditions: fast_hv_lt

Path 72
  From: FIC_0_PERIPHERALS_0/security_core_0/hash_block_2[15]:CLK
  To:   FIC_0_PERIPHERALS_0/security_core_0/hash_block_3[15]:D
  Delay (ns):              0.153
  Slack (ns):              0.076
  Arrival (ns):            3.808
  Required (ns):           3.732
  Operating Conditions: fast_hv_lt

Path 73
  From: FIC_0_PERIPHERALS_0/security_core_0/hash_block_1[10]:CLK
  To:   FIC_0_PERIPHERALS_0/security_core_0/hash_block_2[10]:D
  Delay (ns):              0.153
  Slack (ns):              0.076
  Arrival (ns):            3.826
  Required (ns):           3.750
  Operating Conditions: fast_hv_lt

Path 74
  From: FIC_0_PERIPHERALS_0/security_core_0/hash_block_12[31]:CLK
  To:   FIC_0_PERIPHERALS_0/security_core_0/hash_block_13[31]:D
  Delay (ns):              0.153
  Slack (ns):              0.076
  Arrival (ns):            3.832
  Required (ns):           3.756
  Operating Conditions: fast_hv_lt

Path 75
  From: FIC_0_PERIPHERALS_0/security_core_0/hash_block_11[18]:CLK
  To:   FIC_0_PERIPHERALS_0/security_core_0/hash_block_12[18]:D
  Delay (ns):              0.153
  Slack (ns):              0.076
  Arrival (ns):            3.833
  Required (ns):           3.757
  Operating Conditions: fast_hv_lt

Path 76
  From: FIC_0_PERIPHERALS_0/FIC0_INITIATOR_inst_0/FIC0_INITIATOR_0/axicb/cb.arcon/trgmx/slaveAID[3]:CLK
  To:   FIC_0_PERIPHERALS_0/FIC0_INITIATOR_inst_0/FIC0_INITIATOR_0/SlvConvertor_loop[1].slvcnv/rgsl/genblk2.arrs/holdDat[72]:D
  Delay (ns):              0.153
  Slack (ns):              0.076
  Arrival (ns):            3.809
  Required (ns):           3.733
  Operating Conditions: fast_hv_lt

Path 77
  From: FIC_0_PERIPHERALS_0/FIC0_INITIATOR_inst_0/FIC0_INITIATOR_0/SlvConvertor_loop[2].slvcnv/slvdwc/genblk1.DownConverter_inst/readWidthConv/DWC_DownConv_preCalcCmdFifoWrCtrl_inst/MASTER_AID_out[5]:CLK
  To:   FIC_0_PERIPHERALS_0/FIC0_INITIATOR_inst_0/FIC0_INITIATOR_0/SlvConvertor_loop[2].slvcnv/slvdwc/genblk1.DownConverter_inst/readWidthConv/rdCmdFifoWriteCtrl/MASTER_AID_reg[5]:D
  Delay (ns):              0.153
  Slack (ns):              0.076
  Arrival (ns):            3.808
  Required (ns):           3.732
  Operating Conditions: fast_hv_lt

Path 78
  From: FIC_0_PERIPHERALS_0/FIC0_INITIATOR_inst_0/FIC0_INITIATOR_0/SlvConvertor_loop[1].slvcnv/rgsl/genblk4.wrs/sDat[36]:CLK
  To:   FIC_0_PERIPHERALS_0/MSS_LSRAM_inst_0/COREAXI4SRAM_0/genblk1.genblk1.U_MSS_LSRAM_COREAXI4SRAM_0_CoreAXI4SRAM_MAINCTRL/genblk1.wdata_sc_r[26]:D
  Delay (ns):              0.150
  Slack (ns):              0.076
  Arrival (ns):            3.823
  Required (ns):           3.747
  Operating Conditions: fast_hv_lt

Path 79
  From: FIC_0_PERIPHERALS_0/FIC0_INITIATOR_inst_0/FIC0_INITIATOR_0/SlvConvertor_loop[0].slvcnv/slvdwc/genblk1.DownConverter_inst/writeWidthConv/caxi4interconnect_DWC_DownConv_Hold_Reg_Wr/DWC_DownConv_hold_data_out[0]:CLK
  To:   FIC_0_PERIPHERALS_0/FIC0_INITIATOR_inst_0/FIC0_INITIATOR_0/SlvConvertor_loop[0].slvcnv/slvdwc/genblk1.DownConverter_inst/writeWidthConv/widthConvwr/lastTx_reg:D
  Delay (ns):              0.150
  Slack (ns):              0.076
  Arrival (ns):            3.823
  Required (ns):           3.747
  Operating Conditions: fast_hv_lt

Path 80
  From: FIC_0_PERIPHERALS_0/FIC0_INITIATOR_inst_0/FIC0_INITIATOR_0/SlvConvertor_loop[0].slvcnv/slvdwc/genblk1.DownConverter_inst/readWidthConv/rdCmdFifoWriteCtrl/sizeCnt_reg[1]:CLK
  To:   FIC_0_PERIPHERALS_0/FIC0_INITIATOR_inst_0/FIC0_INITIATOR_0/SlvConvertor_loop[0].slvcnv/slvdwc/genblk1.DownConverter_inst/readWidthConv/rdCmdFifoWriteCtrl/CmdFifoWrData[40]:D
  Delay (ns):              0.231
  Slack (ns):              0.076
  Arrival (ns):            3.880
  Required (ns):           3.804
  Operating Conditions: fast_hv_lt

Path 81
  From: FIC_0_PERIPHERALS_0/DMA_INITIATOR_inst_0/DMA_INITIATOR_0/arst_aclk_sync/sysReset_f1:CLK
  To:   FIC_0_PERIPHERALS_0/DMA_INITIATOR_inst_0/DMA_INITIATOR_0/arst_aclk_sync/sysReset:D
  Delay (ns):              0.150
  Slack (ns):              0.076
  Arrival (ns):            3.795
  Required (ns):           3.719
  Operating Conditions: fast_hv_lt

Path 82
  From: FIC_0_PERIPHERALS_0/DMA_INITIATOR_inst_0/DMA_INITIATOR_0/SlvConvertor_loop[0].slvcnv/rgsl/genblk3.rrs/sDat[52]:CLK
  To:   FIC_0_PERIPHERALS_0/DMA_INITIATOR_inst_0/DMA_INITIATOR_0/MstConvertor_loop[0].mstrconv/rgsl/genblk3.rrs/holdDat[52]:D
  Delay (ns):              0.153
  Slack (ns):              0.076
  Arrival (ns):            3.820
  Required (ns):           3.744
  Operating Conditions: fast_hv_lt

Path 83
  From: FIC_0_PERIPHERALS_0/DMA_INITIATOR_inst_0/DMA_INITIATOR_0/MstConvertor_loop[0].mstrconv/mstrDWC/genblk1.MstUpConv/DWC_UpConv_preCalcAChannel_aw_inst/MASTER_AADDR_out[16]:CLK
  To:   FIC_0_PERIPHERALS_0/DMA_INITIATOR_inst_0/DMA_INITIATOR_0/MstConvertor_loop[0].mstrconv/mstrDWC/genblk1.MstUpConv/DWC_AWChan/SLAVE_AADDR[16]:D
  Delay (ns):              0.150
  Slack (ns):              0.076
  Arrival (ns):            3.817
  Required (ns):           3.741
  Operating Conditions: fast_hv_lt

Path 84
  From: FIC_0_PERIPHERALS_0/DMA_INITIATOR_inst_0/DMA_INITIATOR_0/MstConvertor_loop[0].mstrconv/mstrDWC/genblk1.MstUpConv/DWC_UpConv_preCalcAChannel_ar_inst/MASTER_AADDR_out[18]:CLK
  To:   FIC_0_PERIPHERALS_0/DMA_INITIATOR_inst_0/DMA_INITIATOR_0/MstConvertor_loop[0].mstrconv/mstrDWC/genblk1.MstUpConv/DWC_ARChan/SLAVE_AADDR[18]:D
  Delay (ns):              0.150
  Slack (ns):              0.076
  Arrival (ns):            3.816
  Required (ns):           3.740
  Operating Conditions: fast_hv_lt

Path 85
  From: FIC_0_PERIPHERALS_0/DMA_INITIATOR_inst_0/DMA_INITIATOR_0/MstConvertor_loop[0].mstrconv/mstrDWC/genblk1.MstUpConv/DWC_UpConv_preCalcAChannel_ar_inst/MASTER_AADDR_out[16]:CLK
  To:   FIC_0_PERIPHERALS_0/DMA_INITIATOR_inst_0/DMA_INITIATOR_0/MstConvertor_loop[0].mstrconv/mstrDWC/genblk1.MstUpConv/DWC_ARChan/SLAVE_AADDR[16]:D
  Delay (ns):              0.144
  Slack (ns):              0.076
  Arrival (ns):            3.810
  Required (ns):           3.734
  Operating Conditions: fast_hv_lt

Path 86
  From: CLOCKS_AND_RESETS_0/RESET_FIC_0_CLK/CORERESET_0/dff_4[0]:CLK
  To:   CLOCKS_AND_RESETS_0/RESET_FIC_0_CLK/CORERESET_0/dff_5[0]:D
  Delay (ns):              0.150
  Slack (ns):              0.076
  Arrival (ns):            3.809
  Required (ns):           3.733
  Operating Conditions: fast_hv_lt

Path 87
  From: FIC_0_PERIPHERALS_0/security_core_0/hash_block_5[27]:CLK
  To:   FIC_0_PERIPHERALS_0/security_core_0/hash_block_6[27]:D
  Delay (ns):              0.151
  Slack (ns):              0.077
  Arrival (ns):            3.818
  Required (ns):           3.741
  Operating Conditions: fast_hv_lt

Path 88
  From: FIC_0_PERIPHERALS_0/security_core_0/hash_block_5[12]:CLK
  To:   FIC_0_PERIPHERALS_0/security_core_0/hash_block_6[12]:D
  Delay (ns):              0.154
  Slack (ns):              0.077
  Arrival (ns):            3.807
  Required (ns):           3.730
  Operating Conditions: fast_hv_lt

Path 89
  From: FIC_0_PERIPHERALS_0/security_core_0/hash_block_4[6]:CLK
  To:   FIC_0_PERIPHERALS_0/security_core_0/hash_block_5[6]:D
  Delay (ns):              0.154
  Slack (ns):              0.077
  Arrival (ns):            3.830
  Required (ns):           3.753
  Operating Conditions: fast_hv_lt

Path 90
  From: FIC_0_PERIPHERALS_0/security_core_0/hash_block_4[4]:CLK
  To:   FIC_0_PERIPHERALS_0/security_core_0/hash_core/buffer[132]:D
  Delay (ns):              0.151
  Slack (ns):              0.077
  Arrival (ns):            3.817
  Required (ns):           3.740
  Operating Conditions: fast_hv_lt

Path 91
  From: FIC_0_PERIPHERALS_0/security_core_0/hash_block_3[3]:CLK
  To:   FIC_0_PERIPHERALS_0/security_core_0/hash_core/buffer[99]:D
  Delay (ns):              0.153
  Slack (ns):              0.077
  Arrival (ns):            3.820
  Required (ns):           3.743
  Operating Conditions: fast_hv_lt

Path 92
  From: FIC_0_PERIPHERALS_0/security_core_0/hash_block_3[27]:CLK
  To:   FIC_0_PERIPHERALS_0/security_core_0/hash_core/buffer[123]:D
  Delay (ns):              0.151
  Slack (ns):              0.077
  Arrival (ns):            3.818
  Required (ns):           3.741
  Operating Conditions: fast_hv_lt

Path 93
  From: FIC_0_PERIPHERALS_0/security_core_0/hash_block_15[19]:CLK
  To:   FIC_0_PERIPHERALS_0/security_core_0/hash_core/buffer[499]:D
  Delay (ns):              0.151
  Slack (ns):              0.077
  Arrival (ns):            3.824
  Required (ns):           3.747
  Operating Conditions: fast_hv_lt

Path 94
  From: FIC_0_PERIPHERALS_0/security_core_0/hash_block_10[19]:CLK
  To:   FIC_0_PERIPHERALS_0/security_core_0/hash_block_11[19]:D
  Delay (ns):              0.153
  Slack (ns):              0.077
  Arrival (ns):            3.828
  Required (ns):           3.751
  Operating Conditions: fast_hv_lt

Path 95
  From: FIC_0_PERIPHERALS_0/FIC0_INITIATOR_inst_0/FIC0_INITIATOR_0/SlvConvertor_loop[0].slvcnv/slvdwc/genblk1.DownConverter_inst/readWidthConv/DWC_DownConv_preCalcCmdFifoWrCtrl_inst/MASTER_AID_out[7]:CLK
  To:   FIC_0_PERIPHERALS_0/FIC0_INITIATOR_inst_0/FIC0_INITIATOR_0/SlvConvertor_loop[0].slvcnv/slvdwc/genblk1.DownConverter_inst/readWidthConv/rdCmdFifoWriteCtrl/MASTER_AID_reg[7]:D
  Delay (ns):              0.151
  Slack (ns):              0.077
  Arrival (ns):            3.800
  Required (ns):           3.723
  Operating Conditions: fast_hv_lt

Path 96
  From: FIC_0_PERIPHERALS_0/FIC0_INITIATOR_inst_0/FIC0_INITIATOR_0/MstConvertor_loop[0].mstrconv/rgsl/genblk1.awrs/sDat[30]:CLK
  To:   FIC_0_PERIPHERALS_0/FIC0_INITIATOR_inst_0/FIC0_INITIATOR_0/axicb/cb.awcon/trgmx/slaveALEN[7]:D
  Delay (ns):              0.151
  Slack (ns):              0.077
  Arrival (ns):            3.825
  Required (ns):           3.748
  Operating Conditions: fast_hv_lt

Path 97
  From: FIC_0_PERIPHERALS_0/DMA_INITIATOR_inst_0/DMA_INITIATOR_0/MstConvertor_loop[0].mstrconv/mstrDWC/genblk1.MstUpConv/DWC_UpConv_preCalcAChannel_ar_inst/MASTER_AADDR_out[24]:CLK
  To:   FIC_0_PERIPHERALS_0/DMA_INITIATOR_inst_0/DMA_INITIATOR_0/MstConvertor_loop[0].mstrconv/mstrDWC/genblk1.MstUpConv/DWC_ARChan/SLAVE_AADDR[24]:D
  Delay (ns):              0.151
  Slack (ns):              0.077
  Arrival (ns):            3.817
  Required (ns):           3.740
  Operating Conditions: fast_hv_lt

Path 98
  From: FIC_0_PERIPHERALS_0/DMA_INITIATOR_inst_0/DMA_INITIATOR_0/MstConvertor_loop[0].mstrconv/mstrDWC/genblk1.MstUpConv/DWC_UpConv_preCalcAChannel_ar_inst/MASTER_AADDR_out[12]:CLK
  To:   FIC_0_PERIPHERALS_0/DMA_INITIATOR_inst_0/DMA_INITIATOR_0/MstConvertor_loop[0].mstrconv/mstrDWC/genblk1.MstUpConv/DWC_ARChan/SLAVE_AADDR[12]:D
  Delay (ns):              0.151
  Slack (ns):              0.077
  Arrival (ns):            3.803
  Required (ns):           3.726
  Operating Conditions: fast_hv_lt

Path 99
  From: CLOCKS_AND_RESETS_0/RESET_FIC_0_CLK/CORERESET_0/dff_6[0]:CLK
  To:   CLOCKS_AND_RESETS_0/RESET_FIC_0_CLK/CORERESET_0/dff_7[0]:D
  Delay (ns):              0.151
  Slack (ns):              0.077
  Arrival (ns):            3.810
  Required (ns):           3.733
  Operating Conditions: fast_hv_lt

Path 100
  From: CLOCKS_AND_RESETS_0/RESET_FIC_0_CLK/CORERESET_0/dff_3[0]:CLK
  To:   CLOCKS_AND_RESETS_0/RESET_FIC_0_CLK/CORERESET_0/dff_4[0]:D
  Delay (ns):              0.151
  Slack (ns):              0.077
  Arrival (ns):            3.810
  Required (ns):           3.733
  Operating Conditions: fast_hv_lt

