Timing Violation Report Max Delay Analysis

SmartTime Version 2025.2
Microchip Technology Inc. - Microchip Libero Software Release 2025.2 (Version 2025.2.0.14)
Date: Wed Mar 25 01:11:43 2026


Design: MPFS_DISCOVERY_KIT
Family: PolarFireSoC
Die: MPFS095T
Package: FCSG325
Temperature Range: 0 - 100 C
Voltage Range: 0.97 - 1.03 V
Speed Grade: -1
Design State: Post-Layout
Data source: Production
Multi Corner Report Operating Conditions: slow_lv_lt,fast_hv_lt,slow_lv_ht


Path 1
  From: FIC_0_PERIPHERALS_0/security_core_0/hash_core/t_fast[2]:CLK
  To:   FIC_0_PERIPHERALS_0/security_core_0/hash_core/a[29]:D
  Delay (ns):              7.667
  Slack (ns):              0.085
  Arrival (ns):           13.758
  Required (ns):          13.843
  Operating Conditions: slow_lv_ht

Path 2
  From: FIC_0_PERIPHERALS_0/security_core_0/hash_core/t_Z[4]:CLK
  To:   FIC_0_PERIPHERALS_0/security_core_0/hash_core/a[29]:D
  Delay (ns):              7.645
  Slack (ns):              0.107
  Arrival (ns):           13.736
  Required (ns):          13.843
  Operating Conditions: slow_lv_ht

Path 3
  From: FIC_0_PERIPHERALS_0/security_core_0/hash_core/t_Z[5]:CLK
  To:   FIC_0_PERIPHERALS_0/security_core_0/hash_core/a[29]:D
  Delay (ns):              7.642
  Slack (ns):              0.110
  Arrival (ns):           13.733
  Required (ns):          13.843
  Operating Conditions: slow_lv_ht

Path 4
  From: FIC_0_PERIPHERALS_0/security_core_0/hash_core/t_fast[1]:CLK
  To:   FIC_0_PERIPHERALS_0/security_core_0/hash_core/a[29]:D
  Delay (ns):              7.632
  Slack (ns):              0.120
  Arrival (ns):           13.723
  Required (ns):          13.843
  Operating Conditions: slow_lv_ht

Path 5
  From: FIC_0_PERIPHERALS_0/security_core_0/hash_core/t_Z[3]:CLK
  To:   FIC_0_PERIPHERALS_0/security_core_0/hash_core/a[29]:D
  Delay (ns):              7.483
  Slack (ns):              0.255
  Arrival (ns):           13.588
  Required (ns):          13.843
  Operating Conditions: slow_lv_ht

Path 6
  From: FIC_0_PERIPHERALS_0/security_core_0/hash_core/f[0]:CLK
  To:   FIC_0_PERIPHERALS_0/security_core_0/hash_core/a[29]:D
  Delay (ns):              7.445
  Slack (ns):              0.317
  Arrival (ns):           13.526
  Required (ns):          13.843
  Operating Conditions: slow_lv_ht

Path 7
  From: FIC_0_PERIPHERALS_0/security_core_0/hash_core/g[4]:CLK
  To:   FIC_0_PERIPHERALS_0/security_core_0/hash_core/a[29]:D
  Delay (ns):              7.455
  Slack (ns):              0.319
  Arrival (ns):           13.524
  Required (ns):          13.843
  Operating Conditions: slow_lv_ht

Path 8
  From: FIC_0_PERIPHERALS_0/security_core_0/hash_core/t_fast[2]:CLK
  To:   FIC_0_PERIPHERALS_0/security_core_0/hash_core/a[31]:D
  Delay (ns):              7.406
  Slack (ns):              0.346
  Arrival (ns):           13.497
  Required (ns):          13.843
  Operating Conditions: slow_lv_ht

Path 9
  From: FIC_0_PERIPHERALS_0/security_core_0/hash_core/t_fast[1]:CLK
  To:   FIC_0_PERIPHERALS_0/security_core_0/hash_core/a[31]:D
  Delay (ns):              7.398
  Slack (ns):              0.354
  Arrival (ns):           13.489
  Required (ns):          13.843
  Operating Conditions: slow_lv_ht

Path 10
  From: FIC_0_PERIPHERALS_0/security_core_0/hash_core/e[0]:CLK
  To:   FIC_0_PERIPHERALS_0/security_core_0/hash_core/a[29]:D
  Delay (ns):              7.399
  Slack (ns):              0.363
  Arrival (ns):           13.480
  Required (ns):          13.843
  Operating Conditions: slow_lv_ht

Path 11
  From: FIC_0_PERIPHERALS_0/security_core_0/hash_core/t_Z[4]:CLK
  To:   FIC_0_PERIPHERALS_0/security_core_0/hash_core/a[31]:D
  Delay (ns):              7.384
  Slack (ns):              0.368
  Arrival (ns):           13.475
  Required (ns):          13.843
  Operating Conditions: slow_lv_ht

Path 12
  From: FIC_0_PERIPHERALS_0/security_core_0/hash_core/t_Z[5]:CLK
  To:   FIC_0_PERIPHERALS_0/security_core_0/hash_core/a[31]:D
  Delay (ns):              7.381
  Slack (ns):              0.371
  Arrival (ns):           13.472
  Required (ns):          13.843
  Operating Conditions: slow_lv_ht

Path 13
  From: FIC_0_PERIPHERALS_0/security_core_0/hash_core/f[4]:CLK
  To:   FIC_0_PERIPHERALS_0/security_core_0/hash_core/a[29]:D
  Delay (ns):              7.399
  Slack (ns):              0.374
  Arrival (ns):           13.469
  Required (ns):          13.843
  Operating Conditions: slow_lv_ht

Path 14
  From: FIC_0_PERIPHERALS_0/security_core_0/hash_core/e[11]:CLK
  To:   FIC_0_PERIPHERALS_0/security_core_0/hash_core/a[29]:D
  Delay (ns):              7.382
  Slack (ns):              0.379
  Arrival (ns):           13.464
  Required (ns):          13.843
  Operating Conditions: slow_lv_ht

Path 15
  From: FIC_0_PERIPHERALS_0/security_core_0/hash_core/t_fast[2]:CLK
  To:   FIC_0_PERIPHERALS_0/security_core_0/hash_core/a[23]:D
  Delay (ns):              7.423
  Slack (ns):              0.390
  Arrival (ns):           13.514
  Required (ns):          13.904
  Operating Conditions: slow_lv_ht

Path 16
  From: FIC_0_PERIPHERALS_0/security_core_0/hash_core/e[2]:CLK
  To:   FIC_0_PERIPHERALS_0/security_core_0/hash_core/a[29]:D
  Delay (ns):              7.388
  Slack (ns):              0.397
  Arrival (ns):           13.446
  Required (ns):          13.843
  Operating Conditions: slow_lv_ht

Path 17
  From: FIC_0_PERIPHERALS_0/security_core_0/hash_core/t_fast[2]:CLK
  To:   FIC_0_PERIPHERALS_0/security_core_0/hash_core/a[24]:D
  Delay (ns):              7.402
  Slack (ns):              0.411
  Arrival (ns):           13.493
  Required (ns):          13.904
  Operating Conditions: slow_lv_ht

Path 18
  From: FIC_0_PERIPHERALS_0/security_core_0/hash_core/t_Z[4]:CLK
  To:   FIC_0_PERIPHERALS_0/security_core_0/hash_core/a[23]:D
  Delay (ns):              7.401
  Slack (ns):              0.412
  Arrival (ns):           13.492
  Required (ns):          13.904
  Operating Conditions: slow_lv_ht

Path 19
  From: FIC_0_PERIPHERALS_0/security_core_0/hash_core/e[6]:CLK
  To:   FIC_0_PERIPHERALS_0/security_core_0/hash_core/a[29]:D
  Delay (ns):              7.360
  Slack (ns):              0.413
  Arrival (ns):           13.430
  Required (ns):          13.843
  Operating Conditions: slow_lv_ht

Path 20
  From: FIC_0_PERIPHERALS_0/security_core_0/hash_core/t_Z[5]:CLK
  To:   FIC_0_PERIPHERALS_0/security_core_0/hash_core/a[23]:D
  Delay (ns):              7.398
  Slack (ns):              0.415
  Arrival (ns):           13.489
  Required (ns):          13.904
  Operating Conditions: slow_lv_ht

Path 21
  From: FIC_0_PERIPHERALS_0/security_core_0/hash_core/g[3]:CLK
  To:   FIC_0_PERIPHERALS_0/security_core_0/hash_core/a[29]:D
  Delay (ns):              7.353
  Slack (ns):              0.416
  Arrival (ns):           13.427
  Required (ns):          13.843
  Operating Conditions: slow_lv_ht

Path 22
  From: FIC_0_PERIPHERALS_0/security_core_0/hash_core/e[4]:CLK
  To:   FIC_0_PERIPHERALS_0/security_core_0/hash_core/a[29]:D
  Delay (ns):              7.354
  Slack (ns):              0.419
  Arrival (ns):           13.424
  Required (ns):          13.843
  Operating Conditions: slow_lv_ht

Path 23
  From: FIC_0_PERIPHERALS_0/security_core_0/hash_core/t_fast[1]:CLK
  To:   FIC_0_PERIPHERALS_0/security_core_0/hash_core/a[23]:D
  Delay (ns):              7.388
  Slack (ns):              0.425
  Arrival (ns):           13.479
  Required (ns):          13.904
  Operating Conditions: slow_lv_ht

Path 24
  From: FIC_0_PERIPHERALS_0/security_core_0/hash_core/t_fast[2]:CLK
  To:   FIC_0_PERIPHERALS_0/security_core_0/hash_core/a[30]:D
  Delay (ns):              7.322
  Slack (ns):              0.430
  Arrival (ns):           13.413
  Required (ns):          13.843
  Operating Conditions: slow_lv_ht

Path 25
  From: FIC_0_PERIPHERALS_0/security_core_0/hash_core/t_Z[4]:CLK
  To:   FIC_0_PERIPHERALS_0/security_core_0/hash_core/a[24]:D
  Delay (ns):              7.380
  Slack (ns):              0.433
  Arrival (ns):           13.471
  Required (ns):          13.904
  Operating Conditions: slow_lv_ht

Path 26
  From: FIC_0_PERIPHERALS_0/security_core_0/hash_core/t_fast[2]:CLK
  To:   FIC_0_PERIPHERALS_0/security_core_0/hash_core/a[25]:D
  Delay (ns):              7.377
  Slack (ns):              0.436
  Arrival (ns):           13.468
  Required (ns):          13.904
  Operating Conditions: slow_lv_ht

Path 27
  From: FIC_0_PERIPHERALS_0/security_core_0/hash_core/t_Z[5]:CLK
  To:   FIC_0_PERIPHERALS_0/security_core_0/hash_core/a[24]:D
  Delay (ns):              7.377
  Slack (ns):              0.436
  Arrival (ns):           13.468
  Required (ns):          13.904
  Operating Conditions: slow_lv_ht

Path 28
  From: FIC_0_PERIPHERALS_0/security_core_0/hash_core/t_fast[1]:CLK
  To:   FIC_0_PERIPHERALS_0/security_core_0/hash_core/a[30]:D
  Delay (ns):              7.314
  Slack (ns):              0.438
  Arrival (ns):           13.405
  Required (ns):          13.843
  Operating Conditions: slow_lv_ht

Path 29
  From: FIC_0_PERIPHERALS_0/security_core_0/hash_core/e[9]:CLK
  To:   FIC_0_PERIPHERALS_0/security_core_0/hash_core/a[29]:D
  Delay (ns):              7.305
  Slack (ns):              0.438
  Arrival (ns):           13.405
  Required (ns):          13.843
  Operating Conditions: slow_lv_ht

Path 30
  From: FIC_0_PERIPHERALS_0/security_core_0/hash_core/t_fast[1]:CLK
  To:   FIC_0_PERIPHERALS_0/security_core_0/hash_core/a[24]:D
  Delay (ns):              7.367
  Slack (ns):              0.446
  Arrival (ns):           13.458
  Required (ns):          13.904
  Operating Conditions: slow_lv_ht

Path 31
  From: FIC_0_PERIPHERALS_0/security_core_0/hash_core/f[2]:CLK
  To:   FIC_0_PERIPHERALS_0/security_core_0/hash_core/a[29]:D
  Delay (ns):              7.318
  Slack (ns):              0.448
  Arrival (ns):           13.395
  Required (ns):          13.843
  Operating Conditions: slow_lv_ht

Path 32
  From: FIC_0_PERIPHERALS_0/security_core_0/hash_core/t_fast[2]:CLK
  To:   FIC_0_PERIPHERALS_0/security_core_0/hash_core/a[26]:D
  Delay (ns):              7.364
  Slack (ns):              0.449
  Arrival (ns):           13.455
  Required (ns):          13.904
  Operating Conditions: slow_lv_ht

Path 33
  From: FIC_0_PERIPHERALS_0/security_core_0/hash_core/g[11]:CLK
  To:   FIC_0_PERIPHERALS_0/security_core_0/hash_core/a[29]:D
  Delay (ns):              7.311
  Slack (ns):              0.449
  Arrival (ns):           13.394
  Required (ns):          13.843
  Operating Conditions: slow_lv_ht

Path 34
  From: FIC_0_PERIPHERALS_0/security_core_0/hash_core/g[0]:CLK
  To:   FIC_0_PERIPHERALS_0/security_core_0/hash_core/a[29]:D
  Delay (ns):              7.312
  Slack (ns):              0.450
  Arrival (ns):           13.393
  Required (ns):          13.843
  Operating Conditions: slow_lv_ht

Path 35
  From: FIC_0_PERIPHERALS_0/security_core_0/hash_core/t_Z[4]:CLK
  To:   FIC_0_PERIPHERALS_0/security_core_0/hash_core/a[30]:D
  Delay (ns):              7.300
  Slack (ns):              0.452
  Arrival (ns):           13.391
  Required (ns):          13.843
  Operating Conditions: slow_lv_ht

Path 36
  From: FIC_0_PERIPHERALS_0/security_core_0/hash_core/t_Z[5]:CLK
  To:   FIC_0_PERIPHERALS_0/security_core_0/hash_core/a[30]:D
  Delay (ns):              7.297
  Slack (ns):              0.455
  Arrival (ns):           13.388
  Required (ns):          13.843
  Operating Conditions: slow_lv_ht

Path 37
  From: FIC_0_PERIPHERALS_0/security_core_0/hash_core/t_Z[4]:CLK
  To:   FIC_0_PERIPHERALS_0/security_core_0/hash_core/a[25]:D
  Delay (ns):              7.355
  Slack (ns):              0.458
  Arrival (ns):           13.446
  Required (ns):          13.904
  Operating Conditions: slow_lv_ht

Path 38
  From: FIC_0_PERIPHERALS_0/security_core_0/hash_core/t_fast[2]:CLK
  To:   FIC_0_PERIPHERALS_0/security_core_0/hash_core/a[28]:D
  Delay (ns):              7.359
  Slack (ns):              0.460
  Arrival (ns):           13.450
  Required (ns):          13.910
  Operating Conditions: slow_lv_ht

Path 39
  From: FIC_0_PERIPHERALS_0/security_core_0/hash_core/t_Z[5]:CLK
  To:   FIC_0_PERIPHERALS_0/security_core_0/hash_core/a[25]:D
  Delay (ns):              7.352
  Slack (ns):              0.461
  Arrival (ns):           13.443
  Required (ns):          13.904
  Operating Conditions: slow_lv_ht

Path 40
  From: FIC_0_PERIPHERALS_0/security_core_0/hash_core/g[2]:CLK
  To:   FIC_0_PERIPHERALS_0/security_core_0/hash_core/a[29]:D
  Delay (ns):              7.303
  Slack (ns):              0.463
  Arrival (ns):           13.380
  Required (ns):          13.843
  Operating Conditions: slow_lv_ht

Path 41
  From: FIC_0_PERIPHERALS_0/security_core_0/hash_core/t_Z[3]:CLK
  To:   FIC_0_PERIPHERALS_0/security_core_0/hash_core/a[31]:D
  Delay (ns):              7.272
  Slack (ns):              0.466
  Arrival (ns):           13.377
  Required (ns):          13.843
  Operating Conditions: slow_lv_ht

Path 42
  From: FIC_0_PERIPHERALS_0/security_core_0/hash_core/f[3]:CLK
  To:   FIC_0_PERIPHERALS_0/security_core_0/hash_core/a[29]:D
  Delay (ns):              7.303
  Slack (ns):              0.466
  Arrival (ns):           13.377
  Required (ns):          13.843
  Operating Conditions: slow_lv_ht

Path 43
  From: FIC_0_PERIPHERALS_0/security_core_0/hash_core/t_fast[1]:CLK
  To:   FIC_0_PERIPHERALS_0/security_core_0/hash_core/a[25]:D
  Delay (ns):              7.342
  Slack (ns):              0.471
  Arrival (ns):           13.433
  Required (ns):          13.904
  Operating Conditions: slow_lv_ht

Path 44
  From: FIC_0_PERIPHERALS_0/security_core_0/hash_core/t_Z[4]:CLK
  To:   FIC_0_PERIPHERALS_0/security_core_0/hash_core/a[26]:D
  Delay (ns):              7.342
  Slack (ns):              0.471
  Arrival (ns):           13.433
  Required (ns):          13.904
  Operating Conditions: slow_lv_ht

Path 45
  From: FIC_0_PERIPHERALS_0/security_core_0/hash_core/t_fast[2]:CLK
  To:   FIC_0_PERIPHERALS_0/security_core_0/hash_core/a[27]:D
  Delay (ns):              7.340
  Slack (ns):              0.473
  Arrival (ns):           13.431
  Required (ns):          13.904
  Operating Conditions: slow_lv_ht

Path 46
  From: FIC_0_PERIPHERALS_0/security_core_0/hash_core/t_Z[5]:CLK
  To:   FIC_0_PERIPHERALS_0/security_core_0/hash_core/a[26]:D
  Delay (ns):              7.339
  Slack (ns):              0.474
  Arrival (ns):           13.430
  Required (ns):          13.904
  Operating Conditions: slow_lv_ht

Path 47
  From: FIC_0_PERIPHERALS_0/security_core_0/hash_core/t_Z[4]:CLK
  To:   FIC_0_PERIPHERALS_0/security_core_0/hash_core/a[28]:D
  Delay (ns):              7.337
  Slack (ns):              0.482
  Arrival (ns):           13.428
  Required (ns):          13.910
  Operating Conditions: slow_lv_ht

Path 48
  From: FIC_0_PERIPHERALS_0/security_core_0/hash_core/t_fast[1]:CLK
  To:   FIC_0_PERIPHERALS_0/security_core_0/hash_core/a[26]:D
  Delay (ns):              7.329
  Slack (ns):              0.484
  Arrival (ns):           13.420
  Required (ns):          13.904
  Operating Conditions: slow_lv_ht

Path 49
  From: FIC_0_PERIPHERALS_0/security_core_0/hash_core/t_Z[5]:CLK
  To:   FIC_0_PERIPHERALS_0/security_core_0/hash_core/a[28]:D
  Delay (ns):              7.334
  Slack (ns):              0.485
  Arrival (ns):           13.425
  Required (ns):          13.910
  Operating Conditions: slow_lv_ht

Path 50
  From: FIC_0_PERIPHERALS_0/security_core_0/hash_core/t_fast[1]:CLK
  To:   FIC_0_PERIPHERALS_0/security_core_0/hash_core/a[28]:D
  Delay (ns):              7.324
  Slack (ns):              0.495
  Arrival (ns):           13.415
  Required (ns):          13.910
  Operating Conditions: slow_lv_ht

Path 51
  From: FIC_0_PERIPHERALS_0/security_core_0/hash_core/t_Z[4]:CLK
  To:   FIC_0_PERIPHERALS_0/security_core_0/hash_core/a[27]:D
  Delay (ns):              7.318
  Slack (ns):              0.495
  Arrival (ns):           13.409
  Required (ns):          13.904
  Operating Conditions: slow_lv_ht

Path 52
  From: FIC_0_PERIPHERALS_0/security_core_0/hash_core/t_Z[5]:CLK
  To:   FIC_0_PERIPHERALS_0/security_core_0/hash_core/a[27]:D
  Delay (ns):              7.315
  Slack (ns):              0.498
  Arrival (ns):           13.406
  Required (ns):          13.904
  Operating Conditions: slow_lv_ht

Path 53
  From: FIC_0_PERIPHERALS_0/security_core_0/hash_core/t_fast[1]:CLK
  To:   FIC_0_PERIPHERALS_0/security_core_0/hash_core/a[27]:D
  Delay (ns):              7.305
  Slack (ns):              0.508
  Arrival (ns):           13.396
  Required (ns):          13.904
  Operating Conditions: slow_lv_ht

Path 54
  From: FIC_0_PERIPHERALS_0/security_core_0/hash_core/f[9]:CLK
  To:   FIC_0_PERIPHERALS_0/security_core_0/hash_core/a[29]:D
  Delay (ns):              7.234
  Slack (ns):              0.508
  Arrival (ns):           13.335
  Required (ns):          13.843
  Operating Conditions: slow_lv_ht

Path 55
  From: FIC_0_PERIPHERALS_0/security_core_0/hash_core/f[11]:CLK
  To:   FIC_0_PERIPHERALS_0/security_core_0/hash_core/a[29]:D
  Delay (ns):              7.246
  Slack (ns):              0.514
  Arrival (ns):           13.329
  Required (ns):          13.843
  Operating Conditions: slow_lv_ht

Path 56
  From: FIC_0_PERIPHERALS_0/security_core_0/hash_core/t_fast[2]:CLK
  To:   FIC_0_PERIPHERALS_0/security_core_0/hash_core/a[19]:D
  Delay (ns):              7.290
  Slack (ns):              0.519
  Arrival (ns):           13.381
  Required (ns):          13.900
  Operating Conditions: slow_lv_ht

Path 57
  From: FIC_0_PERIPHERALS_0/security_core_0/hash_core/g[5]:CLK
  To:   FIC_0_PERIPHERALS_0/security_core_0/hash_core/a[29]:D
  Delay (ns):              7.254
  Slack (ns):              0.525
  Arrival (ns):           13.318
  Required (ns):          13.843
  Operating Conditions: slow_lv_ht

Path 58
  From: FIC_0_PERIPHERALS_0/security_core_0/hash_core/t_fast[2]:CLK
  To:   FIC_0_PERIPHERALS_0/security_core_0/hash_core/a[20]:D
  Delay (ns):              7.276
  Slack (ns):              0.533
  Arrival (ns):           13.367
  Required (ns):          13.900
  Operating Conditions: slow_lv_ht

Path 59
  From: FIC_0_PERIPHERALS_0/security_core_0/hash_core/e[3]:CLK
  To:   FIC_0_PERIPHERALS_0/security_core_0/hash_core/a[29]:D
  Delay (ns):              7.236
  Slack (ns):              0.534
  Arrival (ns):           13.309
  Required (ns):          13.843
  Operating Conditions: slow_lv_ht

Path 60
  From: FIC_0_PERIPHERALS_0/security_core_0/hash_core/t_fast[2]:CLK
  To:   FIC_0_PERIPHERALS_0/security_core_0/hash_core/e[27]:D
  Delay (ns):              7.215
  Slack (ns):              0.541
  Arrival (ns):           13.306
  Required (ns):          13.847
  Operating Conditions: slow_lv_ht

Path 61
  From: FIC_0_PERIPHERALS_0/security_core_0/hash_core/t_Z[4]:CLK
  To:   FIC_0_PERIPHERALS_0/security_core_0/hash_core/a[19]:D
  Delay (ns):              7.268
  Slack (ns):              0.541
  Arrival (ns):           13.359
  Required (ns):          13.900
  Operating Conditions: slow_lv_ht

Path 62
  From: FIC_0_PERIPHERALS_0/security_core_0/hash_core/t_Z[5]:CLK
  To:   FIC_0_PERIPHERALS_0/security_core_0/hash_core/a[19]:D
  Delay (ns):              7.265
  Slack (ns):              0.544
  Arrival (ns):           13.356
  Required (ns):          13.900
  Operating Conditions: slow_lv_ht

Path 63
  From: FIC_0_PERIPHERALS_0/security_core_0/hash_core/t_Z[3]:CLK
  To:   FIC_0_PERIPHERALS_0/security_core_0/hash_core/a[30]:D
  Delay (ns):              7.188
  Slack (ns):              0.550
  Arrival (ns):           13.293
  Required (ns):          13.843
  Operating Conditions: slow_lv_ht

Path 64
  From: FIC_0_PERIPHERALS_0/security_core_0/hash_core/t_fast[1]:CLK
  To:   FIC_0_PERIPHERALS_0/security_core_0/hash_core/a[19]:D
  Delay (ns):              7.255
  Slack (ns):              0.554
  Arrival (ns):           13.346
  Required (ns):          13.900
  Operating Conditions: slow_lv_ht

Path 65
  From: FIC_0_PERIPHERALS_0/security_core_0/hash_core/t_Z[4]:CLK
  To:   FIC_0_PERIPHERALS_0/security_core_0/hash_core/a[20]:D
  Delay (ns):              7.254
  Slack (ns):              0.555
  Arrival (ns):           13.345
  Required (ns):          13.900
  Operating Conditions: slow_lv_ht

Path 66
  From: FIC_0_PERIPHERALS_0/security_core_0/hash_core/e[5]:CLK
  To:   FIC_0_PERIPHERALS_0/security_core_0/hash_core/a[29]:D
  Delay (ns):              7.229
  Slack (ns):              0.557
  Arrival (ns):           13.286
  Required (ns):          13.843
  Operating Conditions: slow_lv_ht

Path 67
  From: FIC_0_PERIPHERALS_0/security_core_0/hash_core/t_Z[5]:CLK
  To:   FIC_0_PERIPHERALS_0/security_core_0/hash_core/a[20]:D
  Delay (ns):              7.251
  Slack (ns):              0.558
  Arrival (ns):           13.342
  Required (ns):          13.900
  Operating Conditions: slow_lv_ht

Path 68
  From: FIC_0_PERIPHERALS_0/security_core_0/hash_core/t_Z[3]:CLK
  To:   FIC_0_PERIPHERALS_0/security_core_0/hash_core/a[23]:D
  Delay (ns):              7.239
  Slack (ns):              0.560
  Arrival (ns):           13.344
  Required (ns):          13.904
  Operating Conditions: slow_lv_ht

Path 69
  From: FIC_0_PERIPHERALS_0/security_core_0/hash_core/t_fast[1]:CLK
  To:   FIC_0_PERIPHERALS_0/security_core_0/hash_core/a[20]:D
  Delay (ns):              7.241
  Slack (ns):              0.568
  Arrival (ns):           13.332
  Required (ns):          13.900
  Operating Conditions: slow_lv_ht

Path 70
  From: FIC_0_PERIPHERALS_0/security_core_0/hash_core/e[14]:CLK
  To:   FIC_0_PERIPHERALS_0/security_core_0/hash_core/a[29]:D
  Delay (ns):              7.207
  Slack (ns):              0.573
  Arrival (ns):           13.270
  Required (ns):          13.843
  Operating Conditions: slow_lv_ht

Path 71
  From: FIC_0_PERIPHERALS_0/security_core_0/hash_core/t_fast[2]:CLK
  To:   FIC_0_PERIPHERALS_0/security_core_0/hash_core/a[22]:D
  Delay (ns):              7.247
  Slack (ns):              0.574
  Arrival (ns):           13.338
  Required (ns):          13.912
  Operating Conditions: slow_lv_ht

Path 72
  From: FIC_0_PERIPHERALS_0/security_core_0/hash_core/g[9]:CLK
  To:   FIC_0_PERIPHERALS_0/security_core_0/hash_core/a[29]:D
  Delay (ns):              7.168
  Slack (ns):              0.574
  Arrival (ns):           13.269
  Required (ns):          13.843
  Operating Conditions: slow_lv_ht

Path 73
  From: FIC_0_PERIPHERALS_0/security_core_0/hash_core/f[0]:CLK
  To:   FIC_0_PERIPHERALS_0/security_core_0/hash_core/a[31]:D
  Delay (ns):              7.188
  Slack (ns):              0.574
  Arrival (ns):           13.269
  Required (ns):          13.843
  Operating Conditions: slow_lv_ht

Path 74
  From: FIC_0_PERIPHERALS_0/security_core_0/hash_core/g[4]:CLK
  To:   FIC_0_PERIPHERALS_0/security_core_0/hash_core/a[31]:D
  Delay (ns):              7.198
  Slack (ns):              0.576
  Arrival (ns):           13.267
  Required (ns):          13.843
  Operating Conditions: slow_lv_ht

Path 75
  From: FIC_0_PERIPHERALS_0/security_core_0/hash_core/f[6]:CLK
  To:   FIC_0_PERIPHERALS_0/security_core_0/hash_core/a[29]:D
  Delay (ns):              7.197
  Slack (ns):              0.576
  Arrival (ns):           13.267
  Required (ns):          13.843
  Operating Conditions: slow_lv_ht

Path 76
  From: FIC_0_PERIPHERALS_0/security_core_0/hash_core/t_Z[3]:CLK
  To:   FIC_0_PERIPHERALS_0/security_core_0/hash_core/a[24]:D
  Delay (ns):              7.218
  Slack (ns):              0.581
  Arrival (ns):           13.323
  Required (ns):          13.904
  Operating Conditions: slow_lv_ht

Path 77
  From: FIC_0_PERIPHERALS_0/security_core_0/hash_core/e[8]:CLK
  To:   FIC_0_PERIPHERALS_0/security_core_0/hash_core/a[29]:D
  Delay (ns):              7.199
  Slack (ns):              0.581
  Arrival (ns):           13.262
  Required (ns):          13.843
  Operating Conditions: slow_lv_ht

Path 78
  From: FIC_0_PERIPHERALS_0/security_core_0/hash_core/e[11]:CLK
  To:   FIC_0_PERIPHERALS_0/security_core_0/hash_core/a[31]:D
  Delay (ns):              7.174
  Slack (ns):              0.587
  Arrival (ns):           13.256
  Required (ns):          13.843
  Operating Conditions: slow_lv_ht

Path 79
  From: FIC_0_PERIPHERALS_0/security_core_0/hash_core/f[5]:CLK
  To:   FIC_0_PERIPHERALS_0/security_core_0/hash_core/a[29]:D
  Delay (ns):              7.187
  Slack (ns):              0.592
  Arrival (ns):           13.251
  Required (ns):          13.843
  Operating Conditions: slow_lv_ht

Path 80
  From: FIC_0_PERIPHERALS_0/security_core_0/hash_core/e[17]:CLK
  To:   FIC_0_PERIPHERALS_0/security_core_0/hash_core/a[29]:D
  Delay (ns):              7.179
  Slack (ns):              0.593
  Arrival (ns):           13.250
  Required (ns):          13.843
  Operating Conditions: slow_lv_ht

Path 81
  From: FIC_0_PERIPHERALS_0/security_core_0/hash_core/t_Z[4]:CLK
  To:   FIC_0_PERIPHERALS_0/security_core_0/hash_core/a[22]:D
  Delay (ns):              7.225
  Slack (ns):              0.596
  Arrival (ns):           13.316
  Required (ns):          13.912
  Operating Conditions: slow_lv_ht

Path 82
  From: FIC_0_PERIPHERALS_0/security_core_0/hash_core/t_Z[5]:CLK
  To:   FIC_0_PERIPHERALS_0/security_core_0/hash_core/a[22]:D
  Delay (ns):              7.222
  Slack (ns):              0.599
  Arrival (ns):           13.313
  Required (ns):          13.912
  Operating Conditions: slow_lv_ht

Path 83
  From: FIC_0_PERIPHERALS_0/security_core_0/hash_core/f[8]:CLK
  To:   FIC_0_PERIPHERALS_0/security_core_0/hash_core/a[29]:D
  Delay (ns):              7.181
  Slack (ns):              0.599
  Arrival (ns):           13.244
  Required (ns):          13.843
  Operating Conditions: slow_lv_ht

Path 84
  From: FIC_0_PERIPHERALS_0/security_core_0/hash_core/f[12]:CLK
  To:   FIC_0_PERIPHERALS_0/security_core_0/hash_core/a[29]:D
  Delay (ns):              7.174
  Slack (ns):              0.599
  Arrival (ns):           13.244
  Required (ns):          13.843
  Operating Conditions: slow_lv_ht

Path 85
  From: FIC_0_PERIPHERALS_0/security_core_0/hash_core/t_fast[2]:CLK
  To:   FIC_0_PERIPHERALS_0/security_core_0/hash_core/e[29]:D
  Delay (ns):              7.132
  Slack (ns):              0.600
  Arrival (ns):           13.223
  Required (ns):          13.823
  Operating Conditions: slow_lv_ht

Path 86
  From: FIC_0_PERIPHERALS_0/security_core_0/hash_core/f[0]:CLK
  To:   FIC_0_PERIPHERALS_0/security_core_0/hash_core/a[24]:D
  Delay (ns):              7.180
  Slack (ns):              0.600
  Arrival (ns):           13.261
  Required (ns):          13.861
  Operating Conditions: slow_lv_ht

Path 87
  From: FIC_0_PERIPHERALS_0/security_core_0/hash_core/e[12]:CLK
  To:   FIC_0_PERIPHERALS_0/security_core_0/hash_core/a[29]:D
  Delay (ns):              7.172
  Slack (ns):              0.601
  Arrival (ns):           13.242
  Required (ns):          13.843
  Operating Conditions: slow_lv_ht

Path 88
  From: FIC_0_PERIPHERALS_0/security_core_0/hash_core/g[4]:CLK
  To:   FIC_0_PERIPHERALS_0/security_core_0/hash_core/a[24]:D
  Delay (ns):              7.190
  Slack (ns):              0.602
  Arrival (ns):           13.259
  Required (ns):          13.861
  Operating Conditions: slow_lv_ht

Path 89
  From: FIC_0_PERIPHERALS_0/security_core_0/hash_core/t_fast[1]:CLK
  To:   FIC_0_PERIPHERALS_0/security_core_0/hash_core/e[27]:D
  Delay (ns):              7.152
  Slack (ns):              0.604
  Arrival (ns):           13.243
  Required (ns):          13.847
  Operating Conditions: slow_lv_ht

Path 90
  From: FIC_0_PERIPHERALS_0/security_core_0/hash_core/g[12]:CLK
  To:   FIC_0_PERIPHERALS_0/security_core_0/hash_core/a[29]:D
  Delay (ns):              7.169
  Slack (ns):              0.604
  Arrival (ns):           13.239
  Required (ns):          13.843
  Operating Conditions: slow_lv_ht

Path 91
  From: FIC_0_PERIPHERALS_0/security_core_0/hash_core/t_Z[3]:CLK
  To:   FIC_0_PERIPHERALS_0/security_core_0/hash_core/a[25]:D
  Delay (ns):              7.193
  Slack (ns):              0.606
  Arrival (ns):           13.298
  Required (ns):          13.904
  Operating Conditions: slow_lv_ht

Path 92
  From: FIC_0_PERIPHERALS_0/security_core_0/hash_core/t_fast[1]:CLK
  To:   FIC_0_PERIPHERALS_0/security_core_0/hash_core/a[22]:D
  Delay (ns):              7.212
  Slack (ns):              0.609
  Arrival (ns):           13.303
  Required (ns):          13.912
  Operating Conditions: slow_lv_ht

Path 93
  From: FIC_0_PERIPHERALS_0/security_core_0/hash_core/e[1]:CLK
  To:   FIC_0_PERIPHERALS_0/security_core_0/hash_core/a[29]:D
  Delay (ns):              7.157
  Slack (ns):              0.609
  Arrival (ns):           13.234
  Required (ns):          13.843
  Operating Conditions: slow_lv_ht

Path 94
  From: FIC_0_PERIPHERALS_0/security_core_0/hash_core/t_Z[4]:CLK
  To:   FIC_0_PERIPHERALS_0/security_core_0/hash_core/e[27]:D
  Delay (ns):              7.144
  Slack (ns):              0.612
  Arrival (ns):           13.235
  Required (ns):          13.847
  Operating Conditions: slow_lv_ht

Path 95
  From: FIC_0_PERIPHERALS_0/security_core_0/hash_core/t_Z[5]:CLK
  To:   FIC_0_PERIPHERALS_0/security_core_0/hash_core/e[27]:D
  Delay (ns):              7.141
  Slack (ns):              0.615
  Arrival (ns):           13.232
  Required (ns):          13.847
  Operating Conditions: slow_lv_ht

Path 96
  From: FIC_0_PERIPHERALS_0/security_core_0/hash_core/f[0]:CLK
  To:   FIC_0_PERIPHERALS_0/security_core_0/hash_core/a[23]:D
  Delay (ns):              7.164
  Slack (ns):              0.616
  Arrival (ns):           13.245
  Required (ns):          13.861
  Operating Conditions: slow_lv_ht

Path 97
  From: FIC_0_PERIPHERALS_0/security_core_0/hash_core/t_Z[3]:CLK
  To:   FIC_0_PERIPHERALS_0/security_core_0/hash_core/a[28]:D
  Delay (ns):              7.188
  Slack (ns):              0.617
  Arrival (ns):           13.293
  Required (ns):          13.910
  Operating Conditions: slow_lv_ht

Path 98
  From: FIC_0_PERIPHERALS_0/security_core_0/hash_core/t_Z[3]:CLK
  To:   FIC_0_PERIPHERALS_0/security_core_0/hash_core/a[26]:D
  Delay (ns):              7.180
  Slack (ns):              0.619
  Arrival (ns):           13.285
  Required (ns):          13.904
  Operating Conditions: slow_lv_ht

Path 99
  From: FIC_0_PERIPHERALS_0/security_core_0/hash_core/h[2]:CLK
  To:   FIC_0_PERIPHERALS_0/security_core_0/hash_core/a[29]:D
  Delay (ns):              7.147
  Slack (ns):              0.619
  Arrival (ns):           13.224
  Required (ns):          13.843
  Operating Conditions: slow_lv_ht

Path 100
  From: FIC_0_PERIPHERALS_0/security_core_0/hash_core/e[0]:CLK
  To:   FIC_0_PERIPHERALS_0/security_core_0/hash_core/a[31]:D
  Delay (ns):              7.142
  Slack (ns):              0.620
  Arrival (ns):           13.223
  Required (ns):          13.843
  Operating Conditions: slow_lv_ht

