Timing Violation Report Min Delay Analysis

SmartTime Version 2025.2
Microchip Technology Inc. - Microchip Libero Software Release 2025.2 (Version 2025.2.0.14)
Date: Sat Apr  4 17:34:36 2026


Design: MPFS_DISCOVERY_KIT
Family: PolarFireSoC
Die: MPFS095T
Package: FCSG325
Temperature Range: 0 - 100 C
Voltage Range: 0.97 - 1.03 V
Speed Grade: -1
Design State: Post-Layout
Data source: Production
Multi Corner Report Operating Conditions: slow_lv_lt,fast_hv_lt,slow_lv_ht


Path 1
  From: FIC_0_PERIPHERALS_0/DMA_INITIATOR_inst_0/DMA_INITIATOR_0/SlvConvertor_loop[0].slvcnv/rgsl/genblk3.rrs/sDat[16]:CLK
  To:   FIC_0_PERIPHERALS_0/DMA_INITIATOR_inst_0/DMA_INITIATOR_0/MstConvertor_loop[0].mstrconv/rgsl/genblk3.rrs/holdDat[16]:D
  Delay (ns):              0.283
  Slack (ns):              0.027
  Arrival (ns):            5.746
  Required (ns):           5.719
  Operating Conditions: slow_lv_ht

Path 2
  From: FIC_0_PERIPHERALS_0/DMA_INITIATOR_inst_0/DMA_INITIATOR_0/SlvConvertor_loop[0].slvcnv/rgsl/genblk3.rrs/sDat[22]:CLK
  To:   FIC_0_PERIPHERALS_0/DMA_INITIATOR_inst_0/DMA_INITIATOR_0/MstConvertor_loop[0].mstrconv/rgsl/genblk3.rrs/holdDat[22]:D
  Delay (ns):              0.287
  Slack (ns):              0.031
  Arrival (ns):            5.750
  Required (ns):           5.719
  Operating Conditions: slow_lv_ht

Path 3
  From: FIC_0_PERIPHERALS_0/DMA_INITIATOR_inst_0/DMA_INITIATOR_0/SlvConvertor_loop[0].slvcnv/rgsl/genblk3.rrs/sDat[21]:CLK
  To:   FIC_0_PERIPHERALS_0/DMA_INITIATOR_inst_0/DMA_INITIATOR_0/MstConvertor_loop[0].mstrconv/rgsl/genblk3.rrs/holdDat[21]:D
  Delay (ns):              0.298
  Slack (ns):              0.046
  Arrival (ns):            5.537
  Required (ns):           5.491
  Operating Conditions: slow_lv_lt

Path 4
  From: FIC_0_PERIPHERALS_0/DMA_INITIATOR_inst_0/DMA_INITIATOR_0/SlvConvertor_loop[0].slvcnv/rgsl/genblk3.rrs/sDat[18]:CLK
  To:   FIC_0_PERIPHERALS_0/DMA_INITIATOR_inst_0/DMA_INITIATOR_0/MstConvertor_loop[0].mstrconv/rgsl/genblk3.rrs/holdDat[18]:D
  Delay (ns):              0.306
  Slack (ns):              0.054
  Arrival (ns):            5.545
  Required (ns):           5.491
  Operating Conditions: slow_lv_lt

Path 5
  From: FIC_0_PERIPHERALS_0/DMA_INITIATOR_inst_0/DMA_INITIATOR_0/MstConvertor_loop[0].mstrconv/rgsl/genblk4.wrs/sDat[20]:CLK
  To:   FIC_0_PERIPHERALS_0/DMA_INITIATOR_inst_0/DMA_INITIATOR_0/SlvConvertor_loop[0].slvcnv/rgsl/genblk4.wrs/holdDat[20]:D
  Delay (ns):              0.309
  Slack (ns):              0.057
  Arrival (ns):            5.549
  Required (ns):           5.492
  Operating Conditions: slow_lv_lt

Path 6
  From: FIC_0_PERIPHERALS_0/security_core_0/hash_block_15[12]:CLK
  To:   FIC_0_PERIPHERALS_0/security_core_0/hash_core/buffer[492]:D
  Delay (ns):              0.215
  Slack (ns):              0.066
  Arrival (ns):            5.470
  Required (ns):           5.404
  Operating Conditions: slow_lv_lt

Path 7
  From: FIC_0_PERIPHERALS_0/DMA_INITIATOR_inst_0/DMA_INITIATOR_0/MstConvertor_loop[0].mstrconv/mstrDWC/genblk1.MstUpConv/DWC_UpConv_preCalcAChannel_aw_inst/MASTER_AADDR_out[26]:CLK
  To:   FIC_0_PERIPHERALS_0/DMA_INITIATOR_inst_0/DMA_INITIATOR_0/MstConvertor_loop[0].mstrconv/mstrDWC/genblk1.MstUpConv/DWC_AWChan/SLAVE_AADDR[26]:D
  Delay (ns):              0.143
  Slack (ns):              0.066
  Arrival (ns):            3.800
  Required (ns):           3.734
  Operating Conditions: fast_hv_lt

Path 8
  From: FIC_3_PERIPHERALS_0/PWM/corepwm_C0_0/genblk3.corepwm_reg_if/psh_prescale_reg[31]:CLK
  To:   FIC_3_PERIPHERALS_0/PWM/corepwm_C0_0/genblk3.corepwm_reg_if/prescale_reg_Z[31]:D
  Delay (ns):              0.144
  Slack (ns):              0.067
  Arrival (ns):            4.222
  Required (ns):           4.155
  Operating Conditions: fast_hv_lt

Path 9
  From: FIC_3_PERIPHERALS_0/PWM/corepwm_C0_0/genblk3.corepwm_reg_if/psh_prescale_reg[13]:CLK
  To:   FIC_3_PERIPHERALS_0/PWM/corepwm_C0_0/genblk3.corepwm_reg_if/prescale_reg_Z[13]:D
  Delay (ns):              0.144
  Slack (ns):              0.067
  Arrival (ns):            4.199
  Required (ns):           4.132
  Operating Conditions: fast_hv_lt

Path 10
  From: FIC_0_PERIPHERALS_0/security_core_0/hash_block_15[2]:CLK
  To:   FIC_0_PERIPHERALS_0/security_core_0/hash_core/buffer[482]:D
  Delay (ns):              0.144
  Slack (ns):              0.067
  Arrival (ns):            3.827
  Required (ns):           3.760
  Operating Conditions: fast_hv_lt

Path 11
  From: FIC_0_PERIPHERALS_0/FIC0_INITIATOR_inst_0/FIC0_INITIATOR_0/SlvConvertor_loop[0].slvcnv/rgsl/genblk1.awrs/sDat[70]:CLK
  To:   FIC_0_PERIPHERALS_0/FIC0_INITIATOR_inst_0/FIC0_INITIATOR_0/SlvConvertor_loop[0].slvcnv/slvdwc/genblk1.DownConverter_inst/writeWidthConv/DWC_DownConv_preCalcCmdFifoWrCtrl_inst/MASTER_AID_out[1]:D
  Delay (ns):              0.269
  Slack (ns):              0.067
  Arrival (ns):            5.544
  Required (ns):           5.477
  Operating Conditions: slow_lv_lt

Path 12
  From: FIC_0_PERIPHERALS_0/DMA_INITIATOR_inst_0/DMA_INITIATOR_0/MstConvertor_loop[0].mstrconv/mstrDWC/genblk1.MstUpConv/DWC_UpConv_preCalcAChannel_aw_inst/MASTER_AADDR_out[14]:CLK
  To:   FIC_0_PERIPHERALS_0/DMA_INITIATOR_inst_0/DMA_INITIATOR_0/MstConvertor_loop[0].mstrconv/mstrDWC/genblk1.MstUpConv/DWC_AWChan/SLAVE_AADDR[14]:D
  Delay (ns):              0.144
  Slack (ns):              0.067
  Arrival (ns):            3.796
  Required (ns):           3.729
  Operating Conditions: fast_hv_lt

Path 13
  From: FIC_0_PERIPHERALS_0/security_core_0/hash_block_3[12]:CLK
  To:   FIC_0_PERIPHERALS_0/security_core_0/hash_block_4[12]:D
  Delay (ns):              0.146
  Slack (ns):              0.069
  Arrival (ns):            3.827
  Required (ns):           3.758
  Operating Conditions: fast_hv_lt

Path 14
  From: FIC_3_PERIPHERALS_0/PWM/corepwm_C0_0/genblk3.corepwm_reg_if/psh_period_reg[18]:CLK
  To:   FIC_3_PERIPHERALS_0/PWM/corepwm_C0_0/genblk3.corepwm_reg_if/period_reg_Z[18]:D
  Delay (ns):              0.219
  Slack (ns):              0.070
  Arrival (ns):            6.094
  Required (ns):           6.024
  Operating Conditions: slow_lv_lt

Path 15
  From: FIC_0_PERIPHERALS_0/security_core_0/hash_block_4[30]:CLK
  To:   FIC_0_PERIPHERALS_0/security_core_0/hash_block_5[30]:D
  Delay (ns):              0.148
  Slack (ns):              0.071
  Arrival (ns):            3.828
  Required (ns):           3.757
  Operating Conditions: fast_hv_lt

Path 16
  From: FIC_0_PERIPHERALS_0/FIC0_INITIATOR_inst_0/FIC0_INITIATOR_0/SlvConvertor_loop[0].slvcnv/slvdwc/genblk1.DownConverter_inst/readWidthConv/DWC_DownConv_preCalcCmdFifoWrCtrl_inst/sizeMax_pre_Z[1]:CLK
  To:   FIC_0_PERIPHERALS_0/FIC0_INITIATOR_inst_0/FIC0_INITIATOR_0/SlvConvertor_loop[0].slvcnv/slvdwc/genblk1.DownConverter_inst/readWidthConv/rdCmdFifoWriteCtrl/SizeMax_reg[1]:D
  Delay (ns):              0.148
  Slack (ns):              0.071
  Arrival (ns):            3.818
  Required (ns):           3.747
  Operating Conditions: fast_hv_lt

Path 17
  From: FIC_0_PERIPHERALS_0/DMA_INITIATOR_inst_0/DMA_INITIATOR_0/MstConvertor_loop[0].mstrconv/mstrDWC/genblk1.MstUpConv/DWC_UpConv_preCalcAChannel_aw_inst/MASTER_AADDR_out[19]:CLK
  To:   FIC_0_PERIPHERALS_0/DMA_INITIATOR_inst_0/DMA_INITIATOR_0/MstConvertor_loop[0].mstrconv/mstrDWC/genblk1.MstUpConv/DWC_AWChan/SLAVE_AADDR[19]:D
  Delay (ns):              0.145
  Slack (ns):              0.071
  Arrival (ns):            3.793
  Required (ns):           3.722
  Operating Conditions: fast_hv_lt

Path 18
  From: FIC_0_PERIPHERALS_0/DMA_CONTROLLER_inst_0/DMA_CONTROLLER_0/U_AXI4INITIATORDMACtrl/ARADDRReg[27]:CLK
  To:   FIC_0_PERIPHERALS_0/DMA_INITIATOR_inst_0/DMA_INITIATOR_0/MstConvertor_loop[0].mstrconv/mstrDWC/genblk1.MstUpConv/DWC_UpConv_preCalcAChannel_ar_inst/MASTER_AADDR_out[27]:D
  Delay (ns):              0.145
  Slack (ns):              0.071
  Arrival (ns):            3.811
  Required (ns):           3.740
  Operating Conditions: fast_hv_lt

Path 19
  From: CLOCKS_AND_RESETS_0/RESET_FIC_3_CLK/CORERESET_0/dff_8[0]:CLK
  To:   CLOCKS_AND_RESETS_0/RESET_FIC_3_CLK/CORERESET_0/dff_9[0]:D
  Delay (ns):              0.145
  Slack (ns):              0.071
  Arrival (ns):            4.196
  Required (ns):           4.125
  Operating Conditions: fast_hv_lt

Path 20
  From: FIC_3_PERIPHERALS_0/PWM/corepwm_C0_0/genblk3.corepwm_reg_if/psh_prescale_reg[19]:CLK
  To:   FIC_3_PERIPHERALS_0/PWM/corepwm_C0_0/genblk3.corepwm_reg_if/prescale_reg_Z[19]:D
  Delay (ns):              0.150
  Slack (ns):              0.072
  Arrival (ns):            4.223
  Required (ns):           4.151
  Operating Conditions: fast_hv_lt

Path 21
  From: FIC_0_PERIPHERALS_0/security_core_0/rng/neoTRNG_0/entropy_cell_gen.0.neoTRNG_cell_inst/sreg_2[0]:CLK
  To:   FIC_0_PERIPHERALS_0/security_core_0/rng/neoTRNG_0/entropy_cell_gen.0.neoTRNG_cell_inst/sreg_3[0]:D
  Delay (ns):              0.149
  Slack (ns):              0.072
  Arrival (ns):            3.807
  Required (ns):           3.735
  Operating Conditions: fast_hv_lt

Path 22
  From: FIC_0_PERIPHERALS_0/security_core_0/hash_block_9[25]:CLK
  To:   FIC_0_PERIPHERALS_0/security_core_0/hash_block_10[25]:D
  Delay (ns):              0.149
  Slack (ns):              0.072
  Arrival (ns):            3.828
  Required (ns):           3.756
  Operating Conditions: fast_hv_lt

Path 23
  From: FIC_0_PERIPHERALS_0/security_core_0/hash_block_5[31]:CLK
  To:   FIC_0_PERIPHERALS_0/security_core_0/hash_block_6[31]:D
  Delay (ns):              0.149
  Slack (ns):              0.072
  Arrival (ns):            3.803
  Required (ns):           3.731
  Operating Conditions: fast_hv_lt

Path 24
  From: FIC_0_PERIPHERALS_0/security_core_0/hash_block_5[17]:CLK
  To:   FIC_0_PERIPHERALS_0/security_core_0/hash_block_6[17]:D
  Delay (ns):              0.149
  Slack (ns):              0.072
  Arrival (ns):            3.807
  Required (ns):           3.735
  Operating Conditions: fast_hv_lt

Path 25
  From: FIC_0_PERIPHERALS_0/security_core_0/hash_block_3[14]:CLK
  To:   FIC_0_PERIPHERALS_0/security_core_0/hash_block_4[14]:D
  Delay (ns):              0.149
  Slack (ns):              0.072
  Arrival (ns):            3.810
  Required (ns):           3.738
  Operating Conditions: fast_hv_lt

Path 26
  From: FIC_0_PERIPHERALS_0/DMA_INITIATOR_inst_0/DMA_INITIATOR_0/MstConvertor_loop[0].mstrconv/mstrDWC/genblk1.MstUpConv/DWC_UpConv_preCalcAChannel_aw_inst/MASTER_AADDR_out[28]:CLK
  To:   FIC_0_PERIPHERALS_0/DMA_INITIATOR_inst_0/DMA_INITIATOR_0/MstConvertor_loop[0].mstrconv/mstrDWC/genblk1.MstUpConv/DWC_AWChan/SLAVE_AADDR[28]:D
  Delay (ns):              0.221
  Slack (ns):              0.072
  Arrival (ns):            5.467
  Required (ns):           5.395
  Operating Conditions: slow_lv_lt

Path 27
  From: FIC_0_PERIPHERALS_0/DMA_INITIATOR_inst_0/DMA_INITIATOR_0/MstConvertor_loop[0].mstrconv/mstrDWC/genblk1.MstUpConv/DWC_UpConv_preCalcAChannel_aw_inst/MASTER_AADDR_out[24]:CLK
  To:   FIC_0_PERIPHERALS_0/DMA_INITIATOR_inst_0/DMA_INITIATOR_0/MstConvertor_loop[0].mstrconv/mstrDWC/genblk1.MstUpConv/DWC_AWChan/SLAVE_AADDR[24]:D
  Delay (ns):              0.221
  Slack (ns):              0.072
  Arrival (ns):            5.467
  Required (ns):           5.395
  Operating Conditions: slow_lv_lt

Path 28
  From: FIC_0_PERIPHERALS_0/DMA_INITIATOR_inst_0/DMA_INITIATOR_0/MstConvertor_loop[0].mstrconv/mstrDWC/genblk1.MstUpConv/DWC_UpConv_preCalcAChannel_aw_inst/MASTER_AADDR_out[18]:CLK
  To:   FIC_0_PERIPHERALS_0/DMA_INITIATOR_inst_0/DMA_INITIATOR_0/MstConvertor_loop[0].mstrconv/mstrDWC/genblk1.MstUpConv/DWC_AWChan/SLAVE_AADDR[18]:D
  Delay (ns):              0.221
  Slack (ns):              0.072
  Arrival (ns):            5.464
  Required (ns):           5.392
  Operating Conditions: slow_lv_lt

Path 29
  From: FIC_3_PERIPHERALS_0/PWM/corepwm_C0_0/genblk3.corepwm_reg_if/psh_period_reg[7]:CLK
  To:   FIC_3_PERIPHERALS_0/PWM/corepwm_C0_0/genblk3.corepwm_reg_if/period_reg_Z[7]:D
  Delay (ns):              0.221
  Slack (ns):              0.073
  Arrival (ns):            6.096
  Required (ns):           6.023
  Operating Conditions: slow_lv_lt

Path 30
  From: FIC_0_PERIPHERALS_0/security_core_0/sbox/y_lo_r3[1][1]:CLK
  To:   FIC_0_PERIPHERALS_0/security_core_0/sbox/y_lo_r4[1][1]:D
  Delay (ns):              0.150
  Slack (ns):              0.073
  Arrival (ns):            3.800
  Required (ns):           3.727
  Operating Conditions: fast_hv_lt

Path 31
  From: FIC_0_PERIPHERALS_0/security_core_0/rng/trng_acc_0/seed_o_1[7]:CLK
  To:   FIC_0_PERIPHERALS_0/security_core_0/rng/trng_acc_0/seed_o_2[7]:D
  Delay (ns):              0.150
  Slack (ns):              0.073
  Arrival (ns):            3.804
  Required (ns):           3.731
  Operating Conditions: fast_hv_lt

Path 32
  From: FIC_0_PERIPHERALS_0/security_core_0/hash_block_6[24]:CLK
  To:   FIC_0_PERIPHERALS_0/security_core_0/hash_block_7[24]:D
  Delay (ns):              0.150
  Slack (ns):              0.073
  Arrival (ns):            3.810
  Required (ns):           3.737
  Operating Conditions: fast_hv_lt

Path 33
  From: FIC_0_PERIPHERALS_0/security_core_0/hash_block_11[19]:CLK
  To:   FIC_0_PERIPHERALS_0/security_core_0/hash_block_12[19]:D
  Delay (ns):              0.150
  Slack (ns):              0.073
  Arrival (ns):            3.813
  Required (ns):           3.740
  Operating Conditions: fast_hv_lt

Path 34
  From: FIC_0_PERIPHERALS_0/FIC0_INITIATOR_inst_0/FIC0_INITIATOR_0/SlvConvertor_loop[2].slvcnv/rgsl/genblk2.arrs/sDat[75]:CLK
  To:   FIC_0_PERIPHERALS_0/FIC0_INITIATOR_inst_0/FIC0_INITIATOR_0/SlvConvertor_loop[2].slvcnv/slvdwc/genblk1.DownConverter_inst/readWidthConv/DWC_DownConv_preCalcCmdFifoWrCtrl_inst/MASTER_AID_out[6]:D
  Delay (ns):              0.150
  Slack (ns):              0.073
  Arrival (ns):            3.813
  Required (ns):           3.740
  Operating Conditions: fast_hv_lt

Path 35
  From: FIC_0_PERIPHERALS_0/DMA_INITIATOR_inst_0/DMA_INITIATOR_0/MstConvertor_loop[0].mstrconv/mstrDWC/genblk1.MstUpConv/DWC_UpConv_preCalcAChannel_aw_inst/MASTER_AADDR_out[5]:CLK
  To:   FIC_0_PERIPHERALS_0/DMA_INITIATOR_inst_0/DMA_INITIATOR_0/MstConvertor_loop[0].mstrconv/mstrDWC/genblk1.MstUpConv/DWC_AWChan/SLAVE_AADDR[5]:D
  Delay (ns):              0.150
  Slack (ns):              0.073
  Arrival (ns):            3.802
  Required (ns):           3.729
  Operating Conditions: fast_hv_lt

Path 36
  From: FIC_0_PERIPHERALS_0/security_core_0/sbox/y_hi_r2[0][0]:CLK
  To:   FIC_0_PERIPHERALS_0/security_core_0/sbox/y_hi_r3[0][0]:D
  Delay (ns):              0.151
  Slack (ns):              0.074
  Arrival (ns):            3.796
  Required (ns):           3.722
  Operating Conditions: fast_hv_lt

Path 37
  From: FIC_0_PERIPHERALS_0/security_core_0/rng/neoTRNG_0/entropy_cell_gen.0.neoTRNG_cell_inst/sync[0]:CLK
  To:   FIC_0_PERIPHERALS_0/security_core_0/rng/neoTRNG_0/entropy_cell_gen.0.neoTRNG_cell_inst/sync[1]:D
  Delay (ns):              0.148
  Slack (ns):              0.074
  Arrival (ns):            3.810
  Required (ns):           3.736
  Operating Conditions: fast_hv_lt

Path 38
  From: FIC_0_PERIPHERALS_0/security_core_0/hash_block_10[3]:CLK
  To:   FIC_0_PERIPHERALS_0/security_core_0/hash_core/buffer[323]:D
  Delay (ns):              0.151
  Slack (ns):              0.074
  Arrival (ns):            3.817
  Required (ns):           3.743
  Operating Conditions: fast_hv_lt

Path 39
  From: FIC_0_PERIPHERALS_0/FIC0_INITIATOR_inst_0/FIC0_INITIATOR_0/SlvConvertor_loop[2].slvcnv/rgsl/genblk4.wrs/sDat[59]:CLK
  To:   FIC_0_PERIPHERALS_0/FIC0_INITIATOR_inst_0/FIC0_INITIATOR_0/SlvConvertor_loop[2].slvcnv/slvdwc/genblk1.DownConverter_inst/writeWidthConv/widthConvwr/MASTER_WDATA_reg[49]:D
  Delay (ns):              0.151
  Slack (ns):              0.074
  Arrival (ns):            3.813
  Required (ns):           3.739
  Operating Conditions: fast_hv_lt

Path 40
  From: FIC_0_PERIPHERALS_0/FIC0_INITIATOR_inst_0/FIC0_INITIATOR_0/SlvConvertor_loop[1].slvcnv/rgsl/genblk4.wrs/sDat[55]:CLK
  To:   FIC_0_PERIPHERALS_0/MSS_LSRAM_inst_0/COREAXI4SRAM_0/genblk1.genblk1.U_MSS_LSRAM_COREAXI4SRAM_0_CoreAXI4SRAM_MAINCTRL/genblk1.wdata_sc_r[45]:D
  Delay (ns):              0.151
  Slack (ns):              0.074
  Arrival (ns):            3.812
  Required (ns):           3.738
  Operating Conditions: fast_hv_lt

Path 41
  From: FIC_0_PERIPHERALS_0/FIC0_INITIATOR_inst_0/FIC0_INITIATOR_0/SlvConvertor_loop[0].slvcnv/slvdwc/genblk1.DownConverter_inst/readWidthConv/genblk1.caxi4interconnect_DWC_DownConv_Hold_Reg_Rd/DWC_DownConv_hold_data_out[32]:CLK
  To:   FIC_0_PERIPHERALS_0/FIC0_INITIATOR_inst_0/FIC0_INITIATOR_0/SlvConvertor_loop[0].slvcnv/slvdwc/genblk1.DownConverter_inst/readWidthConv/genblk1.widthConvrd/MASTER_RID[2]:D
  Delay (ns):              0.151
  Slack (ns):              0.074
  Arrival (ns):            3.794
  Required (ns):           3.720
  Operating Conditions: fast_hv_lt

Path 42
  From: FIC_0_PERIPHERALS_0/security_core_0/sbox/y_lo_r0[0][0]:CLK
  To:   FIC_0_PERIPHERALS_0/security_core_0/sbox/y_lo_r1[0][0]:D
  Delay (ns):              0.149
  Slack (ns):              0.075
  Arrival (ns):            3.812
  Required (ns):           3.737
  Operating Conditions: fast_hv_lt

Path 43
  From: FIC_0_PERIPHERALS_0/security_core_0/rng/neoTRNG_0/entropy_cell_gen.0.neoTRNG_cell_inst/sreg_4[0]:CLK
  To:   FIC_0_PERIPHERALS_0/security_core_0/rng/neoTRNG_0/entropy_cell_gen.1.neoTRNG_cell_inst/sreg_0[0]:D
  Delay (ns):              0.152
  Slack (ns):              0.075
  Arrival (ns):            3.810
  Required (ns):           3.735
  Operating Conditions: fast_hv_lt

Path 44
  From: FIC_0_PERIPHERALS_0/security_core_0/hash_block_7[15]:CLK
  To:   FIC_0_PERIPHERALS_0/security_core_0/hash_core/buffer[239]:D
  Delay (ns):              0.149
  Slack (ns):              0.075
  Arrival (ns):            3.821
  Required (ns):           3.746
  Operating Conditions: fast_hv_lt

Path 45
  From: FIC_0_PERIPHERALS_0/security_core_0/hash_block_13[23]:CLK
  To:   FIC_0_PERIPHERALS_0/security_core_0/hash_core/buffer[439]:D
  Delay (ns):              0.152
  Slack (ns):              0.075
  Arrival (ns):            3.809
  Required (ns):           3.734
  Operating Conditions: fast_hv_lt

Path 46
  From: FIC_0_PERIPHERALS_0/FIC0_INITIATOR_inst_0/FIC0_INITIATOR_0/SlvConvertor_loop[1].slvcnv/rgsl/genblk4.wrs/sDat[42]:CLK
  To:   FIC_0_PERIPHERALS_0/MSS_LSRAM_inst_0/COREAXI4SRAM_0/genblk1.genblk1.U_MSS_LSRAM_COREAXI4SRAM_0_CoreAXI4SRAM_MAINCTRL/genblk1.wdata_sc_r[32]:D
  Delay (ns):              0.224
  Slack (ns):              0.075
  Arrival (ns):            5.474
  Required (ns):           5.399
  Operating Conditions: slow_lv_lt

Path 47
  From: FIC_0_PERIPHERALS_0/DMA_INITIATOR_inst_0/DMA_INITIATOR_0/SlvConvertor_loop[0].slvcnv/rgsl/genblk3.rrs/sDat[31]:CLK
  To:   FIC_0_PERIPHERALS_0/DMA_INITIATOR_inst_0/DMA_INITIATOR_0/MstConvertor_loop[0].mstrconv/rgsl/genblk3.rrs/holdDat[31]:D
  Delay (ns):              0.152
  Slack (ns):              0.075
  Arrival (ns):            3.802
  Required (ns):           3.727
  Operating Conditions: fast_hv_lt

Path 48
  From: FIC_3_PERIPHERALS_0/SPI_FOR_7_SEG_0/SPI_FOR_7_SEG_0/USPI/UCC/resetn_rx_d1:CLK
  To:   FIC_3_PERIPHERALS_0/SPI_FOR_7_SEG_0/SPI_FOR_7_SEG_0/USPI/UCC/resetn_rx_d2:D
  Delay (ns):              0.153
  Slack (ns):              0.076
  Arrival (ns):            4.212
  Required (ns):           4.136
  Operating Conditions: fast_hv_lt

Path 49
  From: FIC_0_PERIPHERALS_0/security_core_0/sbox/y_hi_r0[1][0]:CLK
  To:   FIC_0_PERIPHERALS_0/security_core_0/sbox/y_hi_r1[1][0]:D
  Delay (ns):              0.150
  Slack (ns):              0.076
  Arrival (ns):            3.814
  Required (ns):           3.738
  Operating Conditions: fast_hv_lt

Path 50
  From: FIC_0_PERIPHERALS_0/security_core_0/rng/neoTRNG_0/entropy_cell_gen.1.neoTRNG_cell_inst/sreg_3[0]:CLK
  To:   FIC_0_PERIPHERALS_0/security_core_0/rng/neoTRNG_0/entropy_cell_gen.1.neoTRNG_cell_inst/sreg_4[0]:D
  Delay (ns):              0.153
  Slack (ns):              0.076
  Arrival (ns):            3.811
  Required (ns):           3.735
  Operating Conditions: fast_hv_lt

Path 51
  From: FIC_0_PERIPHERALS_0/security_core_0/hash_block_9[3]:CLK
  To:   FIC_0_PERIPHERALS_0/security_core_0/hash_block_10[3]:D
  Delay (ns):              0.153
  Slack (ns):              0.076
  Arrival (ns):            3.819
  Required (ns):           3.743
  Operating Conditions: fast_hv_lt

Path 52
  From: FIC_0_PERIPHERALS_0/security_core_0/hash_block_8[25]:CLK
  To:   FIC_0_PERIPHERALS_0/security_core_0/hash_block_9[25]:D
  Delay (ns):              0.154
  Slack (ns):              0.076
  Arrival (ns):            3.832
  Required (ns):           3.756
  Operating Conditions: fast_hv_lt

Path 53
  From: FIC_0_PERIPHERALS_0/security_core_0/hash_block_4[23]:CLK
  To:   FIC_0_PERIPHERALS_0/security_core_0/hash_block_5[23]:D
  Delay (ns):              0.150
  Slack (ns):              0.076
  Arrival (ns):            3.807
  Required (ns):           3.731
  Operating Conditions: fast_hv_lt

Path 54
  From: FIC_0_PERIPHERALS_0/security_core_0/hash_block_4[21]:CLK
  To:   FIC_0_PERIPHERALS_0/security_core_0/hash_block_5[21]:D
  Delay (ns):              0.150
  Slack (ns):              0.076
  Arrival (ns):            3.796
  Required (ns):           3.720
  Operating Conditions: fast_hv_lt

Path 55
  From: FIC_0_PERIPHERALS_0/security_core_0/hash_block_13[10]:CLK
  To:   FIC_0_PERIPHERALS_0/security_core_0/hash_core/buffer[426]:D
  Delay (ns):              0.150
  Slack (ns):              0.076
  Arrival (ns):            3.802
  Required (ns):           3.726
  Operating Conditions: fast_hv_lt

Path 56
  From: FIC_0_PERIPHERALS_0/security_core_0/hash_block_11[1]:CLK
  To:   FIC_0_PERIPHERALS_0/security_core_0/hash_core/buffer[353]:D
  Delay (ns):              0.150
  Slack (ns):              0.076
  Arrival (ns):            3.797
  Required (ns):           3.721
  Operating Conditions: fast_hv_lt

Path 57
  From: FIC_0_PERIPHERALS_0/DMA_CONTROLLER_inst_0/DMA_CONTROLLER_0/U_AXI4INITIATORDMACtrl/ARADDRReg[29]:CLK
  To:   FIC_0_PERIPHERALS_0/DMA_INITIATOR_inst_0/DMA_INITIATOR_0/MstConvertor_loop[0].mstrconv/mstrDWC/genblk1.MstUpConv/DWC_UpConv_preCalcAChannel_ar_inst/MASTER_AADDR_out[29]:D
  Delay (ns):              0.153
  Slack (ns):              0.076
  Arrival (ns):            3.814
  Required (ns):           3.738
  Operating Conditions: fast_hv_lt

Path 58
  From: CLOCKS_AND_RESETS_0/RESET_FIC_0_CLK/CORERESET_0/dff_2[0]:CLK
  To:   CLOCKS_AND_RESETS_0/RESET_FIC_0_CLK/CORERESET_0/dff_3[0]:D
  Delay (ns):              0.144
  Slack (ns):              0.076
  Arrival (ns):            3.828
  Required (ns):           3.752
  Operating Conditions: fast_hv_lt

Path 59
  From: CLOCKS_AND_RESETS_0/RESET_FIC_0_CLK/CORERESET_0/dff_13[0]:CLK
  To:   CLOCKS_AND_RESETS_0/RESET_FIC_0_CLK/CORERESET_0/dff_14[0]:D
  Delay (ns):              0.150
  Slack (ns):              0.076
  Arrival (ns):            3.810
  Required (ns):           3.734
  Operating Conditions: fast_hv_lt

Path 60
  From: FIC_3_PERIPHERALS_0/PWM/corepwm_C0_0/genblk3.corepwm_reg_if/psh_prescale_reg[12]:CLK
  To:   FIC_3_PERIPHERALS_0/PWM/corepwm_C0_0/genblk3.corepwm_reg_if/prescale_reg_Z[12]:D
  Delay (ns):              0.151
  Slack (ns):              0.077
  Arrival (ns):            4.209
  Required (ns):           4.132
  Operating Conditions: fast_hv_lt

Path 61
  From: FIC_0_PERIPHERALS_0/security_core_0/rng/neoTRNG_0/entropy_cell_gen.2.neoTRNG_cell_inst/sreg_3[0]:CLK
  To:   FIC_0_PERIPHERALS_0/security_core_0/rng/neoTRNG_0/entropy_cell_gen.2.neoTRNG_cell_inst/sreg_4[0]:D
  Delay (ns):              0.151
  Slack (ns):              0.077
  Arrival (ns):            3.813
  Required (ns):           3.736
  Operating Conditions: fast_hv_lt

Path 62
  From: FIC_0_PERIPHERALS_0/security_core_0/rng/neoTRNG_0/entropy_cell_gen.1.neoTRNG_cell_inst/sreg_1[0]:CLK
  To:   FIC_0_PERIPHERALS_0/security_core_0/rng/neoTRNG_0/entropy_cell_gen.1.neoTRNG_cell_inst/sreg_2[0]:D
  Delay (ns):              0.154
  Slack (ns):              0.077
  Arrival (ns):            3.812
  Required (ns):           3.735
  Operating Conditions: fast_hv_lt

Path 63
  From: FIC_0_PERIPHERALS_0/security_core_0/hash_block_6[17]:CLK
  To:   FIC_0_PERIPHERALS_0/security_core_0/hash_core/buffer[209]:D
  Delay (ns):              0.154
  Slack (ns):              0.077
  Arrival (ns):            3.812
  Required (ns):           3.735
  Operating Conditions: fast_hv_lt

Path 64
  From: FIC_0_PERIPHERALS_0/security_core_0/hash_block_3[17]:CLK
  To:   FIC_0_PERIPHERALS_0/security_core_0/hash_core/buffer[113]:D
  Delay (ns):              0.154
  Slack (ns):              0.077
  Arrival (ns):            3.812
  Required (ns):           3.735
  Operating Conditions: fast_hv_lt

Path 65
  From: FIC_0_PERIPHERALS_0/security_core_0/hash_block_15[4]:CLK
  To:   FIC_0_PERIPHERALS_0/security_core_0/hash_core/buffer[484]:D
  Delay (ns):              0.150
  Slack (ns):              0.077
  Arrival (ns):            3.817
  Required (ns):           3.740
  Operating Conditions: fast_hv_lt

Path 66
  From: FIC_0_PERIPHERALS_0/security_core_0/hash_block_14[31]:CLK
  To:   FIC_0_PERIPHERALS_0/security_core_0/hash_block_15[31]:D
  Delay (ns):              0.149
  Slack (ns):              0.077
  Arrival (ns):            3.792
  Required (ns):           3.715
  Operating Conditions: fast_hv_lt

Path 67
  From: FIC_0_PERIPHERALS_0/security_core_0/hash_block_14[24]:CLK
  To:   FIC_0_PERIPHERALS_0/security_core_0/hash_block_15[24]:D
  Delay (ns):              0.155
  Slack (ns):              0.077
  Arrival (ns):            3.814
  Required (ns):           3.737
  Operating Conditions: fast_hv_lt

Path 68
  From: FIC_0_PERIPHERALS_0/security_core_0/hash_block_14[15]:CLK
  To:   FIC_0_PERIPHERALS_0/security_core_0/hash_core/buffer[463]:D
  Delay (ns):              0.154
  Slack (ns):              0.077
  Arrival (ns):            3.820
  Required (ns):           3.743
  Operating Conditions: fast_hv_lt

Path 69
  From: FIC_0_PERIPHERALS_0/FIC0_INITIATOR_inst_0/FIC0_INITIATOR_0/SlvConvertor_loop[1].slvcnv/rgsl/genblk4.wrs/sDat[64]:CLK
  To:   FIC_0_PERIPHERALS_0/MSS_LSRAM_inst_0/COREAXI4SRAM_0/genblk1.genblk1.U_MSS_LSRAM_COREAXI4SRAM_0_CoreAXI4SRAM_MAINCTRL/genblk1.wdata_sc_r[54]:D
  Delay (ns):              0.151
  Slack (ns):              0.077
  Arrival (ns):            3.803
  Required (ns):           3.726
  Operating Conditions: fast_hv_lt

Path 70
  From: FIC_0_PERIPHERALS_0/FIC0_INITIATOR_inst_0/FIC0_INITIATOR_0/SlvConvertor_loop[1].slvcnv/rgsl/genblk4.wrs/sDat[18]:CLK
  To:   FIC_0_PERIPHERALS_0/MSS_LSRAM_inst_0/COREAXI4SRAM_0/genblk1.genblk1.U_MSS_LSRAM_COREAXI4SRAM_0_CoreAXI4SRAM_MAINCTRL/genblk1.wdata_sc_r[8]:D
  Delay (ns):              0.154
  Slack (ns):              0.077
  Arrival (ns):            3.814
  Required (ns):           3.737
  Operating Conditions: fast_hv_lt

Path 71
  From: CLOCKS_AND_RESETS_0/RESET_FIC_0_CLK/CORERESET_0/dff_7[0]:CLK
  To:   CLOCKS_AND_RESETS_0/RESET_FIC_0_CLK/CORERESET_0/dff_8[0]:D
  Delay (ns):              0.151
  Slack (ns):              0.077
  Arrival (ns):            3.835
  Required (ns):           3.758
  Operating Conditions: fast_hv_lt

Path 72
  From: CLOCKS_AND_RESETS_0/RESET_FIC_0_CLK/CORERESET_0/dff_4[0]:CLK
  To:   CLOCKS_AND_RESETS_0/RESET_FIC_0_CLK/CORERESET_0/dff_5[0]:D
  Delay (ns):              0.151
  Slack (ns):              0.077
  Arrival (ns):            3.835
  Required (ns):           3.758
  Operating Conditions: fast_hv_lt

Path 73
  From: FIC_3_PERIPHERALS_0/PWM/corepwm_C0_0/genblk3.corepwm_reg_if/psh_prescale_reg[15]:CLK
  To:   FIC_3_PERIPHERALS_0/PWM/corepwm_C0_0/genblk3.corepwm_reg_if/prescale_reg_Z[15]:D
  Delay (ns):              0.155
  Slack (ns):              0.078
  Arrival (ns):            4.210
  Required (ns):           4.132
  Operating Conditions: fast_hv_lt

Path 74
  From: FIC_0_PERIPHERALS_0/security_core_0/sbox/y_hi_r1[0][0]:CLK
  To:   FIC_0_PERIPHERALS_0/security_core_0/sbox/y_hi_r2[0][0]:D
  Delay (ns):              0.155
  Slack (ns):              0.078
  Arrival (ns):            3.800
  Required (ns):           3.722
  Operating Conditions: fast_hv_lt

Path 75
  From: FIC_0_PERIPHERALS_0/security_core_0/hash_block_9[19]:CLK
  To:   FIC_0_PERIPHERALS_0/security_core_0/hash_core/buffer[307]:D
  Delay (ns):              0.155
  Slack (ns):              0.078
  Arrival (ns):            3.818
  Required (ns):           3.740
  Operating Conditions: fast_hv_lt

Path 76
  From: FIC_0_PERIPHERALS_0/security_core_0/hash_block_13[19]:CLK
  To:   FIC_0_PERIPHERALS_0/security_core_0/hash_block_14[19]:D
  Delay (ns):              0.155
  Slack (ns):              0.078
  Arrival (ns):            3.818
  Required (ns):           3.740
  Operating Conditions: fast_hv_lt

Path 77
  From: FIC_0_PERIPHERALS_0/security_core_0/hash_block_12[16]:CLK
  To:   FIC_0_PERIPHERALS_0/security_core_0/hash_block_13[16]:D
  Delay (ns):              0.152
  Slack (ns):              0.078
  Arrival (ns):            3.800
  Required (ns):           3.722
  Operating Conditions: fast_hv_lt

Path 78
  From: FIC_0_PERIPHERALS_0/security_core_0/hash_block_11[10]:CLK
  To:   FIC_0_PERIPHERALS_0/security_core_0/hash_block_12[10]:D
  Delay (ns):              0.152
  Slack (ns):              0.078
  Arrival (ns):            3.796
  Required (ns):           3.718
  Operating Conditions: fast_hv_lt

Path 79
  From: FIC_0_PERIPHERALS_0/security_core_0/hash_block_10[23]:CLK
  To:   FIC_0_PERIPHERALS_0/security_core_0/hash_block_11[23]:D
  Delay (ns):              0.155
  Slack (ns):              0.078
  Arrival (ns):            3.812
  Required (ns):           3.734
  Operating Conditions: fast_hv_lt

Path 80
  From: FIC_0_PERIPHERALS_0/DMA_INITIATOR_inst_0/DMA_INITIATOR_0/MstConvertor_loop[0].mstrconv/mstrDWC/genblk1.MstUpConv/DWC_UpConv_preCalcAChannel_aw_inst/MASTER_AADDR_out[25]:CLK
  To:   FIC_0_PERIPHERALS_0/DMA_INITIATOR_inst_0/DMA_INITIATOR_0/MstConvertor_loop[0].mstrconv/mstrDWC/genblk1.MstUpConv/DWC_AWChan/SLAVE_AADDR[25]:D
  Delay (ns):              0.155
  Slack (ns):              0.078
  Arrival (ns):            3.812
  Required (ns):           3.734
  Operating Conditions: fast_hv_lt

Path 81
  From: FIC_0_PERIPHERALS_0/security_core_0/sbox/y_lo_r0[0][2]:CLK
  To:   FIC_0_PERIPHERALS_0/security_core_0/sbox/y_lo_r1[0][2]:D
  Delay (ns):              0.153
  Slack (ns):              0.079
  Arrival (ns):            3.822
  Required (ns):           3.743
  Operating Conditions: fast_hv_lt

Path 82
  From: FIC_0_PERIPHERALS_0/security_core_0/rng/neoTRNG_0/entropy_cell_gen.0.neoTRNG_cell_inst/sreg_0[0]:CLK
  To:   FIC_0_PERIPHERALS_0/security_core_0/rng/neoTRNG_0/entropy_cell_gen.0.neoTRNG_cell_inst/sreg_1[0]:D
  Delay (ns):              0.153
  Slack (ns):              0.079
  Arrival (ns):            3.819
  Required (ns):           3.740
  Operating Conditions: fast_hv_lt

Path 83
  From: FIC_0_PERIPHERALS_0/security_core_0/hash_block_9[10]:CLK
  To:   FIC_0_PERIPHERALS_0/security_core_0/hash_block_10[10]:D
  Delay (ns):              0.153
  Slack (ns):              0.079
  Arrival (ns):            3.797
  Required (ns):           3.718
  Operating Conditions: fast_hv_lt

Path 84
  From: FIC_0_PERIPHERALS_0/security_core_0/hash_block_8[14]:CLK
  To:   FIC_0_PERIPHERALS_0/security_core_0/hash_block_9[14]:D
  Delay (ns):              0.156
  Slack (ns):              0.079
  Arrival (ns):            3.817
  Required (ns):           3.738
  Operating Conditions: fast_hv_lt

Path 85
  From: FIC_0_PERIPHERALS_0/security_core_0/hash_block_7[17]:CLK
  To:   FIC_0_PERIPHERALS_0/security_core_0/hash_block_8[17]:D
  Delay (ns):              0.153
  Slack (ns):              0.079
  Arrival (ns):            3.807
  Required (ns):           3.728
  Operating Conditions: fast_hv_lt

Path 86
  From: FIC_0_PERIPHERALS_0/security_core_0/hash_block_3[3]:CLK
  To:   FIC_0_PERIPHERALS_0/security_core_0/hash_block_4[3]:D
  Delay (ns):              0.147
  Slack (ns):              0.079
  Arrival (ns):            3.821
  Required (ns):           3.742
  Operating Conditions: fast_hv_lt

Path 87
  From: FIC_0_PERIPHERALS_0/security_core_0/hash_block_1[29]:CLK
  To:   FIC_0_PERIPHERALS_0/security_core_0/hash_block_2[29]:D
  Delay (ns):              0.152
  Slack (ns):              0.079
  Arrival (ns):            3.815
  Required (ns):           3.736
  Operating Conditions: fast_hv_lt

Path 88
  From: FIC_0_PERIPHERALS_0/security_core_0/hash_block_10[16]:CLK
  To:   FIC_0_PERIPHERALS_0/security_core_0/hash_block_11[16]:D
  Delay (ns):              0.153
  Slack (ns):              0.079
  Arrival (ns):            3.801
  Required (ns):           3.722
  Operating Conditions: fast_hv_lt

Path 89
  From: FIC_0_PERIPHERALS_0/FIC0_INITIATOR_inst_0/FIC0_INITIATOR_0/arst_aclk_sync/sysReset_f1:CLK
  To:   FIC_0_PERIPHERALS_0/FIC0_INITIATOR_inst_0/FIC0_INITIATOR_0/arst_aclk_sync/sysReset:D
  Delay (ns):              0.155
  Slack (ns):              0.079
  Arrival (ns):            3.801
  Required (ns):           3.722
  Operating Conditions: fast_hv_lt

Path 90
  From: FIC_0_PERIPHERALS_0/FIC0_INITIATOR_inst_0/FIC0_INITIATOR_0/SlvConvertor_loop[2].slvcnv/rgsl/genblk2.arrs/sDat[74]:CLK
  To:   FIC_0_PERIPHERALS_0/FIC0_INITIATOR_inst_0/FIC0_INITIATOR_0/SlvConvertor_loop[2].slvcnv/slvdwc/genblk1.DownConverter_inst/readWidthConv/DWC_DownConv_preCalcCmdFifoWrCtrl_inst/MASTER_AID_out[5]:D
  Delay (ns):              0.156
  Slack (ns):              0.079
  Arrival (ns):            3.819
  Required (ns):           3.740
  Operating Conditions: fast_hv_lt

Path 91
  From: FIC_0_PERIPHERALS_0/FIC0_INITIATOR_inst_0/FIC0_INITIATOR_0/SlvConvertor_loop[1].slvcnv/rgsl/genblk4.wrs/sDat[51]:CLK
  To:   FIC_0_PERIPHERALS_0/MSS_LSRAM_inst_0/COREAXI4SRAM_0/genblk1.genblk1.U_MSS_LSRAM_COREAXI4SRAM_0_CoreAXI4SRAM_MAINCTRL/genblk1.wdata_sc_r[41]:D
  Delay (ns):              0.156
  Slack (ns):              0.079
  Arrival (ns):            3.815
  Required (ns):           3.736
  Operating Conditions: fast_hv_lt

Path 92
  From: FIC_0_PERIPHERALS_0/DMA_INITIATOR_inst_0/DMA_INITIATOR_0/arst_aclk_sync/sysReset_f1:CLK
  To:   FIC_0_PERIPHERALS_0/DMA_INITIATOR_inst_0/DMA_INITIATOR_0/arst_aclk_sync/sysReset:D
  Delay (ns):              0.155
  Slack (ns):              0.079
  Arrival (ns):            3.801
  Required (ns):           3.722
  Operating Conditions: fast_hv_lt

Path 93
  From: FIC_0_PERIPHERALS_0/DMA_INITIATOR_inst_0/DMA_INITIATOR_0/SlvConvertor_loop[0].slvcnv/rgsl/genblk3.rrs/sDat[37]:CLK
  To:   FIC_0_PERIPHERALS_0/DMA_INITIATOR_inst_0/DMA_INITIATOR_0/MstConvertor_loop[0].mstrconv/rgsl/genblk3.rrs/holdDat[37]:D
  Delay (ns):              0.153
  Slack (ns):              0.079
  Arrival (ns):            3.812
  Required (ns):           3.733
  Operating Conditions: fast_hv_lt

Path 94
  From: FIC_0_PERIPHERALS_0/DMA_INITIATOR_inst_0/DMA_INITIATOR_0/MstConvertor_loop[0].mstrconv/mstrDWC/genblk1.MstUpConv/DWC_UpConv_preCalcAChannel_aw_inst/MASTER_AADDR_out[23]:CLK
  To:   FIC_0_PERIPHERALS_0/DMA_INITIATOR_inst_0/DMA_INITIATOR_0/MstConvertor_loop[0].mstrconv/mstrDWC/genblk1.MstUpConv/DWC_AWChan/SLAVE_AADDR[23]:D
  Delay (ns):              0.156
  Slack (ns):              0.079
  Arrival (ns):            3.808
  Required (ns):           3.729
  Operating Conditions: fast_hv_lt

Path 95
  From: FIC_0_PERIPHERALS_0/DMA_INITIATOR_inst_0/DMA_INITIATOR_0/MstConvertor_loop[0].mstrconv/mstrDWC/genblk1.MstUpConv/DWC_UpConv_preCalcAChannel_aw_inst/MASTER_AADDR_out[12]:CLK
  To:   FIC_0_PERIPHERALS_0/DMA_INITIATOR_inst_0/DMA_INITIATOR_0/MstConvertor_loop[0].mstrconv/mstrDWC/genblk1.MstUpConv/DWC_AWChan/SLAVE_AADDR[12]:D
  Delay (ns):              0.157
  Slack (ns):              0.079
  Arrival (ns):            3.808
  Required (ns):           3.729
  Operating Conditions: fast_hv_lt

Path 96
  From: FIC_0_PERIPHERALS_0/DMA_INITIATOR_inst_0/DMA_INITIATOR_0/MstConvertor_loop[0].mstrconv/mstrDWC/genblk1.MstUpConv/DWC_ARChan/SLAVE_AADDR[6]:CLK
  To:   FIC_0_PERIPHERALS_0/DMA_INITIATOR_inst_0/DMA_INITIATOR_0/MstConvertor_loop[0].mstrconv/rgsl/genblk2.arrs/holdDat[37]:D
  Delay (ns):              0.156
  Slack (ns):              0.079
  Arrival (ns):            3.835
  Required (ns):           3.756
  Operating Conditions: fast_hv_lt

Path 97
  From: FIC_0_PERIPHERALS_0/DMA_INITIATOR_inst_0/DMA_INITIATOR_0/MstConvertor_loop[0].mstrconv/mstrDWC/genblk1.MstUpConv/DWC_ARChan/SLAVE_AADDR[11]:CLK
  To:   FIC_0_PERIPHERALS_0/DMA_INITIATOR_inst_0/DMA_INITIATOR_0/MstConvertor_loop[0].mstrconv/rgsl/genblk2.arrs/holdDat[42]:D
  Delay (ns):              0.156
  Slack (ns):              0.079
  Arrival (ns):            3.835
  Required (ns):           3.756
  Operating Conditions: fast_hv_lt

Path 98
  From: FIC_0_PERIPHERALS_0/DMA_INITIATOR_inst_0/DMA_INITIATOR_0/MstConvertor_loop[0].mstrconv/mstrDWC/genblk1.MstUpConv/DWC_ARChan/SLAVE_AADDR[10]:CLK
  To:   FIC_0_PERIPHERALS_0/DMA_INITIATOR_inst_0/DMA_INITIATOR_0/MstConvertor_loop[0].mstrconv/rgsl/genblk2.arrs/holdDat[41]:D
  Delay (ns):              0.156
  Slack (ns):              0.079
  Arrival (ns):            3.814
  Required (ns):           3.735
  Operating Conditions: fast_hv_lt

Path 99
  From: FIC_0_PERIPHERALS_0/DMA_CONTROLLER_inst_0/DMA_CONTROLLER_0/U_AXI4INITIATORDMACtrl/set_rdaligned_done:CLK
  To:   FIC_0_PERIPHERALS_0/DMA_CONTROLLER_inst_0/DMA_CONTROLLER_0/U_AXI4INITIATORDMACtrl/set_rdaligned_done_r:D
  Delay (ns):              0.152
  Slack (ns):              0.079
  Arrival (ns):            3.793
  Required (ns):           3.714
  Operating Conditions: fast_hv_lt

Path 100
  From: FIC_0_PERIPHERALS_0/DMA_CONTROLLER_inst_0/DMA_CONTROLLER_0/U_AXI4INITIATORDMACtrl/ARADDRReg[9]:CLK
  To:   FIC_0_PERIPHERALS_0/DMA_INITIATOR_inst_0/DMA_INITIATOR_0/MstConvertor_loop[0].mstrconv/mstrDWC/genblk1.MstUpConv/DWC_UpConv_preCalcAChannel_ar_inst/MASTER_AADDR_out[9]:D
  Delay (ns):              0.153
  Slack (ns):              0.079
  Arrival (ns):            3.822
  Required (ns):           3.743
  Operating Conditions: fast_hv_lt

