Timing Violation Report Min Delay Analysis

SmartTime Version 2025.2
Microchip Technology Inc. - Microchip Libero Software Release 2025.2 (Version 2025.2.0.14)
Date: Mon Mar 23 10:24:35 2026


Design: MPFS_DISCOVERY_KIT
Family: PolarFireSoC
Die: MPFS095T
Package: FCSG325
Temperature Range: 0 - 100 C
Voltage Range: 0.97 - 1.03 V
Speed Grade: -1
Design State: Post-Layout
Data source: Production
Multi Corner Report Operating Conditions: slow_lv_lt,fast_hv_lt,slow_lv_ht


Path 1
  From: FIC_0_PERIPHERALS_0/security_core_0/hash_block_14[31]:CLK
  To:   FIC_0_PERIPHERALS_0/security_core_0/hash_core/buffer[479]:D
  Delay (ns):              0.277
  Slack (ns):              0.022
  Arrival (ns):            5.526
  Required (ns):           5.504
  Operating Conditions: slow_lv_lt

Path 2
  From: FIC_0_PERIPHERALS_0/DMA_INITIATOR_inst_0/DMA_INITIATOR_0/SlvConvertor_loop[0].slvcnv/rgsl/genblk3.rrs/sDat[23]:CLK
  To:   FIC_0_PERIPHERALS_0/DMA_INITIATOR_inst_0/DMA_INITIATOR_0/MstConvertor_loop[0].mstrconv/rgsl/genblk3.rrs/holdDat[23]:D
  Delay (ns):              0.276
  Slack (ns):              0.024
  Arrival (ns):            5.515
  Required (ns):           5.491
  Operating Conditions: slow_lv_lt

Path 3
  From: FIC_0_PERIPHERALS_0/DMA_INITIATOR_inst_0/DMA_INITIATOR_0/MstConvertor_loop[0].mstrconv/mstrDWC/genblk1.MstUpConv/DWC_UpConv_preCalcAChannel_aw_inst/MASTER_AADDR_out[2]:CLK
  To:   FIC_0_PERIPHERALS_0/DMA_INITIATOR_inst_0/DMA_INITIATOR_0/MstConvertor_loop[0].mstrconv/mstrDWC/genblk1.MstUpConv/DWC_AWChan/addr_fifo[2]:D
  Delay (ns):              0.278
  Slack (ns):              0.027
  Arrival (ns):            5.518
  Required (ns):           5.491
  Operating Conditions: slow_lv_lt

Path 4
  From: FIC_0_PERIPHERALS_0/DMA_INITIATOR_inst_0/DMA_INITIATOR_0/SlvConvertor_loop[0].slvcnv/rgsl/genblk3.rrs/sDat[18]:CLK
  To:   FIC_0_PERIPHERALS_0/DMA_INITIATOR_inst_0/DMA_INITIATOR_0/MstConvertor_loop[0].mstrconv/rgsl/genblk3.rrs/holdDat[18]:D
  Delay (ns):              0.286
  Slack (ns):              0.030
  Arrival (ns):            5.749
  Required (ns):           5.719
  Operating Conditions: slow_lv_ht

Path 5
  From: FIC_0_PERIPHERALS_0/security_core_0/hash_block_12[31]:CLK
  To:   FIC_0_PERIPHERALS_0/security_core_0/hash_core/buffer[415]:D
  Delay (ns):              0.288
  Slack (ns):              0.034
  Arrival (ns):            5.538
  Required (ns):           5.504
  Operating Conditions: slow_lv_lt

Path 6
  From: FIC_0_PERIPHERALS_0/security_core_0/hash_block_14[25]:CLK
  To:   FIC_0_PERIPHERALS_0/security_core_0/hash_core/buffer[473]:D
  Delay (ns):              0.303
  Slack (ns):              0.049
  Arrival (ns):            5.552
  Required (ns):           5.503
  Operating Conditions: slow_lv_lt

Path 7
  From: FIC_0_PERIPHERALS_0/DMA_INITIATOR_inst_0/DMA_INITIATOR_0/MstConvertor_loop[0].mstrconv/mstrDWC/genblk1.MstUpConv/DWC_UpConv_preCalcAChannel_aw_inst/fixed_flag_comb_pre:CLK
  To:   FIC_0_PERIPHERALS_0/DMA_INITIATOR_inst_0/DMA_INITIATOR_0/MstConvertor_loop[0].mstrconv/mstrDWC/genblk1.MstUpConv/DWC_AWChan/fixed_flag:D
  Delay (ns):              0.303
  Slack (ns):              0.052
  Arrival (ns):            5.543
  Required (ns):           5.491
  Operating Conditions: slow_lv_lt

Path 8
  From: FIC_0_PERIPHERALS_0/security_core_0/rng/neoTRNG_0/entropy_cell_gen.0.neoTRNG_cell_inst/sreg_0[0]:CLK
  To:   FIC_0_PERIPHERALS_0/security_core_0/rng/neoTRNG_0/entropy_cell_gen.0.neoTRNG_cell_inst/sreg_1[0]:D
  Delay (ns):              0.305
  Slack (ns):              0.053
  Arrival (ns):            5.551
  Required (ns):           5.498
  Operating Conditions: slow_lv_lt

Path 9
  From: FIC_0_PERIPHERALS_0/DMA_INITIATOR_inst_0/DMA_INITIATOR_0/SlvConvertor_loop[0].slvcnv/rgsl/genblk3.rrs/sDat[22]:CLK
  To:   FIC_0_PERIPHERALS_0/DMA_INITIATOR_inst_0/DMA_INITIATOR_0/MstConvertor_loop[0].mstrconv/rgsl/genblk3.rrs/holdDat[22]:D
  Delay (ns):              0.307
  Slack (ns):              0.055
  Arrival (ns):            5.546
  Required (ns):           5.491
  Operating Conditions: slow_lv_lt

Path 10
  From: FIC_0_PERIPHERALS_0/DMA_INITIATOR_inst_0/DMA_INITIATOR_0/MstConvertor_loop[0].mstrconv/mstrDWC/genblk1.MstUpConv/DWC_UpConv_preCalcAChannel_aw_inst/MASTER_AADDR_out[5]:CLK
  To:   FIC_0_PERIPHERALS_0/DMA_INITIATOR_inst_0/DMA_INITIATOR_0/MstConvertor_loop[0].mstrconv/mstrDWC/genblk1.MstUpConv/DWC_AWChan/SLAVE_AADDR[5]:D
  Delay (ns):              0.143
  Slack (ns):              0.066
  Arrival (ns):            3.800
  Required (ns):           3.734
  Operating Conditions: fast_hv_lt

Path 11
  From: FIC_0_PERIPHERALS_0/DMA_INITIATOR_inst_0/DMA_INITIATOR_0/MstConvertor_loop[0].mstrconv/mstrDWC/genblk1.MstUpConv/DWC_UpConv_preCalcAChannel_aw_inst/MASTER_AADDR_out[17]:CLK
  To:   FIC_0_PERIPHERALS_0/DMA_INITIATOR_inst_0/DMA_INITIATOR_0/MstConvertor_loop[0].mstrconv/mstrDWC/genblk1.MstUpConv/DWC_AWChan/SLAVE_AADDR[17]:D
  Delay (ns):              0.143
  Slack (ns):              0.066
  Arrival (ns):            3.789
  Required (ns):           3.723
  Operating Conditions: fast_hv_lt

Path 12
  From: CLOCKS_AND_RESETS_0/RESET_FIC_0_CLK/CORERESET_0/dff_12[0]:CLK
  To:   CLOCKS_AND_RESETS_0/RESET_FIC_0_CLK/CORERESET_0/dff_13[0]:D
  Delay (ns):              0.143
  Slack (ns):              0.066
  Arrival (ns):            3.802
  Required (ns):           3.736
  Operating Conditions: fast_hv_lt

Path 13
  From: FIC_0_PERIPHERALS_0/DMA_INITIATOR_inst_0/DMA_INITIATOR_0/MstConvertor_loop[0].mstrconv/mstrDWC/genblk1.MstUpConv/DWC_UpConv_preCalcAChannel_aw_inst/MASTER_AADDR_out[21]:CLK
  To:   FIC_0_PERIPHERALS_0/DMA_INITIATOR_inst_0/DMA_INITIATOR_0/MstConvertor_loop[0].mstrconv/mstrDWC/genblk1.MstUpConv/DWC_AWChan/SLAVE_AADDR[21]:D
  Delay (ns):              0.144
  Slack (ns):              0.067
  Arrival (ns):            3.790
  Required (ns):           3.723
  Operating Conditions: fast_hv_lt

Path 14
  From: CLOCKS_AND_RESETS_0/RESET_FIC_0_CLK/CORERESET_0/dff_3[0]:CLK
  To:   CLOCKS_AND_RESETS_0/RESET_FIC_0_CLK/CORERESET_0/dff_4[0]:D
  Delay (ns):              0.144
  Slack (ns):              0.067
  Arrival (ns):            3.797
  Required (ns):           3.730
  Operating Conditions: fast_hv_lt

Path 15
  From: CLOCKS_AND_RESETS_0/RESET_FIC_0_CLK/CORERESET_0/dff_11[0]:CLK
  To:   CLOCKS_AND_RESETS_0/RESET_FIC_0_CLK/CORERESET_0/dff_12[0]:D
  Delay (ns):              0.144
  Slack (ns):              0.067
  Arrival (ns):            3.803
  Required (ns):           3.736
  Operating Conditions: fast_hv_lt

Path 16
  From: FIC_0_PERIPHERALS_0/security_core_0/sbox/y_hi_r3[2][2]:CLK
  To:   FIC_0_PERIPHERALS_0/security_core_0/sbox/y_hi_r4[2][2]:D
  Delay (ns):              0.144
  Slack (ns):              0.068
  Arrival (ns):            3.787
  Required (ns):           3.719
  Operating Conditions: fast_hv_lt

Path 17
  From: FIC_0_PERIPHERALS_0/DMA_INITIATOR_inst_0/DMA_INITIATOR_0/MstConvertor_loop[0].mstrconv/mstrDWC/genblk1.MstUpConv/DWC_UpConv_preCalcAChannel_aw_inst/MASTER_AADDR_out[3]:CLK
  To:   FIC_0_PERIPHERALS_0/DMA_INITIATOR_inst_0/DMA_INITIATOR_0/MstConvertor_loop[0].mstrconv/mstrDWC/genblk1.MstUpConv/DWC_AWChan/SLAVE_AADDR[3]:D
  Delay (ns):              0.217
  Slack (ns):              0.068
  Arrival (ns):            5.467
  Required (ns):           5.399
  Operating Conditions: slow_lv_lt

Path 18
  From: FIC_0_PERIPHERALS_0/security_core_0/hash_block_1[0]:CLK
  To:   FIC_0_PERIPHERALS_0/security_core_0/hash_core/buffer[32]:D
  Delay (ns):              0.146
  Slack (ns):              0.069
  Arrival (ns):            3.828
  Required (ns):           3.759
  Operating Conditions: fast_hv_lt

Path 19
  From: FIC_0_PERIPHERALS_0/security_core_0/hash_block_10[14]:CLK
  To:   FIC_0_PERIPHERALS_0/security_core_0/hash_core/buffer[334]:D
  Delay (ns):              0.146
  Slack (ns):              0.069
  Arrival (ns):            3.830
  Required (ns):           3.761
  Operating Conditions: fast_hv_lt

Path 20
  From: CLOCKS_AND_RESETS_0/RESET_FIC_0_CLK/CORERESET_0/dff_1[0]:CLK
  To:   CLOCKS_AND_RESETS_0/RESET_FIC_0_CLK/CORERESET_0/dff_2[0]:D
  Delay (ns):              0.217
  Slack (ns):              0.069
  Arrival (ns):            5.464
  Required (ns):           5.395
  Operating Conditions: slow_lv_lt

Path 21
  From: FIC_0_PERIPHERALS_0/security_core_0/sbox/y_hi_r2[2][0]:CLK
  To:   FIC_0_PERIPHERALS_0/security_core_0/sbox/y_hi_r3[2][0]:D
  Delay (ns):              0.147
  Slack (ns):              0.070
  Arrival (ns):            3.790
  Required (ns):           3.720
  Operating Conditions: fast_hv_lt

Path 22
  From: FIC_0_PERIPHERALS_0/security_core_0/hash_block_4[27]:CLK
  To:   FIC_0_PERIPHERALS_0/security_core_0/hash_block_5[27]:D
  Delay (ns):              0.147
  Slack (ns):              0.070
  Arrival (ns):            3.808
  Required (ns):           3.738
  Operating Conditions: fast_hv_lt

Path 23
  From: FIC_0_PERIPHERALS_0/security_core_0/hash_block_13[6]:CLK
  To:   FIC_0_PERIPHERALS_0/security_core_0/hash_block_14[6]:D
  Delay (ns):              0.148
  Slack (ns):              0.070
  Arrival (ns):            3.823
  Required (ns):           3.753
  Operating Conditions: fast_hv_lt

Path 24
  From: FIC_0_PERIPHERALS_0/security_core_0/sbox/y_r[0][3]:CLK
  To:   FIC_0_PERIPHERALS_0/security_core_0/sbox/y_lo_r0[0][3]:D
  Delay (ns):              0.148
  Slack (ns):              0.071
  Arrival (ns):            3.792
  Required (ns):           3.721
  Operating Conditions: fast_hv_lt

Path 25
  From: FIC_0_PERIPHERALS_0/security_core_0/rng/trng_acc_0/seed_o_4[1]:CLK
  To:   FIC_0_PERIPHERALS_0/security_core_0/rng/trng_acc_0/seed_o_5[1]:D
  Delay (ns):              0.148
  Slack (ns):              0.071
  Arrival (ns):            3.806
  Required (ns):           3.735
  Operating Conditions: fast_hv_lt

Path 26
  From: FIC_0_PERIPHERALS_0/security_core_0/rng/neoTRNG_0/entropy_cell_gen.1.neoTRNG_cell_inst/sreg_5[0]:CLK
  To:   FIC_0_PERIPHERALS_0/security_core_0/rng/neoTRNG_0/entropy_cell_gen.1.neoTRNG_cell_inst/sreg_6[0]:D
  Delay (ns):              0.148
  Slack (ns):              0.071
  Arrival (ns):            3.802
  Required (ns):           3.731
  Operating Conditions: fast_hv_lt

Path 27
  From: FIC_0_PERIPHERALS_0/security_core_0/hash_block_9[7]:CLK
  To:   FIC_0_PERIPHERALS_0/security_core_0/hash_block_10[7]:D
  Delay (ns):              0.148
  Slack (ns):              0.071
  Arrival (ns):            3.803
  Required (ns):           3.732
  Operating Conditions: fast_hv_lt

Path 28
  From: FIC_0_PERIPHERALS_0/security_core_0/hash_block_7[8]:CLK
  To:   FIC_0_PERIPHERALS_0/security_core_0/hash_block_8[8]:D
  Delay (ns):              0.148
  Slack (ns):              0.071
  Arrival (ns):            3.827
  Required (ns):           3.756
  Operating Conditions: fast_hv_lt

Path 29
  From: FIC_0_PERIPHERALS_0/security_core_0/hash_block_15[14]:CLK
  To:   FIC_0_PERIPHERALS_0/security_core_0/hash_core/buffer[494]:D
  Delay (ns):              0.148
  Slack (ns):              0.071
  Arrival (ns):            3.832
  Required (ns):           3.761
  Operating Conditions: fast_hv_lt

Path 30
  From: FIC_0_PERIPHERALS_0/security_core_0/hash_block_13[10]:CLK
  To:   FIC_0_PERIPHERALS_0/security_core_0/hash_block_14[10]:D
  Delay (ns):              0.148
  Slack (ns):              0.071
  Arrival (ns):            3.795
  Required (ns):           3.724
  Operating Conditions: fast_hv_lt

Path 31
  From: FIC_0_PERIPHERALS_0/security_core_0/hash_block_12[6]:CLK
  To:   FIC_0_PERIPHERALS_0/security_core_0/hash_block_13[6]:D
  Delay (ns):              0.148
  Slack (ns):              0.071
  Arrival (ns):            3.824
  Required (ns):           3.753
  Operating Conditions: fast_hv_lt

Path 32
  From: FIC_0_PERIPHERALS_0/security_core_0/hash_block_11[6]:CLK
  To:   FIC_0_PERIPHERALS_0/security_core_0/hash_block_12[6]:D
  Delay (ns):              0.148
  Slack (ns):              0.071
  Arrival (ns):            3.824
  Required (ns):           3.753
  Operating Conditions: fast_hv_lt

Path 33
  From: FIC_0_PERIPHERALS_0/security_core_0/hash_block_11[13]:CLK
  To:   FIC_0_PERIPHERALS_0/security_core_0/hash_block_12[13]:D
  Delay (ns):              0.148
  Slack (ns):              0.071
  Arrival (ns):            3.825
  Required (ns):           3.754
  Operating Conditions: fast_hv_lt

Path 34
  From: FIC_0_PERIPHERALS_0/DMA_INITIATOR_inst_0/DMA_INITIATOR_0/MstConvertor_loop[0].mstrconv/mstrDWC/genblk1.MstUpConv/DWC_UpConv_preCalcAChannel_aw_inst/MASTER_AADDR_out[10]:CLK
  To:   FIC_0_PERIPHERALS_0/DMA_INITIATOR_inst_0/DMA_INITIATOR_0/MstConvertor_loop[0].mstrconv/mstrDWC/genblk1.MstUpConv/DWC_AWChan/SLAVE_AADDR[10]:D
  Delay (ns):              0.148
  Slack (ns):              0.071
  Arrival (ns):            3.805
  Required (ns):           3.734
  Operating Conditions: fast_hv_lt

Path 35
  From: FIC_0_PERIPHERALS_0/DMA_CONTROLLER_inst_0/DMA_CONTROLLER_0/U_intController/genblk1.U_INT_0_QUEUE/reqForStaReg:CLK
  To:   FIC_0_PERIPHERALS_0/DMA_CONTROLLER_inst_0/DMA_CONTROLLER_0/U_intController/genblk1.U_INT_0_QUEUE/reqForStaReg_2:D
  Delay (ns):              0.145
  Slack (ns):              0.071
  Arrival (ns):            3.809
  Required (ns):           3.738
  Operating Conditions: fast_hv_lt

Path 36
  From: CLOCKS_AND_RESETS_0/RESET_FIC_0_CLK/CORERESET_0/dff_8[0]:CLK
  To:   CLOCKS_AND_RESETS_0/RESET_FIC_0_CLK/CORERESET_0/dff_9[0]:D
  Delay (ns):              0.148
  Slack (ns):              0.071
  Arrival (ns):            3.801
  Required (ns):           3.730
  Operating Conditions: fast_hv_lt

Path 37
  From: FIC_0_PERIPHERALS_0/security_core_0/sbox/y_hi_r1[1][1]:CLK
  To:   FIC_0_PERIPHERALS_0/security_core_0/sbox/y_hi_r2[1][1]:D
  Delay (ns):              0.220
  Slack (ns):              0.072
  Arrival (ns):            5.452
  Required (ns):           5.380
  Operating Conditions: slow_lv_lt

Path 38
  From: FIC_0_PERIPHERALS_0/security_core_0/hash_block_9[3]:CLK
  To:   FIC_0_PERIPHERALS_0/security_core_0/hash_core/buffer[291]:D
  Delay (ns):              0.149
  Slack (ns):              0.072
  Arrival (ns):            3.806
  Required (ns):           3.734
  Operating Conditions: fast_hv_lt

Path 39
  From: FIC_0_PERIPHERALS_0/security_core_0/hash_block_4[9]:CLK
  To:   FIC_0_PERIPHERALS_0/security_core_0/hash_core/buffer[137]:D
  Delay (ns):              0.149
  Slack (ns):              0.072
  Arrival (ns):            3.800
  Required (ns):           3.728
  Operating Conditions: fast_hv_lt

Path 40
  From: FIC_0_PERIPHERALS_0/security_core_0/hash_block_15[7]:CLK
  To:   FIC_0_PERIPHERALS_0/security_core_0/hash_core/buffer[487]:D
  Delay (ns):              0.150
  Slack (ns):              0.072
  Arrival (ns):            3.804
  Required (ns):           3.732
  Operating Conditions: fast_hv_lt

Path 41
  From: FIC_0_PERIPHERALS_0/FIC0_INITIATOR_inst_0/FIC0_INITIATOR_0/MstConvertor_loop[0].mstrconv/rgsl/genblk1.awrs/sDat[26]:CLK
  To:   FIC_0_PERIPHERALS_0/FIC0_INITIATOR_inst_0/FIC0_INITIATOR_0/axicb/cb.awcon/trgmx/slaveALEN[3]:D
  Delay (ns):              0.149
  Slack (ns):              0.072
  Arrival (ns):            3.831
  Required (ns):           3.759
  Operating Conditions: fast_hv_lt

Path 42
  From: CLOCKS_AND_RESETS_0/RESET_FIC_0_CLK/CORERESET_0/dff_6[0]:CLK
  To:   CLOCKS_AND_RESETS_0/RESET_FIC_0_CLK/CORERESET_0/dff_7[0]:D
  Delay (ns):              0.149
  Slack (ns):              0.072
  Arrival (ns):            3.802
  Required (ns):           3.730
  Operating Conditions: fast_hv_lt

Path 43
  From: FIC_0_PERIPHERALS_0/security_core_0/sbox/y_lo_r0[1][0]:CLK
  To:   FIC_0_PERIPHERALS_0/security_core_0/sbox/y_lo_r1[1][0]:D
  Delay (ns):              0.150
  Slack (ns):              0.073
  Arrival (ns):            3.790
  Required (ns):           3.717
  Operating Conditions: fast_hv_lt

Path 44
  From: FIC_0_PERIPHERALS_0/security_core_0/hash_block_8[14]:CLK
  To:   FIC_0_PERIPHERALS_0/security_core_0/hash_block_9[14]:D
  Delay (ns):              0.150
  Slack (ns):              0.073
  Arrival (ns):            3.834
  Required (ns):           3.761
  Operating Conditions: fast_hv_lt

Path 45
  From: FIC_0_PERIPHERALS_0/security_core_0/hash_block_4[17]:CLK
  To:   FIC_0_PERIPHERALS_0/security_core_0/hash_block_5[17]:D
  Delay (ns):              0.151
  Slack (ns):              0.073
  Arrival (ns):            3.808
  Required (ns):           3.735
  Operating Conditions: fast_hv_lt

Path 46
  From: FIC_0_PERIPHERALS_0/security_core_0/hash_block_2[29]:CLK
  To:   FIC_0_PERIPHERALS_0/security_core_0/hash_core/buffer[93]:D
  Delay (ns):              0.151
  Slack (ns):              0.073
  Arrival (ns):            3.809
  Required (ns):           3.736
  Operating Conditions: fast_hv_lt

Path 47
  From: FIC_0_PERIPHERALS_0/security_core_0/hash_block_2[0]:CLK
  To:   FIC_0_PERIPHERALS_0/security_core_0/hash_block_3[0]:D
  Delay (ns):              0.150
  Slack (ns):              0.073
  Arrival (ns):            3.832
  Required (ns):           3.759
  Operating Conditions: fast_hv_lt

Path 48
  From: FIC_0_PERIPHERALS_0/FIC0_INITIATOR_inst_0/FIC0_INITIATOR_0/MstConvertor_loop[0].mstrconv/rgsl/genblk2.arrs/sDat[18]:CLK
  To:   FIC_0_PERIPHERALS_0/FIC0_INITIATOR_inst_0/FIC0_INITIATOR_0/axicb/cb.arcon/trgmx/slaveABURST[0]:D
  Delay (ns):              0.151
  Slack (ns):              0.073
  Arrival (ns):            3.795
  Required (ns):           3.722
  Operating Conditions: fast_hv_lt

Path 49
  From: FIC_0_PERIPHERALS_0/DMA_INITIATOR_inst_0/DMA_INITIATOR_0/arst_aclk_sync/sysReset_f1:CLK
  To:   FIC_0_PERIPHERALS_0/DMA_INITIATOR_inst_0/DMA_INITIATOR_0/arst_aclk_sync/sysReset:D
  Delay (ns):              0.149
  Slack (ns):              0.073
  Arrival (ns):            3.795
  Required (ns):           3.722
  Operating Conditions: fast_hv_lt

Path 50
  From: FIC_0_PERIPHERALS_0/DMA_INITIATOR_inst_0/DMA_INITIATOR_0/MstConvertor_loop[0].mstrconv/mstrDWC/genblk1.MstUpConv/DWC_UpConv_preCalcAChannel_ar_inst/MASTER_AADDR_out[21]:CLK
  To:   FIC_0_PERIPHERALS_0/DMA_INITIATOR_inst_0/DMA_INITIATOR_0/MstConvertor_loop[0].mstrconv/mstrDWC/genblk1.MstUpConv/DWC_ARChan/SLAVE_AADDR[21]:D
  Delay (ns):              0.150
  Slack (ns):              0.073
  Arrival (ns):            3.808
  Required (ns):           3.735
  Operating Conditions: fast_hv_lt

Path 51
  From: CLOCKS_AND_RESETS_0/RESET_FIC_0_CLK/CORERESET_0/dff_7[0]:CLK
  To:   CLOCKS_AND_RESETS_0/RESET_FIC_0_CLK/CORERESET_0/dff_8[0]:D
  Delay (ns):              0.150
  Slack (ns):              0.073
  Arrival (ns):            3.803
  Required (ns):           3.730
  Operating Conditions: fast_hv_lt

Path 52
  From: CLOCKS_AND_RESETS_0/RESET_FIC_0_CLK/CORERESET_0/dff_2[0]:CLK
  To:   CLOCKS_AND_RESETS_0/RESET_FIC_0_CLK/CORERESET_0/dff_3[0]:D
  Delay (ns):              0.150
  Slack (ns):              0.073
  Arrival (ns):            3.803
  Required (ns):           3.730
  Operating Conditions: fast_hv_lt

Path 53
  From: FIC_3_PERIPHERALS_0/PWM/corepwm_C0_0/genblk3.corepwm_reg_if/psh_period_reg[30]:CLK
  To:   FIC_3_PERIPHERALS_0/PWM/corepwm_C0_0/genblk3.corepwm_reg_if/period_reg_Z[30]:D
  Delay (ns):              0.148
  Slack (ns):              0.074
  Arrival (ns):            4.209
  Required (ns):           4.135
  Operating Conditions: fast_hv_lt

Path 54
  From: FIC_0_PERIPHERALS_0/security_core_0/hash_block_6[0]:CLK
  To:   FIC_0_PERIPHERALS_0/security_core_0/hash_core/buffer[192]:D
  Delay (ns):              0.151
  Slack (ns):              0.074
  Arrival (ns):            3.833
  Required (ns):           3.759
  Operating Conditions: fast_hv_lt

Path 55
  From: FIC_0_PERIPHERALS_0/security_core_0/hash_block_4[10]:CLK
  To:   FIC_0_PERIPHERALS_0/security_core_0/hash_block_5[10]:D
  Delay (ns):              0.151
  Slack (ns):              0.074
  Arrival (ns):            3.805
  Required (ns):           3.731
  Operating Conditions: fast_hv_lt

Path 56
  From: FIC_0_PERIPHERALS_0/security_core_0/hash_block_3[29]:CLK
  To:   FIC_0_PERIPHERALS_0/security_core_0/hash_block_4[29]:D
  Delay (ns):              0.151
  Slack (ns):              0.074
  Arrival (ns):            3.810
  Required (ns):           3.736
  Operating Conditions: fast_hv_lt

Path 57
  From: FIC_0_PERIPHERALS_0/security_core_0/hash_block_3[16]:CLK
  To:   FIC_0_PERIPHERALS_0/security_core_0/hash_core/buffer[112]:D
  Delay (ns):              0.150
  Slack (ns):              0.074
  Arrival (ns):            3.823
  Required (ns):           3.749
  Operating Conditions: fast_hv_lt

Path 58
  From: FIC_3_PERIPHERALS_0/PWM/corepwm_C0_0/genblk3.corepwm_reg_if/psh_prescale_reg[19]:CLK
  To:   FIC_3_PERIPHERALS_0/PWM/corepwm_C0_0/genblk3.corepwm_reg_if/prescale_reg_Z[19]:D
  Delay (ns):              0.150
  Slack (ns):              0.075
  Arrival (ns):            4.215
  Required (ns):           4.140
  Operating Conditions: fast_hv_lt

Path 59
  From: FIC_0_PERIPHERALS_0/security_core_0/sbox/y_lo_r2[2][2]:CLK
  To:   FIC_0_PERIPHERALS_0/security_core_0/sbox/y_lo_r3[2][2]:D
  Delay (ns):              0.149
  Slack (ns):              0.075
  Arrival (ns):            3.778
  Required (ns):           3.703
  Operating Conditions: fast_hv_lt

Path 60
  From: FIC_0_PERIPHERALS_0/security_core_0/sbox/y_lo_r2[2][0]:CLK
  To:   FIC_0_PERIPHERALS_0/security_core_0/sbox/y_lo_r3[2][0]:D
  Delay (ns):              0.149
  Slack (ns):              0.075
  Arrival (ns):            3.779
  Required (ns):           3.704
  Operating Conditions: fast_hv_lt

Path 61
  From: FIC_0_PERIPHERALS_0/security_core_0/sbox/y_hi_r2[2][3]:CLK
  To:   FIC_0_PERIPHERALS_0/security_core_0/sbox/y_hi_r3[2][3]:D
  Delay (ns):              0.149
  Slack (ns):              0.075
  Arrival (ns):            3.802
  Required (ns):           3.727
  Operating Conditions: fast_hv_lt

Path 62
  From: FIC_0_PERIPHERALS_0/security_core_0/rng/trivium_0/A[0][16]:CLK
  To:   FIC_0_PERIPHERALS_0/security_core_0/rng/trivium_0/A[1][16]:D
  Delay (ns):              0.152
  Slack (ns):              0.075
  Arrival (ns):            3.803
  Required (ns):           3.728
  Operating Conditions: fast_hv_lt

Path 63
  From: FIC_0_PERIPHERALS_0/security_core_0/rng/neoTRNG_0/entropy_cell_gen.1.neoTRNG_cell_inst/sreg_4[0]:CLK
  To:   FIC_0_PERIPHERALS_0/security_core_0/rng/neoTRNG_0/entropy_cell_gen.1.neoTRNG_cell_inst/sreg_5[0]:D
  Delay (ns):              0.152
  Slack (ns):              0.075
  Arrival (ns):            3.806
  Required (ns):           3.731
  Operating Conditions: fast_hv_lt

Path 64
  From: FIC_0_PERIPHERALS_0/security_core_0/hash_block_8[3]:CLK
  To:   FIC_0_PERIPHERALS_0/security_core_0/hash_block_9[3]:D
  Delay (ns):              0.152
  Slack (ns):              0.075
  Arrival (ns):            3.809
  Required (ns):           3.734
  Operating Conditions: fast_hv_lt

Path 65
  From: FIC_0_PERIPHERALS_0/security_core_0/hash_block_6[22]:CLK
  To:   FIC_0_PERIPHERALS_0/security_core_0/hash_block_7[22]:D
  Delay (ns):              0.149
  Slack (ns):              0.075
  Arrival (ns):            3.805
  Required (ns):           3.730
  Operating Conditions: fast_hv_lt

Path 66
  From: FIC_0_PERIPHERALS_0/security_core_0/hash_block_1[29]:CLK
  To:   FIC_0_PERIPHERALS_0/security_core_0/hash_block_2[29]:D
  Delay (ns):              0.152
  Slack (ns):              0.075
  Arrival (ns):            3.811
  Required (ns):           3.736
  Operating Conditions: fast_hv_lt

Path 67
  From: FIC_0_PERIPHERALS_0/security_core_0/hash_block_13[12]:CLK
  To:   FIC_0_PERIPHERALS_0/security_core_0/hash_block_14[12]:D
  Delay (ns):              0.152
  Slack (ns):              0.075
  Arrival (ns):            3.808
  Required (ns):           3.733
  Operating Conditions: fast_hv_lt

Path 68
  From: FIC_0_PERIPHERALS_0/security_core_0/hash_block_12[19]:CLK
  To:   FIC_0_PERIPHERALS_0/security_core_0/hash_block_13[19]:D
  Delay (ns):              0.149
  Slack (ns):              0.075
  Arrival (ns):            3.817
  Required (ns):           3.742
  Operating Conditions: fast_hv_lt

Path 69
  From: FIC_0_PERIPHERALS_0/security_core_0/hash_block_11[26]:CLK
  To:   FIC_0_PERIPHERALS_0/security_core_0/hash_core/buffer[378]:D
  Delay (ns):              0.152
  Slack (ns):              0.075
  Arrival (ns):            3.806
  Required (ns):           3.731
  Operating Conditions: fast_hv_lt

Path 70
  From: FIC_0_PERIPHERALS_0/security_core_0/hash_block_10[8]:CLK
  To:   FIC_0_PERIPHERALS_0/security_core_0/hash_block_11[8]:D
  Delay (ns):              0.283
  Slack (ns):              0.075
  Arrival (ns):            5.553
  Required (ns):           5.478
  Operating Conditions: slow_lv_lt

Path 71
  From: FIC_0_PERIPHERALS_0/DMA_INITIATOR_inst_0/DMA_INITIATOR_0/MstConvertor_loop[0].mstrconv/mstrDWC/genblk1.MstUpConv/DWC_AWChan/SLAVE_AADDR[31]:CLK
  To:   FIC_0_PERIPHERALS_0/DMA_INITIATOR_inst_0/DMA_INITIATOR_0/MstConvertor_loop[0].mstrconv/rgsl/genblk1.awrs/holdDat[62]:D
  Delay (ns):              0.152
  Slack (ns):              0.075
  Arrival (ns):            3.803
  Required (ns):           3.728
  Operating Conditions: fast_hv_lt

Path 72
  From: FIC_0_PERIPHERALS_0/DMA_CONTROLLER_inst_0/DMA_CONTROLLER_0/U_AXI4INITIATORDMACtrl/AWADDRReg[26]:CLK
  To:   FIC_0_PERIPHERALS_0/DMA_INITIATOR_inst_0/DMA_INITIATOR_0/MstConvertor_loop[0].mstrconv/mstrDWC/genblk1.MstUpConv/DWC_UpConv_preCalcAChannel_aw_inst/MASTER_AADDR_out[26]:D
  Delay (ns):              0.149
  Slack (ns):              0.075
  Arrival (ns):            3.795
  Required (ns):           3.720
  Operating Conditions: fast_hv_lt

Path 73
  From: FIC_0_PERIPHERALS_0/DMA_CONTROLLER_inst_0/DMA_CONTROLLER_0/U_AXI4INITIATORDMACtrl/ARADDRReg[7]:CLK
  To:   FIC_0_PERIPHERALS_0/DMA_INITIATOR_inst_0/DMA_INITIATOR_0/MstConvertor_loop[0].mstrconv/mstrDWC/genblk1.MstUpConv/DWC_UpConv_preCalcAChannel_ar_inst/MASTER_AADDR_out[7]:D
  Delay (ns):              0.149
  Slack (ns):              0.075
  Arrival (ns):            3.800
  Required (ns):           3.725
  Operating Conditions: fast_hv_lt

Path 74
  From: FIC_0_PERIPHERALS_0/security_core_0/sbox/y_lo_r3[2][2]:CLK
  To:   FIC_0_PERIPHERALS_0/security_core_0/sbox/y_lo_r4[2][2]:D
  Delay (ns):              0.144
  Slack (ns):              0.076
  Arrival (ns):            3.773
  Required (ns):           3.697
  Operating Conditions: fast_hv_lt

Path 75
  From: FIC_0_PERIPHERALS_0/security_core_0/sbox/y_hi_r3[0][1]:CLK
  To:   FIC_0_PERIPHERALS_0/security_core_0/sbox/y_hi_r4[0][1]:D
  Delay (ns):              0.144
  Slack (ns):              0.076
  Arrival (ns):            3.779
  Required (ns):           3.703
  Operating Conditions: fast_hv_lt

Path 76
  From: FIC_0_PERIPHERALS_0/security_core_0/rng/neoTRNG_0/entropy_cell_gen.2.neoTRNG_cell_inst/sreg_4[0]:CLK
  To:   FIC_0_PERIPHERALS_0/security_core_0/rng/neoTRNG_0/entropy_cell_gen.2.neoTRNG_cell_inst/sreg_5[0]:D
  Delay (ns):              0.153
  Slack (ns):              0.076
  Arrival (ns):            3.811
  Required (ns):           3.735
  Operating Conditions: fast_hv_lt

Path 77
  From: FIC_0_PERIPHERALS_0/security_core_0/hash_block_9[6]:CLK
  To:   FIC_0_PERIPHERALS_0/security_core_0/hash_block_10[6]:D
  Delay (ns):              0.153
  Slack (ns):              0.076
  Arrival (ns):            3.829
  Required (ns):           3.753
  Operating Conditions: fast_hv_lt

Path 78
  From: FIC_0_PERIPHERALS_0/security_core_0/hash_block_4[5]:CLK
  To:   FIC_0_PERIPHERALS_0/security_core_0/hash_block_5[5]:D
  Delay (ns):              0.150
  Slack (ns):              0.076
  Arrival (ns):            3.797
  Required (ns):           3.721
  Operating Conditions: fast_hv_lt

Path 79
  From: FIC_0_PERIPHERALS_0/security_core_0/hash_block_4[19]:CLK
  To:   FIC_0_PERIPHERALS_0/security_core_0/hash_block_5[19]:D
  Delay (ns):              0.150
  Slack (ns):              0.076
  Arrival (ns):            3.821
  Required (ns):           3.745
  Operating Conditions: fast_hv_lt

Path 80
  From: FIC_0_PERIPHERALS_0/security_core_0/hash_block_4[18]:CLK
  To:   FIC_0_PERIPHERALS_0/security_core_0/hash_block_5[18]:D
  Delay (ns):              0.150
  Slack (ns):              0.076
  Arrival (ns):            3.832
  Required (ns):           3.756
  Operating Conditions: fast_hv_lt

Path 81
  From: FIC_0_PERIPHERALS_0/security_core_0/hash_block_2[27]:CLK
  To:   FIC_0_PERIPHERALS_0/security_core_0/hash_block_3[27]:D
  Delay (ns):              0.153
  Slack (ns):              0.076
  Arrival (ns):            3.814
  Required (ns):           3.738
  Operating Conditions: fast_hv_lt

Path 82
  From: FIC_0_PERIPHERALS_0/security_core_0/hash_block_15[9]:CLK
  To:   FIC_0_PERIPHERALS_0/security_core_0/hash_core/buffer[489]:D
  Delay (ns):              0.150
  Slack (ns):              0.076
  Arrival (ns):            3.802
  Required (ns):           3.726
  Operating Conditions: fast_hv_lt

Path 83
  From: FIC_0_PERIPHERALS_0/security_core_0/hash_block_14[27]:CLK
  To:   FIC_0_PERIPHERALS_0/security_core_0/hash_core/buffer[475]:D
  Delay (ns):              0.150
  Slack (ns):              0.076
  Arrival (ns):            3.817
  Required (ns):           3.741
  Operating Conditions: fast_hv_lt

Path 84
  From: FIC_0_PERIPHERALS_0/security_core_0/hash_block_12[3]:CLK
  To:   FIC_0_PERIPHERALS_0/security_core_0/hash_block_13[3]:D
  Delay (ns):              0.153
  Slack (ns):              0.076
  Arrival (ns):            3.811
  Required (ns):           3.735
  Operating Conditions: fast_hv_lt

Path 85
  From: FIC_0_PERIPHERALS_0/security_core_0/hash_block_11[7]:CLK
  To:   FIC_0_PERIPHERALS_0/security_core_0/hash_block_12[7]:D
  Delay (ns):              0.153
  Slack (ns):              0.076
  Arrival (ns):            3.808
  Required (ns):           3.732
  Operating Conditions: fast_hv_lt

Path 86
  From: FIC_0_PERIPHERALS_0/security_core_0/hash_block_11[17]:CLK
  To:   FIC_0_PERIPHERALS_0/security_core_0/hash_block_12[17]:D
  Delay (ns):              0.150
  Slack (ns):              0.076
  Arrival (ns):            3.805
  Required (ns):           3.729
  Operating Conditions: fast_hv_lt

Path 87
  From: FIC_0_PERIPHERALS_0/DMA_INITIATOR_inst_0/DMA_INITIATOR_0/MstConvertor_loop[0].mstrconv/mstrDWC/genblk1.MstUpConv/DWC_UpConv_preCalcAChannel_ar_inst/MASTER_AADDR_out[23]:CLK
  To:   FIC_0_PERIPHERALS_0/DMA_INITIATOR_inst_0/DMA_INITIATOR_0/MstConvertor_loop[0].mstrconv/mstrDWC/genblk1.MstUpConv/DWC_ARChan/SLAVE_AADDR[23]:D
  Delay (ns):              0.150
  Slack (ns):              0.076
  Arrival (ns):            3.792
  Required (ns):           3.716
  Operating Conditions: fast_hv_lt

Path 88
  From: CLOCKS_AND_RESETS_0/RESET_FIC_0_CLK/CORERESET_0/dff_10[0]:CLK
  To:   CLOCKS_AND_RESETS_0/RESET_FIC_0_CLK/CORERESET_0/dff_11[0]:D
  Delay (ns):              0.153
  Slack (ns):              0.076
  Arrival (ns):            3.812
  Required (ns):           3.736
  Operating Conditions: fast_hv_lt

Path 89
  From: FIC_0_PERIPHERALS_0/security_core_0/rng/trng_acc_0/seed_o_4[3]:CLK
  To:   FIC_0_PERIPHERALS_0/security_core_0/rng/trng_acc_0/seed_o_5[3]:D
  Delay (ns):              0.154
  Slack (ns):              0.077
  Arrival (ns):            3.805
  Required (ns):           3.728
  Operating Conditions: fast_hv_lt

Path 90
  From: FIC_0_PERIPHERALS_0/security_core_0/rng/neoTRNG_0/entropy_cell_gen.2.neoTRNG_cell_inst/sreg_2[0]:CLK
  To:   FIC_0_PERIPHERALS_0/security_core_0/rng/neoTRNG_0/entropy_cell_gen.2.neoTRNG_cell_inst/sreg_3[0]:D
  Delay (ns):              0.154
  Slack (ns):              0.077
  Arrival (ns):            3.812
  Required (ns):           3.735
  Operating Conditions: fast_hv_lt

Path 91
  From: FIC_0_PERIPHERALS_0/security_core_0/hash_block_8[15]:CLK
  To:   FIC_0_PERIPHERALS_0/security_core_0/hash_block_9[15]:D
  Delay (ns):              0.150
  Slack (ns):              0.077
  Arrival (ns):            3.789
  Required (ns):           3.712
  Operating Conditions: fast_hv_lt

Path 92
  From: FIC_0_PERIPHERALS_0/security_core_0/hash_block_7[12]:CLK
  To:   FIC_0_PERIPHERALS_0/security_core_0/hash_block_8[12]:D
  Delay (ns):              0.155
  Slack (ns):              0.077
  Arrival (ns):            3.810
  Required (ns):           3.733
  Operating Conditions: fast_hv_lt

Path 93
  From: FIC_0_PERIPHERALS_0/security_core_0/hash_block_5[8]:CLK
  To:   FIC_0_PERIPHERALS_0/security_core_0/hash_core/buffer[168]:D
  Delay (ns):              0.154
  Slack (ns):              0.077
  Arrival (ns):            3.833
  Required (ns):           3.756
  Operating Conditions: fast_hv_lt

Path 94
  From: FIC_0_PERIPHERALS_0/security_core_0/hash_block_4[23]:CLK
  To:   FIC_0_PERIPHERALS_0/security_core_0/hash_block_5[23]:D
  Delay (ns):              0.154
  Slack (ns):              0.077
  Arrival (ns):            3.832
  Required (ns):           3.755
  Operating Conditions: fast_hv_lt

Path 95
  From: FIC_0_PERIPHERALS_0/security_core_0/hash_block_3[0]:CLK
  To:   FIC_0_PERIPHERALS_0/security_core_0/hash_block_4[0]:D
  Delay (ns):              0.154
  Slack (ns):              0.077
  Arrival (ns):            3.836
  Required (ns):           3.759
  Operating Conditions: fast_hv_lt

Path 96
  From: FIC_0_PERIPHERALS_0/security_core_0/hash_block_2[11]:CLK
  To:   FIC_0_PERIPHERALS_0/security_core_0/hash_block_3[11]:D
  Delay (ns):              0.151
  Slack (ns):              0.077
  Arrival (ns):            3.822
  Required (ns):           3.745
  Operating Conditions: fast_hv_lt

Path 97
  From: FIC_0_PERIPHERALS_0/security_core_0/hash_block_13[4]:CLK
  To:   FIC_0_PERIPHERALS_0/security_core_0/hash_block_14[4]:D
  Delay (ns):              0.154
  Slack (ns):              0.077
  Arrival (ns):            3.810
  Required (ns):           3.733
  Operating Conditions: fast_hv_lt

Path 98
  From: FIC_0_PERIPHERALS_0/security_core_0/hash_block_12[15]:CLK
  To:   FIC_0_PERIPHERALS_0/security_core_0/hash_core/buffer[399]:D
  Delay (ns):              0.151
  Slack (ns):              0.077
  Arrival (ns):            3.797
  Required (ns):           3.720
  Operating Conditions: fast_hv_lt

Path 99
  From: FIC_0_PERIPHERALS_0/security_core_0/hash_block_12[13]:CLK
  To:   FIC_0_PERIPHERALS_0/security_core_0/hash_block_13[13]:D
  Delay (ns):              0.154
  Slack (ns):              0.077
  Arrival (ns):            3.831
  Required (ns):           3.754
  Operating Conditions: fast_hv_lt

Path 100
  From: FIC_0_PERIPHERALS_0/security_core_0/hash_block_12[12]:CLK
  To:   FIC_0_PERIPHERALS_0/security_core_0/hash_core/buffer[396]:D
  Delay (ns):              0.154
  Slack (ns):              0.077
  Arrival (ns):            3.810
  Required (ns):           3.733
  Operating Conditions: fast_hv_lt

