Timing Violation Report Min Delay Analysis

SmartTime Version 2025.2
Microchip Technology Inc. - Microchip Libero Software Release 2025.2 (Version 2025.2.0.14)
Date: Wed Apr  8 23:50:20 2026


Design: MPFS_DISCOVERY_KIT
Family: PolarFireSoC
Die: MPFS095T
Package: FCSG325
Temperature Range: 0 - 100 C
Voltage Range: 0.97 - 1.03 V
Speed Grade: -1
Design State: Post-Layout
Data source: Production
Multi Corner Report Operating Conditions: slow_lv_lt,fast_hv_lt,slow_lv_ht


Path 1
  From: MIPI_CAMERA_0/mipicsi2rxdecoderPF_C0_0/MSC_i_0/MSC_i_4/MSC_i_10/MSC_i_12/MSC_i_13/wraddr_rr[2]:CLK
  To:   MIPI_CAMERA_0/mipicsi2rxdecoderPF_C0_0/MSC_i_0/MSC_i_4/MSC_i_10/MSC_i_12/MSC_i_13/wraddr_sync_r[2]:D
  Delay (ns):              0.232
  Slack (ns):             -3.369
  Arrival (ns):            3.930
  Required (ns):           7.299
  Operating Conditions: slow_lv_ht

Path 2
  From: MIPI_CAMERA_0/mipicsi2rxdecoderPF_C0_0/MSC_i_0/MSC_i_4/MSC_i_10/MSC_i_12/MSC_i_13/wraddr_rr[7]:CLK
  To:   MIPI_CAMERA_0/mipicsi2rxdecoderPF_C0_0/MSC_i_0/MSC_i_4/MSC_i_10/MSC_i_12/MSC_i_13/wraddr_sync_r[7]:D
  Delay (ns):              0.295
  Slack (ns):             -3.348
  Arrival (ns):            4.021
  Required (ns):           7.369
  Operating Conditions: slow_lv_ht

Path 3
  From: MIPI_CAMERA_0/mipicsi2rxdecoderPF_C0_0/MSC_i_0/L0_lp_data_shift[15]:CLK
  To:   MIPI_CAMERA_0/mipicsi2rxdecoderPF_C0_0/MSC_i_0/L0_lp_data_pclk1:D
  Delay (ns):              0.304
  Slack (ns):             -3.340
  Arrival (ns):            4.036
  Required (ns):           7.376
  Operating Conditions: slow_lv_ht

Path 4
  From: MIPI_CAMERA_0/mipicsi2rxdecoderPF_C0_0/MSC_i_0/MSC_i_4/MSC_i_10/MSC_i_12/MSC_i_13/wraddr_rr[9]:CLK
  To:   MIPI_CAMERA_0/mipicsi2rxdecoderPF_C0_0/MSC_i_0/MSC_i_4/MSC_i_10/MSC_i_12/MSC_i_13/wraddr_sync_r[9]:D
  Delay (ns):              0.318
  Slack (ns):             -3.331
  Arrival (ns):            4.044
  Required (ns):           7.375
  Operating Conditions: slow_lv_ht

Path 5
  From: MIPI_CAMERA_0/mipicsi2rxdecoderPF_C0_0/MSC_i_0/MSC_i_4/MSC_i_10/MSC_i_12/MSC_i_13/wraddr_rr[5]:CLK
  To:   MIPI_CAMERA_0/mipicsi2rxdecoderPF_C0_0/MSC_i_0/MSC_i_4/MSC_i_10/MSC_i_12/MSC_i_13/wraddr_sync_r[5]:D
  Delay (ns):              0.400
  Slack (ns):             -3.256
  Arrival (ns):            4.111
  Required (ns):           7.367
  Operating Conditions: slow_lv_ht

Path 6
  From: MIPI_CAMERA_0/mipicsi2rxdecoderPF_C0_0/MSC_i_0/MSC_i_4/MSC_i_10/MSC_i_12/MSC_i_13/wraddr_rr[4]:CLK
  To:   MIPI_CAMERA_0/mipicsi2rxdecoderPF_C0_0/MSC_i_0/MSC_i_4/MSC_i_10/MSC_i_12/MSC_i_13/wraddr_sync_r[4]:D
  Delay (ns):              0.405
  Slack (ns):             -3.205
  Arrival (ns):            4.115
  Required (ns):           7.320
  Operating Conditions: slow_lv_ht

Path 7
  From: MIPI_CAMERA_0/mipicsi2rxdecoderPF_C0_0/MSC_i_0/MSC_i_4/MSC_i_10/MSC_i_12/MSC_i_13/wraddr_rr[10]:CLK
  To:   MIPI_CAMERA_0/mipicsi2rxdecoderPF_C0_0/MSC_i_0/MSC_i_4/MSC_i_10/MSC_i_12/MSC_i_13/wraddr_sync_r[10]:D
  Delay (ns):              0.473
  Slack (ns):             -3.191
  Arrival (ns):            4.194
  Required (ns):           7.385
  Operating Conditions: slow_lv_ht

Path 8
  From: MIPI_CAMERA_0/mipicsi2rxdecoderPF_C0_0/MSC_i_0/MSC_i_4/MSC_i_10/MSC_i_12/MSC_i_13/wraddr_rr[1]:CLK
  To:   MIPI_CAMERA_0/mipicsi2rxdecoderPF_C0_0/MSC_i_0/MSC_i_4/MSC_i_10/MSC_i_12/MSC_i_13/wraddr_sync_r[1]:D
  Delay (ns):              0.548
  Slack (ns):             -3.084
  Arrival (ns):            4.086
  Required (ns):           7.170
  Operating Conditions: slow_lv_lt

Path 9
  From: MIPI_CAMERA_0/mipicsi2rxdecoderPF_C0_0/MSC_i_0/MSC_i_4/MSC_i_10/MSC_i_12/MSC_i_13/wraddr_rr[0]:CLK
  To:   MIPI_CAMERA_0/mipicsi2rxdecoderPF_C0_0/MSC_i_0/MSC_i_4/MSC_i_10/MSC_i_12/MSC_i_13/wraddr_sync_r[0]:D
  Delay (ns):              0.525
  Slack (ns):             -3.071
  Arrival (ns):            4.083
  Required (ns):           7.154
  Operating Conditions: slow_lv_lt

Path 10
  From: MIPI_CAMERA_0/mipicsi2rxdecoderPF_C0_0/MSC_i_0/MSC_i_4/MSC_i_10/genblk2.word_count_out[8]:CLK
  To:   MIPI_CAMERA_0/mipicsi2rxdecoderPF_C0_0/MSC_i_0/MSC_i_4/MSC_i_10/word_count_reg1_0[8]:D
  Delay (ns):              0.558
  Slack (ns):             -3.049
  Arrival (ns):            4.124
  Required (ns):           7.173
  Operating Conditions: slow_lv_lt

Path 11
  From: MIPI_CAMERA_0/mipicsi2rxdecoderPF_C0_0/MSC_i_0/MSC_i_4/MSC_i_10/genblk2.word_count_out[14]:CLK
  To:   MIPI_CAMERA_0/mipicsi2rxdecoderPF_C0_0/MSC_i_0/MSC_i_4/MSC_i_10/word_count_reg1_0[14]:D
  Delay (ns):              0.678
  Slack (ns):             -2.924
  Arrival (ns):            4.251
  Required (ns):           7.175
  Operating Conditions: slow_lv_lt

Path 12
  From: MIPI_CAMERA_0/mipicsi2rxdecoderPF_C0_0/MSC_i_0/MSC_i_4/MSC_i_10/genblk2.word_count_out[0]:CLK
  To:   MIPI_CAMERA_0/mipicsi2rxdecoderPF_C0_0/MSC_i_0/MSC_i_4/MSC_i_10/word_count_reg1_0[0]:D
  Delay (ns):              0.671
  Slack (ns):             -2.922
  Arrival (ns):            4.246
  Required (ns):           7.168
  Operating Conditions: slow_lv_lt

Path 13
  From: MIPI_CAMERA_0/mipicsi2rxdecoderPF_C0_0/MSC_i_0/MSC_i_4/MSC_i_10/genblk2.word_count_out[2]:CLK
  To:   MIPI_CAMERA_0/mipicsi2rxdecoderPF_C0_0/MSC_i_0/MSC_i_4/MSC_i_10/word_count_reg1_0[2]:D
  Delay (ns):              0.676
  Slack (ns):             -2.913
  Arrival (ns):            4.221
  Required (ns):           7.134
  Operating Conditions: slow_lv_lt

Path 14
  From: MIPI_CAMERA_0/mipicsi2rxdecoderPF_C0_0/MSC_i_0/MSC_i_4/MSC_i_10/genblk2.word_count_out[15]:CLK
  To:   MIPI_CAMERA_0/mipicsi2rxdecoderPF_C0_0/MSC_i_0/MSC_i_4/MSC_i_10/word_count_reg1_0[15]:D
  Delay (ns):              0.723
  Slack (ns):             -2.870
  Arrival (ns):            4.290
  Required (ns):           7.160
  Operating Conditions: slow_lv_lt

Path 15
  From: MIPI_CAMERA_0/mipicsi2rxdecoderPF_C0_0/MSC_i_0/MSC_i_4/MSC_i_10/genblk2.dt_i[3]:CLK
  To:   MIPI_CAMERA_0/mipicsi2rxdecoderPF_C0_0/MSC_i_0/MSC_i_4/MSC_i_10/data_type_reg1_0[3]:D
  Delay (ns):              0.737
  Slack (ns):             -2.862
  Arrival (ns):            4.280
  Required (ns):           7.142
  Operating Conditions: slow_lv_lt

Path 16
  From: MIPI_CAMERA_0/mipicsi2rxdecoderPF_C0_0/MSC_i_0/MSC_i_4/MSC_i_10/MSC_i_12/MSC_i_13/wraddr_rr[3]:CLK
  To:   MIPI_CAMERA_0/mipicsi2rxdecoderPF_C0_0/MSC_i_0/MSC_i_4/MSC_i_10/MSC_i_12/MSC_i_13/wraddr_sync_r[3]:D
  Delay (ns):              0.750
  Slack (ns):             -2.847
  Arrival (ns):            4.291
  Required (ns):           7.138
  Operating Conditions: slow_lv_lt

Path 17
  From: MIPI_CAMERA_0/mipicsi2rxdecoderPF_C0_0/MSC_i_0/MSC_i_4/MSC_i_10/genblk2.word_count_out[4]:CLK
  To:   MIPI_CAMERA_0/mipicsi2rxdecoderPF_C0_0/MSC_i_0/MSC_i_4/MSC_i_10/word_count_reg1_0[4]:D
  Delay (ns):              0.721
  Slack (ns):             -2.843
  Arrival (ns):            4.288
  Required (ns):           7.131
  Operating Conditions: slow_lv_lt

Path 18
  From: MIPI_CAMERA_0/mipicsi2rxdecoderPF_C0_0/MSC_i_0/MSC_i_4/MSC_i_10/genblk2.dt_i[2]:CLK
  To:   MIPI_CAMERA_0/mipicsi2rxdecoderPF_C0_0/MSC_i_0/MSC_i_4/MSC_i_10/data_type_reg1_0[2]:D
  Delay (ns):              0.779
  Slack (ns):             -2.827
  Arrival (ns):            4.322
  Required (ns):           7.149
  Operating Conditions: slow_lv_lt

Path 19
  From: MIPI_CAMERA_0/mipicsi2rxdecoderPF_C0_0/MSC_i_0/MSC_i_4/MSC_i_10/MSC_i_12/MSC_i_13/wraddr_rr[6]:CLK
  To:   MIPI_CAMERA_0/mipicsi2rxdecoderPF_C0_0/MSC_i_0/MSC_i_4/MSC_i_10/MSC_i_12/MSC_i_13/wraddr_sync_r[6]:D
  Delay (ns):              0.832
  Slack (ns):             -2.792
  Arrival (ns):            4.367
  Required (ns):           7.159
  Operating Conditions: slow_lv_lt

Path 20
  From: MIPI_CAMERA_0/mipicsi2rxdecoderPF_C0_0/MSC_i_0/MSC_i_4/MSC_i_10/genblk2.word_count_out[6]:CLK
  To:   MIPI_CAMERA_0/mipicsi2rxdecoderPF_C0_0/MSC_i_0/MSC_i_4/MSC_i_10/word_count_reg1_0[6]:D
  Delay (ns):              0.791
  Slack (ns):             -2.776
  Arrival (ns):            4.347
  Required (ns):           7.123
  Operating Conditions: slow_lv_lt

Path 21
  From: MIPI_CAMERA_0/mipicsi2rxdecoderPF_C0_0/MSC_i_0/MSC_i_4/MSC_i_10/genblk2.word_count_out[5]:CLK
  To:   MIPI_CAMERA_0/mipicsi2rxdecoderPF_C0_0/MSC_i_0/MSC_i_4/MSC_i_10/word_count_reg1_0[5]:D
  Delay (ns):              0.850
  Slack (ns):             -2.743
  Arrival (ns):            4.418
  Required (ns):           7.161
  Operating Conditions: slow_lv_lt

Path 22
  From: MIPI_CAMERA_0/mipicsi2rxdecoderPF_C0_0/MSC_i_0/MSC_i_4/MSC_i_10/genblk2.word_count_out[3]:CLK
  To:   MIPI_CAMERA_0/mipicsi2rxdecoderPF_C0_0/MSC_i_0/MSC_i_4/MSC_i_10/word_count_reg1_0[3]:D
  Delay (ns):              0.897
  Slack (ns):             -2.720
  Arrival (ns):            4.432
  Required (ns):           7.152
  Operating Conditions: slow_lv_lt

Path 23
  From: MIPI_CAMERA_0/mipicsi2rxdecoderPF_C0_0/MSC_i_0/MSC_i_4/MSC_i_10/genblk2.dt_i[1]:CLK
  To:   MIPI_CAMERA_0/mipicsi2rxdecoderPF_C0_0/MSC_i_0/MSC_i_4/MSC_i_10/data_type_reg1_0[1]:D
  Delay (ns):              0.888
  Slack (ns):             -2.704
  Arrival (ns):            4.431
  Required (ns):           7.135
  Operating Conditions: slow_lv_lt

Path 24
  From: MIPI_CAMERA_0/mipicsi2rxdecoderPF_C0_0/MSC_i_0/MSC_i_4/MSC_i_10/genblk2.dt_i[0]:CLK
  To:   MIPI_CAMERA_0/mipicsi2rxdecoderPF_C0_0/MSC_i_0/MSC_i_4/MSC_i_10/data_type_reg1_0[0]:D
  Delay (ns):              0.893
  Slack (ns):             -2.691
  Arrival (ns):            4.446
  Required (ns):           7.137
  Operating Conditions: slow_lv_lt

Path 25
  From: MIPI_CAMERA_0/mipicsi2rxdecoderPF_C0_0/MSC_i_0/MSC_i_4/MSC_i_10/MSC_i_12/MSC_i_13/wraddr_rr[8]:CLK
  To:   MIPI_CAMERA_0/mipicsi2rxdecoderPF_C0_0/MSC_i_0/MSC_i_4/MSC_i_10/MSC_i_12/MSC_i_13/wraddr_sync_r[8]:D
  Delay (ns):              0.932
  Slack (ns):             -2.688
  Arrival (ns):            4.471
  Required (ns):           7.159
  Operating Conditions: slow_lv_lt

Path 26
  From: MIPI_CAMERA_0/mipicsi2rxdecoderPF_C0_0/MSC_i_0/MSC_i_4/MSC_i_10/genblk2.virtual_channel[1]:CLK
  To:   MIPI_CAMERA_0/mipicsi2rxdecoderPF_C0_0/MSC_i_0/MSC_i_4/MSC_i_10/virtual_channel_reg1_0[1]:D
  Delay (ns):              0.910
  Slack (ns):             -2.683
  Arrival (ns):            4.452
  Required (ns):           7.135
  Operating Conditions: slow_lv_lt

Path 27
  From: MIPI_CAMERA_0/mipicsi2rxdecoderPF_C0_0/MSC_i_0/MSC_i_4/MSC_i_10/genblk2.word_count_out[11]:CLK
  To:   MIPI_CAMERA_0/mipicsi2rxdecoderPF_C0_0/MSC_i_0/MSC_i_4/MSC_i_10/word_count_reg1_0[11]:D
  Delay (ns):              0.969
  Slack (ns):             -2.631
  Arrival (ns):            4.536
  Required (ns):           7.167
  Operating Conditions: slow_lv_lt

Path 28
  From: MIPI_CAMERA_0/mipicsi2rxdecoderPF_C0_0/MSC_i_0/MSC_i_4/MSC_i_10/genblk2.word_count_out[13]:CLK
  To:   MIPI_CAMERA_0/mipicsi2rxdecoderPF_C0_0/MSC_i_0/MSC_i_4/MSC_i_10/word_count_reg1_0[13]:D
  Delay (ns):              0.944
  Slack (ns):             -2.625
  Arrival (ns):            4.511
  Required (ns):           7.136
  Operating Conditions: slow_lv_lt

Path 29
  From: MIPI_CAMERA_0/mipicsi2rxdecoderPF_C0_0/MSC_i_0/MSC_i_4/MSC_i_10/genblk2.dt_i[5]:CLK
  To:   MIPI_CAMERA_0/mipicsi2rxdecoderPF_C0_0/MSC_i_0/MSC_i_4/MSC_i_10/data_type_reg1_0[5]:D
  Delay (ns):              1.019
  Slack (ns):             -2.591
  Arrival (ns):            4.561
  Required (ns):           7.152
  Operating Conditions: slow_lv_lt

Path 30
  From: MIPI_CAMERA_0/mipicsi2rxdecoderPF_C0_0/MSC_i_0/MSC_i_4/MSC_i_10/genblk2.word_count_out[9]:CLK
  To:   MIPI_CAMERA_0/mipicsi2rxdecoderPF_C0_0/MSC_i_0/MSC_i_4/MSC_i_10/word_count_reg1_0[9]:D
  Delay (ns):              1.031
  Slack (ns):             -2.565
  Arrival (ns):            4.574
  Required (ns):           7.139
  Operating Conditions: slow_lv_lt

Path 31
  From: MIPI_CAMERA_0/mipicsi2rxdecoderPF_C0_0/MSC_i_0/MSC_i_4/MSC_i_10/genblk2.frame_valid_out_VC0:CLK
  To:   MIPI_CAMERA_0/mipicsi2rxdecoderPF_C0_0/MSC_i_0/MSC_i_4/MSC_i_10/fv_reg:D
  Delay (ns):              1.083
  Slack (ns):             -2.533
  Arrival (ns):            4.632
  Required (ns):           7.165
  Operating Conditions: slow_lv_lt

Path 32
  From: MIPI_CAMERA_0/mipicsi2rxdecoderPF_C0_0/MSC_i_0/MSC_i_4/MSC_i_10/genblk2.word_count_out[10]:CLK
  To:   MIPI_CAMERA_0/mipicsi2rxdecoderPF_C0_0/MSC_i_0/MSC_i_4/MSC_i_10/word_count_reg1_0[10]:D
  Delay (ns):              1.075
  Slack (ns):             -2.488
  Arrival (ns):            4.642
  Required (ns):           7.130
  Operating Conditions: slow_lv_lt

Path 33
  From: MIPI_CAMERA_0/mipicsi2rxdecoderPF_C0_0/MSC_i_0/MSC_i_4/MSC_i_10/genblk2.word_count_out[1]:CLK
  To:   MIPI_CAMERA_0/mipicsi2rxdecoderPF_C0_0/MSC_i_0/MSC_i_4/MSC_i_10/word_count_reg1_0[1]:D
  Delay (ns):              1.085
  Slack (ns):             -2.479
  Arrival (ns):            4.652
  Required (ns):           7.131
  Operating Conditions: slow_lv_lt

Path 34
  From: MIPI_CAMERA_0/mipicsi2rxdecoderPF_C0_0/MSC_i_0/MSC_i_4/MSC_i_10/ecc_error_ready:CLK
  To:   MIPI_CAMERA_0/mipicsi2rxdecoderPF_C0_0/MSC_i_0/MSC_i_4/MSC_i_10/ecc_error_done:D
  Delay (ns):              1.126
  Slack (ns):             -2.473
  Arrival (ns):            4.674
  Required (ns):           7.147
  Operating Conditions: slow_lv_lt

Path 35
  From: MIPI_CAMERA_0/mipicsi2rxdecoderPF_C0_0/MSC_i_0/MSC_i_4/MSC_i_10/genblk2.dt_i[4]:CLK
  To:   MIPI_CAMERA_0/mipicsi2rxdecoderPF_C0_0/MSC_i_0/MSC_i_4/MSC_i_10/data_type_reg1_0[4]:D
  Delay (ns):              1.123
  Slack (ns):             -2.469
  Arrival (ns):            4.666
  Required (ns):           7.135
  Operating Conditions: slow_lv_lt

Path 36
  From: MIPI_CAMERA_0/mipicsi2rxdecoderPF_C0_0/MSC_i_0/MSC_i_4/MSC_i_10/genblk2.word_count_out[12]:CLK
  To:   MIPI_CAMERA_0/mipicsi2rxdecoderPF_C0_0/MSC_i_0/MSC_i_4/MSC_i_10/word_count_reg1_0[12]:D
  Delay (ns):              1.103
  Slack (ns):             -2.461
  Arrival (ns):            4.670
  Required (ns):           7.131
  Operating Conditions: slow_lv_lt

Path 37
  From: MIPI_CAMERA_0/mipicsi2rxdecoderPF_C0_0/MSC_i_0/MSC_i_4/MSC_i_10/genblk2.virtual_channel[0]:CLK
  To:   MIPI_CAMERA_0/mipicsi2rxdecoderPF_C0_0/MSC_i_0/MSC_i_4/MSC_i_10/virtual_channel_reg1_0[0]:D
  Delay (ns):              1.176
  Slack (ns):             -2.434
  Arrival (ns):            4.719
  Required (ns):           7.153
  Operating Conditions: slow_lv_lt

Path 38
  From: MIPI_CAMERA_0/mipicsi2rxdecoderPF_C0_0/MSC_i_0/MSC_i_4/MSC_i_10/genblk2.word_count_out[7]:CLK
  To:   MIPI_CAMERA_0/mipicsi2rxdecoderPF_C0_0/MSC_i_0/MSC_i_4/MSC_i_10/word_count_reg1_0[7]:D
  Delay (ns):              1.197
  Slack (ns):             -2.389
  Arrival (ns):            4.742
  Required (ns):           7.131
  Operating Conditions: slow_lv_lt

Path 39
  From: MIPI_CAMERA_0/mipicsi2rxdecoderPF_C0_0/MSC_i_0/sot_r0_cclk:CLK
  To:   MIPI_CAMERA_0/mipicsi2rxdecoderPF_C0_0/MSC_i_0/sot_r0_pclk:D
  Delay (ns):              1.277
  Slack (ns):             -2.326
  Arrival (ns):            4.831
  Required (ns):           7.157
  Operating Conditions: slow_lv_lt

Path 40
  From: MIPI_CAMERA_0/mipicsi2rxdecoderPF_C0_0/MSC_i_0/MSC_i_4/MSC_i_10/crc_error_ready:CLK
  To:   MIPI_CAMERA_0/mipicsi2rxdecoderPF_C0_0/MSC_i_0/MSC_i_4/MSC_i_10/crc_error_done:D
  Delay (ns):              1.400
  Slack (ns):             -2.181
  Arrival (ns):            4.946
  Required (ns):           7.127
  Operating Conditions: slow_lv_lt

Path 41
  From: MIPI_CAMERA_0/VDMA_C0_0/VDMA_C0_0/dma_top_0/vdma_write_0/ddr_write_vdma/async_fifo_vdma_0/rptr[9]:CLK
  To:   MIPI_CAMERA_0/VDMA_C0_0/VDMA_C0_0/dma_top_0/vdma_write_0/ddr_write_vdma/async_fifo_vdma_0/wrptr1[9]:D
  Delay (ns):              0.231
  Slack (ns):             -2.075
  Arrival (ns):            5.651
  Required (ns):           7.726
  Operating Conditions: slow_lv_ht

Path 42
  From: MIPI_CAMERA_0/VDMA_C0_0/VDMA_C0_0/dma_top_0/vdma_write_0/ddr_write_vdma/async_fifo_vdma_0/rptr[5]:CLK
  To:   MIPI_CAMERA_0/VDMA_C0_0/VDMA_C0_0/dma_top_0/vdma_write_0/ddr_write_vdma/async_fifo_vdma_0/wrptr1[5]:D
  Delay (ns):              0.244
  Slack (ns):             -2.062
  Arrival (ns):            5.660
  Required (ns):           7.722
  Operating Conditions: slow_lv_ht

Path 43
  From: MIPI_CAMERA_0/VDMA_C0_0/VDMA_C0_0/dma_top_0/vdma_write_0/ddr_write_vdma/async_fifo_vdma_0/rptr[10]:CLK
  To:   MIPI_CAMERA_0/VDMA_C0_0/VDMA_C0_0/dma_top_0/vdma_write_0/ddr_write_vdma/async_fifo_vdma_0/wrptr1[10]:D
  Delay (ns):              0.250
  Slack (ns):             -2.053
  Arrival (ns):            5.669
  Required (ns):           7.722
  Operating Conditions: slow_lv_ht

Path 44
  From: MIPI_CAMERA_0/VDMA_C0_0/VDMA_C0_0/dma_top_0/vdma_write_0/ddr_write_vdma/async_fifo_vdma_0/rptr[2]:CLK
  To:   MIPI_CAMERA_0/VDMA_C0_0/VDMA_C0_0/dma_top_0/vdma_write_0/ddr_write_vdma/async_fifo_vdma_0/wrptr1[2]:D
  Delay (ns):              0.280
  Slack (ns):             -2.031
  Arrival (ns):            5.714
  Required (ns):           7.745
  Operating Conditions: slow_lv_ht

Path 45
  From: MIPI_CAMERA_0/VDMA_C0_0/VDMA_C0_0/dma_top_0/vdma_write_0/ddr_write_vdma/async_fifo_vdma_0/rptr[11]:CLK
  To:   MIPI_CAMERA_0/VDMA_C0_0/VDMA_C0_0/dma_top_0/vdma_write_0/ddr_write_vdma/async_fifo_vdma_0/wrptr1[11]:D
  Delay (ns):              0.301
  Slack (ns):             -2.011
  Arrival (ns):            5.735
  Required (ns):           7.746
  Operating Conditions: slow_lv_ht

Path 46
  From: MIPI_CAMERA_0/VDMA_C0_0/VDMA_C0_0/dma_top_0/vdma_write_0/ddr_write_vdma/async_fifo_vdma_0/rptr[1]:CLK
  To:   MIPI_CAMERA_0/VDMA_C0_0/VDMA_C0_0/dma_top_0/vdma_write_0/ddr_write_vdma/async_fifo_vdma_0/wrptr1[1]:D
  Delay (ns):              0.305
  Slack (ns):             -2.007
  Arrival (ns):            5.738
  Required (ns):           7.745
  Operating Conditions: slow_lv_ht

Path 47
  From: MIPI_CAMERA_0/VDMA_C0_0/VDMA_C0_0/dma_top_0/vdma_write_0/ddr_write_vdma/async_fifo_vdma_0/rptr[7]:CLK
  To:   MIPI_CAMERA_0/VDMA_C0_0/VDMA_C0_0/dma_top_0/vdma_write_0/ddr_write_vdma/async_fifo_vdma_0/wrptr1[7]:D
  Delay (ns):              0.304
  Slack (ns):             -2.000
  Arrival (ns):            5.722
  Required (ns):           7.722
  Operating Conditions: slow_lv_ht

Path 48
  From: MIPI_CAMERA_0/VDMA_C0_0/VDMA_C0_0/dma_top_0/vdma_write_0/ddr_write_vdma/async_fifo_vdma_0/rptr[8]:CLK
  To:   MIPI_CAMERA_0/VDMA_C0_0/VDMA_C0_0/dma_top_0/vdma_write_0/ddr_write_vdma/async_fifo_vdma_0/wrptr1[8]:D
  Delay (ns):              0.306
  Slack (ns):             -1.999
  Arrival (ns):            5.724
  Required (ns):           7.723
  Operating Conditions: slow_lv_ht

Path 49
  From: MIPI_CAMERA_0/VDMA_C0_0/VDMA_C0_0/dma_top_0/vdma_write_0/ddr_write_vdma/async_fifo_vdma_0/rptr[3]:CLK
  To:   MIPI_CAMERA_0/VDMA_C0_0/VDMA_C0_0/dma_top_0/vdma_write_0/ddr_write_vdma/async_fifo_vdma_0/wrptr1[3]:D
  Delay (ns):              0.314
  Slack (ns):             -1.997
  Arrival (ns):            5.748
  Required (ns):           7.745
  Operating Conditions: slow_lv_ht

Path 50
  From: MIPI_CAMERA_0/VDMA_C0_0/VDMA_C0_0/dma_top_0/vdma_write_0/ddr_write_vdma/async_fifo_vdma_0/rptr[4]:CLK
  To:   MIPI_CAMERA_0/VDMA_C0_0/VDMA_C0_0/dma_top_0/vdma_write_0/ddr_write_vdma/async_fifo_vdma_0/wrptr1[4]:D
  Delay (ns):              0.313
  Slack (ns):             -1.990
  Arrival (ns):            5.733
  Required (ns):           7.723
  Operating Conditions: slow_lv_ht

Path 51
  From: MIPI_CAMERA_0/VDMA_C0_0/VDMA_C0_0/dma_top_0/vdma_write_0/ddr_write_vdma/async_fifo_vdma_0/rptr[6]:CLK
  To:   MIPI_CAMERA_0/VDMA_C0_0/VDMA_C0_0/dma_top_0/vdma_write_0/ddr_write_vdma/async_fifo_vdma_0/wrptr1[6]:D
  Delay (ns):              0.315
  Slack (ns):             -1.988
  Arrival (ns):            5.732
  Required (ns):           7.720
  Operating Conditions: slow_lv_ht

Path 52
  From: MIPI_CAMERA_0/VDMA_C0_0/VDMA_C0_0/dma_top_0/vdma_write_0/ddr_write_vdma/async_fifo_vdma_0/rptr[0]:CLK
  To:   MIPI_CAMERA_0/VDMA_C0_0/VDMA_C0_0/dma_top_0/vdma_write_0/ddr_write_vdma/async_fifo_vdma_0/wrptr1[0]:D
  Delay (ns):              0.358
  Slack (ns):             -1.939
  Arrival (ns):            5.567
  Required (ns):           7.506
  Operating Conditions: slow_lv_lt

Path 53
  From: MIPI_CAMERA_0/VDMA_C0_0/VDMA_C0_0/dma_top_0/vdma_write_0/ddr_write_vdma/async_fifo_vdma_0/rbin[12]:CLK
  To:   MIPI_CAMERA_0/VDMA_C0_0/VDMA_C0_0/dma_top_0/vdma_write_0/ddr_write_vdma/async_fifo_vdma_0/wrptr1[12]:D
  Delay (ns):              0.386
  Slack (ns):             -1.901
  Arrival (ns):            5.582
  Required (ns):           7.483
  Operating Conditions: slow_lv_lt

Path 54
  From: MIPI_CAMERA_0/VDMA_C0_0/VDMA_C0_0/dma_top_0/vdma_write_0/ddr_write_vdma/ddr_write_controller_vdma_0/int_dma:CLK
  To:   MIPI_CAMERA_0/VDMA_C0_0/VDMA_C0_0/dma_top_0/vdma_write_0/synchronizer_circuit_2stage_vdma/s_data_in:D
  Delay (ns):              0.417
  Slack (ns):             -1.893
  Arrival (ns):            5.629
  Required (ns):           7.522
  Operating Conditions: slow_lv_lt

Path 55
  From: MIPI_CAMERA_0/VDMA_C0_0/VDMA_C0_0/dma_top_0/vdma_write_0/frame_size_fifo/wptr[4]:CLK
  To:   MIPI_CAMERA_0/VDMA_C0_0/VDMA_C0_0/dma_top_0/vdma_write_0/frame_size_fifo/rwptr1[4]:D
  Delay (ns):              0.341
  Slack (ns):             -1.764
  Arrival (ns):            5.556
  Required (ns):           7.320
  Operating Conditions: slow_lv_lt

Path 56
  From: MIPI_CAMERA_0/VDMA_C0_0/VDMA_C0_0/dma_top_0/vdma_write_0/frame_size_fifo/wptr[3]:CLK
  To:   MIPI_CAMERA_0/VDMA_C0_0/VDMA_C0_0/dma_top_0/vdma_write_0/frame_size_fifo/rwptr1[3]:D
  Delay (ns):              0.359
  Slack (ns):             -1.747
  Arrival (ns):            5.573
  Required (ns):           7.320
  Operating Conditions: slow_lv_lt

Path 57
  From: MIPI_CAMERA_0/VDMA_C0_0/VDMA_C0_0/dma_top_0/vdma_write_0/frame_size_fifo/wptr[2]:CLK
  To:   MIPI_CAMERA_0/VDMA_C0_0/VDMA_C0_0/dma_top_0/vdma_write_0/frame_size_fifo/rwptr1[2]:D
  Delay (ns):              0.364
  Slack (ns):             -1.742
  Arrival (ns):            5.578
  Required (ns):           7.320
  Operating Conditions: slow_lv_lt

Path 58
  From: MIPI_CAMERA_0/VDMA_C0_0/VDMA_C0_0/dma_top_0/vdma_write_0/frame_size_fifo/wptr[1]:CLK
  To:   MIPI_CAMERA_0/VDMA_C0_0/VDMA_C0_0/dma_top_0/vdma_write_0/frame_size_fifo/rwptr1[1]:D
  Delay (ns):              0.374
  Slack (ns):             -1.734
  Arrival (ns):            5.586
  Required (ns):           7.320
  Operating Conditions: slow_lv_lt

Path 59
  From: MIPI_CAMERA_0/VDMA_C0_0/VDMA_C0_0/dma_top_0/vdma_write_0/frame_size_fifo/wbin[5]:CLK
  To:   MIPI_CAMERA_0/VDMA_C0_0/VDMA_C0_0/dma_top_0/vdma_write_0/frame_size_fifo/rwptr1[5]:D
  Delay (ns):              0.372
  Slack (ns):             -1.734
  Arrival (ns):            5.586
  Required (ns):           7.320
  Operating Conditions: slow_lv_lt

Path 60
  From: MIPI_CAMERA_0/VDMA_C0_0/VDMA_C0_0/dma_top_0/vdma_write_0/frame_size_fifo/wptr[0]:CLK
  To:   MIPI_CAMERA_0/VDMA_C0_0/VDMA_C0_0/dma_top_0/vdma_write_0/frame_size_fifo/rwptr1[0]:D
  Delay (ns):              0.384
  Slack (ns):             -1.713
  Arrival (ns):            5.596
  Required (ns):           7.309
  Operating Conditions: slow_lv_lt

Path 61
  From: MIPI_CAMERA_0/VDMA_C0_0/VDMA_C0_0/dma_top_0/vdma_write_0/frame_size_fifo/wfull:CLK
  To:   MIPI_CAMERA_0/VDMA_C0_0/VDMA_C0_0/dma_top_0/interrupt_controller_vdma_0/synchronizer_circuit_2stage_frame_size/s_data_in:D
  Delay (ns):              0.486
  Slack (ns):             -1.618
  Arrival (ns):            5.700
  Required (ns):           7.318
  Operating Conditions: slow_lv_lt

Path 62
  From: MIPI_CAMERA_0/VDMA_C0_0/VDMA_C0_0/dma_top_0/vdma_write_0/ddr_write_vdma/ddr_write_controller_vdma_0/int_dma:CLK
  To:   MIPI_CAMERA_0/VDMA_C0_0/VDMA_C0_0/dma_top_0/interrupt_controller_vdma_0/interrupt_event_dly[0][0]:D
  Delay (ns):              0.593
  Slack (ns):             -1.499
  Arrival (ns):            5.805
  Required (ns):           7.304
  Operating Conditions: slow_lv_lt

Path 63
  From: MIPI_CAMERA_0/PF_IOD_GENERIC_RX_C0_0/COREBCLKSCLKALIGN_0/PF_IOD_GENERIC_RX_C0_TR_0/genblk1.U_ICB_BCLKSCLKALIGN/RX_CLK_ALIGN_DONE:CLK
  To:   MIPI_CAMERA_0/mipicsi2rxdecoderPF_C0_0/MSC_i_0/MSC_i_1/interrupt_event_dly[0][3]:D
  Delay (ns):              2.677
  Slack (ns):             -1.410
  Arrival (ns):            6.278
  Required (ns):           7.688
  Operating Conditions: slow_lv_lt

Path 64
  From: MIPI_CAMERA_0/VDMA_C0_0/VDMA_C0_0/dma_top_0/vdma_write_0/buff_addr_fifo/rptr[4]:CLK
  To:   MIPI_CAMERA_0/VDMA_C0_0/VDMA_C0_0/dma_top_0/vdma_write_0/buff_addr_fifo/wrptr1[4]:D
  Delay (ns):              0.272
  Slack (ns):             -0.934
  Arrival (ns):            6.793
  Required (ns):           7.727
  Operating Conditions: slow_lv_lt

Path 65
  From: MIPI_CAMERA_0/VDMA_C0_0/VDMA_C0_0/dma_top_0/vdma_write_0/buff_addr_fifo/rbin[5]:CLK
  To:   MIPI_CAMERA_0/VDMA_C0_0/VDMA_C0_0/dma_top_0/vdma_write_0/buff_addr_fifo/wrptr1[5]:D
  Delay (ns):              0.277
  Slack (ns):             -0.930
  Arrival (ns):            6.797
  Required (ns):           7.727
  Operating Conditions: slow_lv_lt

Path 66
  From: MIPI_CAMERA_0/VDMA_C0_0/VDMA_C0_0/dma_top_0/vdma_write_0/buff_addr_fifo/rptr[3]:CLK
  To:   MIPI_CAMERA_0/VDMA_C0_0/VDMA_C0_0/dma_top_0/vdma_write_0/buff_addr_fifo/wrptr1[3]:D
  Delay (ns):              0.283
  Slack (ns):             -0.922
  Arrival (ns):            6.804
  Required (ns):           7.726
  Operating Conditions: slow_lv_lt

Path 67
  From: MIPI_CAMERA_0/VDMA_C0_0/VDMA_C0_0/dma_top_0/vdma_write_0/buff_addr_fifo/rptr[2]:CLK
  To:   MIPI_CAMERA_0/VDMA_C0_0/VDMA_C0_0/dma_top_0/vdma_write_0/buff_addr_fifo/wrptr1[2]:D
  Delay (ns):              0.296
  Slack (ns):             -0.911
  Arrival (ns):            6.816
  Required (ns):           7.727
  Operating Conditions: slow_lv_lt

Path 68
  From: MIPI_CAMERA_0/VDMA_C0_0/VDMA_C0_0/dma_top_0/vdma_write_0/buff_addr_fifo/rptr[0]:CLK
  To:   MIPI_CAMERA_0/VDMA_C0_0/VDMA_C0_0/dma_top_0/vdma_write_0/buff_addr_fifo/wrptr1[0]:D
  Delay (ns):              0.295
  Slack (ns):             -0.911
  Arrival (ns):            6.816
  Required (ns):           7.727
  Operating Conditions: slow_lv_lt

Path 69
  From: MIPI_CAMERA_0/VDMA_C0_0/VDMA_C0_0/dma_top_0/vdma_write_0/buff_addr_fifo/rptr[1]:CLK
  To:   MIPI_CAMERA_0/VDMA_C0_0/VDMA_C0_0/dma_top_0/vdma_write_0/buff_addr_fifo/wrptr1[1]:D
  Delay (ns):              0.374
  Slack (ns):             -0.833
  Arrival (ns):            6.894
  Required (ns):           7.727
  Operating Conditions: slow_lv_lt

Path 70
  From: MIPI_CAMERA_0/VDMA_C0_0/VDMA_C0_0/dma_top_0/vdma_write_0/buff_addr_fifo/rempty:CLK
  To:   MIPI_CAMERA_0/VDMA_C0_0/VDMA_C0_0/dma_top_0/interrupt_controller_vdma_0/synchronizer_circuit_2stage_buff_addr/s_data_in:D
  Delay (ns):              0.385
  Slack (ns):             -0.820
  Arrival (ns):            6.906
  Required (ns):           7.726
  Operating Conditions: slow_lv_lt

Path 71
  From: MIPI_CAMERA_0/mipicsi2rxdecoderPF_C0_0/MSC_i_0/r_isr[2]:CLK
  To:   MIPI_CAMERA_0/mipicsi2rxdecoderPF_C0_0/MSC_i_0/MSC_i_1/interrupt_event_dly[0][2]:D
  Delay (ns):              0.406
  Slack (ns):             -0.811
  Arrival (ns):            6.896
  Required (ns):           7.707
  Operating Conditions: slow_lv_lt

Path 72
  From: MIPI_CAMERA_0/mipicsi2rxdecoderPF_C0_0/MSC_i_0/r_isr[5]:CLK
  To:   MIPI_CAMERA_0/mipicsi2rxdecoderPF_C0_0/MSC_i_0/MSC_i_1/interrupt_event_dly[0][5]:D
  Delay (ns):              0.569
  Slack (ns):             -0.641
  Arrival (ns):            7.059
  Required (ns):           7.700
  Operating Conditions: slow_lv_lt

Path 73
  From: MIPI_CAMERA_0/mipicsi2rxdecoderPF_C0_0/MSC_i_0/r_isr[4]:CLK
  To:   MIPI_CAMERA_0/mipicsi2rxdecoderPF_C0_0/MSC_i_0/MSC_i_1/interrupt_event_dly[0][4]:D
  Delay (ns):              0.650
  Slack (ns):             -0.585
  Arrival (ns):            7.139
  Required (ns):           7.724
  Operating Conditions: slow_lv_lt

Path 74
  From: MIPI_CAMERA_0/mipicsi2rxdecoderPF_C0_0/MSC_i_0/r_isr[6]:CLK
  To:   MIPI_CAMERA_0/mipicsi2rxdecoderPF_C0_0/MSC_i_0/MSC_i_1/interrupt_event_dly[0][6]:D
  Delay (ns):              0.657
  Slack (ns):             -0.555
  Arrival (ns):            7.136
  Required (ns):           7.691
  Operating Conditions: slow_lv_lt

Path 75
  From: MIPI_CAMERA_0/VDMA_C0_0/VDMA_C0_0/dma_top_0/vdma_write_0/buff_addr_fifo/wptr[3]:CLK
  To:   MIPI_CAMERA_0/VDMA_C0_0/VDMA_C0_0/dma_top_0/vdma_write_0/buff_addr_fifo/rwptr1[3]:D
  Delay (ns):              0.312
  Slack (ns):             -0.544
  Arrival (ns):            7.233
  Required (ns):           7.777
  Operating Conditions: slow_lv_ht

Path 76
  From: MIPI_CAMERA_0/VDMA_C0_0/VDMA_C0_0/dma_top_0/vdma_write_0/buff_addr_fifo/wptr[4]:CLK
  To:   MIPI_CAMERA_0/VDMA_C0_0/VDMA_C0_0/dma_top_0/vdma_write_0/buff_addr_fifo/rwptr1[4]:D
  Delay (ns):              0.318
  Slack (ns):             -0.537
  Arrival (ns):            7.239
  Required (ns):           7.776
  Operating Conditions: slow_lv_ht

Path 77
  From: MIPI_CAMERA_0/VDMA_C0_0/VDMA_C0_0/dma_top_0/vdma_write_0/buff_addr_fifo/wptr[2]:CLK
  To:   MIPI_CAMERA_0/VDMA_C0_0/VDMA_C0_0/dma_top_0/vdma_write_0/buff_addr_fifo/rwptr1[2]:D
  Delay (ns):              0.326
  Slack (ns):             -0.526
  Arrival (ns):            7.247
  Required (ns):           7.773
  Operating Conditions: slow_lv_ht

Path 78
  From: MIPI_CAMERA_0/mipicsi2rxdecoderPF_C0_0/MSC_i_0/r_int_dly4:CLK
  To:   MIPI_CAMERA_0/mipicsi2rxdecoderPF_C0_0/MSC_i_0/MSC_i_1/interrupt_event_dly[0][0]:D
  Delay (ns):              0.719
  Slack (ns):             -0.511
  Arrival (ns):            7.189
  Required (ns):           7.700
  Operating Conditions: slow_lv_lt

Path 79
  From: MIPI_CAMERA_0/VDMA_C0_0/VDMA_C0_0/dma_top_0/vdma_write_0/buff_addr_fifo/wptr[0]:CLK
  To:   MIPI_CAMERA_0/VDMA_C0_0/VDMA_C0_0/dma_top_0/vdma_write_0/buff_addr_fifo/rwptr1[0]:D
  Delay (ns):              0.365
  Slack (ns):             -0.491
  Arrival (ns):            7.286
  Required (ns):           7.777
  Operating Conditions: slow_lv_ht

Path 80
  From: MIPI_CAMERA_0/mipicsi2rxdecoderPF_C0_0/MSC_i_0/r_int_dly3:CLK
  To:   MIPI_CAMERA_0/mipicsi2rxdecoderPF_C0_0/MSC_i_0/MSC_i_1/interrupt_event_dly[0][0]:D
  Delay (ns):              0.754
  Slack (ns):             -0.476
  Arrival (ns):            7.224
  Required (ns):           7.700
  Operating Conditions: slow_lv_lt

Path 81
  From: MIPI_CAMERA_0/VDMA_C0_0/VDMA_C0_0/dma_top_0/vdma_write_0/buff_addr_fifo/wptr[1]:CLK
  To:   MIPI_CAMERA_0/VDMA_C0_0/VDMA_C0_0/dma_top_0/vdma_write_0/buff_addr_fifo/rwptr1[1]:D
  Delay (ns):              0.382
  Slack (ns):             -0.470
  Arrival (ns):            7.303
  Required (ns):           7.773
  Operating Conditions: slow_lv_ht

Path 82
  From: MIPI_CAMERA_0/VDMA_C0_0/VDMA_C0_0/dma_top_0/vdma_write_0/buff_addr_fifo/wbin[5]:CLK
  To:   MIPI_CAMERA_0/VDMA_C0_0/VDMA_C0_0/dma_top_0/vdma_write_0/buff_addr_fifo/rwptr1[5]:D
  Delay (ns):              0.388
  Slack (ns):             -0.469
  Arrival (ns):            7.308
  Required (ns):           7.777
  Operating Conditions: slow_lv_ht

Path 83
  From: MIPI_CAMERA_0/mipicsi2rxdecoderPF_C0_0/MSC_i_0/r_isr[0]:CLK
  To:   MIPI_CAMERA_0/mipicsi2rxdecoderPF_C0_0/MSC_i_0/MSC_i_1/interrupt_event_dly[0][0]:D
  Delay (ns):              0.729
  Slack (ns):             -0.457
  Arrival (ns):            7.243
  Required (ns):           7.700
  Operating Conditions: slow_lv_lt

Path 84
  From: MIPI_CAMERA_0/mipicsi2rxdecoderPF_C0_0/MSC_i_0/r_int_dly1:CLK
  To:   MIPI_CAMERA_0/mipicsi2rxdecoderPF_C0_0/MSC_i_0/MSC_i_1/interrupt_event_dly[0][0]:D
  Delay (ns):              0.549
  Slack (ns):             -0.436
  Arrival (ns):            5.042
  Required (ns):           5.478
  Operating Conditions: fast_hv_lt

Path 85
  From: MIPI_CAMERA_0/mipicsi2rxdecoderPF_C0_0/MSC_i_0/r_isr[1]:CLK
  To:   MIPI_CAMERA_0/mipicsi2rxdecoderPF_C0_0/MSC_i_0/MSC_i_1/interrupt_event_dly[0][1]:D
  Delay (ns):              0.653
  Slack (ns):             -0.365
  Arrival (ns):            5.107
  Required (ns):           5.472
  Operating Conditions: fast_hv_lt

Path 86
  From: MIPI_CAMERA_0/mipicsi2rxdecoderPF_C0_0/MSC_i_0/r_int_dly2:CLK
  To:   MIPI_CAMERA_0/mipicsi2rxdecoderPF_C0_0/MSC_i_0/MSC_i_1/interrupt_event_dly[0][0]:D
  Delay (ns):              0.712
  Slack (ns):             -0.300
  Arrival (ns):            5.172
  Required (ns):           5.472
  Operating Conditions: fast_hv_lt

Path 87
  From: CLOCKS_AND_RESETS_0/RESET_FIC_0_CLK/CORERESET_0/dff_15[0]:CLK
  To:   MIPI_CAMERA_0/mipicsi2rxdecoderPF_C0_0/MSC_i_0/MSC_i_4/MSC_i_10/word_count_o_2[14]:ALn
  Delay (ns):              0.581
  Slack (ns):             -0.064
  Arrival (ns):            7.466
  Required (ns):           7.530
  Operating Conditions: slow_lv_ht

Path 88
  From: FIC_0_PERIPHERALS_0/FIC0_INITIATOR_inst_0/FIC0_INITIATOR_0/SlvConvertor_loop[0].slvcnv/slvdwc/genblk1.DownConverter_inst/readWidthConv/genblk1.widthConvrd/MASTER_RID[2]:CLK
  To:   FIC_0_PERIPHERALS_0/FIC0_INITIATOR_inst_0/FIC0_INITIATOR_0/SlvConvertor_loop[0].slvcnv/rgsl/genblk3.rrs/holdDat[70]:D
  Delay (ns):              0.282
  Slack (ns):              0.027
  Arrival (ns):            6.992
  Required (ns):           6.965
  Operating Conditions: slow_lv_lt

Path 89
  From: FIC_0_PERIPHERALS_0/security_core_0/hash_block_12[26]:CLK
  To:   FIC_0_PERIPHERALS_0/security_core_0/hash_core/buffer[410]:D
  Delay (ns):              0.293
  Slack (ns):              0.042
  Arrival (ns):            7.015
  Required (ns):           6.973
  Operating Conditions: slow_lv_lt

Path 90
  From: FIC_0_PERIPHERALS_0/FIC0_INITIATOR_inst_0/FIC0_INITIATOR_0/SlvConvertor_loop[0].slvcnv/slvdwc/genblk1.DownConverter_inst/readWidthConv/genblk1.widthConvrd/MASTER_RID[3]:CLK
  To:   FIC_0_PERIPHERALS_0/FIC0_INITIATOR_inst_0/FIC0_INITIATOR_0/SlvConvertor_loop[0].slvcnv/rgsl/genblk3.rrs/holdDat[71]:D
  Delay (ns):              0.300
  Slack (ns):              0.045
  Arrival (ns):            7.010
  Required (ns):           6.965
  Operating Conditions: slow_lv_lt

Path 91
  From: FIC_0_PERIPHERALS_0/security_core_0/hash_block_14[26]:CLK
  To:   FIC_0_PERIPHERALS_0/security_core_0/hash_core/buffer[474]:D
  Delay (ns):              0.298
  Slack (ns):              0.047
  Arrival (ns):            7.020
  Required (ns):           6.973
  Operating Conditions: slow_lv_lt

Path 92
  From: FIC_0_PERIPHERALS_0/FIC0_INITIATOR_inst_0/FIC0_INITIATOR_0/SlvConvertor_loop[0].slvcnv/rgsl/genblk4.wrs/sDat[24]:CLK
  To:   FIC_0_PERIPHERALS_0/FIC0_INITIATOR_inst_0/FIC0_INITIATOR_0/SlvConvertor_loop[0].slvcnv/slvdwc/genblk1.DownConverter_inst/writeWidthConv/widthConvwr/MASTER_WDATA_reg[14]:D
  Delay (ns):              0.290
  Slack (ns):              0.048
  Arrival (ns):            7.015
  Required (ns):           6.967
  Operating Conditions: slow_lv_lt

Path 93
  From: MIPI_CAMERA_0/VDMA_C0_0/VDMA_C0_0/dma_top_0/axi4lite_regmap_vdma_0/write_reg_vdma_0/r_fifo_rstn_dly_Z[0]:CLK
  To:   MIPI_CAMERA_0/VDMA_C0_0/VDMA_C0_0/dma_top_0/vdma_write_0/ddr_write_vdma/async_fifo_vdma_0/wfull:ALn
  Delay (ns):              0.692
  Slack (ns):              0.050
  Arrival (ns):            7.594
  Required (ns):           7.544
  Operating Conditions: slow_lv_ht

Path 94
  From: FIC_0_PERIPHERALS_0/FIC0_INITIATOR_inst_0/FIC0_INITIATOR_0/SlvConvertor_loop[0].slvcnv/rgsl/genblk4.wrs/sDat[68]:CLK
  To:   FIC_0_PERIPHERALS_0/FIC0_INITIATOR_inst_0/FIC0_INITIATOR_0/SlvConvertor_loop[0].slvcnv/slvdwc/genblk1.DownConverter_inst/writeWidthConv/widthConvwr/MASTER_WDATA_reg[58]:D
  Delay (ns):              0.300
  Slack (ns):              0.052
  Arrival (ns):            7.022
  Required (ns):           6.970
  Operating Conditions: slow_lv_lt

Path 95
  From: FIC_0_PERIPHERALS_0/FIC0_INITIATOR_inst_0/FIC0_INITIATOR_0/SlvConvertor_loop[0].slvcnv/rgsl/genblk4.wrs/sDat[43]:CLK
  To:   FIC_0_PERIPHERALS_0/FIC0_INITIATOR_inst_0/FIC0_INITIATOR_0/SlvConvertor_loop[0].slvcnv/slvdwc/genblk1.DownConverter_inst/writeWidthConv/widthConvwr/MASTER_WDATA_reg[33]:D
  Delay (ns):              0.300
  Slack (ns):              0.052
  Arrival (ns):            7.021
  Required (ns):           6.969
  Operating Conditions: slow_lv_lt

Path 96
  From: FIC_0_PERIPHERALS_0/FIC0_INITIATOR_inst_0/FIC0_INITIATOR_0/SlvConvertor_loop[0].slvcnv/rgsl/genblk1.awrs/sDat[40]:CLK
  To:   FIC_0_PERIPHERALS_0/FIC0_INITIATOR_inst_0/FIC0_INITIATOR_0/SlvConvertor_loop[0].slvcnv/slvdwc/genblk1.DownConverter_inst/writeWidthConv/DWC_DownConv_preCalcCmdFifoWrCtrl_inst/MASTER_AADDR_mux_pre[9]:D
  Delay (ns):              0.297
  Slack (ns):              0.052
  Arrival (ns):            7.028
  Required (ns):           6.976
  Operating Conditions: slow_lv_lt

Path 97
  From: FIC_0_PERIPHERALS_0/security_core_0/hash_block_10[26]:CLK
  To:   FIC_0_PERIPHERALS_0/security_core_0/hash_core/buffer[346]:D
  Delay (ns):              0.304
  Slack (ns):              0.053
  Arrival (ns):            7.026
  Required (ns):           6.973
  Operating Conditions: slow_lv_lt

Path 98
  From: FIC_0_PERIPHERALS_0/FIC0_INITIATOR_inst_0/FIC0_INITIATOR_0/SlvConvertor_loop[0].slvcnv/rgsl/genblk4.wrs/sDat[57]:CLK
  To:   FIC_0_PERIPHERALS_0/FIC0_INITIATOR_inst_0/FIC0_INITIATOR_0/SlvConvertor_loop[0].slvcnv/slvdwc/genblk1.DownConverter_inst/writeWidthConv/widthConvwr/MASTER_WDATA_reg[47]:D
  Delay (ns):              0.301
  Slack (ns):              0.058
  Arrival (ns):            7.025
  Required (ns):           6.967
  Operating Conditions: slow_lv_lt

Path 99
  From: FIC_0_PERIPHERALS_0/FIC0_INITIATOR_inst_0/FIC0_INITIATOR_0/SlvConvertor_loop[0].slvcnv/rgsl/genblk4.wrs/sDat[31]:CLK
  To:   FIC_0_PERIPHERALS_0/FIC0_INITIATOR_inst_0/FIC0_INITIATOR_0/SlvConvertor_loop[0].slvcnv/slvdwc/genblk1.DownConverter_inst/writeWidthConv/widthConvwr/MASTER_WDATA_reg[21]:D
  Delay (ns):              0.308
  Slack (ns):              0.060
  Arrival (ns):            7.029
  Required (ns):           6.969
  Operating Conditions: slow_lv_lt

Path 100
  From: FIC_0_PERIPHERALS_0/FIC0_INITIATOR_inst_0/FIC0_INITIATOR_0/SlvConvertor_loop[0].slvcnv/rgsl/genblk4.wrs/sDat[61]:CLK
  To:   FIC_0_PERIPHERALS_0/FIC0_INITIATOR_inst_0/FIC0_INITIATOR_0/SlvConvertor_loop[0].slvcnv/slvdwc/genblk1.DownConverter_inst/writeWidthConv/widthConvwr/MASTER_WDATA_reg[51]:D
  Delay (ns):              0.310
  Slack (ns):              0.062
  Arrival (ns):            7.031
  Required (ns):           6.969
  Operating Conditions: slow_lv_lt

