Timing Violation Report Min Delay Analysis

SmartTime Version 2025.2
Microchip Technology Inc. - Microchip Libero Software Release 2025.2 (Version 2025.2.0.14)
Date: Wed Mar 25 00:59:09 2026


Design: MPFS_DISCOVERY_KIT
Family: PolarFireSoC
Die: MPFS095T
Package: FCSG325
Temperature Range: 0 - 100 C
Voltage Range: 0.97 - 1.03 V
Speed Grade: -1
Design State: Post-Layout
Data source: Production
Multi Corner Report Operating Conditions: slow_lv_lt,fast_hv_lt,slow_lv_ht


Path 1
  From: FIC_0_PERIPHERALS_0/FIC0_INITIATOR_inst_0/FIC0_INITIATOR_0/SlvConvertor_loop[0].slvcnv/slvdwc/genblk1.DownConverter_inst/writeWidthConv/DWC_DownConv_preCalcCmdFifoWrCtrl_inst/sizeMax_pre_Z[1]:CLK
  To:   FIC_0_PERIPHERALS_0/FIC0_INITIATOR_inst_0/FIC0_INITIATOR_0/SlvConvertor_loop[0].slvcnv/slvdwc/genblk1.DownConverter_inst/writeWidthConv/wrCmdFifoWriteCtrl/SizeMax_reg[1]:D
  Delay (ns):              0.300
  Slack (ns):              0.044
  Arrival (ns):            5.551
  Required (ns):           5.507
  Operating Conditions: slow_lv_lt

Path 2
  From: FIC_0_PERIPHERALS_0/security_core_0/hash_block_8[11]:CLK
  To:   FIC_0_PERIPHERALS_0/security_core_0/hash_block_9[11]:D
  Delay (ns):              0.302
  Slack (ns):              0.046
  Arrival (ns):            5.548
  Required (ns):           5.502
  Operating Conditions: slow_lv_lt

Path 3
  From: FIC_0_PERIPHERALS_0/security_core_0/sbox/t_r[2][0]:CLK
  To:   FIC_0_PERIPHERALS_0/security_core_0/sbox/t_lo_r0[2][0]:D
  Delay (ns):              0.307
  Slack (ns):              0.064
  Arrival (ns):            5.542
  Required (ns):           5.478
  Operating Conditions: slow_lv_lt

Path 4
  From: FIC_0_PERIPHERALS_0/security_core_0/sbox/y_hi_r0[0][3]:CLK
  To:   FIC_0_PERIPHERALS_0/security_core_0/sbox/y_hi_r1[0][3]:D
  Delay (ns):              0.145
  Slack (ns):              0.068
  Arrival (ns):            3.794
  Required (ns):           3.726
  Operating Conditions: fast_hv_lt

Path 5
  From: FIC_0_PERIPHERALS_0/security_core_0/hash_block_8[8]:CLK
  To:   FIC_0_PERIPHERALS_0/security_core_0/hash_block_9[8]:D
  Delay (ns):              0.146
  Slack (ns):              0.069
  Arrival (ns):            3.799
  Required (ns):           3.730
  Operating Conditions: fast_hv_lt

Path 6
  From: FIC_0_PERIPHERALS_0/security_core_0/hash_block_12[28]:CLK
  To:   FIC_0_PERIPHERALS_0/security_core_0/hash_block_13[28]:D
  Delay (ns):              0.148
  Slack (ns):              0.071
  Arrival (ns):            3.802
  Required (ns):           3.731
  Operating Conditions: fast_hv_lt

Path 7
  From: FIC_0_PERIPHERALS_0/security_core_0/hash_block_10[5]:CLK
  To:   FIC_0_PERIPHERALS_0/security_core_0/hash_block_11[5]:D
  Delay (ns):              0.148
  Slack (ns):              0.071
  Arrival (ns):            3.806
  Required (ns):           3.735
  Operating Conditions: fast_hv_lt

Path 8
  From: FIC_0_PERIPHERALS_0/security_core_0/hash_block_7[12]:CLK
  To:   FIC_0_PERIPHERALS_0/security_core_0/hash_block_8[12]:D
  Delay (ns):              0.221
  Slack (ns):              0.072
  Arrival (ns):            5.477
  Required (ns):           5.405
  Operating Conditions: slow_lv_lt

Path 9
  From: FIC_0_PERIPHERALS_0/security_core_0/hash_block_12[5]:CLK
  To:   FIC_0_PERIPHERALS_0/security_core_0/hash_block_13[5]:D
  Delay (ns):              0.149
  Slack (ns):              0.072
  Arrival (ns):            3.807
  Required (ns):           3.735
  Operating Conditions: fast_hv_lt

Path 10
  From: FIC_0_PERIPHERALS_0/security_core_0/hash_block_12[18]:CLK
  To:   FIC_0_PERIPHERALS_0/security_core_0/hash_core/buffer[402]:D
  Delay (ns):              0.149
  Slack (ns):              0.072
  Arrival (ns):            3.801
  Required (ns):           3.729
  Operating Conditions: fast_hv_lt

Path 11
  From: FIC_0_PERIPHERALS_0/security_core_0/hash_block_10[28]:CLK
  To:   FIC_0_PERIPHERALS_0/security_core_0/hash_block_11[28]:D
  Delay (ns):              0.149
  Slack (ns):              0.072
  Arrival (ns):            3.803
  Required (ns):           3.731
  Operating Conditions: fast_hv_lt

Path 12
  From: FIC_0_PERIPHERALS_0/security_core_0/hash_block_10[31]:CLK
  To:   FIC_0_PERIPHERALS_0/security_core_0/hash_core/buffer[351]:D
  Delay (ns):              0.151
  Slack (ns):              0.073
  Arrival (ns):            3.803
  Required (ns):           3.730
  Operating Conditions: fast_hv_lt

Path 13
  From: FIC_0_PERIPHERALS_0/FIC0_INITIATOR_inst_0/FIC0_INITIATOR_0/SlvConvertor_loop[2].slvcnv/rgsl/genblk4.wrs/sDat[50]:CLK
  To:   FIC_0_PERIPHERALS_0/FIC0_INITIATOR_inst_0/FIC0_INITIATOR_0/SlvConvertor_loop[2].slvcnv/slvdwc/genblk1.DownConverter_inst/writeWidthConv/widthConvwr/MASTER_WDATA_reg[40]:D
  Delay (ns):              0.151
  Slack (ns):              0.073
  Arrival (ns):            3.813
  Required (ns):           3.740
  Operating Conditions: fast_hv_lt

Path 14
  From: FIC_0_PERIPHERALS_0/DMA_INITIATOR_inst_0/DMA_INITIATOR_0/MstConvertor_loop[0].mstrconv/mstrDWC/genblk1.MstUpConv/DWC_UpConv_preCalcAChannel_aw_inst/MASTER_AADDR_out[8]:CLK
  To:   FIC_0_PERIPHERALS_0/DMA_INITIATOR_inst_0/DMA_INITIATOR_0/MstConvertor_loop[0].mstrconv/mstrDWC/genblk1.MstUpConv/DWC_AWChan/SLAVE_AADDR[8]:D
  Delay (ns):              0.150
  Slack (ns):              0.073
  Arrival (ns):            3.813
  Required (ns):           3.740
  Operating Conditions: fast_hv_lt

Path 15
  From: FIC_0_PERIPHERALS_0/security_core_0/sbox/y_hi_r1[0][2]:CLK
  To:   FIC_0_PERIPHERALS_0/security_core_0/sbox/y_hi_r2[0][2]:D
  Delay (ns):              0.148
  Slack (ns):              0.074
  Arrival (ns):            3.776
  Required (ns):           3.702
  Operating Conditions: fast_hv_lt

Path 16
  From: FIC_0_PERIPHERALS_0/security_core_0/hash_block_8[15]:CLK
  To:   FIC_0_PERIPHERALS_0/security_core_0/hash_block_9[15]:D
  Delay (ns):              0.150
  Slack (ns):              0.074
  Arrival (ns):            3.805
  Required (ns):           3.731
  Operating Conditions: fast_hv_lt

Path 17
  From: FIC_0_PERIPHERALS_0/security_core_0/hash_block_6[17]:CLK
  To:   FIC_0_PERIPHERALS_0/security_core_0/hash_core/buffer[209]:D
  Delay (ns):              0.151
  Slack (ns):              0.074
  Arrival (ns):            3.810
  Required (ns):           3.736
  Operating Conditions: fast_hv_lt

Path 18
  From: FIC_0_PERIPHERALS_0/security_core_0/hash_block_4[8]:CLK
  To:   FIC_0_PERIPHERALS_0/security_core_0/hash_core/buffer[136]:D
  Delay (ns):              0.151
  Slack (ns):              0.074
  Arrival (ns):            3.804
  Required (ns):           3.730
  Operating Conditions: fast_hv_lt

Path 19
  From: FIC_0_PERIPHERALS_0/security_core_0/hash_block_1[12]:CLK
  To:   FIC_0_PERIPHERALS_0/security_core_0/hash_core/buffer[44]:D
  Delay (ns):              0.151
  Slack (ns):              0.074
  Arrival (ns):            3.807
  Required (ns):           3.733
  Operating Conditions: fast_hv_lt

Path 20
  From: FIC_0_PERIPHERALS_0/security_core_0/hash_block_15[21]:CLK
  To:   FIC_0_PERIPHERALS_0/security_core_0/hash_core/buffer[501]:D
  Delay (ns):              0.151
  Slack (ns):              0.074
  Arrival (ns):            3.800
  Required (ns):           3.726
  Operating Conditions: fast_hv_lt

Path 21
  From: FIC_0_PERIPHERALS_0/DMA_INITIATOR_inst_0/DMA_INITIATOR_0/MstConvertor_loop[0].mstrconv/mstrDWC/genblk1.MstUpConv/DWC_AWChan/SLAVE_AADDR[28]:CLK
  To:   FIC_0_PERIPHERALS_0/DMA_INITIATOR_inst_0/DMA_INITIATOR_0/MstConvertor_loop[0].mstrconv/rgsl/genblk1.awrs/holdDat[59]:D
  Delay (ns):              0.151
  Slack (ns):              0.074
  Arrival (ns):            3.804
  Required (ns):           3.730
  Operating Conditions: fast_hv_lt

Path 22
  From: FIC_3_PERIPHERALS_0/SPI_FOR_7_SEG_0/SPI_FOR_7_SEG_0/USPI/UCC/clock_rx_q2:CLK
  To:   FIC_3_PERIPHERALS_0/SPI_FOR_7_SEG_0/SPI_FOR_7_SEG_0/USPI/UCC/clock_rx_q3:D
  Delay (ns):              0.149
  Slack (ns):              0.075
  Arrival (ns):            4.200
  Required (ns):           4.125
  Operating Conditions: fast_hv_lt

Path 23
  From: FIC_0_PERIPHERALS_0/security_core_0/rng/trng_acc_0/seed_o_5[1]:CLK
  To:   FIC_0_PERIPHERALS_0/security_core_0/rng/trng_acc_0/seed_o_6[1]:D
  Delay (ns):              0.152
  Slack (ns):              0.075
  Arrival (ns):            3.791
  Required (ns):           3.716
  Operating Conditions: fast_hv_lt

Path 24
  From: FIC_0_PERIPHERALS_0/security_core_0/hash_block_4[30]:CLK
  To:   FIC_0_PERIPHERALS_0/security_core_0/hash_block_5[30]:D
  Delay (ns):              0.149
  Slack (ns):              0.075
  Arrival (ns):            3.797
  Required (ns):           3.722
  Operating Conditions: fast_hv_lt

Path 25
  From: FIC_0_PERIPHERALS_0/security_core_0/hash_block_2[22]:CLK
  To:   FIC_0_PERIPHERALS_0/security_core_0/hash_block_3[22]:D
  Delay (ns):              0.153
  Slack (ns):              0.075
  Arrival (ns):            3.818
  Required (ns):           3.743
  Operating Conditions: fast_hv_lt

Path 26
  From: FIC_0_PERIPHERALS_0/security_core_0/hash_block_14[28]:CLK
  To:   FIC_0_PERIPHERALS_0/security_core_0/hash_block_15[28]:D
  Delay (ns):              0.152
  Slack (ns):              0.075
  Arrival (ns):            3.806
  Required (ns):           3.731
  Operating Conditions: fast_hv_lt

Path 27
  From: FIC_0_PERIPHERALS_0/security_core_0/hash_block_12[31]:CLK
  To:   FIC_0_PERIPHERALS_0/security_core_0/hash_block_13[31]:D
  Delay (ns):              0.153
  Slack (ns):              0.075
  Arrival (ns):            3.805
  Required (ns):           3.730
  Operating Conditions: fast_hv_lt

Path 28
  From: FIC_0_PERIPHERALS_0/security_core_0/hash_block_11[5]:CLK
  To:   FIC_0_PERIPHERALS_0/security_core_0/hash_core/buffer[357]:D
  Delay (ns):              0.152
  Slack (ns):              0.075
  Arrival (ns):            3.810
  Required (ns):           3.735
  Operating Conditions: fast_hv_lt

Path 29
  From: FIC_0_PERIPHERALS_0/security_core_0/hash_block_11[31]:CLK
  To:   FIC_0_PERIPHERALS_0/security_core_0/hash_core/buffer[383]:D
  Delay (ns):              0.152
  Slack (ns):              0.075
  Arrival (ns):            3.805
  Required (ns):           3.730
  Operating Conditions: fast_hv_lt

Path 30
  From: FIC_0_PERIPHERALS_0/FIC0_INITIATOR_inst_0/FIC0_INITIATOR_0/SlvConvertor_loop[2].slvcnv/slvdwc/genblk1.DownConverter_inst/writeWidthConv/widthConvwr/slave_wrdone:CLK
  To:   FIC_0_PERIPHERALS_0/FIC0_INITIATOR_inst_0/FIC0_INITIATOR_0/SlvConvertor_loop[2].slvcnv/slvdwc/genblk1.DownConverter_inst/writeWidthConv/widthConvwr/slave_wrdone_f1:D
  Delay (ns):              0.149
  Slack (ns):              0.075
  Arrival (ns):            3.808
  Required (ns):           3.733
  Operating Conditions: fast_hv_lt

Path 31
  From: FIC_0_PERIPHERALS_0/security_core_0/hash_block_8[19]:CLK
  To:   FIC_0_PERIPHERALS_0/security_core_0/hash_block_9[19]:D
  Delay (ns):              0.153
  Slack (ns):              0.076
  Arrival (ns):            3.830
  Required (ns):           3.754
  Operating Conditions: fast_hv_lt

Path 32
  From: FIC_0_PERIPHERALS_0/security_core_0/hash_block_2[14]:CLK
  To:   FIC_0_PERIPHERALS_0/security_core_0/hash_core/buffer[78]:D
  Delay (ns):              0.150
  Slack (ns):              0.076
  Arrival (ns):            3.797
  Required (ns):           3.721
  Operating Conditions: fast_hv_lt

Path 33
  From: FIC_0_PERIPHERALS_0/security_core_0/hash_block_15[11]:CLK
  To:   FIC_0_PERIPHERALS_0/security_core_0/hash_core/buffer[491]:D
  Delay (ns):              0.144
  Slack (ns):              0.076
  Arrival (ns):            3.798
  Required (ns):           3.722
  Operating Conditions: fast_hv_lt

Path 34
  From: FIC_0_PERIPHERALS_0/security_core_0/hash_block_11[7]:CLK
  To:   FIC_0_PERIPHERALS_0/security_core_0/hash_block_12[7]:D
  Delay (ns):              0.150
  Slack (ns):              0.076
  Arrival (ns):            3.792
  Required (ns):           3.716
  Operating Conditions: fast_hv_lt

Path 35
  From: FIC_0_PERIPHERALS_0/security_core_0/hash_block_10[20]:CLK
  To:   FIC_0_PERIPHERALS_0/security_core_0/hash_block_11[20]:D
  Delay (ns):              0.150
  Slack (ns):              0.076
  Arrival (ns):            3.818
  Required (ns):           3.742
  Operating Conditions: fast_hv_lt

Path 36
  From: FIC_0_PERIPHERALS_0/DMA_INITIATOR_inst_0/DMA_INITIATOR_0/MstConvertor_loop[0].mstrconv/mstrDWC/genblk1.MstUpConv/DWC_AWChan/SLAVE_AADDR[4]:CLK
  To:   FIC_0_PERIPHERALS_0/DMA_INITIATOR_inst_0/DMA_INITIATOR_0/MstConvertor_loop[0].mstrconv/rgsl/genblk1.awrs/holdDat[35]:D
  Delay (ns):              0.150
  Slack (ns):              0.076
  Arrival (ns):            3.813
  Required (ns):           3.737
  Operating Conditions: fast_hv_lt

Path 37
  From: CLOCKS_AND_RESETS_0/RESET_FIC_3_CLK/CORERESET_0/dff_1[0]:CLK
  To:   CLOCKS_AND_RESETS_0/RESET_FIC_3_CLK/CORERESET_0/dff_2[0]:D
  Delay (ns):              0.150
  Slack (ns):              0.076
  Arrival (ns):            4.232
  Required (ns):           4.156
  Operating Conditions: fast_hv_lt

Path 38
  From: CLOCKS_AND_RESETS_0/RESET_FIC_0_CLK/CORERESET_0/dff_5[0]:CLK
  To:   CLOCKS_AND_RESETS_0/RESET_FIC_0_CLK/CORERESET_0/dff_6[0]:D
  Delay (ns):              0.144
  Slack (ns):              0.076
  Arrival (ns):            3.802
  Required (ns):           3.726
  Operating Conditions: fast_hv_lt

Path 39
  From: CLOCKS_AND_RESETS_0/RESET_FIC_0_CLK/CORERESET_0/dff_4[0]:CLK
  To:   CLOCKS_AND_RESETS_0/RESET_FIC_0_CLK/CORERESET_0/dff_5[0]:D
  Delay (ns):              0.150
  Slack (ns):              0.076
  Arrival (ns):            3.808
  Required (ns):           3.732
  Operating Conditions: fast_hv_lt

Path 40
  From: FIC_0_PERIPHERALS_0/security_core_0/hash_block_5[8]:CLK
  To:   FIC_0_PERIPHERALS_0/security_core_0/hash_block_6[8]:D
  Delay (ns):              0.154
  Slack (ns):              0.077
  Arrival (ns):            3.807
  Required (ns):           3.730
  Operating Conditions: fast_hv_lt

Path 41
  From: FIC_0_PERIPHERALS_0/security_core_0/hash_block_4[12]:CLK
  To:   FIC_0_PERIPHERALS_0/security_core_0/hash_block_5[12]:D
  Delay (ns):              0.154
  Slack (ns):              0.077
  Arrival (ns):            3.810
  Required (ns):           3.733
  Operating Conditions: fast_hv_lt

Path 42
  From: FIC_0_PERIPHERALS_0/security_core_0/hash_block_12[7]:CLK
  To:   FIC_0_PERIPHERALS_0/security_core_0/hash_core/buffer[391]:D
  Delay (ns):              0.151
  Slack (ns):              0.077
  Arrival (ns):            3.793
  Required (ns):           3.716
  Operating Conditions: fast_hv_lt

Path 43
  From: FIC_0_PERIPHERALS_0/security_core_0/hash_block_10[13]:CLK
  To:   FIC_0_PERIPHERALS_0/security_core_0/hash_block_11[13]:D
  Delay (ns):              0.151
  Slack (ns):              0.077
  Arrival (ns):            3.818
  Required (ns):           3.741
  Operating Conditions: fast_hv_lt

Path 44
  From: FIC_0_PERIPHERALS_0/FIC0_INITIATOR_inst_0/FIC0_INITIATOR_0/SlvConvertor_loop[0].slvcnv/rgsl/genblk2.arrs/sDat[69]:CLK
  To:   FIC_0_PERIPHERALS_0/FIC0_INITIATOR_inst_0/FIC0_INITIATOR_0/SlvConvertor_loop[0].slvcnv/slvdwc/genblk1.DownConverter_inst/readWidthConv/DWC_DownConv_preCalcCmdFifoWrCtrl_inst/MASTER_AID_out[0]:D
  Delay (ns):              0.151
  Slack (ns):              0.077
  Arrival (ns):            3.811
  Required (ns):           3.734
  Operating Conditions: fast_hv_lt

Path 45
  From: FIC_0_PERIPHERALS_0/FIC0_INITIATOR_inst_0/FIC0_INITIATOR_0/MstConvertor_loop[0].mstrconv/rgsl/genblk1.awrs/sDat[22]:CLK
  To:   FIC_0_PERIPHERALS_0/FIC0_INITIATOR_inst_0/FIC0_INITIATOR_0/axicb/cb.awcon/trgmx/slaveASIZE[2]:D
  Delay (ns):              0.151
  Slack (ns):              0.077
  Arrival (ns):            3.822
  Required (ns):           3.745
  Operating Conditions: fast_hv_lt

Path 46
  From: CLOCKS_AND_RESETS_0/RESET_FIC_0_CLK/CORERESET_0/dff_3[0]:CLK
  To:   CLOCKS_AND_RESETS_0/RESET_FIC_0_CLK/CORERESET_0/dff_4[0]:D
  Delay (ns):              0.151
  Slack (ns):              0.077
  Arrival (ns):            3.809
  Required (ns):           3.732
  Operating Conditions: fast_hv_lt

Path 47
  From: FIC_3_PERIPHERALS_0/PWM/corepwm_C0_0/genblk3.corepwm_reg_if/psh_period_reg[21]:CLK
  To:   FIC_3_PERIPHERALS_0/PWM/corepwm_C0_0/genblk3.corepwm_reg_if/period_reg_Z[21]:D
  Delay (ns):              0.152
  Slack (ns):              0.078
  Arrival (ns):            4.212
  Required (ns):           4.134
  Operating Conditions: fast_hv_lt

Path 48
  From: FIC_0_PERIPHERALS_0/security_core_0/sbox/y_lo_r1[2][2]:CLK
  To:   FIC_0_PERIPHERALS_0/security_core_0/sbox/y_lo_r2[2][2]:D
  Delay (ns):              0.153
  Slack (ns):              0.078
  Arrival (ns):            3.781
  Required (ns):           3.703
  Operating Conditions: fast_hv_lt

Path 49
  From: FIC_0_PERIPHERALS_0/security_core_0/sbox/y_lo_r1[0][3]:CLK
  To:   FIC_0_PERIPHERALS_0/security_core_0/sbox/y_lo_r2[0][3]:D
  Delay (ns):              0.155
  Slack (ns):              0.078
  Arrival (ns):            3.808
  Required (ns):           3.730
  Operating Conditions: fast_hv_lt

Path 50
  From: FIC_0_PERIPHERALS_0/security_core_0/sbox/y_lo_r0[2][2]:CLK
  To:   FIC_0_PERIPHERALS_0/security_core_0/sbox/y_lo_r1[2][2]:D
  Delay (ns):              0.151
  Slack (ns):              0.078
  Arrival (ns):            3.780
  Required (ns):           3.702
  Operating Conditions: fast_hv_lt

Path 51
  From: FIC_0_PERIPHERALS_0/security_core_0/sbox/y_hi_r3[2][1]:CLK
  To:   FIC_0_PERIPHERALS_0/security_core_0/sbox/y_hi_r4[2][1]:D
  Delay (ns):              0.155
  Slack (ns):              0.078
  Arrival (ns):            3.820
  Required (ns):           3.742
  Operating Conditions: fast_hv_lt

Path 52
  From: FIC_0_PERIPHERALS_0/security_core_0/rng/trng_acc_0/seed_o_4[0]:CLK
  To:   FIC_0_PERIPHERALS_0/security_core_0/rng/trng_acc_0/seed_o_5[0]:D
  Delay (ns):              0.152
  Slack (ns):              0.078
  Arrival (ns):            3.812
  Required (ns):           3.734
  Operating Conditions: fast_hv_lt

Path 53
  From: FIC_0_PERIPHERALS_0/security_core_0/rng/trivium_0/A[0][2]:CLK
  To:   FIC_0_PERIPHERALS_0/security_core_0/rng/trivium_0/A[1][2]:D
  Delay (ns):              0.154
  Slack (ns):              0.078
  Arrival (ns):            3.793
  Required (ns):           3.715
  Operating Conditions: fast_hv_lt

Path 54
  From: FIC_0_PERIPHERALS_0/security_core_0/hash_block_8[22]:CLK
  To:   FIC_0_PERIPHERALS_0/security_core_0/hash_core/buffer[278]:D
  Delay (ns):              0.155
  Slack (ns):              0.078
  Arrival (ns):            3.812
  Required (ns):           3.734
  Operating Conditions: fast_hv_lt

Path 55
  From: FIC_0_PERIPHERALS_0/security_core_0/hash_block_14[30]:CLK
  To:   FIC_0_PERIPHERALS_0/security_core_0/hash_block_15[30]:D
  Delay (ns):              0.156
  Slack (ns):              0.078
  Arrival (ns):            3.807
  Required (ns):           3.729
  Operating Conditions: fast_hv_lt

Path 56
  From: FIC_0_PERIPHERALS_0/security_core_0/hash_block_10[31]:CLK
  To:   FIC_0_PERIPHERALS_0/security_core_0/hash_block_11[31]:D
  Delay (ns):              0.156
  Slack (ns):              0.078
  Arrival (ns):            3.808
  Required (ns):           3.730
  Operating Conditions: fast_hv_lt

Path 57
  From: CLOCKS_AND_RESETS_0/RESET_FIC_3_CLK/CORERESET_0/dff_3[0]:CLK
  To:   CLOCKS_AND_RESETS_0/RESET_FIC_3_CLK/CORERESET_0/dff_4[0]:D
  Delay (ns):              0.152
  Slack (ns):              0.078
  Arrival (ns):            4.234
  Required (ns):           4.156
  Operating Conditions: fast_hv_lt

Path 58
  From: CLOCKS_AND_RESETS_0/RESET_FIC_0_CLK/CORERESET_0/dff_8[0]:CLK
  To:   CLOCKS_AND_RESETS_0/RESET_FIC_0_CLK/CORERESET_0/dff_9[0]:D
  Delay (ns):              0.152
  Slack (ns):              0.078
  Arrival (ns):            3.810
  Required (ns):           3.732
  Operating Conditions: fast_hv_lt

Path 59
  From: FIC_3_PERIPHERALS_0/SPI_FOR_7_SEG_0/SPI_FOR_7_SEG_0/USPI/UCC/SYNC1_msrxp_strobe:CLK
  To:   FIC_3_PERIPHERALS_0/SPI_FOR_7_SEG_0/SPI_FOR_7_SEG_0/USPI/UCC/SYNC2_msrxp_strobe:D
  Delay (ns):              0.153
  Slack (ns):              0.079
  Arrival (ns):            4.223
  Required (ns):           4.144
  Operating Conditions: fast_hv_lt

Path 60
  From: FIC_3_PERIPHERALS_0/PWM/corepwm_C0_0/genblk3.corepwm_reg_if/psh_prescale_reg[31]:CLK
  To:   FIC_3_PERIPHERALS_0/PWM/corepwm_C0_0/genblk3.corepwm_reg_if/prescale_reg_Z[31]:D
  Delay (ns):              0.153
  Slack (ns):              0.079
  Arrival (ns):            4.223
  Required (ns):           4.144
  Operating Conditions: fast_hv_lt

Path 61
  From: FIC_0_PERIPHERALS_0/security_core_0/sbox/y_lo_r0[1][1]:CLK
  To:   FIC_0_PERIPHERALS_0/security_core_0/sbox/y_lo_r1[1][1]:D
  Delay (ns):              0.156
  Slack (ns):              0.079
  Arrival (ns):            3.795
  Required (ns):           3.716
  Operating Conditions: fast_hv_lt

Path 62
  From: FIC_0_PERIPHERALS_0/security_core_0/sbox/y_hi_r3[0][1]:CLK
  To:   FIC_0_PERIPHERALS_0/security_core_0/sbox/y_hi_r4[0][1]:D
  Delay (ns):              0.154
  Slack (ns):              0.079
  Arrival (ns):            3.779
  Required (ns):           3.700
  Operating Conditions: fast_hv_lt

Path 63
  From: FIC_0_PERIPHERALS_0/security_core_0/sbox/y_hi_r1[1][3]:CLK
  To:   FIC_0_PERIPHERALS_0/security_core_0/sbox/y_hi_r2[1][3]:D
  Delay (ns):              0.156
  Slack (ns):              0.079
  Arrival (ns):            3.802
  Required (ns):           3.723
  Operating Conditions: fast_hv_lt

Path 64
  From: FIC_0_PERIPHERALS_0/security_core_0/sbox/y_hi_r1[1][1]:CLK
  To:   FIC_0_PERIPHERALS_0/security_core_0/sbox/y_hi_r2[1][1]:D
  Delay (ns):              0.155
  Slack (ns):              0.079
  Arrival (ns):            3.797
  Required (ns):           3.718
  Operating Conditions: fast_hv_lt

Path 65
  From: FIC_0_PERIPHERALS_0/security_core_0/hash_block_5[7]:CLK
  To:   FIC_0_PERIPHERALS_0/security_core_0/hash_block_6[7]:D
  Delay (ns):              0.153
  Slack (ns):              0.079
  Arrival (ns):            3.810
  Required (ns):           3.731
  Operating Conditions: fast_hv_lt

Path 66
  From: FIC_0_PERIPHERALS_0/security_core_0/hash_block_4[8]:CLK
  To:   FIC_0_PERIPHERALS_0/security_core_0/hash_block_5[8]:D
  Delay (ns):              0.155
  Slack (ns):              0.079
  Arrival (ns):            3.808
  Required (ns):           3.729
  Operating Conditions: fast_hv_lt

Path 67
  From: FIC_0_PERIPHERALS_0/FIC0_INITIATOR_inst_0/FIC0_INITIATOR_0/SlvConvertor_loop[2].slvcnv/rgsl/genblk4.wrs/sDat[18]:CLK
  To:   FIC_0_PERIPHERALS_0/FIC0_INITIATOR_inst_0/FIC0_INITIATOR_0/SlvConvertor_loop[2].slvcnv/slvdwc/genblk1.DownConverter_inst/writeWidthConv/widthConvwr/MASTER_WDATA_reg[8]:D
  Delay (ns):              0.156
  Slack (ns):              0.079
  Arrival (ns):            3.819
  Required (ns):           3.740
  Operating Conditions: fast_hv_lt

Path 68
  From: FIC_0_PERIPHERALS_0/FIC0_INITIATOR_inst_0/FIC0_INITIATOR_0/SlvConvertor_loop[0].slvcnv/rgsl/genblk2.arrs/sDat[72]:CLK
  To:   FIC_0_PERIPHERALS_0/FIC0_INITIATOR_inst_0/FIC0_INITIATOR_0/SlvConvertor_loop[0].slvcnv/slvdwc/genblk1.DownConverter_inst/readWidthConv/DWC_DownConv_preCalcCmdFifoWrCtrl_inst/MASTER_AID_out[3]:D
  Delay (ns):              0.153
  Slack (ns):              0.079
  Arrival (ns):            3.813
  Required (ns):           3.734
  Operating Conditions: fast_hv_lt

Path 69
  From: FIC_0_PERIPHERALS_0/DMA_INITIATOR_inst_0/DMA_INITIATOR_0/SlvConvertor_loop[0].slvcnv/rgsl/genblk3.rrs/sDat[36]:CLK
  To:   FIC_0_PERIPHERALS_0/DMA_INITIATOR_inst_0/DMA_INITIATOR_0/MstConvertor_loop[0].mstrconv/rgsl/genblk3.rrs/holdDat[36]:D
  Delay (ns):              0.153
  Slack (ns):              0.079
  Arrival (ns):            3.812
  Required (ns):           3.733
  Operating Conditions: fast_hv_lt

Path 70
  From: FIC_0_PERIPHERALS_0/DMA_INITIATOR_inst_0/DMA_INITIATOR_0/MstConvertor_loop[0].mstrconv/mstrDWC/genblk1.MstUpConv/DWC_AWChan/SLAVE_AADDR[18]:CLK
  To:   FIC_0_PERIPHERALS_0/DMA_INITIATOR_inst_0/DMA_INITIATOR_0/MstConvertor_loop[0].mstrconv/rgsl/genblk1.awrs/holdDat[49]:D
  Delay (ns):              0.156
  Slack (ns):              0.079
  Arrival (ns):            3.810
  Required (ns):           3.731
  Operating Conditions: fast_hv_lt

Path 71
  From: FIC_0_PERIPHERALS_0/DMA_CONTROLLER_inst_0/DMA_CONTROLLER_0/U_AXI4INITIATORDMACtrl/ARADDRReg[30]:CLK
  To:   FIC_0_PERIPHERALS_0/DMA_INITIATOR_inst_0/DMA_INITIATOR_0/MstConvertor_loop[0].mstrconv/mstrDWC/genblk1.MstUpConv/DWC_UpConv_preCalcAChannel_ar_inst/MASTER_AADDR_out[30]:D
  Delay (ns):              0.153
  Slack (ns):              0.079
  Arrival (ns):            3.821
  Required (ns):           3.742
  Operating Conditions: fast_hv_lt

Path 72
  From: CLOCKS_AND_RESETS_0/RESET_FIC_0_CLK/CORERESET_0/dff_11[0]:CLK
  To:   CLOCKS_AND_RESETS_0/RESET_FIC_0_CLK/CORERESET_0/dff_12[0]:D
  Delay (ns):              0.155
  Slack (ns):              0.079
  Arrival (ns):            3.830
  Required (ns):           3.751
  Operating Conditions: fast_hv_lt

Path 73
  From: FIC_3_PERIPHERALS_0/PWM/corepwm_C0_0/genblk3.corepwm_reg_if/psh_prescale_reg[29]:CLK
  To:   FIC_3_PERIPHERALS_0/PWM/corepwm_C0_0/genblk3.corepwm_reg_if/prescale_reg_Z[29]:D
  Delay (ns):              0.157
  Slack (ns):              0.080
  Arrival (ns):            4.234
  Required (ns):           4.154
  Operating Conditions: fast_hv_lt

Path 74
  From: FIC_0_PERIPHERALS_0/security_core_0/sbox/y_lo_r2[2][1]:CLK
  To:   FIC_0_PERIPHERALS_0/security_core_0/sbox/y_lo_r3[2][1]:D
  Delay (ns):              0.148
  Slack (ns):              0.080
  Arrival (ns):            3.787
  Required (ns):           3.707
  Operating Conditions: fast_hv_lt

Path 75
  From: FIC_0_PERIPHERALS_0/security_core_0/sbox/y_lo_r2[0][0]:CLK
  To:   FIC_0_PERIPHERALS_0/security_core_0/sbox/y_lo_r3[0][0]:D
  Delay (ns):              0.157
  Slack (ns):              0.080
  Arrival (ns):            3.797
  Required (ns):           3.717
  Operating Conditions: fast_hv_lt

Path 76
  From: FIC_0_PERIPHERALS_0/security_core_0/sbox/y_hi_r1[2][1]:CLK
  To:   FIC_0_PERIPHERALS_0/security_core_0/sbox/y_hi_r2[2][1]:D
  Delay (ns):              0.155
  Slack (ns):              0.080
  Arrival (ns):            3.797
  Required (ns):           3.717
  Operating Conditions: fast_hv_lt

Path 77
  From: FIC_0_PERIPHERALS_0/security_core_0/rng/trng_acc_0/seed_o_2[6]:CLK
  To:   FIC_0_PERIPHERALS_0/security_core_0/rng/trng_acc_0/seed_o_3[6]:D
  Delay (ns):              0.154
  Slack (ns):              0.080
  Arrival (ns):            3.783
  Required (ns):           3.703
  Operating Conditions: fast_hv_lt

Path 78
  From: FIC_0_PERIPHERALS_0/security_core_0/hash_block_9[9]:CLK
  To:   FIC_0_PERIPHERALS_0/security_core_0/hash_block_10[9]:D
  Delay (ns):              0.154
  Slack (ns):              0.080
  Arrival (ns):            3.829
  Required (ns):           3.749
  Operating Conditions: fast_hv_lt

Path 79
  From: FIC_0_PERIPHERALS_0/security_core_0/hash_block_8[28]:CLK
  To:   FIC_0_PERIPHERALS_0/security_core_0/hash_block_9[28]:D
  Delay (ns):              0.154
  Slack (ns):              0.080
  Arrival (ns):            3.804
  Required (ns):           3.724
  Operating Conditions: fast_hv_lt

Path 80
  From: FIC_0_PERIPHERALS_0/security_core_0/hash_block_8[21]:CLK
  To:   FIC_0_PERIPHERALS_0/security_core_0/hash_core/buffer[277]:D
  Delay (ns):              0.157
  Slack (ns):              0.080
  Arrival (ns):            3.836
  Required (ns):           3.756
  Operating Conditions: fast_hv_lt

Path 81
  From: FIC_0_PERIPHERALS_0/security_core_0/hash_block_7[30]:CLK
  To:   FIC_0_PERIPHERALS_0/security_core_0/hash_block_8[30]:D
  Delay (ns):              0.154
  Slack (ns):              0.080
  Arrival (ns):            3.802
  Required (ns):           3.722
  Operating Conditions: fast_hv_lt

Path 82
  From: FIC_0_PERIPHERALS_0/security_core_0/hash_block_6[4]:CLK
  To:   FIC_0_PERIPHERALS_0/security_core_0/hash_block_7[4]:D
  Delay (ns):              0.154
  Slack (ns):              0.080
  Arrival (ns):            3.830
  Required (ns):           3.750
  Operating Conditions: fast_hv_lt

Path 83
  From: FIC_0_PERIPHERALS_0/security_core_0/hash_block_3[25]:CLK
  To:   FIC_0_PERIPHERALS_0/security_core_0/hash_block_4[25]:D
  Delay (ns):              0.154
  Slack (ns):              0.080
  Arrival (ns):            3.833
  Required (ns):           3.753
  Operating Conditions: fast_hv_lt

Path 84
  From: FIC_0_PERIPHERALS_0/security_core_0/hash_block_14[3]:CLK
  To:   FIC_0_PERIPHERALS_0/security_core_0/hash_core/buffer[451]:D
  Delay (ns):              0.154
  Slack (ns):              0.080
  Arrival (ns):            3.801
  Required (ns):           3.721
  Operating Conditions: fast_hv_lt

Path 85
  From: FIC_0_PERIPHERALS_0/security_core_0/hash_block_13[19]:CLK
  To:   FIC_0_PERIPHERALS_0/security_core_0/hash_core/buffer[435]:D
  Delay (ns):              0.157
  Slack (ns):              0.080
  Arrival (ns):            3.834
  Required (ns):           3.754
  Operating Conditions: fast_hv_lt

Path 86
  From: FIC_0_PERIPHERALS_0/security_core_0/hash_block_12[13]:CLK
  To:   FIC_0_PERIPHERALS_0/security_core_0/hash_core/buffer[397]:D
  Delay (ns):              0.154
  Slack (ns):              0.080
  Arrival (ns):            3.821
  Required (ns):           3.741
  Operating Conditions: fast_hv_lt

Path 87
  From: FIC_0_PERIPHERALS_0/security_core_0/hash_block_11[27]:CLK
  To:   FIC_0_PERIPHERALS_0/security_core_0/hash_block_12[27]:D
  Delay (ns):              0.154
  Slack (ns):              0.080
  Arrival (ns):            3.800
  Required (ns):           3.720
  Operating Conditions: fast_hv_lt

Path 88
  From: FIC_0_PERIPHERALS_0/security_core_0/hash_block_10[2]:CLK
  To:   FIC_0_PERIPHERALS_0/security_core_0/hash_core/buffer[322]:D
  Delay (ns):              0.157
  Slack (ns):              0.080
  Arrival (ns):            3.831
  Required (ns):           3.751
  Operating Conditions: fast_hv_lt

Path 89
  From: FIC_0_PERIPHERALS_0/FIC0_INITIATOR_inst_0/FIC0_INITIATOR_0/SlvConvertor_loop[2].slvcnv/rgsl/genblk4.wrs/sDat[61]:CLK
  To:   FIC_0_PERIPHERALS_0/FIC0_INITIATOR_inst_0/FIC0_INITIATOR_0/SlvConvertor_loop[2].slvcnv/slvdwc/genblk1.DownConverter_inst/writeWidthConv/widthConvwr/MASTER_WDATA_reg[51]:D
  Delay (ns):              0.158
  Slack (ns):              0.080
  Arrival (ns):            3.820
  Required (ns):           3.740
  Operating Conditions: fast_hv_lt

Path 90
  From: FIC_0_PERIPHERALS_0/DMA_INITIATOR_inst_0/DMA_INITIATOR_0/MstConvertor_loop[0].mstrconv/mstrDWC/genblk1.MstUpConv/DWC_UpConv_preCalcAChannel_ar_inst/MASTER_AADDR_out[27]:CLK
  To:   FIC_0_PERIPHERALS_0/DMA_INITIATOR_inst_0/DMA_INITIATOR_0/MstConvertor_loop[0].mstrconv/mstrDWC/genblk1.MstUpConv/DWC_ARChan/SLAVE_AADDR[27]:D
  Delay (ns):              0.148
  Slack (ns):              0.080
  Arrival (ns):            3.812
  Required (ns):           3.732
  Operating Conditions: fast_hv_lt

Path 91
  From: FIC_0_PERIPHERALS_0/DMA_CONTROLLER_inst_0/DMA_CONTROLLER_0/U_DMAController/DMATranCtrl/queueWr_reg1:CLK
  To:   FIC_0_PERIPHERALS_0/DMA_CONTROLLER_inst_0/DMA_CONTROLLER_0/U_DMAController/DMATranCtrl/queueWr_reg2:D
  Delay (ns):              0.157
  Slack (ns):              0.080
  Arrival (ns):            3.819
  Required (ns):           3.739
  Operating Conditions: fast_hv_lt

Path 92
  From: FIC_0_PERIPHERALS_0/DMA_CONTROLLER_inst_0/DMA_CONTROLLER_0/U_AXI4INITIATORDMACtrl/AWADDRReg[29]:CLK
  To:   FIC_0_PERIPHERALS_0/DMA_INITIATOR_inst_0/DMA_INITIATOR_0/MstConvertor_loop[0].mstrconv/mstrDWC/genblk1.MstUpConv/DWC_UpConv_preCalcAChannel_aw_inst/MASTER_AADDR_out[29]:D
  Delay (ns):              0.148
  Slack (ns):              0.080
  Arrival (ns):            3.799
  Required (ns):           3.719
  Operating Conditions: fast_hv_lt

Path 93
  From: CLOCKS_AND_RESETS_0/RESET_FIC_0_CLK/CORERESET_0/dff_13[0]:CLK
  To:   CLOCKS_AND_RESETS_0/RESET_FIC_0_CLK/CORERESET_0/dff_14[0]:D
  Delay (ns):              0.156
  Slack (ns):              0.080
  Arrival (ns):            3.831
  Required (ns):           3.751
  Operating Conditions: fast_hv_lt

Path 94
  From: CLOCKS_AND_RESETS_0/RESET_FIC_0_CLK/CORERESET_0/dff_0[0]:CLK
  To:   CLOCKS_AND_RESETS_0/RESET_FIC_0_CLK/CORERESET_0/dff_1[0]:D
  Delay (ns):              0.154
  Slack (ns):              0.080
  Arrival (ns):            3.812
  Required (ns):           3.732
  Operating Conditions: fast_hv_lt

Path 95
  From: FIC_0_PERIPHERALS_0/FIC0_INITIATOR_inst_0/FIC0_INITIATOR_0/arst_aclk_sync/sysReset_f1:CLK
  To:   FIC_0_PERIPHERALS_0/FIC0_INITIATOR_inst_0/FIC0_INITIATOR_0/arst_aclk_sync/sysReset:D
  Delay (ns):              0.157
  Slack (ns):              0.081
  Arrival (ns):            3.803
  Required (ns):           3.722
  Operating Conditions: fast_hv_lt

Path 96
  From: FIC_0_PERIPHERALS_0/FIC0_INITIATOR_inst_0/FIC0_INITIATOR_0/SlvConvertor_loop[0].slvcnv/slvdwc/genblk1.DownConverter_inst/writeWidthConv/DWC_DownConv_preCalcCmdFifoWrCtrl_inst/WrapLogLen_comb_pre[0]:CLK
  To:   FIC_0_PERIPHERALS_0/FIC0_INITIATOR_inst_0/FIC0_INITIATOR_0/SlvConvertor_loop[0].slvcnv/slvdwc/genblk1.DownConverter_inst/writeWidthConv/wrCmdFifoWriteCtrl/WrapLogLen_reg[0]:D
  Delay (ns):              0.158
  Slack (ns):              0.081
  Arrival (ns):            3.812
  Required (ns):           3.731
  Operating Conditions: fast_hv_lt

Path 97
  From: FIC_0_PERIPHERALS_0/FIC0_INITIATOR_inst_0/FIC0_INITIATOR_0/MstConvertor_loop[0].mstrconv/rgsl/genblk1.awrs/sDat[24]:CLK
  To:   FIC_0_PERIPHERALS_0/FIC0_INITIATOR_inst_0/FIC0_INITIATOR_0/axicb/cb.awcon/trgmx/slaveALEN[1]:D
  Delay (ns):              0.155
  Slack (ns):              0.081
  Arrival (ns):            3.829
  Required (ns):           3.748
  Operating Conditions: fast_hv_lt

Path 98
  From: FIC_0_PERIPHERALS_0/DMA_INITIATOR_inst_0/DMA_INITIATOR_0/MstConvertor_loop[0].mstrconv/mstrDWC/genblk1.MstUpConv/DWC_UpConv_preCalcAChannel_aw_inst/sizeDiff_pre[0]:CLK
  To:   FIC_0_PERIPHERALS_0/DMA_INITIATOR_inst_0/DMA_INITIATOR_0/MstConvertor_loop[0].mstrconv/mstrDWC/genblk1.MstUpConv/DWC_AWChan/sizeDiff_reg[0]:D
  Delay (ns):              0.155
  Slack (ns):              0.081
  Arrival (ns):            3.828
  Required (ns):           3.747
  Operating Conditions: fast_hv_lt

Path 99
  From: FIC_0_PERIPHERALS_0/DMA_CONTROLLER_inst_0/DMA_CONTROLLER_0/U_AXI4INITIATORDMACtrl/ARADDRReg[14]:CLK
  To:   FIC_0_PERIPHERALS_0/DMA_INITIATOR_inst_0/DMA_INITIATOR_0/MstConvertor_loop[0].mstrconv/mstrDWC/genblk1.MstUpConv/DWC_UpConv_preCalcAChannel_ar_inst/MASTER_AADDR_out[14]:D
  Delay (ns):              0.155
  Slack (ns):              0.081
  Arrival (ns):            3.827
  Required (ns):           3.746
  Operating Conditions: fast_hv_lt

Path 100
  From: CLOCKS_AND_RESETS_0/RESET_FIC_0_CLK/CORERESET_0/dff_12[0]:CLK
  To:   CLOCKS_AND_RESETS_0/RESET_FIC_0_CLK/CORERESET_0/dff_13[0]:D
  Delay (ns):              0.157
  Slack (ns):              0.081
  Arrival (ns):            3.832
  Required (ns):           3.751
  Operating Conditions: fast_hv_lt

