Timing Violation Report Min Delay Analysis

SmartTime Version 2025.2
Microchip Technology Inc. - Microchip Libero Software Release 2025.2 (Version 2025.2.0.14)
Date: Tue Mar 24 22:35:28 2026


Design: MPFS_DISCOVERY_KIT
Family: PolarFireSoC
Die: MPFS095T
Package: FCSG325
Temperature Range: 0 - 100 C
Voltage Range: 0.97 - 1.03 V
Speed Grade: -1
Design State: Post-Layout
Data source: Production
Multi Corner Report Operating Conditions: slow_lv_lt,fast_hv_lt,slow_lv_ht


Path 1
  From: FIC_0_PERIPHERALS_0/FIC0_INITIATOR_inst_0/FIC0_INITIATOR_0/SlvConvertor_loop[2].slvcnv/slvdwc/genblk1.DownConverter_inst/readWidthConv/genblk1.widthConvrd/MASTER_RDATA[42]:CLK
  To:   FIC_0_PERIPHERALS_0/FIC0_INITIATOR_inst_0/FIC0_INITIATOR_0/SlvConvertor_loop[2].slvcnv/rgsl/genblk3.rrs/holdDat[46]:D
  Delay (ns):              0.309
  Slack (ns):              0.043
  Arrival (ns):            5.780
  Required (ns):           5.737
  Operating Conditions: slow_lv_ht

Path 2
  From: FIC_0_PERIPHERALS_0/security_core_0/hash_block_12[8]:CLK
  To:   FIC_0_PERIPHERALS_0/security_core_0/hash_core/buffer[392]:D
  Delay (ns):              0.299
  Slack (ns):              0.044
  Arrival (ns):            5.547
  Required (ns):           5.503
  Operating Conditions: slow_lv_lt

Path 3
  From: FIC_3_PERIPHERALS_0/PWM/corepwm_C0_0/genblk3.corepwm_reg_if/psh_period_reg[23]:CLK
  To:   FIC_3_PERIPHERALS_0/PWM/corepwm_C0_0/genblk3.corepwm_reg_if/period_reg_Z[23]:D
  Delay (ns):              0.304
  Slack (ns):              0.057
  Arrival (ns):            6.165
  Required (ns):           6.108
  Operating Conditions: slow_lv_lt

Path 4
  From: CLOCKS_AND_RESETS_0/RESET_FIC_3_CLK/CORERESET_0/dff_4[0]:CLK
  To:   CLOCKS_AND_RESETS_0/RESET_FIC_3_CLK/CORERESET_0/dff_5[0]:D
  Delay (ns):              0.143
  Slack (ns):              0.066
  Arrival (ns):            4.230
  Required (ns):           4.164
  Operating Conditions: fast_hv_lt

Path 5
  From: FIC_3_PERIPHERALS_0/PWM/corepwm_C0_0/genblk3.corepwm_reg_if/psh_prescale_reg[7]:CLK
  To:   FIC_3_PERIPHERALS_0/PWM/corepwm_C0_0/genblk3.corepwm_reg_if/prescale_reg_Z[7]:D
  Delay (ns):              0.217
  Slack (ns):              0.068
  Arrival (ns):            6.092
  Required (ns):           6.024
  Operating Conditions: slow_lv_lt

Path 6
  From: CLOCKS_AND_RESETS_0/RESET_FIC_3_CLK/CORERESET_0/dff_0[0]:CLK
  To:   CLOCKS_AND_RESETS_0/RESET_FIC_3_CLK/CORERESET_0/dff_1[0]:D
  Delay (ns):              0.145
  Slack (ns):              0.068
  Arrival (ns):            4.232
  Required (ns):           4.164
  Operating Conditions: fast_hv_lt

Path 7
  From: FIC_0_PERIPHERALS_0/security_core_0/hash_block_8[20]:CLK
  To:   FIC_0_PERIPHERALS_0/security_core_0/hash_core/buffer[276]:D
  Delay (ns):              0.146
  Slack (ns):              0.069
  Arrival (ns):            3.810
  Required (ns):           3.741
  Operating Conditions: fast_hv_lt

Path 8
  From: FIC_0_PERIPHERALS_0/security_core_0/hash_block_7[15]:CLK
  To:   FIC_0_PERIPHERALS_0/security_core_0/hash_block_8[15]:D
  Delay (ns):              0.146
  Slack (ns):              0.069
  Arrival (ns):            3.798
  Required (ns):           3.729
  Operating Conditions: fast_hv_lt

Path 9
  From: FIC_0_PERIPHERALS_0/security_core_0/hash_block_6[21]:CLK
  To:   FIC_0_PERIPHERALS_0/security_core_0/hash_core/buffer[213]:D
  Delay (ns):              0.146
  Slack (ns):              0.069
  Arrival (ns):            3.805
  Required (ns):           3.736
  Operating Conditions: fast_hv_lt

Path 10
  From: FIC_0_PERIPHERALS_0/security_core_0/hash_block_5[14]:CLK
  To:   FIC_0_PERIPHERALS_0/security_core_0/hash_block_6[14]:D
  Delay (ns):              0.146
  Slack (ns):              0.069
  Arrival (ns):            3.820
  Required (ns):           3.751
  Operating Conditions: fast_hv_lt

Path 11
  From: FIC_0_PERIPHERALS_0/security_core_0/hash_block_12[31]:CLK
  To:   FIC_0_PERIPHERALS_0/security_core_0/hash_block_13[31]:D
  Delay (ns):              0.146
  Slack (ns):              0.069
  Arrival (ns):            3.803
  Required (ns):           3.734
  Operating Conditions: fast_hv_lt

Path 12
  From: FIC_0_PERIPHERALS_0/security_core_0/hash_block_11[20]:CLK
  To:   FIC_0_PERIPHERALS_0/security_core_0/hash_block_12[20]:D
  Delay (ns):              0.146
  Slack (ns):              0.069
  Arrival (ns):            3.810
  Required (ns):           3.741
  Operating Conditions: fast_hv_lt

Path 13
  From: FIC_0_PERIPHERALS_0/security_core_0/hash_block_9[31]:CLK
  To:   FIC_0_PERIPHERALS_0/security_core_0/hash_block_10[31]:D
  Delay (ns):              0.147
  Slack (ns):              0.070
  Arrival (ns):            3.804
  Required (ns):           3.734
  Operating Conditions: fast_hv_lt

Path 14
  From: FIC_0_PERIPHERALS_0/security_core_0/hash_block_4[11]:CLK
  To:   FIC_0_PERIPHERALS_0/security_core_0/hash_block_5[11]:D
  Delay (ns):              0.147
  Slack (ns):              0.070
  Arrival (ns):            3.810
  Required (ns):           3.740
  Operating Conditions: fast_hv_lt

Path 15
  From: FIC_0_PERIPHERALS_0/security_core_0/hash_block_10[2]:CLK
  To:   FIC_0_PERIPHERALS_0/security_core_0/hash_block_11[2]:D
  Delay (ns):              0.147
  Slack (ns):              0.070
  Arrival (ns):            3.828
  Required (ns):           3.758
  Operating Conditions: fast_hv_lt

Path 16
  From: FIC_0_PERIPHERALS_0/security_core_0/rng/trng_acc_0/seed_o_0[1]:CLK
  To:   FIC_0_PERIPHERALS_0/security_core_0/rng/trng_acc_0/seed_o_1[1]:D
  Delay (ns):              0.148
  Slack (ns):              0.071
  Arrival (ns):            3.784
  Required (ns):           3.713
  Operating Conditions: fast_hv_lt

Path 17
  From: FIC_0_PERIPHERALS_0/security_core_0/hash_block_6[17]:CLK
  To:   FIC_0_PERIPHERALS_0/security_core_0/hash_block_7[17]:D
  Delay (ns):              0.148
  Slack (ns):              0.071
  Arrival (ns):            3.804
  Required (ns):           3.733
  Operating Conditions: fast_hv_lt

Path 18
  From: FIC_0_PERIPHERALS_0/security_core_0/hash_block_2[21]:CLK
  To:   FIC_0_PERIPHERALS_0/security_core_0/hash_core/buffer[85]:D
  Delay (ns):              0.148
  Slack (ns):              0.071
  Arrival (ns):            3.807
  Required (ns):           3.736
  Operating Conditions: fast_hv_lt

Path 19
  From: FIC_0_PERIPHERALS_0/security_core_0/hash_block_11[31]:CLK
  To:   FIC_0_PERIPHERALS_0/security_core_0/hash_block_12[31]:D
  Delay (ns):              0.148
  Slack (ns):              0.071
  Arrival (ns):            3.805
  Required (ns):           3.734
  Operating Conditions: fast_hv_lt

Path 20
  From: FIC_3_PERIPHERALS_0/PWM/corepwm_C0_0/genblk3.corepwm_reg_if/psh_period_reg[10]:CLK
  To:   FIC_3_PERIPHERALS_0/PWM/corepwm_C0_0/genblk3.corepwm_reg_if/period_reg_Z[10]:D
  Delay (ns):              0.149
  Slack (ns):              0.072
  Arrival (ns):            4.227
  Required (ns):           4.155
  Operating Conditions: fast_hv_lt

Path 21
  From: FIC_0_PERIPHERALS_0/security_core_0/hash_block_12[6]:CLK
  To:   FIC_0_PERIPHERALS_0/security_core_0/hash_block_13[6]:D
  Delay (ns):              0.149
  Slack (ns):              0.072
  Arrival (ns):            3.803
  Required (ns):           3.731
  Operating Conditions: fast_hv_lt

Path 22
  From: FIC_0_PERIPHERALS_0/security_core_0/sbox/y_lo_r0[2][0]:CLK
  To:   FIC_0_PERIPHERALS_0/security_core_0/sbox/y_lo_r1[2][0]:D
  Delay (ns):              0.150
  Slack (ns):              0.073
  Arrival (ns):            3.790
  Required (ns):           3.717
  Operating Conditions: fast_hv_lt

Path 23
  From: FIC_0_PERIPHERALS_0/security_core_0/rng/trng_acc_0/seed_o_3[1]:CLK
  To:   FIC_0_PERIPHERALS_0/security_core_0/rng/trng_acc_0/seed_o_4[1]:D
  Delay (ns):              0.149
  Slack (ns):              0.073
  Arrival (ns):            3.786
  Required (ns):           3.713
  Operating Conditions: fast_hv_lt

Path 24
  From: FIC_0_PERIPHERALS_0/security_core_0/hash_block_14[2]:CLK
  To:   FIC_0_PERIPHERALS_0/security_core_0/hash_block_15[2]:D
  Delay (ns):              0.150
  Slack (ns):              0.073
  Arrival (ns):            3.831
  Required (ns):           3.758
  Operating Conditions: fast_hv_lt

Path 25
  From: FIC_0_PERIPHERALS_0/security_core_0/hash_block_13[25]:CLK
  To:   FIC_0_PERIPHERALS_0/security_core_0/hash_block_14[25]:D
  Delay (ns):              0.150
  Slack (ns):              0.073
  Arrival (ns):            3.825
  Required (ns):           3.752
  Operating Conditions: fast_hv_lt

Path 26
  From: FIC_0_PERIPHERALS_0/security_core_0/hash_block_11[25]:CLK
  To:   FIC_0_PERIPHERALS_0/security_core_0/hash_block_12[25]:D
  Delay (ns):              0.149
  Slack (ns):              0.073
  Arrival (ns):            3.824
  Required (ns):           3.751
  Operating Conditions: fast_hv_lt

Path 27
  From: FIC_0_PERIPHERALS_0/FIC0_INITIATOR_inst_0/FIC0_INITIATOR_0/SlvConvertor_loop[0].slvcnv/slvdwc/genblk1.DownConverter_inst/readWidthConv/genblk1.caxi4interconnect_DWC_DownConv_Hold_Reg_Rd/sizeMax_extend_Z[5]:CLK
  To:   FIC_0_PERIPHERALS_0/FIC0_INITIATOR_inst_0/FIC0_INITIATOR_0/SlvConvertor_loop[0].slvcnv/slvdwc/genblk1.DownConverter_inst/readWidthConv/genblk1.widthConvrd/sizeMax_extend_reg[5]:D
  Delay (ns):              0.150
  Slack (ns):              0.073
  Arrival (ns):            3.803
  Required (ns):           3.730
  Operating Conditions: fast_hv_lt

Path 28
  From: FIC_3_PERIPHERALS_0/PWM/corepwm_C0_0/genblk3.corepwm_reg_if/psh_prescale_reg[15]:CLK
  To:   FIC_3_PERIPHERALS_0/PWM/corepwm_C0_0/genblk3.corepwm_reg_if/prescale_reg_Z[15]:D
  Delay (ns):              0.148
  Slack (ns):              0.074
  Arrival (ns):            4.207
  Required (ns):           4.133
  Operating Conditions: fast_hv_lt

Path 29
  From: FIC_0_PERIPHERALS_0/security_core_0/sbox/y_lo_r3[0][1]:CLK
  To:   FIC_0_PERIPHERALS_0/security_core_0/sbox/y_lo_r4[0][1]:D
  Delay (ns):              0.148
  Slack (ns):              0.074
  Arrival (ns):            3.794
  Required (ns):           3.720
  Operating Conditions: fast_hv_lt

Path 30
  From: FIC_0_PERIPHERALS_0/security_core_0/sbox/y_hi_r2[2][2]:CLK
  To:   FIC_0_PERIPHERALS_0/security_core_0/sbox/y_hi_r3[2][2]:D
  Delay (ns):              0.151
  Slack (ns):              0.074
  Arrival (ns):            3.789
  Required (ns):           3.715
  Operating Conditions: fast_hv_lt

Path 31
  From: FIC_0_PERIPHERALS_0/security_core_0/sbox/y_hi_r0[2][2]:CLK
  To:   FIC_0_PERIPHERALS_0/security_core_0/sbox/y_hi_r1[2][2]:D
  Delay (ns):              0.151
  Slack (ns):              0.074
  Arrival (ns):            3.785
  Required (ns):           3.711
  Operating Conditions: fast_hv_lt

Path 32
  From: FIC_0_PERIPHERALS_0/security_core_0/hash_block_7[11]:CLK
  To:   FIC_0_PERIPHERALS_0/security_core_0/hash_core/buffer[235]:D
  Delay (ns):              0.151
  Slack (ns):              0.074
  Arrival (ns):            3.814
  Required (ns):           3.740
  Operating Conditions: fast_hv_lt

Path 33
  From: FIC_0_PERIPHERALS_0/security_core_0/hash_block_6[16]:CLK
  To:   FIC_0_PERIPHERALS_0/security_core_0/hash_block_7[16]:D
  Delay (ns):              0.151
  Slack (ns):              0.074
  Arrival (ns):            3.805
  Required (ns):           3.731
  Operating Conditions: fast_hv_lt

Path 34
  From: FIC_0_PERIPHERALS_0/security_core_0/hash_block_6[0]:CLK
  To:   FIC_0_PERIPHERALS_0/security_core_0/hash_block_7[0]:D
  Delay (ns):              0.151
  Slack (ns):              0.074
  Arrival (ns):            3.810
  Required (ns):           3.736
  Operating Conditions: fast_hv_lt

Path 35
  From: FIC_0_PERIPHERALS_0/security_core_0/hash_block_10[25]:CLK
  To:   FIC_0_PERIPHERALS_0/security_core_0/hash_block_11[25]:D
  Delay (ns):              0.151
  Slack (ns):              0.074
  Arrival (ns):            3.826
  Required (ns):           3.752
  Operating Conditions: fast_hv_lt

Path 36
  From: FIC_0_PERIPHERALS_0/security_core_0/hash_block_10[14]:CLK
  To:   FIC_0_PERIPHERALS_0/security_core_0/hash_block_11[14]:D
  Delay (ns):              0.151
  Slack (ns):              0.074
  Arrival (ns):            3.809
  Required (ns):           3.735
  Operating Conditions: fast_hv_lt

Path 37
  From: FIC_0_PERIPHERALS_0/DMA_INITIATOR_inst_0/DMA_INITIATOR_0/MstConvertor_loop[0].mstrconv/mstrDWC/genblk1.MstUpConv/DWC_AWChan/SLAVE_AADDR[16]:CLK
  To:   FIC_0_PERIPHERALS_0/DMA_INITIATOR_inst_0/DMA_INITIATOR_0/MstConvertor_loop[0].mstrconv/rgsl/genblk1.awrs/holdDat[47]:D
  Delay (ns):              0.151
  Slack (ns):              0.074
  Arrival (ns):            3.809
  Required (ns):           3.735
  Operating Conditions: fast_hv_lt

Path 38
  From: FIC_0_PERIPHERALS_0/DMA_INITIATOR_inst_0/DMA_INITIATOR_0/MstConvertor_loop[0].mstrconv/mstrDWC/genblk1.MstUpConv/DWC_ARChan/SLAVE_AADDR[30]:CLK
  To:   FIC_0_PERIPHERALS_0/DMA_INITIATOR_inst_0/DMA_INITIATOR_0/MstConvertor_loop[0].mstrconv/rgsl/genblk2.arrs/holdDat[61]:D
  Delay (ns):              0.151
  Slack (ns):              0.074
  Arrival (ns):            3.799
  Required (ns):           3.725
  Operating Conditions: fast_hv_lt

Path 39
  From: FIC_0_PERIPHERALS_0/DMA_INITIATOR_inst_0/DMA_INITIATOR_0/MstConvertor_loop[0].mstrconv/mstrDWC/genblk1.MstUpConv/DWC_ARChan/SLAVE_AADDR[22]:CLK
  To:   FIC_0_PERIPHERALS_0/DMA_INITIATOR_inst_0/DMA_INITIATOR_0/MstConvertor_loop[0].mstrconv/rgsl/genblk2.arrs/holdDat[53]:D
  Delay (ns):              0.151
  Slack (ns):              0.074
  Arrival (ns):            3.799
  Required (ns):           3.725
  Operating Conditions: fast_hv_lt

Path 40
  From: FIC_0_PERIPHERALS_0/DMA_INITIATOR_inst_0/DMA_INITIATOR_0/MstConvertor_loop[0].mstrconv/mstrDWC/genblk1.MstUpConv/DWC_ARChan/SLAVE_AADDR[19]:CLK
  To:   FIC_0_PERIPHERALS_0/DMA_INITIATOR_inst_0/DMA_INITIATOR_0/MstConvertor_loop[0].mstrconv/rgsl/genblk2.arrs/holdDat[50]:D
  Delay (ns):              0.151
  Slack (ns):              0.074
  Arrival (ns):            3.801
  Required (ns):           3.727
  Operating Conditions: fast_hv_lt

Path 41
  From: FIC_0_PERIPHERALS_0/DMA_CONTROLLER_inst_0/DMA_CONTROLLER_0/U_AXI4INITIATORDMACtrl/ARADDRReg[27]:CLK
  To:   FIC_0_PERIPHERALS_0/DMA_INITIATOR_inst_0/DMA_INITIATOR_0/MstConvertor_loop[0].mstrconv/mstrDWC/genblk1.MstUpConv/DWC_UpConv_preCalcAChannel_ar_inst/MASTER_AADDR_out[27]:D
  Delay (ns):              0.151
  Slack (ns):              0.074
  Arrival (ns):            3.808
  Required (ns):           3.734
  Operating Conditions: fast_hv_lt

Path 42
  From: CLOCKS_AND_RESETS_0/RESET_FIC_3_CLK/CORERESET_0/dff_7[0]:CLK
  To:   CLOCKS_AND_RESETS_0/RESET_FIC_3_CLK/CORERESET_0/dff_8[0]:D
  Delay (ns):              0.148
  Slack (ns):              0.074
  Arrival (ns):            4.223
  Required (ns):           4.149
  Operating Conditions: fast_hv_lt

Path 43
  From: FIC_0_PERIPHERALS_0/security_core_0/sbox/y_hi_r1[1][3]:CLK
  To:   FIC_0_PERIPHERALS_0/security_core_0/sbox/y_hi_r2[1][3]:D
  Delay (ns):              0.149
  Slack (ns):              0.075
  Arrival (ns):            3.813
  Required (ns):           3.738
  Operating Conditions: fast_hv_lt

Path 44
  From: FIC_0_PERIPHERALS_0/security_core_0/hash_block_9[16]:CLK
  To:   FIC_0_PERIPHERALS_0/security_core_0/hash_block_10[16]:D
  Delay (ns):              0.152
  Slack (ns):              0.075
  Arrival (ns):            3.805
  Required (ns):           3.730
  Operating Conditions: fast_hv_lt

Path 45
  From: FIC_0_PERIPHERALS_0/security_core_0/hash_block_6[24]:CLK
  To:   FIC_0_PERIPHERALS_0/security_core_0/hash_core/buffer[216]:D
  Delay (ns):              0.152
  Slack (ns):              0.075
  Arrival (ns):            3.813
  Required (ns):           3.738
  Operating Conditions: fast_hv_lt

Path 46
  From: FIC_0_PERIPHERALS_0/security_core_0/hash_block_4[21]:CLK
  To:   FIC_0_PERIPHERALS_0/security_core_0/hash_core/buffer[149]:D
  Delay (ns):              0.152
  Slack (ns):              0.075
  Arrival (ns):            3.811
  Required (ns):           3.736
  Operating Conditions: fast_hv_lt

Path 47
  From: FIC_0_PERIPHERALS_0/security_core_0/hash_block_1[19]:CLK
  To:   FIC_0_PERIPHERALS_0/security_core_0/hash_block_2[19]:D
  Delay (ns):              0.152
  Slack (ns):              0.075
  Arrival (ns):            3.807
  Required (ns):           3.732
  Operating Conditions: fast_hv_lt

Path 48
  From: FIC_0_PERIPHERALS_0/FIC0_INITIATOR_inst_0/FIC0_INITIATOR_0/SlvConvertor_loop[2].slvcnv/slvdwc/genblk1.DownConverter_inst/readWidthConv/DWC_DownConv_preCalcCmdFifoWrCtrl_inst/sizeCnt_comb_pre_Z[0]:CLK
  To:   FIC_0_PERIPHERALS_0/FIC0_INITIATOR_inst_0/FIC0_INITIATOR_0/SlvConvertor_loop[2].slvcnv/slvdwc/genblk1.DownConverter_inst/readWidthConv/rdCmdFifoWriteCtrl/sizeCnt_reg[0]:D
  Delay (ns):              0.152
  Slack (ns):              0.075
  Arrival (ns):            3.809
  Required (ns):           3.734
  Operating Conditions: fast_hv_lt

Path 49
  From: FIC_0_PERIPHERALS_0/FIC0_INITIATOR_inst_0/FIC0_INITIATOR_0/SlvConvertor_loop[1].slvcnv/rgsl/genblk4.wrs/sDat[66]:CLK
  To:   FIC_0_PERIPHERALS_0/MSS_LSRAM_inst_0/COREAXI4SRAM_0/genblk1.genblk1.U_MSS_LSRAM_COREAXI4SRAM_0_CoreAXI4SRAM_MAINCTRL/genblk1.wdata_sc_r[56]:D
  Delay (ns):              0.224
  Slack (ns):              0.075
  Arrival (ns):            5.500
  Required (ns):           5.425
  Operating Conditions: slow_lv_lt

Path 50
  From: FIC_0_PERIPHERALS_0/FIC0_INITIATOR_inst_0/FIC0_INITIATOR_0/SlvConvertor_loop[0].slvcnv/slvdwc/genblk1.DownConverter_inst/readWidthConv/DWC_DownConv_preCalcCmdFifoWrCtrl_inst/MASTER_AID_out[0]:CLK
  To:   FIC_0_PERIPHERALS_0/FIC0_INITIATOR_inst_0/FIC0_INITIATOR_0/SlvConvertor_loop[0].slvcnv/slvdwc/genblk1.DownConverter_inst/readWidthConv/rdCmdFifoWriteCtrl/MASTER_AID_reg[0]:D
  Delay (ns):              0.149
  Slack (ns):              0.075
  Arrival (ns):            3.822
  Required (ns):           3.747
  Operating Conditions: fast_hv_lt

Path 51
  From: FIC_0_PERIPHERALS_0/DMA_INITIATOR_inst_0/DMA_INITIATOR_0/MstConvertor_loop[0].mstrconv/mstrDWC/genblk1.MstUpConv/DWC_UpConv_preCalcAChannel_aw_inst/MASTER_AADDR_out[17]:CLK
  To:   FIC_0_PERIPHERALS_0/DMA_INITIATOR_inst_0/DMA_INITIATOR_0/MstConvertor_loop[0].mstrconv/mstrDWC/genblk1.MstUpConv/DWC_AWChan/SLAVE_AADDR[17]:D
  Delay (ns):              0.149
  Slack (ns):              0.075
  Arrival (ns):            3.812
  Required (ns):           3.737
  Operating Conditions: fast_hv_lt

Path 52
  From: FIC_0_PERIPHERALS_0/security_core_0/sbox/y_lo_r3[0][2]:CLK
  To:   FIC_0_PERIPHERALS_0/security_core_0/sbox/y_lo_r4[0][2]:D
  Delay (ns):              0.150
  Slack (ns):              0.076
  Arrival (ns):            3.796
  Required (ns):           3.720
  Operating Conditions: fast_hv_lt

Path 53
  From: FIC_0_PERIPHERALS_0/security_core_0/hash_block_6[31]:CLK
  To:   FIC_0_PERIPHERALS_0/security_core_0/hash_block_7[31]:D
  Delay (ns):              0.154
  Slack (ns):              0.076
  Arrival (ns):            3.816
  Required (ns):           3.740
  Operating Conditions: fast_hv_lt

Path 54
  From: FIC_0_PERIPHERALS_0/security_core_0/hash_block_6[11]:CLK
  To:   FIC_0_PERIPHERALS_0/security_core_0/hash_block_7[11]:D
  Delay (ns):              0.153
  Slack (ns):              0.076
  Arrival (ns):            3.816
  Required (ns):           3.740
  Operating Conditions: fast_hv_lt

Path 55
  From: FIC_0_PERIPHERALS_0/security_core_0/hash_block_2[13]:CLK
  To:   FIC_0_PERIPHERALS_0/security_core_0/hash_block_3[13]:D
  Delay (ns):              0.150
  Slack (ns):              0.076
  Arrival (ns):            3.830
  Required (ns):           3.754
  Operating Conditions: fast_hv_lt

Path 56
  From: FIC_0_PERIPHERALS_0/security_core_0/hash_block_12[9]:CLK
  To:   FIC_0_PERIPHERALS_0/security_core_0/hash_block_13[9]:D
  Delay (ns):              0.154
  Slack (ns):              0.076
  Arrival (ns):            3.818
  Required (ns):           3.742
  Operating Conditions: fast_hv_lt

Path 57
  From: FIC_0_PERIPHERALS_0/security_core_0/hash_block_11[30]:CLK
  To:   FIC_0_PERIPHERALS_0/security_core_0/hash_block_12[30]:D
  Delay (ns):              0.150
  Slack (ns):              0.076
  Arrival (ns):            3.828
  Required (ns):           3.752
  Operating Conditions: fast_hv_lt

Path 58
  From: FIC_0_PERIPHERALS_0/security_core_0/hash_block_11[13]:CLK
  To:   FIC_0_PERIPHERALS_0/security_core_0/hash_core/buffer[365]:D
  Delay (ns):              0.284
  Slack (ns):              0.076
  Arrival (ns):            5.781
  Required (ns):           5.705
  Operating Conditions: slow_lv_ht

Path 59
  From: FIC_0_PERIPHERALS_0/FIC0_INITIATOR_inst_0/FIC0_INITIATOR_0/SlvConvertor_loop[1].slvcnv/rgsl/genblk4.wrs/sDat[11]:CLK
  To:   FIC_0_PERIPHERALS_0/MSS_LSRAM_inst_0/COREAXI4SRAM_0/genblk1.genblk1.U_MSS_LSRAM_COREAXI4SRAM_0_CoreAXI4SRAM_MAINCTRL/genblk1.wdata_sc_r[1]:D
  Delay (ns):              0.153
  Slack (ns):              0.076
  Arrival (ns):            3.838
  Required (ns):           3.762
  Operating Conditions: fast_hv_lt

Path 60
  From: FIC_0_PERIPHERALS_0/FIC0_INITIATOR_inst_0/FIC0_INITIATOR_0/SlvConvertor_loop[0].slvcnv/slvdwc/genblk1.DownConverter_inst/readWidthConv/rdCmdFifoWriteCtrl/sizeCnt_reg[0]:CLK
  To:   FIC_0_PERIPHERALS_0/FIC0_INITIATOR_inst_0/FIC0_INITIATOR_0/SlvConvertor_loop[0].slvcnv/slvdwc/genblk1.DownConverter_inst/readWidthConv/rdCmdFifoWriteCtrl/CmdFifoWrData[39]:D
  Delay (ns):              0.232
  Slack (ns):              0.076
  Arrival (ns):            3.879
  Required (ns):           3.803
  Operating Conditions: fast_hv_lt

Path 61
  From: FIC_0_PERIPHERALS_0/DMA_INITIATOR_inst_0/DMA_INITIATOR_0/MstConvertor_loop[0].mstrconv/mstrDWC/genblk1.MstUpConv/DWC_AWChan/SLAVE_AADDR[18]:CLK
  To:   FIC_0_PERIPHERALS_0/DMA_INITIATOR_inst_0/DMA_INITIATOR_0/MstConvertor_loop[0].mstrconv/rgsl/genblk1.awrs/holdDat[49]:D
  Delay (ns):              0.150
  Slack (ns):              0.076
  Arrival (ns):            3.813
  Required (ns):           3.737
  Operating Conditions: fast_hv_lt

Path 62
  From: FIC_0_PERIPHERALS_0/DMA_CONTROLLER_inst_0/DMA_CONTROLLER_0/U_AXI4INITIATORDMACtrl/ARADDRReg[31]:CLK
  To:   FIC_0_PERIPHERALS_0/DMA_INITIATOR_inst_0/DMA_INITIATOR_0/MstConvertor_loop[0].mstrconv/mstrDWC/genblk1.MstUpConv/DWC_UpConv_preCalcAChannel_ar_inst/MASTER_AADDR_out[31]:D
  Delay (ns):              0.150
  Slack (ns):              0.076
  Arrival (ns):            3.813
  Required (ns):           3.737
  Operating Conditions: fast_hv_lt

Path 63
  From: FIC_0_PERIPHERALS_0/DMA_CONTROLLER_inst_0/DMA_CONTROLLER_0/U_AXI4INITIATORDMACtrl/ARADDRReg[21]:CLK
  To:   FIC_0_PERIPHERALS_0/DMA_INITIATOR_inst_0/DMA_INITIATOR_0/MstConvertor_loop[0].mstrconv/mstrDWC/genblk1.MstUpConv/DWC_UpConv_preCalcAChannel_ar_inst/MASTER_AADDR_out[21]:D
  Delay (ns):              0.150
  Slack (ns):              0.076
  Arrival (ns):            3.808
  Required (ns):           3.732
  Operating Conditions: fast_hv_lt

Path 64
  From: FIC_0_PERIPHERALS_0/DMA_CONTROLLER_inst_0/DMA_CONTROLLER_0/U_AXI4INITIATORDMACtrl/ARADDRReg[15]:CLK
  To:   FIC_0_PERIPHERALS_0/DMA_INITIATOR_inst_0/DMA_INITIATOR_0/MstConvertor_loop[0].mstrconv/mstrDWC/genblk1.MstUpConv/DWC_UpConv_preCalcAChannel_ar_inst/MASTER_AADDR_out[15]:D
  Delay (ns):              0.150
  Slack (ns):              0.076
  Arrival (ns):            3.813
  Required (ns):           3.737
  Operating Conditions: fast_hv_lt

Path 65
  From: CLOCKS_AND_RESETS_0/RESET_FIC_3_CLK/CORERESET_0/dff_12[0]:CLK
  To:   CLOCKS_AND_RESETS_0/RESET_FIC_3_CLK/CORERESET_0/dff_13[0]:D
  Delay (ns):              0.144
  Slack (ns):              0.076
  Arrival (ns):            4.219
  Required (ns):           4.143
  Operating Conditions: fast_hv_lt

Path 66
  From: CLOCKS_AND_RESETS_0/RESET_FIC_0_CLK/CORERESET_0/dff_3[0]:CLK
  To:   CLOCKS_AND_RESETS_0/RESET_FIC_0_CLK/CORERESET_0/dff_4[0]:D
  Delay (ns):              0.150
  Slack (ns):              0.076
  Arrival (ns):            3.795
  Required (ns):           3.719
  Operating Conditions: fast_hv_lt

Path 67
  From: CLOCKS_AND_RESETS_0/RESET_FIC_0_CLK/CORERESET_0/dff_1[0]:CLK
  To:   CLOCKS_AND_RESETS_0/RESET_FIC_0_CLK/CORERESET_0/dff_2[0]:D
  Delay (ns):              0.150
  Slack (ns):              0.076
  Arrival (ns):            3.795
  Required (ns):           3.719
  Operating Conditions: fast_hv_lt

Path 68
  From: FIC_3_PERIPHERALS_0/PWM/corepwm_C0_0/genblk3.corepwm_reg_if/psh_period_reg[6]:CLK
  To:   FIC_3_PERIPHERALS_0/PWM/corepwm_C0_0/genblk3.corepwm_reg_if/period_reg_Z[6]:D
  Delay (ns):              0.151
  Slack (ns):              0.077
  Arrival (ns):            4.226
  Required (ns):           4.149
  Operating Conditions: fast_hv_lt

Path 69
  From: FIC_0_PERIPHERALS_0/security_core_0/sbox/y_hi_r3[1][0]:CLK
  To:   FIC_0_PERIPHERALS_0/security_core_0/sbox/y_hi_r4[1][0]:D
  Delay (ns):              0.151
  Slack (ns):              0.077
  Arrival (ns):            3.819
  Required (ns):           3.742
  Operating Conditions: fast_hv_lt

Path 70
  From: FIC_0_PERIPHERALS_0/security_core_0/sbox/y_hi_r2[0][3]:CLK
  To:   FIC_0_PERIPHERALS_0/security_core_0/sbox/y_hi_r3[0][3]:D
  Delay (ns):              0.150
  Slack (ns):              0.077
  Arrival (ns):            3.815
  Required (ns):           3.738
  Operating Conditions: fast_hv_lt

Path 71
  From: FIC_0_PERIPHERALS_0/security_core_0/hash_block_8[7]:CLK
  To:   FIC_0_PERIPHERALS_0/security_core_0/hash_core/buffer[263]:D
  Delay (ns):              0.151
  Slack (ns):              0.077
  Arrival (ns):            3.818
  Required (ns):           3.741
  Operating Conditions: fast_hv_lt

Path 72
  From: FIC_0_PERIPHERALS_0/security_core_0/hash_block_8[3]:CLK
  To:   FIC_0_PERIPHERALS_0/security_core_0/hash_block_9[3]:D
  Delay (ns):              0.154
  Slack (ns):              0.077
  Arrival (ns):            3.834
  Required (ns):           3.757
  Operating Conditions: fast_hv_lt

Path 73
  From: FIC_0_PERIPHERALS_0/security_core_0/hash_block_8[14]:CLK
  To:   FIC_0_PERIPHERALS_0/security_core_0/hash_core/buffer[270]:D
  Delay (ns):              0.154
  Slack (ns):              0.077
  Arrival (ns):            3.808
  Required (ns):           3.731
  Operating Conditions: fast_hv_lt

Path 74
  From: FIC_0_PERIPHERALS_0/security_core_0/hash_block_8[11]:CLK
  To:   FIC_0_PERIPHERALS_0/security_core_0/hash_block_9[11]:D
  Delay (ns):              0.154
  Slack (ns):              0.077
  Arrival (ns):            3.817
  Required (ns):           3.740
  Operating Conditions: fast_hv_lt

Path 75
  From: FIC_0_PERIPHERALS_0/security_core_0/hash_block_2[31]:CLK
  To:   FIC_0_PERIPHERALS_0/security_core_0/hash_block_3[31]:D
  Delay (ns):              0.154
  Slack (ns):              0.077
  Arrival (ns):            3.817
  Required (ns):           3.740
  Operating Conditions: fast_hv_lt

Path 76
  From: FIC_0_PERIPHERALS_0/security_core_0/hash_block_15[15]:CLK
  To:   FIC_0_PERIPHERALS_0/security_core_0/hash_core/buffer[495]:D
  Delay (ns):              0.154
  Slack (ns):              0.077
  Arrival (ns):            3.808
  Required (ns):           3.731
  Operating Conditions: fast_hv_lt

Path 77
  From: FIC_0_PERIPHERALS_0/security_core_0/hash_block_14[20]:CLK
  To:   FIC_0_PERIPHERALS_0/security_core_0/hash_core/buffer[468]:D
  Delay (ns):              0.154
  Slack (ns):              0.077
  Arrival (ns):            3.818
  Required (ns):           3.741
  Operating Conditions: fast_hv_lt

Path 78
  From: FIC_0_PERIPHERALS_0/security_core_0/hash_block_13[22]:CLK
  To:   FIC_0_PERIPHERALS_0/security_core_0/hash_block_14[22]:D
  Delay (ns):              0.154
  Slack (ns):              0.077
  Arrival (ns):            3.832
  Required (ns):           3.755
  Operating Conditions: fast_hv_lt

Path 79
  From: FIC_0_PERIPHERALS_0/security_core_0/hash_block_12[2]:CLK
  To:   FIC_0_PERIPHERALS_0/security_core_0/hash_block_13[2]:D
  Delay (ns):              0.154
  Slack (ns):              0.077
  Arrival (ns):            3.835
  Required (ns):           3.758
  Operating Conditions: fast_hv_lt

Path 80
  From: FIC_0_PERIPHERALS_0/DMA_INITIATOR_inst_0/DMA_INITIATOR_0/MstConvertor_loop[0].mstrconv/mstrDWC/genblk1.MstUpConv/DWC_ARChan/SLAVE_AADDR[14]:CLK
  To:   FIC_0_PERIPHERALS_0/DMA_INITIATOR_inst_0/DMA_INITIATOR_0/MstConvertor_loop[0].mstrconv/rgsl/genblk2.arrs/holdDat[45]:D
  Delay (ns):              0.154
  Slack (ns):              0.077
  Arrival (ns):            3.832
  Required (ns):           3.755
  Operating Conditions: fast_hv_lt

Path 81
  From: FIC_0_PERIPHERALS_0/DMA_CONTROLLER_inst_0/DMA_CONTROLLER_0/U_AXI4INITIATORDMACtrl/ARADDRReg[9]:CLK
  To:   FIC_0_PERIPHERALS_0/DMA_INITIATOR_inst_0/DMA_INITIATOR_0/MstConvertor_loop[0].mstrconv/mstrDWC/genblk1.MstUpConv/DWC_UpConv_preCalcAChannel_ar_inst/MASTER_AADDR_out[9]:D
  Delay (ns):              0.151
  Slack (ns):              0.077
  Arrival (ns):            3.809
  Required (ns):           3.732
  Operating Conditions: fast_hv_lt

Path 82
  From: CLOCKS_AND_RESETS_0/RESET_FIC_0_CLK/CORERESET_0/dff_7[0]:CLK
  To:   CLOCKS_AND_RESETS_0/RESET_FIC_0_CLK/CORERESET_0/dff_8[0]:D
  Delay (ns):              0.151
  Slack (ns):              0.077
  Arrival (ns):            3.796
  Required (ns):           3.719
  Operating Conditions: fast_hv_lt

Path 83
  From: CLOCKS_AND_RESETS_0/RESET_FIC_0_CLK/CORERESET_0/dff_2[0]:CLK
  To:   CLOCKS_AND_RESETS_0/RESET_FIC_0_CLK/CORERESET_0/dff_3[0]:D
  Delay (ns):              0.151
  Slack (ns):              0.077
  Arrival (ns):            3.796
  Required (ns):           3.719
  Operating Conditions: fast_hv_lt

Path 84
  From: FIC_0_PERIPHERALS_0/security_core_0/sbox/y_lo_r2[2][3]:CLK
  To:   FIC_0_PERIPHERALS_0/security_core_0/sbox/y_lo_r3[2][3]:D
  Delay (ns):              0.152
  Slack (ns):              0.078
  Arrival (ns):            3.796
  Required (ns):           3.718
  Operating Conditions: fast_hv_lt

Path 85
  From: FIC_0_PERIPHERALS_0/security_core_0/sbox/y_lo_r2[2][2]:CLK
  To:   FIC_0_PERIPHERALS_0/security_core_0/sbox/y_lo_r3[2][2]:D
  Delay (ns):              0.153
  Slack (ns):              0.078
  Arrival (ns):            3.789
  Required (ns):           3.711
  Operating Conditions: fast_hv_lt

Path 86
  From: FIC_0_PERIPHERALS_0/security_core_0/sbox/y_lo_r2[2][1]:CLK
  To:   FIC_0_PERIPHERALS_0/security_core_0/sbox/y_lo_r3[2][1]:D
  Delay (ns):              0.151
  Slack (ns):              0.078
  Arrival (ns):            3.800
  Required (ns):           3.722
  Operating Conditions: fast_hv_lt

Path 87
  From: FIC_0_PERIPHERALS_0/security_core_0/sbox/y_lo_r1[1][2]:CLK
  To:   FIC_0_PERIPHERALS_0/security_core_0/sbox/y_lo_r2[1][2]:D
  Delay (ns):              0.155
  Slack (ns):              0.078
  Arrival (ns):            3.814
  Required (ns):           3.736
  Operating Conditions: fast_hv_lt

Path 88
  From: FIC_0_PERIPHERALS_0/security_core_0/sbox/t_hi_r0[1][0]:CLK
  To:   FIC_0_PERIPHERALS_0/security_core_0/sbox/t_hi_r1[1][0]:D
  Delay (ns):              0.155
  Slack (ns):              0.078
  Arrival (ns):            3.792
  Required (ns):           3.714
  Operating Conditions: fast_hv_lt

Path 89
  From: FIC_0_PERIPHERALS_0/security_core_0/rng/trng_acc_0/seed_o_5[0]:CLK
  To:   FIC_0_PERIPHERALS_0/security_core_0/rng/trng_acc_0/seed_o_6[0]:D
  Delay (ns):              0.155
  Slack (ns):              0.078
  Arrival (ns):            3.791
  Required (ns):           3.713
  Operating Conditions: fast_hv_lt

Path 90
  From: FIC_0_PERIPHERALS_0/security_core_0/hash_block_7[31]:CLK
  To:   FIC_0_PERIPHERALS_0/security_core_0/hash_block_8[31]:D
  Delay (ns):              0.155
  Slack (ns):              0.078
  Arrival (ns):            3.818
  Required (ns):           3.740
  Operating Conditions: fast_hv_lt

Path 91
  From: FIC_0_PERIPHERALS_0/security_core_0/hash_block_5[27]:CLK
  To:   FIC_0_PERIPHERALS_0/security_core_0/hash_block_6[27]:D
  Delay (ns):              0.152
  Slack (ns):              0.078
  Arrival (ns):            3.810
  Required (ns):           3.732
  Operating Conditions: fast_hv_lt

Path 92
  From: FIC_0_PERIPHERALS_0/security_core_0/hash_block_4[7]:CLK
  To:   FIC_0_PERIPHERALS_0/security_core_0/hash_block_5[7]:D
  Delay (ns):              0.151
  Slack (ns):              0.078
  Arrival (ns):            3.821
  Required (ns):           3.743
  Operating Conditions: fast_hv_lt

Path 93
  From: FIC_0_PERIPHERALS_0/security_core_0/hash_block_4[25]:CLK
  To:   FIC_0_PERIPHERALS_0/security_core_0/hash_block_5[25]:D
  Delay (ns):              0.155
  Slack (ns):              0.078
  Arrival (ns):            3.832
  Required (ns):           3.754
  Operating Conditions: fast_hv_lt

Path 94
  From: FIC_0_PERIPHERALS_0/security_core_0/hash_block_2[28]:CLK
  To:   FIC_0_PERIPHERALS_0/security_core_0/hash_block_3[28]:D
  Delay (ns):              0.151
  Slack (ns):              0.078
  Arrival (ns):            3.821
  Required (ns):           3.743
  Operating Conditions: fast_hv_lt

Path 95
  From: FIC_0_PERIPHERALS_0/security_core_0/hash_block_2[1]:CLK
  To:   FIC_0_PERIPHERALS_0/security_core_0/hash_block_3[1]:D
  Delay (ns):              0.155
  Slack (ns):              0.078
  Arrival (ns):            3.810
  Required (ns):           3.732
  Operating Conditions: fast_hv_lt

Path 96
  From: FIC_0_PERIPHERALS_0/security_core_0/hash_block_14[2]:CLK
  To:   FIC_0_PERIPHERALS_0/security_core_0/hash_core/buffer[450]:D
  Delay (ns):              0.155
  Slack (ns):              0.078
  Arrival (ns):            3.836
  Required (ns):           3.758
  Operating Conditions: fast_hv_lt

Path 97
  From: FIC_0_PERIPHERALS_0/security_core_0/hash_block_13[1]:CLK
  To:   FIC_0_PERIPHERALS_0/security_core_0/hash_block_14[1]:D
  Delay (ns):              0.152
  Slack (ns):              0.078
  Arrival (ns):            3.800
  Required (ns):           3.722
  Operating Conditions: fast_hv_lt

Path 98
  From: FIC_0_PERIPHERALS_0/security_core_0/hash_block_12[11]:CLK
  To:   FIC_0_PERIPHERALS_0/security_core_0/hash_block_13[11]:D
  Delay (ns):              0.152
  Slack (ns):              0.078
  Arrival (ns):            3.797
  Required (ns):           3.719
  Operating Conditions: fast_hv_lt

Path 99
  From: FIC_0_PERIPHERALS_0/security_core_0/hash_block_10[14]:CLK
  To:   FIC_0_PERIPHERALS_0/security_core_0/hash_core/buffer[334]:D
  Delay (ns):              0.155
  Slack (ns):              0.078
  Arrival (ns):            3.813
  Required (ns):           3.735
  Operating Conditions: fast_hv_lt

Path 100
  From: CLOCKS_AND_RESETS_0/RESET_FIC_3_CLK/CORERESET_0/dff_1[0]:CLK
  To:   CLOCKS_AND_RESETS_0/RESET_FIC_3_CLK/CORERESET_0/dff_2[0]:D
  Delay (ns):              0.155
  Slack (ns):              0.078
  Arrival (ns):            4.242
  Required (ns):           4.164
  Operating Conditions: fast_hv_lt

