Timing Violation Report Max Delay Analysis

SmartTime Version 2025.2
Microchip Technology Inc. - Microchip Libero Software Release 2025.2 (Version 2025.2.0.14)
Date: Sat Apr 11 22:13:24 2026


Design: MPFS_DISCOVERY_KIT
Family: PolarFireSoC
Die: MPFS095T
Package: FCSG325
Temperature Range: 0 - 100 C
Voltage Range: 0.97 - 1.03 V
Speed Grade: -1
Design State: Post-Layout
Data source: Production
Multi Corner Report Operating Conditions: slow_lv_lt,fast_hv_lt,slow_lv_ht


Path 1
  From: MIPI_CAMERA_0/mipicsi2rxdecoderPF_C0_0/MSC_i_0/sot_r1_pclk:CLK
  To:   MIPI_CAMERA_0/mipicsi2rxdecoderPF_C0_0/MSC_i_0/sot_r0_cclk:EN
  Delay (ns):              0.626
  Slack (ns):             -0.229
  Arrival (ns):            7.664
  Required (ns):           7.435
  Operating Conditions: slow_lv_ht

Path 2
  From: FIC_0_PERIPHERALS_0/security_core_0/hash_core/t_fast[2]:CLK
  To:   FIC_0_PERIPHERALS_0/security_core_0/hash_core/a[29]:D
  Delay (ns):              7.844
  Slack (ns):             -0.094
  Arrival (ns):           15.506
  Required (ns):          15.412
  Operating Conditions: slow_lv_ht

Path 3
  From: FIC_0_PERIPHERALS_0/security_core_0/hash_core/t_Z[5]:CLK
  To:   FIC_0_PERIPHERALS_0/security_core_0/hash_core/a[29]:D
  Delay (ns):              7.822
  Slack (ns):             -0.073
  Arrival (ns):           15.485
  Required (ns):          15.412
  Operating Conditions: slow_lv_ht

Path 4
  From: FIC_0_PERIPHERALS_0/security_core_0/hash_core/t_fast[2]:CLK
  To:   FIC_0_PERIPHERALS_0/security_core_0/hash_core/a[28]:D
  Delay (ns):              7.767
  Slack (ns):             -0.017
  Arrival (ns):           15.429
  Required (ns):          15.412
  Operating Conditions: slow_lv_ht

Path 5
  From: FIC_0_PERIPHERALS_0/security_core_0/hash_core/t_fast[2]:CLK
  To:   FIC_0_PERIPHERALS_0/security_core_0/hash_core/a[26]:D
  Delay (ns):              7.745
  Slack (ns):              0.003
  Arrival (ns):           15.407
  Required (ns):          15.410
  Operating Conditions: slow_lv_ht

Path 6
  From: FIC_0_PERIPHERALS_0/security_core_0/hash_core/t_Z[5]:CLK
  To:   FIC_0_PERIPHERALS_0/security_core_0/hash_core/a[28]:D
  Delay (ns):              7.745
  Slack (ns):              0.004
  Arrival (ns):           15.408
  Required (ns):          15.412
  Operating Conditions: slow_lv_ht

Path 7
  From: FIC_0_PERIPHERALS_0/security_core_0/hash_core/t_Z[5]:CLK
  To:   FIC_0_PERIPHERALS_0/security_core_0/hash_core/a[23]:D
  Delay (ns):              7.741
  Slack (ns):              0.011
  Arrival (ns):           15.404
  Required (ns):          15.415
  Operating Conditions: slow_lv_ht

Path 8
  From: FIC_0_PERIPHERALS_0/security_core_0/hash_core/t_Z[5]:CLK
  To:   FIC_0_PERIPHERALS_0/security_core_0/hash_core/a[26]:D
  Delay (ns):              7.733
  Slack (ns):              0.014
  Arrival (ns):           15.396
  Required (ns):          15.410
  Operating Conditions: slow_lv_ht

Path 9
  From: FIC_0_PERIPHERALS_0/security_core_0/hash_core/t_fast[2]:CLK
  To:   FIC_0_PERIPHERALS_0/security_core_0/hash_core/a[30]:D
  Delay (ns):              7.712
  Slack (ns):              0.036
  Arrival (ns):           15.374
  Required (ns):          15.410
  Operating Conditions: slow_lv_ht

Path 10
  From: CLOCKS_AND_RESETS_0/RESET_FIC_0_CLK/CORERESET_0/dff_15[0]:CLK
  To:   MIPI_CAMERA_0/VDMA_C0_0/VDMA_C0_0/dma_top_0/vdma_ip_reset_0/synchronizer_circuit_2stage_video_clk/s_data_in:D
  Delay (ns):              2.501
  Slack (ns):              0.042
  Arrival (ns):           10.137
  Required (ns):          10.179
  Operating Conditions: slow_lv_ht

Path 11
  From: FIC_0_PERIPHERALS_0/security_core_0/hash_core/t_fast[1]:CLK
  To:   FIC_0_PERIPHERALS_0/security_core_0/hash_core/a[29]:D
  Delay (ns):              7.695
  Slack (ns):              0.054
  Arrival (ns):           15.358
  Required (ns):          15.412
  Operating Conditions: slow_lv_ht

Path 12
  From: FIC_0_PERIPHERALS_0/security_core_0/hash_core/t_Z[5]:CLK
  To:   FIC_0_PERIPHERALS_0/security_core_0/hash_core/a[30]:D
  Delay (ns):              7.690
  Slack (ns):              0.057
  Arrival (ns):           15.353
  Required (ns):          15.410
  Operating Conditions: slow_lv_ht

Path 13
  From: FIC_0_PERIPHERALS_0/security_core_0/hash_core/t_Z[5]:CLK
  To:   FIC_0_PERIPHERALS_0/security_core_0/hash_core/a[20]:D
  Delay (ns):              7.690
  Slack (ns):              0.062
  Arrival (ns):           15.353
  Required (ns):          15.415
  Operating Conditions: slow_lv_ht

Path 14
  From: FIC_0_PERIPHERALS_0/security_core_0/hash_core/t_Z[4]:CLK
  To:   FIC_0_PERIPHERALS_0/security_core_0/hash_core/a[29]:D
  Delay (ns):              7.687
  Slack (ns):              0.063
  Arrival (ns):           15.349
  Required (ns):          15.412
  Operating Conditions: slow_lv_ht

Path 15
  From: FIC_0_PERIPHERALS_0/security_core_0/hash_core/t_fast[2]:CLK
  To:   FIC_0_PERIPHERALS_0/security_core_0/hash_core/a[31]:D
  Delay (ns):              7.680
  Slack (ns):              0.068
  Arrival (ns):           15.342
  Required (ns):          15.410
  Operating Conditions: slow_lv_ht

Path 16
  From: MIPI_CAMERA_0/mipicsi2rxdecoderPF_C0_0/MSC_i_0/sot_r1_pclk:CLK
  To:   MIPI_CAMERA_0/mipicsi2rxdecoderPF_C0_0/MSC_i_0/sot_r0_cclk:D
  Delay (ns):              0.443
  Slack (ns):              0.082
  Arrival (ns):            7.481
  Required (ns):           7.563
  Operating Conditions: slow_lv_ht

Path 17
  From: FIC_0_PERIPHERALS_0/security_core_0/hash_core/t_Z[5]:CLK
  To:   FIC_0_PERIPHERALS_0/security_core_0/hash_core/a[24]:D
  Delay (ns):              7.664
  Slack (ns):              0.085
  Arrival (ns):           15.327
  Required (ns):          15.412
  Operating Conditions: slow_lv_ht

Path 18
  From: FIC_0_PERIPHERALS_0/security_core_0/hash_core/t_Z[5]:CLK
  To:   FIC_0_PERIPHERALS_0/security_core_0/hash_core/a[31]:D
  Delay (ns):              7.658
  Slack (ns):              0.089
  Arrival (ns):           15.321
  Required (ns):          15.410
  Operating Conditions: slow_lv_ht

Path 19
  From: FIC_0_PERIPHERALS_0/security_core_0/hash_core/t_fast[2]:CLK
  To:   FIC_0_PERIPHERALS_0/security_core_0/hash_core/a[23]:D
  Delay (ns):              7.656
  Slack (ns):              0.097
  Arrival (ns):           15.318
  Required (ns):          15.415
  Operating Conditions: slow_lv_ht

Path 20
  From: FIC_0_PERIPHERALS_0/security_core_0/hash_core/t_fast[1]:CLK
  To:   FIC_0_PERIPHERALS_0/security_core_0/hash_core/a[23]:D
  Delay (ns):              7.653
  Slack (ns):              0.099
  Arrival (ns):           15.316
  Required (ns):          15.415
  Operating Conditions: slow_lv_ht

Path 21
  From: FIC_0_PERIPHERALS_0/security_core_0/hash_core/t_fast[1]:CLK
  To:   FIC_0_PERIPHERALS_0/security_core_0/hash_core/a[26]:D
  Delay (ns):              7.645
  Slack (ns):              0.102
  Arrival (ns):           15.308
  Required (ns):          15.410
  Operating Conditions: slow_lv_ht

Path 22
  From: FIC_0_PERIPHERALS_0/security_core_0/hash_core/t_Z[5]:CLK
  To:   FIC_0_PERIPHERALS_0/security_core_0/hash_core/a[19]:D
  Delay (ns):              7.629
  Slack (ns):              0.119
  Arrival (ns):           15.292
  Required (ns):          15.411
  Operating Conditions: slow_lv_ht

Path 23
  From: FIC_0_PERIPHERALS_0/security_core_0/hash_core/t_fast[1]:CLK
  To:   FIC_0_PERIPHERALS_0/security_core_0/hash_core/a[28]:D
  Delay (ns):              7.618
  Slack (ns):              0.131
  Arrival (ns):           15.281
  Required (ns):          15.412
  Operating Conditions: slow_lv_ht

Path 24
  From: FIC_0_PERIPHERALS_0/security_core_0/hash_core/t_Z[5]:CLK
  To:   FIC_0_PERIPHERALS_0/security_core_0/hash_core/a[22]:D
  Delay (ns):              7.612
  Slack (ns):              0.135
  Arrival (ns):           15.275
  Required (ns):          15.410
  Operating Conditions: slow_lv_ht

Path 25
  From: FIC_0_PERIPHERALS_0/security_core_0/hash_core/t_Z[4]:CLK
  To:   FIC_0_PERIPHERALS_0/security_core_0/hash_core/a[28]:D
  Delay (ns):              7.610
  Slack (ns):              0.140
  Arrival (ns):           15.272
  Required (ns):          15.412
  Operating Conditions: slow_lv_ht

Path 26
  From: FIC_0_PERIPHERALS_0/security_core_0/hash_core/t_fast[2]:CLK
  To:   FIC_0_PERIPHERALS_0/security_core_0/hash_core/a[20]:D
  Delay (ns):              7.605
  Slack (ns):              0.148
  Arrival (ns):           15.267
  Required (ns):          15.415
  Operating Conditions: slow_lv_ht

Path 27
  From: FIC_0_PERIPHERALS_0/security_core_0/hash_core/t_fast[1]:CLK
  To:   FIC_0_PERIPHERALS_0/security_core_0/hash_core/a[20]:D
  Delay (ns):              7.602
  Slack (ns):              0.150
  Arrival (ns):           15.265
  Required (ns):          15.415
  Operating Conditions: slow_lv_ht

Path 28
  From: FIC_0_PERIPHERALS_0/security_core_0/hash_core/t_Z[5]:CLK
  To:   FIC_0_PERIPHERALS_0/security_core_0/hash_core/a[21]:D
  Delay (ns):              7.598
  Slack (ns):              0.153
  Arrival (ns):           15.261
  Required (ns):          15.414
  Operating Conditions: slow_lv_ht

Path 29
  From: FIC_0_PERIPHERALS_0/security_core_0/hash_core/t_fast[2]:CLK
  To:   FIC_0_PERIPHERALS_0/security_core_0/hash_core/a[27]:D
  Delay (ns):              7.593
  Slack (ns):              0.155
  Arrival (ns):           15.255
  Required (ns):          15.410
  Operating Conditions: slow_lv_ht

Path 30
  From: MIPI_CAMERA_0/mipicsi2rxdecoderPF_C0_0/MSC_i_0/MSC_i_4/MSC_i_10/crc_error_reg1:CLK
  To:   MIPI_CAMERA_0/mipicsi2rxdecoderPF_C0_0/MSC_i_0/MSC_i_4/MSC_i_10/crc_err_done_clk_reg0:D
  Delay (ns):              0.361
  Slack (ns):              0.158
  Arrival (ns):            7.417
  Required (ns):           7.575
  Operating Conditions: slow_lv_ht

Path 31
  From: FIC_0_PERIPHERALS_0/security_core_0/hash_core/t_Z[4]:CLK
  To:   FIC_0_PERIPHERALS_0/security_core_0/hash_core/a[26]:D
  Delay (ns):              7.588
  Slack (ns):              0.160
  Arrival (ns):           15.250
  Required (ns):          15.410
  Operating Conditions: slow_lv_ht

Path 32
  From: FIC_0_PERIPHERALS_0/security_core_0/hash_core/t_Z[5]:CLK
  To:   FIC_0_PERIPHERALS_0/security_core_0/hash_core/a[27]:D
  Delay (ns):              7.585
  Slack (ns):              0.162
  Arrival (ns):           15.248
  Required (ns):          15.410
  Operating Conditions: slow_lv_ht

Path 33
  From: FIC_0_PERIPHERALS_0/security_core_0/hash_core/t_fast[2]:CLK
  To:   FIC_0_PERIPHERALS_0/security_core_0/hash_core/a[24]:D
  Delay (ns):              7.579
  Slack (ns):              0.171
  Arrival (ns):           15.241
  Required (ns):          15.412
  Operating Conditions: slow_lv_ht

Path 34
  From: FIC_0_PERIPHERALS_0/security_core_0/hash_core/t_fast[1]:CLK
  To:   FIC_0_PERIPHERALS_0/security_core_0/hash_core/a[24]:D
  Delay (ns):              7.576
  Slack (ns):              0.173
  Arrival (ns):           15.239
  Required (ns):          15.412
  Operating Conditions: slow_lv_ht

Path 35
  From: FIC_0_PERIPHERALS_0/security_core_0/hash_core/t_fast[1]:CLK
  To:   FIC_0_PERIPHERALS_0/security_core_0/hash_core/a[30]:D
  Delay (ns):              7.572
  Slack (ns):              0.175
  Arrival (ns):           15.235
  Required (ns):          15.410
  Operating Conditions: slow_lv_ht

Path 36
  From: MIPI_CAMERA_0/mipicsi2rxdecoderPF_C0_0/MSC_i_0/MSC_i_4/MSC_i_10/ecc_error_reg1:CLK
  To:   MIPI_CAMERA_0/mipicsi2rxdecoderPF_C0_0/MSC_i_0/MSC_i_4/MSC_i_10/error_done_cclk_reg0:D
  Delay (ns):              0.344
  Slack (ns):              0.189
  Arrival (ns):            7.393
  Required (ns):           7.582
  Operating Conditions: slow_lv_ht

Path 37
  From: CLOCKS_AND_RESETS_0/RESET_FIC_0_CLK/CORERESET_0/dff_15[0]:CLK
  To:   MIPI_CAMERA_0/mipicsi2rxdecoderPF_C0_0/MSC_i_0/MSC_i_4/MSC_i_10/MSC_i_12/genblk7.pixel_data_o[6]:ALn
  Delay (ns):              2.150
  Slack (ns):              0.190
  Arrival (ns):            9.786
  Required (ns):           9.976
  Operating Conditions: slow_lv_ht

Path 38
  From: FIC_0_PERIPHERALS_0/security_core_0/hash_core/t_Z[4]:CLK
  To:   FIC_0_PERIPHERALS_0/security_core_0/hash_core/a[23]:D
  Delay (ns):              7.562
  Slack (ns):              0.191
  Arrival (ns):           15.224
  Required (ns):          15.415
  Operating Conditions: slow_lv_ht

Path 39
  From: MIPI_CAMERA_0/VDMA_C0_0/VDMA_C0_0/dma_top_0/axi4lite_regmap_vdma_0/write_reg_vdma_0/r_ip_rstn_dly[1]:CLK
  To:   MIPI_CAMERA_0/VDMA_C0_0/VDMA_C0_0/dma_top_0/vdma_write_0/ddr_write_vdma/async_fifo_vdma_0/wptr[2]:SLn
  Delay (ns):              2.327
  Slack (ns):              0.193
  Arrival (ns):            9.970
  Required (ns):          10.163
  Operating Conditions: slow_lv_ht

Path 40
  From: MIPI_CAMERA_0/VDMA_C0_0/VDMA_C0_0/dma_top_0/axi4lite_regmap_vdma_0/write_reg_vdma_0/r_ip_rstn_dly[1]:CLK
  To:   MIPI_CAMERA_0/VDMA_C0_0/VDMA_C0_0/dma_top_0/vdma_write_0/ddr_write_vdma/async_fifo_vdma_0/wptr[1]:SLn
  Delay (ns):              2.327
  Slack (ns):              0.193
  Arrival (ns):            9.970
  Required (ns):          10.163
  Operating Conditions: slow_lv_ht

Path 41
  From: FIC_0_PERIPHERALS_0/security_core_0/hash_core/t_Z[4]:CLK
  To:   FIC_0_PERIPHERALS_0/security_core_0/hash_core/a[30]:D
  Delay (ns):              7.555
  Slack (ns):              0.193
  Arrival (ns):           15.217
  Required (ns):          15.410
  Operating Conditions: slow_lv_ht

Path 42
  From: MIPI_CAMERA_0/VDMA_C0_0/VDMA_C0_0/dma_top_0/vdma_write_0/buff_addr_fifo/RAM2PORT_ASYNC_FIFO_INST/ram_ram_0_0/INST_RAM1K20_IP:A_CLK
  To:   MIPI_CAMERA_0/VDMA_C0_0/VDMA_C0_0/dma_top_0/vdma_write_0/ddr_write_vdma/ddr_write_controller_vdma_0/write_start_addr_o_1[37]:D
  Delay (ns):              1.889
  Slack (ns):              0.196
  Arrival (ns):            9.116
  Required (ns):           9.312
  Operating Conditions: slow_lv_ht

Path 43
  From: MIPI_CAMERA_0/VDMA_C0_0/VDMA_C0_0/dma_top_0/axi4lite_regmap_vdma_0/write_reg_vdma_0/r_ip_rstn_dly[1]:CLK
  To:   MIPI_CAMERA_0/VDMA_C0_0/VDMA_C0_0/dma_top_0/vdma_write_0/ddr_write_vdma/async_fifo_vdma_0/wptr[4]:SLn
  Delay (ns):              2.324
  Slack (ns):              0.196
  Arrival (ns):            9.967
  Required (ns):          10.163
  Operating Conditions: slow_lv_ht

Path 44
  From: MIPI_CAMERA_0/VDMA_C0_0/VDMA_C0_0/dma_top_0/axi4lite_regmap_vdma_0/write_reg_vdma_0/r_ip_rstn_dly[1]:CLK
  To:   MIPI_CAMERA_0/VDMA_C0_0/VDMA_C0_0/dma_top_0/vdma_write_0/ddr_write_vdma/async_fifo_vdma_0/wptr[3]:SLn
  Delay (ns):              2.324
  Slack (ns):              0.196
  Arrival (ns):            9.967
  Required (ns):          10.163
  Operating Conditions: slow_lv_ht

Path 45
  From: MIPI_CAMERA_0/VDMA_C0_0/VDMA_C0_0/dma_top_0/vdma_write_0/buff_addr_fifo/RAM2PORT_ASYNC_FIFO_INST/ram_ram_0_0/INST_RAM1K20_IP:A_CLK
  To:   MIPI_CAMERA_0/VDMA_C0_0/VDMA_C0_0/dma_top_0/vdma_write_0/ddr_write_vdma/ddr_write_controller_vdma_0/write_start_addr_o_1[35]:D
  Delay (ns):              1.888
  Slack (ns):              0.197
  Arrival (ns):            9.115
  Required (ns):           9.312
  Operating Conditions: slow_lv_ht

Path 46
  From: FIC_0_PERIPHERALS_0/security_core_0/hash_core/t_fast[2]:CLK
  To:   FIC_0_PERIPHERALS_0/security_core_0/hash_core/a[25]:D
  Delay (ns):              7.547
  Slack (ns):              0.201
  Arrival (ns):           15.209
  Required (ns):          15.410
  Operating Conditions: slow_lv_ht

Path 47
  From: FIC_0_PERIPHERALS_0/security_core_0/hash_core/t_fast[2]:CLK
  To:   FIC_0_PERIPHERALS_0/security_core_0/hash_core/a[19]:D
  Delay (ns):              7.544
  Slack (ns):              0.205
  Arrival (ns):           15.206
  Required (ns):          15.411
  Operating Conditions: slow_lv_ht

Path 48
  From: FIC_0_PERIPHERALS_0/security_core_0/hash_core/t_fast[1]:CLK
  To:   FIC_0_PERIPHERALS_0/security_core_0/hash_core/a[31]:D
  Delay (ns):              7.540
  Slack (ns):              0.207
  Arrival (ns):           15.203
  Required (ns):          15.410
  Operating Conditions: slow_lv_ht

Path 49
  From: FIC_0_PERIPHERALS_0/security_core_0/hash_core/t_fast[1]:CLK
  To:   FIC_0_PERIPHERALS_0/security_core_0/hash_core/a[19]:D
  Delay (ns):              7.541
  Slack (ns):              0.207
  Arrival (ns):           15.204
  Required (ns):          15.411
  Operating Conditions: slow_lv_ht

Path 50
  From: MIPI_CAMERA_0/VDMA_C0_0/VDMA_C0_0/dma_top_0/vdma_write_0/buff_addr_fifo/RAM2PORT_ASYNC_FIFO_INST/ram_ram_0_0/INST_RAM1K20_IP:A_CLK
  To:   MIPI_CAMERA_0/VDMA_C0_0/VDMA_C0_0/dma_top_0/vdma_write_0/ddr_write_vdma/ddr_write_controller_vdma_0/write_start_addr_o_1[32]:D
  Delay (ns):              1.874
  Slack (ns):              0.211
  Arrival (ns):            9.101
  Required (ns):           9.312
  Operating Conditions: slow_lv_ht

Path 51
  From: FIC_0_PERIPHERALS_0/security_core_0/hash_core/t_Z[5]:CLK
  To:   FIC_0_PERIPHERALS_0/security_core_0/hash_core/a[25]:D
  Delay (ns):              7.534
  Slack (ns):              0.213
  Arrival (ns):           15.197
  Required (ns):          15.410
  Operating Conditions: slow_lv_ht

Path 52
  From: FIC_0_PERIPHERALS_0/security_core_0/hash_core/t_Z[5]:CLK
  To:   FIC_0_PERIPHERALS_0/security_core_0/hash_core/a[14]:D
  Delay (ns):              7.535
  Slack (ns):              0.216
  Arrival (ns):           15.198
  Required (ns):          15.414
  Operating Conditions: slow_lv_ht

Path 53
  From: MIPI_CAMERA_0/VDMA_C0_0/VDMA_C0_0/dma_top_0/vdma_write_0/buff_addr_fifo/RAM2PORT_ASYNC_FIFO_INST/ram_ram_0_0/INST_RAM1K20_IP:A_CLK
  To:   MIPI_CAMERA_0/VDMA_C0_0/VDMA_C0_0/dma_top_0/vdma_write_0/ddr_write_vdma/ddr_write_controller_vdma_0/write_start_addr_o_1[34]:D
  Delay (ns):              1.864
  Slack (ns):              0.221
  Arrival (ns):            9.091
  Required (ns):           9.312
  Operating Conditions: slow_lv_ht

Path 54
  From: FIC_0_PERIPHERALS_0/security_core_0/hash_core/t_fast[2]:CLK
  To:   FIC_0_PERIPHERALS_0/security_core_0/hash_core/a[22]:D
  Delay (ns):              7.527
  Slack (ns):              0.221
  Arrival (ns):           15.189
  Required (ns):          15.410
  Operating Conditions: slow_lv_ht

Path 55
  From: FIC_0_PERIPHERALS_0/security_core_0/hash_core/t_fast[1]:CLK
  To:   FIC_0_PERIPHERALS_0/security_core_0/hash_core/a[22]:D
  Delay (ns):              7.524
  Slack (ns):              0.223
  Arrival (ns):           15.187
  Required (ns):          15.410
  Operating Conditions: slow_lv_ht

Path 56
  From: FIC_0_PERIPHERALS_0/security_core_0/hash_core/t_Z[4]:CLK
  To:   FIC_0_PERIPHERALS_0/security_core_0/hash_core/a[31]:D
  Delay (ns):              7.523
  Slack (ns):              0.225
  Arrival (ns):           15.185
  Required (ns):          15.410
  Operating Conditions: slow_lv_ht

Path 57
  From: FIC_0_PERIPHERALS_0/security_core_0/hash_core/t_fast[2]:CLK
  To:   FIC_0_PERIPHERALS_0/security_core_0/hash_core/a[21]:D
  Delay (ns):              7.513
  Slack (ns):              0.239
  Arrival (ns):           15.175
  Required (ns):          15.414
  Operating Conditions: slow_lv_ht

Path 58
  From: MIPI_CAMERA_0/VDMA_C0_0/VDMA_C0_0/dma_top_0/vdma_write_0/buff_addr_fifo/RAM2PORT_ASYNC_FIFO_INST/ram_ram_0_0/INST_RAM1K20_IP:A_CLK
  To:   MIPI_CAMERA_0/VDMA_C0_0/VDMA_C0_0/dma_top_0/vdma_write_0/ddr_write_vdma/ddr_write_controller_vdma_0/write_start_addr_o_1[29]:D
  Delay (ns):              1.845
  Slack (ns):              0.240
  Arrival (ns):            9.072
  Required (ns):           9.312
  Operating Conditions: slow_lv_ht

Path 59
  From: FIC_0_PERIPHERALS_0/security_core_0/hash_core/t_fast[1]:CLK
  To:   FIC_0_PERIPHERALS_0/security_core_0/hash_core/a[21]:D
  Delay (ns):              7.510
  Slack (ns):              0.241
  Arrival (ns):           15.173
  Required (ns):          15.414
  Operating Conditions: slow_lv_ht

Path 60
  From: MIPI_CAMERA_0/VDMA_C0_0/VDMA_C0_0/dma_top_0/vdma_write_0/buff_addr_fifo/RAM2PORT_ASYNC_FIFO_INST/ram_ram_0_0/INST_RAM1K20_IP:A_CLK
  To:   MIPI_CAMERA_0/VDMA_C0_0/VDMA_C0_0/dma_top_0/vdma_write_0/ddr_write_vdma/ddr_write_controller_vdma_0/write_start_addr_o_1[31]:D
  Delay (ns):              1.843
  Slack (ns):              0.242
  Arrival (ns):            9.070
  Required (ns):           9.312
  Operating Conditions: slow_lv_ht

Path 61
  From: FIC_0_PERIPHERALS_0/security_core_0/hash_core/t_Z[4]:CLK
  To:   FIC_0_PERIPHERALS_0/security_core_0/hash_core/a[20]:D
  Delay (ns):              7.511
  Slack (ns):              0.242
  Arrival (ns):           15.173
  Required (ns):          15.415
  Operating Conditions: slow_lv_ht

Path 62
  From: MIPI_CAMERA_0/VDMA_C0_0/VDMA_C0_0/dma_top_0/axi4lite_regmap_vdma_0/write_reg_vdma_0/r_ip_rstn_dly[1]:CLK
  To:   MIPI_CAMERA_0/VDMA_C0_0/VDMA_C0_0/dma_top_0/vdma_write_0/ddr_write_vdma/async_fifo_vdma_0/wptr[6]:SLn
  Delay (ns):              2.246
  Slack (ns):              0.247
  Arrival (ns):            9.889
  Required (ns):          10.136
  Operating Conditions: slow_lv_ht

Path 63
  From: CLOCKS_AND_RESETS_0/RESET_FIC_0_CLK/CORERESET_0/dff_15[0]:CLK
  To:   MIPI_CAMERA_0/mipicsi2rxdecoderPF_C0_0/MSC_i_0/MSC_i_4/MSC_i_10/data_type_reg2_1[2]:ALn
  Delay (ns):              2.095
  Slack (ns):              0.247
  Arrival (ns):            9.731
  Required (ns):           9.978
  Operating Conditions: slow_lv_ht

Path 64
  From: CLOCKS_AND_RESETS_0/RESET_FIC_0_CLK/CORERESET_0/dff_15[0]:CLK
  To:   MIPI_CAMERA_0/mipicsi2rxdecoderPF_C0_0/MSC_i_0/MSC_i_4/MSC_i_10/data_type_reg1_0[2]:ALn
  Delay (ns):              2.095
  Slack (ns):              0.247
  Arrival (ns):            9.731
  Required (ns):           9.978
  Operating Conditions: slow_lv_ht

Path 65
  From: MIPI_CAMERA_0/VDMA_C0_0/VDMA_C0_0/dma_top_0/axi4lite_regmap_vdma_0/write_reg_vdma_0/r_ip_rstn_dly[1]:CLK
  To:   MIPI_CAMERA_0/VDMA_C0_0/VDMA_C0_0/dma_top_0/vdma_write_0/ddr_write_vdma/async_fifo_vdma_0/wbin[11]:SLn
  Delay (ns):              2.246
  Slack (ns):              0.248
  Arrival (ns):            9.889
  Required (ns):          10.137
  Operating Conditions: slow_lv_ht

Path 66
  From: CLOCKS_AND_RESETS_0/RESET_FIC_0_CLK/CORERESET_0/dff_15[0]:CLK
  To:   MIPI_CAMERA_0/VDMA_C0_0/VDMA_C0_0/dma_top_0/vdma_ip_reset_0/synchronizer_circuit_2stage_video_clk/s_data_in:ALn
  Delay (ns):              2.086
  Slack (ns):              0.248
  Arrival (ns):            9.722
  Required (ns):           9.970
  Operating Conditions: slow_lv_ht

Path 67
  From: MIPI_CAMERA_0/VDMA_C0_0/VDMA_C0_0/dma_top_0/vdma_write_0/buff_addr_fifo/RAM2PORT_ASYNC_FIFO_INST/ram_ram_0_0/INST_RAM1K20_IP:A_CLK
  To:   MIPI_CAMERA_0/VDMA_C0_0/VDMA_C0_0/dma_top_0/vdma_write_0/ddr_write_vdma/ddr_write_controller_vdma_0/write_start_addr_o_1[36]:D
  Delay (ns):              1.836
  Slack (ns):              0.249
  Arrival (ns):            9.063
  Required (ns):           9.312
  Operating Conditions: slow_lv_ht

Path 68
  From: FIC_0_PERIPHERALS_0/security_core_0/hash_core/t_fast[1]:CLK
  To:   FIC_0_PERIPHERALS_0/security_core_0/hash_core/a[27]:D
  Delay (ns):              7.497
  Slack (ns):              0.250
  Arrival (ns):           15.160
  Required (ns):          15.410
  Operating Conditions: slow_lv_ht

Path 69
  From: MIPI_CAMERA_0/VDMA_C0_0/VDMA_C0_0/dma_top_0/axi4lite_regmap_vdma_0/write_reg_vdma_0/r_ip_rstn_dly[1]:CLK
  To:   MIPI_CAMERA_0/VDMA_C0_0/VDMA_C0_0/dma_top_0/vdma_write_0/ddr_write_vdma/async_fifo_vdma_0/wptr[5]:SLn
  Delay (ns):              2.242
  Slack (ns):              0.251
  Arrival (ns):            9.885
  Required (ns):          10.136
  Operating Conditions: slow_lv_ht

Path 70
  From: MIPI_CAMERA_0/VDMA_C0_0/VDMA_C0_0/dma_top_0/axi4lite_regmap_vdma_0/write_reg_vdma_0/r_ip_rstn_dly[1]:CLK
  To:   MIPI_CAMERA_0/VDMA_C0_0/VDMA_C0_0/dma_top_0/vdma_write_0/ddr_write_vdma/async_fifo_vdma_0/wptr[11]:SLn
  Delay (ns):              2.243
  Slack (ns):              0.251
  Arrival (ns):            9.886
  Required (ns):          10.137
  Operating Conditions: slow_lv_ht

Path 71
  From: MIPI_CAMERA_0/VDMA_C0_0/VDMA_C0_0/dma_top_0/axi4lite_regmap_vdma_0/write_reg_vdma_0/r_ip_rstn_dly[1]:CLK
  To:   MIPI_CAMERA_0/VDMA_C0_0/VDMA_C0_0/dma_top_0/vdma_write_0/ddr_write_vdma/async_fifo_vdma_0/wptr[10]:SLn
  Delay (ns):              2.243
  Slack (ns):              0.251
  Arrival (ns):            9.886
  Required (ns):          10.137
  Operating Conditions: slow_lv_ht

Path 72
  From: MIPI_CAMERA_0/VDMA_C0_0/VDMA_C0_0/dma_top_0/axi4lite_regmap_vdma_0/write_reg_vdma_0/r_ip_rstn_dly[1]:CLK
  To:   MIPI_CAMERA_0/VDMA_C0_0/VDMA_C0_0/dma_top_0/vdma_write_0/ddr_write_vdma/async_fifo_vdma_0/wptr[0]:SLn
  Delay (ns):              2.243
  Slack (ns):              0.251
  Arrival (ns):            9.886
  Required (ns):          10.137
  Operating Conditions: slow_lv_ht

Path 73
  From: MIPI_CAMERA_0/VDMA_C0_0/VDMA_C0_0/dma_top_0/axi4lite_regmap_vdma_0/write_reg_vdma_0/r_ip_rstn_dly[0]:CLK
  To:   MIPI_CAMERA_0/VDMA_C0_0/VDMA_C0_0/dma_top_0/vdma_write_0/ddr_write_vdma/async_fifo_vdma_0/wptr[2]:SLn
  Delay (ns):              2.270
  Slack (ns):              0.251
  Arrival (ns):            9.912
  Required (ns):          10.163
  Operating Conditions: slow_lv_ht

Path 74
  From: MIPI_CAMERA_0/VDMA_C0_0/VDMA_C0_0/dma_top_0/axi4lite_regmap_vdma_0/write_reg_vdma_0/r_ip_rstn_dly[0]:CLK
  To:   MIPI_CAMERA_0/VDMA_C0_0/VDMA_C0_0/dma_top_0/vdma_write_0/ddr_write_vdma/async_fifo_vdma_0/wptr[1]:SLn
  Delay (ns):              2.270
  Slack (ns):              0.251
  Arrival (ns):            9.912
  Required (ns):          10.163
  Operating Conditions: slow_lv_ht

Path 75
  From: MIPI_CAMERA_0/VDMA_C0_0/VDMA_C0_0/dma_top_0/axi4lite_regmap_vdma_0/write_reg_vdma_0/r_ip_rstn_dly[1]:CLK
  To:   MIPI_CAMERA_0/VDMA_C0_0/VDMA_C0_0/dma_top_0/vdma_write_0/ddr_write_vdma/async_fifo_vdma_0/wptr[8]:SLn
  Delay (ns):              2.241
  Slack (ns):              0.253
  Arrival (ns):            9.884
  Required (ns):          10.137
  Operating Conditions: slow_lv_ht

Path 76
  From: MIPI_CAMERA_0/VDMA_C0_0/VDMA_C0_0/dma_top_0/axi4lite_regmap_vdma_0/write_reg_vdma_0/r_ip_rstn_dly[1]:CLK
  To:   MIPI_CAMERA_0/VDMA_C0_0/VDMA_C0_0/dma_top_0/vdma_write_0/ddr_write_vdma/async_fifo_vdma_0/wbin[12]:SLn
  Delay (ns):              2.241
  Slack (ns):              0.253
  Arrival (ns):            9.884
  Required (ns):          10.137
  Operating Conditions: slow_lv_ht

Path 77
  From: MIPI_CAMERA_0/VDMA_C0_0/VDMA_C0_0/dma_top_0/axi4lite_regmap_vdma_0/write_reg_vdma_0/r_ip_rstn_dly[0]:CLK
  To:   MIPI_CAMERA_0/VDMA_C0_0/VDMA_C0_0/dma_top_0/vdma_write_0/ddr_write_vdma/async_fifo_vdma_0/wptr[4]:SLn
  Delay (ns):              2.267
  Slack (ns):              0.254
  Arrival (ns):            9.909
  Required (ns):          10.163
  Operating Conditions: slow_lv_ht

Path 78
  From: MIPI_CAMERA_0/VDMA_C0_0/VDMA_C0_0/dma_top_0/axi4lite_regmap_vdma_0/write_reg_vdma_0/r_ip_rstn_dly[0]:CLK
  To:   MIPI_CAMERA_0/VDMA_C0_0/VDMA_C0_0/dma_top_0/vdma_write_0/ddr_write_vdma/async_fifo_vdma_0/wptr[3]:SLn
  Delay (ns):              2.267
  Slack (ns):              0.254
  Arrival (ns):            9.909
  Required (ns):          10.163
  Operating Conditions: slow_lv_ht

Path 79
  From: MIPI_CAMERA_0/VDMA_C0_0/VDMA_C0_0/dma_top_0/axi4lite_regmap_vdma_0/write_reg_vdma_0/r_fifo_rstn_dly_Z[0]:CLK
  To:   MIPI_CAMERA_0/VDMA_C0_0/VDMA_C0_0/dma_top_0/vdma_write_0/ddr_write_vdma/async_fifo_vdma_0/wptr[2]:SLn
  Delay (ns):              2.262
  Slack (ns):              0.258
  Arrival (ns):            9.905
  Required (ns):          10.163
  Operating Conditions: slow_lv_ht

Path 80
  From: MIPI_CAMERA_0/VDMA_C0_0/VDMA_C0_0/dma_top_0/axi4lite_regmap_vdma_0/write_reg_vdma_0/r_fifo_rstn_dly_Z[0]:CLK
  To:   MIPI_CAMERA_0/VDMA_C0_0/VDMA_C0_0/dma_top_0/vdma_write_0/ddr_write_vdma/async_fifo_vdma_0/wptr[1]:SLn
  Delay (ns):              2.262
  Slack (ns):              0.258
  Arrival (ns):            9.905
  Required (ns):          10.163
  Operating Conditions: slow_lv_ht

Path 81
  From: MIPI_CAMERA_0/VDMA_C0_0/VDMA_C0_0/dma_top_0/axi4lite_regmap_vdma_0/write_reg_vdma_0/r_fifo_rstn_dly_Z[0]:CLK
  To:   MIPI_CAMERA_0/VDMA_C0_0/VDMA_C0_0/dma_top_0/vdma_write_0/ddr_write_vdma/async_fifo_vdma_0/wptr[4]:SLn
  Delay (ns):              2.259
  Slack (ns):              0.261
  Arrival (ns):            9.902
  Required (ns):          10.163
  Operating Conditions: slow_lv_ht

Path 82
  From: MIPI_CAMERA_0/VDMA_C0_0/VDMA_C0_0/dma_top_0/axi4lite_regmap_vdma_0/write_reg_vdma_0/r_fifo_rstn_dly_Z[0]:CLK
  To:   MIPI_CAMERA_0/VDMA_C0_0/VDMA_C0_0/dma_top_0/vdma_write_0/ddr_write_vdma/async_fifo_vdma_0/wptr[3]:SLn
  Delay (ns):              2.259
  Slack (ns):              0.261
  Arrival (ns):            9.902
  Required (ns):          10.163
  Operating Conditions: slow_lv_ht

Path 83
  From: MIPI_CAMERA_0/VDMA_C0_0/VDMA_C0_0/dma_top_0/axi4lite_regmap_vdma_0/write_reg_vdma_0/r_ip_rstn_dly[3]:CLK
  To:   MIPI_CAMERA_0/VDMA_C0_0/VDMA_C0_0/dma_top_0/vdma_write_0/ddr_write_vdma/async_fifo_vdma_0/wptr[2]:SLn
  Delay (ns):              2.257
  Slack (ns):              0.263
  Arrival (ns):            9.900
  Required (ns):          10.163
  Operating Conditions: slow_lv_ht

Path 84
  From: MIPI_CAMERA_0/VDMA_C0_0/VDMA_C0_0/dma_top_0/axi4lite_regmap_vdma_0/write_reg_vdma_0/r_ip_rstn_dly[3]:CLK
  To:   MIPI_CAMERA_0/VDMA_C0_0/VDMA_C0_0/dma_top_0/vdma_write_0/ddr_write_vdma/async_fifo_vdma_0/wptr[1]:SLn
  Delay (ns):              2.257
  Slack (ns):              0.263
  Arrival (ns):            9.900
  Required (ns):          10.163
  Operating Conditions: slow_lv_ht

Path 85
  From: FIC_0_PERIPHERALS_0/security_core_0/hash_core/t_Z[4]:CLK
  To:   FIC_0_PERIPHERALS_0/security_core_0/hash_core/a[24]:D
  Delay (ns):              7.485
  Slack (ns):              0.265
  Arrival (ns):           15.147
  Required (ns):          15.412
  Operating Conditions: slow_lv_ht

Path 86
  From: MIPI_CAMERA_0/VDMA_C0_0/VDMA_C0_0/dma_top_0/axi4lite_regmap_vdma_0/write_reg_vdma_0/r_ip_rstn_dly[3]:CLK
  To:   MIPI_CAMERA_0/VDMA_C0_0/VDMA_C0_0/dma_top_0/vdma_write_0/ddr_write_vdma/async_fifo_vdma_0/wptr[4]:SLn
  Delay (ns):              2.254
  Slack (ns):              0.266
  Arrival (ns):            9.897
  Required (ns):          10.163
  Operating Conditions: slow_lv_ht

Path 87
  From: MIPI_CAMERA_0/VDMA_C0_0/VDMA_C0_0/dma_top_0/axi4lite_regmap_vdma_0/write_reg_vdma_0/r_ip_rstn_dly[3]:CLK
  To:   MIPI_CAMERA_0/VDMA_C0_0/VDMA_C0_0/dma_top_0/vdma_write_0/ddr_write_vdma/async_fifo_vdma_0/wptr[3]:SLn
  Delay (ns):              2.254
  Slack (ns):              0.266
  Arrival (ns):            9.897
  Required (ns):          10.163
  Operating Conditions: slow_lv_ht

Path 88
  From: MIPI_CAMERA_0/VDMA_C0_0/VDMA_C0_0/dma_top_0/vdma_write_0/buff_addr_fifo/RAM2PORT_ASYNC_FIFO_INST/ram_ram_0_0/INST_RAM1K20_IP:A_CLK
  To:   MIPI_CAMERA_0/VDMA_C0_0/VDMA_C0_0/dma_top_0/vdma_write_0/ddr_write_vdma/ddr_write_controller_vdma_0/write_start_addr_o_1[33]:D
  Delay (ns):              1.813
  Slack (ns):              0.271
  Arrival (ns):            9.040
  Required (ns):           9.311
  Operating Conditions: slow_lv_ht

Path 89
  From: MIPI_CAMERA_0/VDMA_C0_0/VDMA_C0_0/dma_top_0/vdma_write_0/buff_addr_fifo/RAM2PORT_ASYNC_FIFO_INST/ram_ram_0_0/INST_RAM1K20_IP:A_CLK
  To:   MIPI_CAMERA_0/VDMA_C0_0/VDMA_C0_0/dma_top_0/vdma_write_0/ddr_write_vdma/ddr_write_controller_vdma_0/write_start_addr_o_1[28]:D
  Delay (ns):              1.813
  Slack (ns):              0.273
  Arrival (ns):            9.040
  Required (ns):           9.313
  Operating Conditions: slow_lv_ht

Path 90
  From: FIC_0_PERIPHERALS_0/security_core_0/hash_core/t_Z[5]:CLK
  To:   FIC_0_PERIPHERALS_0/security_core_0/hash_core/a[17]:D
  Delay (ns):              7.477
  Slack (ns):              0.274
  Arrival (ns):           15.140
  Required (ns):          15.414
  Operating Conditions: slow_lv_ht

Path 91
  From: FIC_0_PERIPHERALS_0/security_core_0/hash_core/t_Z[5]:CLK
  To:   FIC_0_PERIPHERALS_0/security_core_0/hash_core/a[18]:D
  Delay (ns):              7.474
  Slack (ns):              0.277
  Arrival (ns):           15.137
  Required (ns):          15.414
  Operating Conditions: slow_lv_ht

Path 92
  From: MIPI_CAMERA_0/VDMA_C0_0/VDMA_C0_0/dma_top_0/vdma_write_0/buff_addr_fifo/RAM2PORT_ASYNC_FIFO_INST/ram_ram_0_0/INST_RAM1K20_IP:A_CLK
  To:   MIPI_CAMERA_0/VDMA_C0_0/VDMA_C0_0/dma_top_0/vdma_write_0/ddr_write_vdma/ddr_write_controller_vdma_0/write_start_addr_o_1[26]:D
  Delay (ns):              1.805
  Slack (ns):              0.280
  Arrival (ns):            9.032
  Required (ns):           9.312
  Operating Conditions: slow_lv_ht

Path 93
  From: CLOCKS_AND_RESETS_0/RESET_FIC_0_CLK/CORERESET_0/dff_15[0]:CLK
  To:   MIPI_CAMERA_0/mipicsi2rxdecoderPF_C0_0/MSC_i_0/MSC_i_4/MSC_i_10/MSC_i_12/MSC_i_13/rdaddr_r[6]:ALn
  Delay (ns):              2.055
  Slack (ns):              0.282
  Arrival (ns):            9.691
  Required (ns):           9.973
  Operating Conditions: slow_lv_ht

Path 94
  From: CLOCKS_AND_RESETS_0/RESET_FIC_0_CLK/CORERESET_0/dff_15[0]:CLK
  To:   MIPI_CAMERA_0/mipicsi2rxdecoderPF_C0_0/MSC_i_0/MSC_i_4/MSC_i_10/MSC_i_12/MSC_i_13/rdaddr_r[1]:ALn
  Delay (ns):              2.054
  Slack (ns):              0.282
  Arrival (ns):            9.690
  Required (ns):           9.972
  Operating Conditions: slow_lv_ht

Path 95
  From: CLOCKS_AND_RESETS_0/RESET_FIC_0_CLK/CORERESET_0/dff_15[0]:CLK
  To:   MIPI_CAMERA_0/mipicsi2rxdecoderPF_C0_0/MSC_i_0/MSC_i_4/MSC_i_10/MSC_i_12/MSC_i_13/rdaddr_r[10]:ALn
  Delay (ns):              2.054
  Slack (ns):              0.283
  Arrival (ns):            9.690
  Required (ns):           9.973
  Operating Conditions: slow_lv_ht

Path 96
  From: CLOCKS_AND_RESETS_0/RESET_FIC_0_CLK/CORERESET_0/dff_15[0]:CLK
  To:   MIPI_CAMERA_0/mipicsi2rxdecoderPF_C0_0/MSC_i_0/MSC_i_4/MSC_i_10/MSC_i_12/MSC_i_13/rdaddr_r[0]:ALn
  Delay (ns):              2.054
  Slack (ns):              0.283
  Arrival (ns):            9.690
  Required (ns):           9.973
  Operating Conditions: slow_lv_ht

Path 97
  From: MIPI_CAMERA_0/VDMA_C0_0/VDMA_C0_0/dma_top_0/vdma_write_0/buff_addr_fifo/RAM2PORT_ASYNC_FIFO_INST/ram_ram_0_0/INST_RAM1K20_IP:A_CLK
  To:   MIPI_CAMERA_0/VDMA_C0_0/VDMA_C0_0/dma_top_0/vdma_write_0/ddr_write_vdma/ddr_write_controller_vdma_0/write_start_addr_o_1[30]:D
  Delay (ns):              1.793
  Slack (ns):              0.292
  Arrival (ns):            9.020
  Required (ns):           9.312
  Operating Conditions: slow_lv_ht

Path 98
  From: FIC_0_PERIPHERALS_0/security_core_0/hash_core/t_Z[4]:CLK
  To:   FIC_0_PERIPHERALS_0/security_core_0/hash_core/a[19]:D
  Delay (ns):              7.450
  Slack (ns):              0.299
  Arrival (ns):           15.112
  Required (ns):          15.411
  Operating Conditions: slow_lv_ht

Path 99
  From: FIC_0_PERIPHERALS_0/security_core_0/hash_core/t_fast[1]:CLK
  To:   FIC_0_PERIPHERALS_0/security_core_0/hash_core/a[25]:D
  Delay (ns):              7.446
  Slack (ns):              0.301
  Arrival (ns):           15.109
  Required (ns):          15.410
  Operating Conditions: slow_lv_ht

Path 100
  From: MIPI_CAMERA_0/VDMA_C0_0/VDMA_C0_0/dma_top_0/axi4lite_regmap_vdma_0/write_reg_vdma_0/r_ip_rstn_dly[0]:CLK
  To:   MIPI_CAMERA_0/VDMA_C0_0/VDMA_C0_0/dma_top_0/vdma_write_0/ddr_write_vdma/async_fifo_vdma_0/wptr[6]:SLn
  Delay (ns):              2.189
  Slack (ns):              0.305
  Arrival (ns):            9.831
  Required (ns):          10.136
  Operating Conditions: slow_lv_ht

