Timing Violation Report Min Delay Analysis

SmartTime Version 2025.2
Microchip Technology Inc. - Microchip Libero Software Release 2025.2 (Version 2025.2.0.14)
Date: Sat Apr 11 12:46:57 2026


Design: MPFS_DISCOVERY_KIT
Family: PolarFireSoC
Die: MPFS095T
Package: FCSG325
Temperature Range: 0 - 100 C
Voltage Range: 0.97 - 1.03 V
Speed Grade: -1
Design State: Post-Layout
Data source: Production
Multi Corner Report Operating Conditions: slow_lv_lt,fast_hv_lt,slow_lv_ht


Path 1
  From: MIPI_CAMERA_0/mipicsi2rxdecoderPF_C0_0/MSC_i_0/MSC_i_4/MSC_i_10/MSC_i_12/MSC_i_13/wraddr_rr[8]:CLK
  To:   MIPI_CAMERA_0/mipicsi2rxdecoderPF_C0_0/MSC_i_0/MSC_i_4/MSC_i_10/MSC_i_12/MSC_i_13/wraddr_sync_r[8]:D
  Delay (ns):              0.231
  Slack (ns):             -3.402
  Arrival (ns):            3.954
  Required (ns):           7.356
  Operating Conditions: slow_lv_ht

Path 2
  From: MIPI_CAMERA_0/mipicsi2rxdecoderPF_C0_0/MSC_i_0/MSC_i_4/MSC_i_10/genblk2.word_count_out[9]:CLK
  To:   MIPI_CAMERA_0/mipicsi2rxdecoderPF_C0_0/MSC_i_0/MSC_i_4/MSC_i_10/word_count_reg1_0[9]:D
  Delay (ns):              0.290
  Slack (ns):             -3.366
  Arrival (ns):            4.033
  Required (ns):           7.399
  Operating Conditions: slow_lv_ht

Path 3
  From: MIPI_CAMERA_0/mipicsi2rxdecoderPF_C0_0/MSC_i_0/MSC_i_4/MSC_i_10/MSC_i_12/MSC_i_13/wraddr_rr[2]:CLK
  To:   MIPI_CAMERA_0/mipicsi2rxdecoderPF_C0_0/MSC_i_0/MSC_i_4/MSC_i_10/MSC_i_12/MSC_i_13/wraddr_sync_r[2]:D
  Delay (ns):              0.273
  Slack (ns):             -3.365
  Arrival (ns):            4.021
  Required (ns):           7.386
  Operating Conditions: slow_lv_ht

Path 4
  From: MIPI_CAMERA_0/mipicsi2rxdecoderPF_C0_0/MSC_i_0/MSC_i_4/MSC_i_10/genblk2.dt_i[1]:CLK
  To:   MIPI_CAMERA_0/mipicsi2rxdecoderPF_C0_0/MSC_i_0/MSC_i_4/MSC_i_10/data_type_reg1_0[1]:D
  Delay (ns):              0.308
  Slack (ns):             -3.343
  Arrival (ns):            4.057
  Required (ns):           7.400
  Operating Conditions: slow_lv_ht

Path 5
  From: MIPI_CAMERA_0/mipicsi2rxdecoderPF_C0_0/MSC_i_0/MSC_i_4/MSC_i_10/ecc_error_ready:CLK
  To:   MIPI_CAMERA_0/mipicsi2rxdecoderPF_C0_0/MSC_i_0/MSC_i_4/MSC_i_10/ecc_error_done:D
  Delay (ns):              0.302
  Slack (ns):             -3.339
  Arrival (ns):            4.043
  Required (ns):           7.382
  Operating Conditions: slow_lv_ht

Path 6
  From: MIPI_CAMERA_0/mipicsi2rxdecoderPF_C0_0/MSC_i_0/sot_r0_cclk:CLK
  To:   MIPI_CAMERA_0/mipicsi2rxdecoderPF_C0_0/MSC_i_0/sot_r0_pclk:D
  Delay (ns):              0.314
  Slack (ns):             -3.335
  Arrival (ns):            4.035
  Required (ns):           7.370
  Operating Conditions: slow_lv_ht

Path 7
  From: MIPI_CAMERA_0/mipicsi2rxdecoderPF_C0_0/MSC_i_0/L0_lp_data_shift[15]:CLK
  To:   MIPI_CAMERA_0/mipicsi2rxdecoderPF_C0_0/MSC_i_0/L0_lp_data_pclk1:D
  Delay (ns):              0.312
  Slack (ns):             -3.331
  Arrival (ns):            4.031
  Required (ns):           7.362
  Operating Conditions: slow_lv_ht

Path 8
  From: MIPI_CAMERA_0/mipicsi2rxdecoderPF_C0_0/MSC_i_0/MSC_i_4/MSC_i_10/genblk2.word_count_out[8]:CLK
  To:   MIPI_CAMERA_0/mipicsi2rxdecoderPF_C0_0/MSC_i_0/MSC_i_4/MSC_i_10/word_count_reg1_0[8]:D
  Delay (ns):              0.365
  Slack (ns):             -3.273
  Arrival (ns):            4.122
  Required (ns):           7.395
  Operating Conditions: slow_lv_ht

Path 9
  From: MIPI_CAMERA_0/mipicsi2rxdecoderPF_C0_0/MSC_i_0/MSC_i_4/MSC_i_10/genblk2.word_count_out[7]:CLK
  To:   MIPI_CAMERA_0/mipicsi2rxdecoderPF_C0_0/MSC_i_0/MSC_i_4/MSC_i_10/word_count_reg1_0[7]:D
  Delay (ns):              0.374
  Slack (ns):             -3.258
  Arrival (ns):            4.120
  Required (ns):           7.378
  Operating Conditions: slow_lv_ht

Path 10
  From: MIPI_CAMERA_0/mipicsi2rxdecoderPF_C0_0/MSC_i_0/MSC_i_4/MSC_i_10/genblk2.word_count_out[5]:CLK
  To:   MIPI_CAMERA_0/mipicsi2rxdecoderPF_C0_0/MSC_i_0/MSC_i_4/MSC_i_10/word_count_reg1_0[5]:D
  Delay (ns):              0.381
  Slack (ns):             -3.258
  Arrival (ns):            4.132
  Required (ns):           7.390
  Operating Conditions: slow_lv_ht

Path 11
  From: MIPI_CAMERA_0/mipicsi2rxdecoderPF_C0_0/MSC_i_0/MSC_i_4/MSC_i_10/MSC_i_12/MSC_i_13/wraddr_rr[0]:CLK
  To:   MIPI_CAMERA_0/mipicsi2rxdecoderPF_C0_0/MSC_i_0/MSC_i_4/MSC_i_10/MSC_i_12/MSC_i_13/wraddr_sync_r[0]:D
  Delay (ns):              0.388
  Slack (ns):             -3.258
  Arrival (ns):            4.102
  Required (ns):           7.360
  Operating Conditions: slow_lv_ht

Path 12
  From: MIPI_CAMERA_0/mipicsi2rxdecoderPF_C0_0/MSC_i_0/MSC_i_4/MSC_i_10/genblk2.word_count_out[15]:CLK
  To:   MIPI_CAMERA_0/mipicsi2rxdecoderPF_C0_0/MSC_i_0/MSC_i_4/MSC_i_10/word_count_reg1_0[15]:D
  Delay (ns):              0.411
  Slack (ns):             -3.242
  Arrival (ns):            4.157
  Required (ns):           7.399
  Operating Conditions: slow_lv_ht

Path 13
  From: MIPI_CAMERA_0/mipicsi2rxdecoderPF_C0_0/MSC_i_0/MSC_i_4/MSC_i_10/genblk2.word_count_out[3]:CLK
  To:   MIPI_CAMERA_0/mipicsi2rxdecoderPF_C0_0/MSC_i_0/MSC_i_4/MSC_i_10/word_count_reg1_0[3]:D
  Delay (ns):              0.389
  Slack (ns):             -3.239
  Arrival (ns):            4.136
  Required (ns):           7.375
  Operating Conditions: slow_lv_ht

Path 14
  From: MIPI_CAMERA_0/mipicsi2rxdecoderPF_C0_0/MSC_i_0/MSC_i_4/MSC_i_10/genblk2.word_count_out[2]:CLK
  To:   MIPI_CAMERA_0/mipicsi2rxdecoderPF_C0_0/MSC_i_0/MSC_i_4/MSC_i_10/word_count_reg1_0[2]:D
  Delay (ns):              0.404
  Slack (ns):             -3.238
  Arrival (ns):            4.129
  Required (ns):           7.367
  Operating Conditions: slow_lv_ht

Path 15
  From: MIPI_CAMERA_0/mipicsi2rxdecoderPF_C0_0/MSC_i_0/MSC_i_4/MSC_i_10/crc_error_ready:CLK
  To:   MIPI_CAMERA_0/mipicsi2rxdecoderPF_C0_0/MSC_i_0/MSC_i_4/MSC_i_10/crc_error_done:D
  Delay (ns):              0.409
  Slack (ns):             -3.231
  Arrival (ns):            4.158
  Required (ns):           7.389
  Operating Conditions: slow_lv_ht

Path 16
  From: MIPI_CAMERA_0/mipicsi2rxdecoderPF_C0_0/MSC_i_0/MSC_i_4/MSC_i_10/genblk2.word_count_out[1]:CLK
  To:   MIPI_CAMERA_0/mipicsi2rxdecoderPF_C0_0/MSC_i_0/MSC_i_4/MSC_i_10/word_count_reg1_0[1]:D
  Delay (ns):              0.398
  Slack (ns):             -3.218
  Arrival (ns):            4.150
  Required (ns):           7.368
  Operating Conditions: slow_lv_ht

Path 17
  From: MIPI_CAMERA_0/mipicsi2rxdecoderPF_C0_0/MSC_i_0/MSC_i_4/MSC_i_10/MSC_i_12/MSC_i_13/wraddr_rr[3]:CLK
  To:   MIPI_CAMERA_0/mipicsi2rxdecoderPF_C0_0/MSC_i_0/MSC_i_4/MSC_i_10/MSC_i_12/MSC_i_13/wraddr_sync_r[3]:D
  Delay (ns):              0.442
  Slack (ns):             -3.218
  Arrival (ns):            4.165
  Required (ns):           7.383
  Operating Conditions: slow_lv_ht

Path 18
  From: MIPI_CAMERA_0/mipicsi2rxdecoderPF_C0_0/MSC_i_0/MSC_i_4/MSC_i_10/genblk2.dt_i[2]:CLK
  To:   MIPI_CAMERA_0/mipicsi2rxdecoderPF_C0_0/MSC_i_0/MSC_i_4/MSC_i_10/data_type_reg1_0[2]:D
  Delay (ns):              0.396
  Slack (ns):             -3.216
  Arrival (ns):            4.152
  Required (ns):           7.368
  Operating Conditions: slow_lv_ht

Path 19
  From: MIPI_CAMERA_0/mipicsi2rxdecoderPF_C0_0/MSC_i_0/MSC_i_4/MSC_i_10/MSC_i_12/MSC_i_13/wraddr_rr[4]:CLK
  To:   MIPI_CAMERA_0/mipicsi2rxdecoderPF_C0_0/MSC_i_0/MSC_i_4/MSC_i_10/MSC_i_12/MSC_i_13/wraddr_sync_r[4]:D
  Delay (ns):              0.436
  Slack (ns):             -3.188
  Arrival (ns):            4.158
  Required (ns):           7.346
  Operating Conditions: slow_lv_ht

Path 20
  From: MIPI_CAMERA_0/mipicsi2rxdecoderPF_C0_0/MSC_i_0/MSC_i_4/MSC_i_10/genblk2.word_count_out[12]:CLK
  To:   MIPI_CAMERA_0/mipicsi2rxdecoderPF_C0_0/MSC_i_0/MSC_i_4/MSC_i_10/word_count_reg1_0[12]:D
  Delay (ns):              0.441
  Slack (ns):             -3.182
  Arrival (ns):            4.184
  Required (ns):           7.366
  Operating Conditions: slow_lv_ht

Path 21
  From: MIPI_CAMERA_0/mipicsi2rxdecoderPF_C0_0/MSC_i_0/MSC_i_4/MSC_i_10/genblk2.word_count_out[4]:CLK
  To:   MIPI_CAMERA_0/mipicsi2rxdecoderPF_C0_0/MSC_i_0/MSC_i_4/MSC_i_10/word_count_reg1_0[4]:D
  Delay (ns):              0.452
  Slack (ns):             -3.177
  Arrival (ns):            4.198
  Required (ns):           7.375
  Operating Conditions: slow_lv_ht

Path 22
  From: MIPI_CAMERA_0/mipicsi2rxdecoderPF_C0_0/MSC_i_0/MSC_i_4/MSC_i_10/genblk2.dt_i[0]:CLK
  To:   MIPI_CAMERA_0/mipicsi2rxdecoderPF_C0_0/MSC_i_0/MSC_i_4/MSC_i_10/data_type_reg1_0[0]:D
  Delay (ns):              0.470
  Slack (ns):             -3.173
  Arrival (ns):            4.216
  Required (ns):           7.389
  Operating Conditions: slow_lv_ht

Path 23
  From: MIPI_CAMERA_0/mipicsi2rxdecoderPF_C0_0/MSC_i_0/MSC_i_4/MSC_i_10/MSC_i_12/MSC_i_13/wraddr_rr[10]:CLK
  To:   MIPI_CAMERA_0/mipicsi2rxdecoderPF_C0_0/MSC_i_0/MSC_i_4/MSC_i_10/MSC_i_12/MSC_i_13/wraddr_sync_r[10]:D
  Delay (ns):              0.445
  Slack (ns):             -3.171
  Arrival (ns):            4.192
  Required (ns):           7.363
  Operating Conditions: slow_lv_ht

Path 24
  From: MIPI_CAMERA_0/mipicsi2rxdecoderPF_C0_0/MSC_i_0/MSC_i_4/MSC_i_10/genblk2.word_count_out[10]:CLK
  To:   MIPI_CAMERA_0/mipicsi2rxdecoderPF_C0_0/MSC_i_0/MSC_i_4/MSC_i_10/word_count_reg1_0[10]:D
  Delay (ns):              0.496
  Slack (ns):             -3.158
  Arrival (ns):            4.241
  Required (ns):           7.399
  Operating Conditions: slow_lv_ht

Path 25
  From: MIPI_CAMERA_0/mipicsi2rxdecoderPF_C0_0/MSC_i_0/MSC_i_4/MSC_i_10/MSC_i_12/MSC_i_13/wraddr_rr[7]:CLK
  To:   MIPI_CAMERA_0/mipicsi2rxdecoderPF_C0_0/MSC_i_0/MSC_i_4/MSC_i_10/MSC_i_12/MSC_i_13/wraddr_sync_r[7]:D
  Delay (ns):              0.535
  Slack (ns):             -3.137
  Arrival (ns):            4.249
  Required (ns):           7.386
  Operating Conditions: slow_lv_ht

Path 26
  From: MIPI_CAMERA_0/mipicsi2rxdecoderPF_C0_0/MSC_i_0/MSC_i_4/MSC_i_10/genblk2.word_count_out[14]:CLK
  To:   MIPI_CAMERA_0/mipicsi2rxdecoderPF_C0_0/MSC_i_0/MSC_i_4/MSC_i_10/word_count_reg1_0[14]:D
  Delay (ns):              0.519
  Slack (ns):             -3.117
  Arrival (ns):            4.271
  Required (ns):           7.388
  Operating Conditions: slow_lv_ht

Path 27
  From: MIPI_CAMERA_0/mipicsi2rxdecoderPF_C0_0/MSC_i_0/MSC_i_4/MSC_i_10/genblk2.frame_valid_out_VC0:CLK
  To:   MIPI_CAMERA_0/mipicsi2rxdecoderPF_C0_0/MSC_i_0/MSC_i_4/MSC_i_10/fv_reg:D
  Delay (ns):              0.507
  Slack (ns):             -3.077
  Arrival (ns):            4.072
  Required (ns):           7.149
  Operating Conditions: slow_lv_lt

Path 28
  From: MIPI_CAMERA_0/mipicsi2rxdecoderPF_C0_0/MSC_i_0/MSC_i_4/MSC_i_10/genblk2.virtual_channel[1]:CLK
  To:   MIPI_CAMERA_0/mipicsi2rxdecoderPF_C0_0/MSC_i_0/MSC_i_4/MSC_i_10/virtual_channel_reg1_0[1]:D
  Delay (ns):              0.494
  Slack (ns):             -3.061
  Arrival (ns):            4.072
  Required (ns):           7.133
  Operating Conditions: slow_lv_lt

Path 29
  From: MIPI_CAMERA_0/mipicsi2rxdecoderPF_C0_0/MSC_i_0/MSC_i_4/MSC_i_10/MSC_i_12/MSC_i_13/wraddr_rr[6]:CLK
  To:   MIPI_CAMERA_0/mipicsi2rxdecoderPF_C0_0/MSC_i_0/MSC_i_4/MSC_i_10/MSC_i_12/MSC_i_13/wraddr_sync_r[6]:D
  Delay (ns):              0.547
  Slack (ns):             -3.057
  Arrival (ns):            4.091
  Required (ns):           7.148
  Operating Conditions: slow_lv_lt

Path 30
  From: MIPI_CAMERA_0/mipicsi2rxdecoderPF_C0_0/MSC_i_0/MSC_i_4/MSC_i_10/genblk2.word_count_out[11]:CLK
  To:   MIPI_CAMERA_0/mipicsi2rxdecoderPF_C0_0/MSC_i_0/MSC_i_4/MSC_i_10/word_count_reg1_0[11]:D
  Delay (ns):              0.558
  Slack (ns):             -3.048
  Arrival (ns):            4.315
  Required (ns):           7.363
  Operating Conditions: slow_lv_ht

Path 31
  From: MIPI_CAMERA_0/mipicsi2rxdecoderPF_C0_0/MSC_i_0/MSC_i_4/MSC_i_10/genblk2.word_count_out[6]:CLK
  To:   MIPI_CAMERA_0/mipicsi2rxdecoderPF_C0_0/MSC_i_0/MSC_i_4/MSC_i_10/word_count_reg1_0[6]:D
  Delay (ns):              0.549
  Slack (ns):             -3.045
  Arrival (ns):            4.113
  Required (ns):           7.158
  Operating Conditions: slow_lv_lt

Path 32
  From: MIPI_CAMERA_0/mipicsi2rxdecoderPF_C0_0/MSC_i_0/MSC_i_4/MSC_i_10/MSC_i_12/MSC_i_13/wraddr_rr[5]:CLK
  To:   MIPI_CAMERA_0/mipicsi2rxdecoderPF_C0_0/MSC_i_0/MSC_i_4/MSC_i_10/MSC_i_12/MSC_i_13/wraddr_sync_r[5]:D
  Delay (ns):              0.633
  Slack (ns):             -3.008
  Arrival (ns):            4.351
  Required (ns):           7.359
  Operating Conditions: slow_lv_ht

Path 33
  From: MIPI_CAMERA_0/mipicsi2rxdecoderPF_C0_0/MSC_i_0/MSC_i_4/MSC_i_10/genblk2.dt_i[5]:CLK
  To:   MIPI_CAMERA_0/mipicsi2rxdecoderPF_C0_0/MSC_i_0/MSC_i_4/MSC_i_10/data_type_reg1_0[5]:D
  Delay (ns):              0.649
  Slack (ns):             -2.947
  Arrival (ns):            4.226
  Required (ns):           7.173
  Operating Conditions: slow_lv_lt

Path 34
  From: MIPI_CAMERA_0/mipicsi2rxdecoderPF_C0_0/MSC_i_0/MSC_i_4/MSC_i_10/genblk2.virtual_channel[0]:CLK
  To:   MIPI_CAMERA_0/mipicsi2rxdecoderPF_C0_0/MSC_i_0/MSC_i_4/MSC_i_10/virtual_channel_reg1_0[0]:D
  Delay (ns):              0.698
  Slack (ns):             -2.908
  Arrival (ns):            4.266
  Required (ns):           7.174
  Operating Conditions: slow_lv_lt

Path 35
  From: MIPI_CAMERA_0/mipicsi2rxdecoderPF_C0_0/MSC_i_0/MSC_i_4/MSC_i_10/MSC_i_12/MSC_i_13/wraddr_rr[9]:CLK
  To:   MIPI_CAMERA_0/mipicsi2rxdecoderPF_C0_0/MSC_i_0/MSC_i_4/MSC_i_10/MSC_i_12/MSC_i_13/wraddr_sync_r[9]:D
  Delay (ns):              0.739
  Slack (ns):             -2.884
  Arrival (ns):            4.276
  Required (ns):           7.160
  Operating Conditions: slow_lv_lt

Path 36
  From: MIPI_CAMERA_0/mipicsi2rxdecoderPF_C0_0/MSC_i_0/MSC_i_4/MSC_i_10/genblk2.word_count_out[13]:CLK
  To:   MIPI_CAMERA_0/mipicsi2rxdecoderPF_C0_0/MSC_i_0/MSC_i_4/MSC_i_10/word_count_reg1_0[13]:D
  Delay (ns):              0.757
  Slack (ns):             -2.836
  Arrival (ns):            4.322
  Required (ns):           7.158
  Operating Conditions: slow_lv_lt

Path 37
  From: MIPI_CAMERA_0/mipicsi2rxdecoderPF_C0_0/MSC_i_0/MSC_i_4/MSC_i_10/genblk2.word_count_out[0]:CLK
  To:   MIPI_CAMERA_0/mipicsi2rxdecoderPF_C0_0/MSC_i_0/MSC_i_4/MSC_i_10/word_count_reg1_0[0]:D
  Delay (ns):              0.803
  Slack (ns):             -2.804
  Arrival (ns):            4.351
  Required (ns):           7.155
  Operating Conditions: slow_lv_lt

Path 38
  From: MIPI_CAMERA_0/mipicsi2rxdecoderPF_C0_0/MSC_i_0/MSC_i_4/MSC_i_10/genblk2.dt_i[3]:CLK
  To:   MIPI_CAMERA_0/mipicsi2rxdecoderPF_C0_0/MSC_i_0/MSC_i_4/MSC_i_10/data_type_reg1_0[3]:D
  Delay (ns):              0.830
  Slack (ns):             -2.747
  Arrival (ns):            4.407
  Required (ns):           7.154
  Operating Conditions: slow_lv_lt

Path 39
  From: MIPI_CAMERA_0/mipicsi2rxdecoderPF_C0_0/MSC_i_0/MSC_i_4/MSC_i_10/MSC_i_12/MSC_i_13/wraddr_rr[1]:CLK
  To:   MIPI_CAMERA_0/mipicsi2rxdecoderPF_C0_0/MSC_i_0/MSC_i_4/MSC_i_10/MSC_i_12/MSC_i_13/wraddr_sync_r[1]:D
  Delay (ns):              0.863
  Slack (ns):             -2.731
  Arrival (ns):            4.404
  Required (ns):           7.135
  Operating Conditions: slow_lv_lt

Path 40
  From: MIPI_CAMERA_0/mipicsi2rxdecoderPF_C0_0/MSC_i_0/MSC_i_4/MSC_i_10/genblk2.dt_i[4]:CLK
  To:   MIPI_CAMERA_0/mipicsi2rxdecoderPF_C0_0/MSC_i_0/MSC_i_4/MSC_i_10/data_type_reg1_0[4]:D
  Delay (ns):              0.839
  Slack (ns):             -2.715
  Arrival (ns):            4.416
  Required (ns):           7.131
  Operating Conditions: slow_lv_lt

Path 41
  From: MIPI_CAMERA_0/VDMA_C0_0/VDMA_C0_0/dma_top_0/vdma_write_0/ddr_write_vdma/async_fifo_vdma_0/rptr[3]:CLK
  To:   MIPI_CAMERA_0/VDMA_C0_0/VDMA_C0_0/dma_top_0/vdma_write_0/ddr_write_vdma/async_fifo_vdma_0/wrptr1[3]:D
  Delay (ns):              0.219
  Slack (ns):             -2.098
  Arrival (ns):            5.671
  Required (ns):           7.769
  Operating Conditions: slow_lv_ht

Path 42
  From: MIPI_CAMERA_0/VDMA_C0_0/VDMA_C0_0/dma_top_0/vdma_write_0/ddr_write_vdma/async_fifo_vdma_0/rptr[6]:CLK
  To:   MIPI_CAMERA_0/VDMA_C0_0/VDMA_C0_0/dma_top_0/vdma_write_0/ddr_write_vdma/async_fifo_vdma_0/wrptr1[6]:D
  Delay (ns):              0.220
  Slack (ns):             -2.094
  Arrival (ns):            5.672
  Required (ns):           7.766
  Operating Conditions: slow_lv_ht

Path 43
  From: MIPI_CAMERA_0/VDMA_C0_0/VDMA_C0_0/dma_top_0/vdma_write_0/ddr_write_vdma/async_fifo_vdma_0/rptr[1]:CLK
  To:   MIPI_CAMERA_0/VDMA_C0_0/VDMA_C0_0/dma_top_0/vdma_write_0/ddr_write_vdma/async_fifo_vdma_0/wrptr1[1]:D
  Delay (ns):              0.233
  Slack (ns):             -2.084
  Arrival (ns):            5.684
  Required (ns):           7.768
  Operating Conditions: slow_lv_ht

Path 44
  From: MIPI_CAMERA_0/VDMA_C0_0/VDMA_C0_0/dma_top_0/vdma_write_0/ddr_write_vdma/async_fifo_vdma_0/rptr[8]:CLK
  To:   MIPI_CAMERA_0/VDMA_C0_0/VDMA_C0_0/dma_top_0/vdma_write_0/ddr_write_vdma/async_fifo_vdma_0/wrptr1[8]:D
  Delay (ns):              0.233
  Slack (ns):             -2.081
  Arrival (ns):            5.685
  Required (ns):           7.766
  Operating Conditions: slow_lv_ht

Path 45
  From: MIPI_CAMERA_0/VDMA_C0_0/VDMA_C0_0/dma_top_0/vdma_write_0/ddr_write_vdma/async_fifo_vdma_0/rptr[5]:CLK
  To:   MIPI_CAMERA_0/VDMA_C0_0/VDMA_C0_0/dma_top_0/vdma_write_0/ddr_write_vdma/async_fifo_vdma_0/wrptr1[5]:D
  Delay (ns):              0.238
  Slack (ns):             -2.078
  Arrival (ns):            5.690
  Required (ns):           7.768
  Operating Conditions: slow_lv_ht

Path 46
  From: MIPI_CAMERA_0/VDMA_C0_0/VDMA_C0_0/dma_top_0/vdma_write_0/ddr_write_vdma/async_fifo_vdma_0/rptr[2]:CLK
  To:   MIPI_CAMERA_0/VDMA_C0_0/VDMA_C0_0/dma_top_0/vdma_write_0/ddr_write_vdma/async_fifo_vdma_0/wrptr1[2]:D
  Delay (ns):              0.246
  Slack (ns):             -2.071
  Arrival (ns):            5.697
  Required (ns):           7.768
  Operating Conditions: slow_lv_ht

Path 47
  From: MIPI_CAMERA_0/VDMA_C0_0/VDMA_C0_0/dma_top_0/vdma_write_0/ddr_write_vdma/async_fifo_vdma_0/rptr[7]:CLK
  To:   MIPI_CAMERA_0/VDMA_C0_0/VDMA_C0_0/dma_top_0/vdma_write_0/ddr_write_vdma/async_fifo_vdma_0/wrptr1[7]:D
  Delay (ns):              0.248
  Slack (ns):             -2.066
  Arrival (ns):            5.700
  Required (ns):           7.766
  Operating Conditions: slow_lv_ht

Path 48
  From: MIPI_CAMERA_0/VDMA_C0_0/VDMA_C0_0/dma_top_0/vdma_write_0/ddr_write_vdma/async_fifo_vdma_0/rptr[10]:CLK
  To:   MIPI_CAMERA_0/VDMA_C0_0/VDMA_C0_0/dma_top_0/vdma_write_0/ddr_write_vdma/async_fifo_vdma_0/wrptr1[10]:D
  Delay (ns):              0.240
  Slack (ns):             -2.061
  Arrival (ns):            5.670
  Required (ns):           7.731
  Operating Conditions: slow_lv_ht

Path 49
  From: MIPI_CAMERA_0/VDMA_C0_0/VDMA_C0_0/dma_top_0/vdma_write_0/ddr_write_vdma/async_fifo_vdma_0/rptr[0]:CLK
  To:   MIPI_CAMERA_0/VDMA_C0_0/VDMA_C0_0/dma_top_0/vdma_write_0/ddr_write_vdma/async_fifo_vdma_0/wrptr1[0]:D
  Delay (ns):              0.300
  Slack (ns):             -2.012
  Arrival (ns):            5.754
  Required (ns):           7.766
  Operating Conditions: slow_lv_ht

Path 50
  From: MIPI_CAMERA_0/VDMA_C0_0/VDMA_C0_0/dma_top_0/vdma_write_0/ddr_write_vdma/async_fifo_vdma_0/rptr[4]:CLK
  To:   MIPI_CAMERA_0/VDMA_C0_0/VDMA_C0_0/dma_top_0/vdma_write_0/ddr_write_vdma/async_fifo_vdma_0/wrptr1[4]:D
  Delay (ns):              0.307
  Slack (ns):             -2.011
  Arrival (ns):            5.758
  Required (ns):           7.769
  Operating Conditions: slow_lv_ht

Path 51
  From: MIPI_CAMERA_0/VDMA_C0_0/VDMA_C0_0/dma_top_0/vdma_write_0/ddr_write_vdma/async_fifo_vdma_0/rbin[12]:CLK
  To:   MIPI_CAMERA_0/VDMA_C0_0/VDMA_C0_0/dma_top_0/vdma_write_0/ddr_write_vdma/async_fifo_vdma_0/wrptr1[12]:D
  Delay (ns):              0.373
  Slack (ns):             -1.971
  Arrival (ns):            5.799
  Required (ns):           7.770
  Operating Conditions: slow_lv_ht

Path 52
  From: MIPI_CAMERA_0/VDMA_C0_0/VDMA_C0_0/dma_top_0/vdma_write_0/ddr_write_vdma/async_fifo_vdma_0/rptr[11]:CLK
  To:   MIPI_CAMERA_0/VDMA_C0_0/VDMA_C0_0/dma_top_0/vdma_write_0/ddr_write_vdma/async_fifo_vdma_0/wrptr1[11]:D
  Delay (ns):              0.365
  Slack (ns):             -1.956
  Arrival (ns):            5.572
  Required (ns):           7.528
  Operating Conditions: slow_lv_lt

Path 53
  From: MIPI_CAMERA_0/VDMA_C0_0/VDMA_C0_0/dma_top_0/vdma_write_0/ddr_write_vdma/ddr_write_controller_vdma_0/int_dma:CLK
  To:   MIPI_CAMERA_0/VDMA_C0_0/VDMA_C0_0/dma_top_0/vdma_write_0/synchronizer_circuit_2stage_vdma/s_data_in:D
  Delay (ns):              0.373
  Slack (ns):             -1.920
  Arrival (ns):            5.585
  Required (ns):           7.505
  Operating Conditions: slow_lv_lt

Path 54
  From: MIPI_CAMERA_0/VDMA_C0_0/VDMA_C0_0/dma_top_0/vdma_write_0/ddr_write_vdma/async_fifo_vdma_0/rptr[9]:CLK
  To:   MIPI_CAMERA_0/VDMA_C0_0/VDMA_C0_0/dma_top_0/vdma_write_0/ddr_write_vdma/async_fifo_vdma_0/wrptr1[9]:D
  Delay (ns):              0.447
  Slack (ns):             -1.843
  Arrival (ns):            5.674
  Required (ns):           7.517
  Operating Conditions: slow_lv_lt

Path 55
  From: MIPI_CAMERA_0/PF_IOD_GENERIC_RX_C0_0/COREBCLKSCLKALIGN_0/PF_IOD_GENERIC_RX_C0_TR_0/genblk1.U_ICB_BCLKSCLKALIGN/RX_CLK_ALIGN_DONE:CLK
  To:   MIPI_CAMERA_0/mipicsi2rxdecoderPF_C0_0/MSC_i_0/MSC_i_1/interrupt_event_dly[0][3]:D
  Delay (ns):              2.302
  Slack (ns):             -1.830
  Arrival (ns):            5.877
  Required (ns):           7.707
  Operating Conditions: slow_lv_lt

Path 56
  From: MIPI_CAMERA_0/VDMA_C0_0/VDMA_C0_0/dma_top_0/vdma_write_0/ddr_write_vdma/ddr_write_controller_vdma_0/int_dma:CLK
  To:   MIPI_CAMERA_0/VDMA_C0_0/VDMA_C0_0/dma_top_0/interrupt_controller_vdma_0/interrupt_event_dly[0][0]:D
  Delay (ns):              0.282
  Slack (ns):             -1.815
  Arrival (ns):            5.494
  Required (ns):           7.309
  Operating Conditions: slow_lv_lt

Path 57
  From: MIPI_CAMERA_0/VDMA_C0_0/VDMA_C0_0/dma_top_0/vdma_write_0/frame_size_fifo/wptr[0]:CLK
  To:   MIPI_CAMERA_0/VDMA_C0_0/VDMA_C0_0/dma_top_0/vdma_write_0/frame_size_fifo/rwptr1[0]:D
  Delay (ns):              0.293
  Slack (ns):             -1.799
  Arrival (ns):            5.526
  Required (ns):           7.325
  Operating Conditions: slow_lv_lt

Path 58
  From: MIPI_CAMERA_0/VDMA_C0_0/VDMA_C0_0/dma_top_0/vdma_write_0/frame_size_fifo/wptr[3]:CLK
  To:   MIPI_CAMERA_0/VDMA_C0_0/VDMA_C0_0/dma_top_0/vdma_write_0/frame_size_fifo/rwptr1[3]:D
  Delay (ns):              0.353
  Slack (ns):             -1.750
  Arrival (ns):            5.587
  Required (ns):           7.337
  Operating Conditions: slow_lv_lt

Path 59
  From: MIPI_CAMERA_0/VDMA_C0_0/VDMA_C0_0/dma_top_0/vdma_write_0/frame_size_fifo/wptr[1]:CLK
  To:   MIPI_CAMERA_0/VDMA_C0_0/VDMA_C0_0/dma_top_0/vdma_write_0/frame_size_fifo/rwptr1[1]:D
  Delay (ns):              0.381
  Slack (ns):             -1.745
  Arrival (ns):            5.592
  Required (ns):           7.337
  Operating Conditions: slow_lv_lt

Path 60
  From: MIPI_CAMERA_0/VDMA_C0_0/VDMA_C0_0/dma_top_0/vdma_write_0/frame_size_fifo/wptr[4]:CLK
  To:   MIPI_CAMERA_0/VDMA_C0_0/VDMA_C0_0/dma_top_0/vdma_write_0/frame_size_fifo/rwptr1[4]:D
  Delay (ns):              0.351
  Slack (ns):             -1.743
  Arrival (ns):            5.584
  Required (ns):           7.327
  Operating Conditions: slow_lv_lt

Path 61
  From: MIPI_CAMERA_0/VDMA_C0_0/VDMA_C0_0/dma_top_0/vdma_write_0/frame_size_fifo/wbin[5]:CLK
  To:   MIPI_CAMERA_0/VDMA_C0_0/VDMA_C0_0/dma_top_0/vdma_write_0/frame_size_fifo/rwptr1[5]:D
  Delay (ns):              0.371
  Slack (ns):             -1.733
  Arrival (ns):            5.604
  Required (ns):           7.337
  Operating Conditions: slow_lv_lt

Path 62
  From: MIPI_CAMERA_0/VDMA_C0_0/VDMA_C0_0/dma_top_0/vdma_write_0/frame_size_fifo/wptr[2]:CLK
  To:   MIPI_CAMERA_0/VDMA_C0_0/VDMA_C0_0/dma_top_0/vdma_write_0/frame_size_fifo/rwptr1[2]:D
  Delay (ns):              0.396
  Slack (ns):             -1.730
  Arrival (ns):            5.607
  Required (ns):           7.337
  Operating Conditions: slow_lv_lt

Path 63
  From: MIPI_CAMERA_0/VDMA_C0_0/VDMA_C0_0/dma_top_0/vdma_write_0/frame_size_fifo/wfull:CLK
  To:   MIPI_CAMERA_0/VDMA_C0_0/VDMA_C0_0/dma_top_0/interrupt_controller_vdma_0/synchronizer_circuit_2stage_frame_size/s_data_in:D
  Delay (ns):              0.379
  Slack (ns):             -1.728
  Arrival (ns):            5.612
  Required (ns):           7.340
  Operating Conditions: slow_lv_lt

Path 64
  From: MIPI_CAMERA_0/VDMA_C0_0/VDMA_C0_0/dma_top_0/vdma_write_0/buff_addr_fifo/rptr[3]:CLK
  To:   MIPI_CAMERA_0/VDMA_C0_0/VDMA_C0_0/dma_top_0/vdma_write_0/buff_addr_fifo/wrptr1[3]:D
  Delay (ns):              0.273
  Slack (ns):             -0.922
  Arrival (ns):            6.789
  Required (ns):           7.711
  Operating Conditions: slow_lv_lt

Path 65
  From: MIPI_CAMERA_0/mipicsi2rxdecoderPF_C0_0/MSC_i_0/r_isr[1]:CLK
  To:   MIPI_CAMERA_0/mipicsi2rxdecoderPF_C0_0/MSC_i_0/MSC_i_1/interrupt_event_dly[0][1]:D
  Delay (ns):              0.293
  Slack (ns):             -0.917
  Arrival (ns):            6.801
  Required (ns):           7.718
  Operating Conditions: slow_lv_lt

Path 66
  From: MIPI_CAMERA_0/mipicsi2rxdecoderPF_C0_0/MSC_i_0/r_isr[2]:CLK
  To:   MIPI_CAMERA_0/mipicsi2rxdecoderPF_C0_0/MSC_i_0/MSC_i_1/interrupt_event_dly[0][2]:D
  Delay (ns):              0.303
  Slack (ns):             -0.911
  Arrival (ns):            6.786
  Required (ns):           7.697
  Operating Conditions: slow_lv_lt

Path 67
  From: MIPI_CAMERA_0/VDMA_C0_0/VDMA_C0_0/dma_top_0/vdma_write_0/buff_addr_fifo/rbin[5]:CLK
  To:   MIPI_CAMERA_0/VDMA_C0_0/VDMA_C0_0/dma_top_0/vdma_write_0/buff_addr_fifo/wrptr1[5]:D
  Delay (ns):              0.292
  Slack (ns):             -0.908
  Arrival (ns):            6.803
  Required (ns):           7.711
  Operating Conditions: slow_lv_lt

Path 68
  From: MIPI_CAMERA_0/VDMA_C0_0/VDMA_C0_0/dma_top_0/vdma_write_0/buff_addr_fifo/rptr[1]:CLK
  To:   MIPI_CAMERA_0/VDMA_C0_0/VDMA_C0_0/dma_top_0/vdma_write_0/buff_addr_fifo/wrptr1[1]:D
  Delay (ns):              0.301
  Slack (ns):             -0.904
  Arrival (ns):            6.812
  Required (ns):           7.716
  Operating Conditions: slow_lv_lt

Path 69
  From: MIPI_CAMERA_0/VDMA_C0_0/VDMA_C0_0/dma_top_0/vdma_write_0/buff_addr_fifo/rptr[0]:CLK
  To:   MIPI_CAMERA_0/VDMA_C0_0/VDMA_C0_0/dma_top_0/vdma_write_0/buff_addr_fifo/wrptr1[0]:D
  Delay (ns):              0.294
  Slack (ns):             -0.901
  Arrival (ns):            6.810
  Required (ns):           7.711
  Operating Conditions: slow_lv_lt

Path 70
  From: MIPI_CAMERA_0/mipicsi2rxdecoderPF_C0_0/MSC_i_0/r_int_dly4:CLK
  To:   MIPI_CAMERA_0/mipicsi2rxdecoderPF_C0_0/MSC_i_0/MSC_i_1/interrupt_event_dly[0][0]:D
  Delay (ns):              0.334
  Slack (ns):             -0.871
  Arrival (ns):            6.813
  Required (ns):           7.684
  Operating Conditions: slow_lv_lt

Path 71
  From: MIPI_CAMERA_0/mipicsi2rxdecoderPF_C0_0/MSC_i_0/r_int_dly1:CLK
  To:   MIPI_CAMERA_0/mipicsi2rxdecoderPF_C0_0/MSC_i_0/MSC_i_1/interrupt_event_dly[0][0]:D
  Delay (ns):              0.346
  Slack (ns):             -0.849
  Arrival (ns):            7.042
  Required (ns):           7.891
  Operating Conditions: slow_lv_ht

Path 72
  From: MIPI_CAMERA_0/VDMA_C0_0/VDMA_C0_0/dma_top_0/vdma_write_0/buff_addr_fifo/rptr[2]:CLK
  To:   MIPI_CAMERA_0/VDMA_C0_0/VDMA_C0_0/dma_top_0/vdma_write_0/buff_addr_fifo/wrptr1[2]:D
  Delay (ns):              0.355
  Slack (ns):             -0.845
  Arrival (ns):            6.866
  Required (ns):           7.711
  Operating Conditions: slow_lv_lt

Path 73
  From: MIPI_CAMERA_0/mipicsi2rxdecoderPF_C0_0/MSC_i_0/r_isr[5]:CLK
  To:   MIPI_CAMERA_0/mipicsi2rxdecoderPF_C0_0/MSC_i_0/MSC_i_1/interrupt_event_dly[0][5]:D
  Delay (ns):              0.362
  Slack (ns):             -0.844
  Arrival (ns):            6.846
  Required (ns):           7.690
  Operating Conditions: slow_lv_lt

Path 74
  From: MIPI_CAMERA_0/VDMA_C0_0/VDMA_C0_0/dma_top_0/vdma_write_0/buff_addr_fifo/rempty:CLK
  To:   MIPI_CAMERA_0/VDMA_C0_0/VDMA_C0_0/dma_top_0/interrupt_controller_vdma_0/synchronizer_circuit_2stage_buff_addr/s_data_in:D
  Delay (ns):              0.361
  Slack (ns):             -0.837
  Arrival (ns):            6.878
  Required (ns):           7.715
  Operating Conditions: slow_lv_lt

Path 75
  From: MIPI_CAMERA_0/VDMA_C0_0/VDMA_C0_0/dma_top_0/vdma_write_0/buff_addr_fifo/rptr[4]:CLK
  To:   MIPI_CAMERA_0/VDMA_C0_0/VDMA_C0_0/dma_top_0/vdma_write_0/buff_addr_fifo/wrptr1[4]:D
  Delay (ns):              0.361
  Slack (ns):             -0.834
  Arrival (ns):            6.877
  Required (ns):           7.711
  Operating Conditions: slow_lv_lt

Path 76
  From: MIPI_CAMERA_0/mipicsi2rxdecoderPF_C0_0/MSC_i_0/r_isr[4]:CLK
  To:   MIPI_CAMERA_0/mipicsi2rxdecoderPF_C0_0/MSC_i_0/MSC_i_1/interrupt_event_dly[0][4]:D
  Delay (ns):              0.378
  Slack (ns):             -0.832
  Arrival (ns):            6.886
  Required (ns):           7.718
  Operating Conditions: slow_lv_lt

Path 77
  From: MIPI_CAMERA_0/mipicsi2rxdecoderPF_C0_0/MSC_i_0/r_isr[0]:CLK
  To:   MIPI_CAMERA_0/mipicsi2rxdecoderPF_C0_0/MSC_i_0/MSC_i_1/interrupt_event_dly[0][0]:D
  Delay (ns):              0.397
  Slack (ns):             -0.803
  Arrival (ns):            6.881
  Required (ns):           7.684
  Operating Conditions: slow_lv_lt

Path 78
  From: MIPI_CAMERA_0/mipicsi2rxdecoderPF_C0_0/MSC_i_0/r_int_dly3:CLK
  To:   MIPI_CAMERA_0/mipicsi2rxdecoderPF_C0_0/MSC_i_0/MSC_i_1/interrupt_event_dly[0][0]:D
  Delay (ns):              0.458
  Slack (ns):             -0.747
  Arrival (ns):            6.937
  Required (ns):           7.684
  Operating Conditions: slow_lv_lt

Path 79
  From: MIPI_CAMERA_0/mipicsi2rxdecoderPF_C0_0/MSC_i_0/r_isr[6]:CLK
  To:   MIPI_CAMERA_0/mipicsi2rxdecoderPF_C0_0/MSC_i_0/MSC_i_1/interrupt_event_dly[0][6]:D
  Delay (ns):              0.476
  Slack (ns):             -0.725
  Arrival (ns):            6.974
  Required (ns):           7.699
  Operating Conditions: slow_lv_lt

Path 80
  From: MIPI_CAMERA_0/mipicsi2rxdecoderPF_C0_0/MSC_i_0/r_int_dly2:CLK
  To:   MIPI_CAMERA_0/mipicsi2rxdecoderPF_C0_0/MSC_i_0/MSC_i_1/interrupt_event_dly[0][0]:D
  Delay (ns):              0.492
  Slack (ns):             -0.713
  Arrival (ns):            6.971
  Required (ns):           7.684
  Operating Conditions: slow_lv_lt

Path 81
  From: MIPI_CAMERA_0/VDMA_C0_0/VDMA_C0_0/dma_top_0/vdma_write_0/buff_addr_fifo/wptr[2]:CLK
  To:   MIPI_CAMERA_0/VDMA_C0_0/VDMA_C0_0/dma_top_0/vdma_write_0/buff_addr_fifo/rwptr1[2]:D
  Delay (ns):              0.299
  Slack (ns):             -0.546
  Arrival (ns):            7.216
  Required (ns):           7.762
  Operating Conditions: slow_lv_ht

Path 82
  From: MIPI_CAMERA_0/VDMA_C0_0/VDMA_C0_0/dma_top_0/vdma_write_0/buff_addr_fifo/wptr[1]:CLK
  To:   MIPI_CAMERA_0/VDMA_C0_0/VDMA_C0_0/dma_top_0/vdma_write_0/buff_addr_fifo/rwptr1[1]:D
  Delay (ns):              0.309
  Slack (ns):             -0.536
  Arrival (ns):            7.226
  Required (ns):           7.762
  Operating Conditions: slow_lv_ht

Path 83
  From: MIPI_CAMERA_0/VDMA_C0_0/VDMA_C0_0/dma_top_0/vdma_write_0/buff_addr_fifo/wbin[5]:CLK
  To:   MIPI_CAMERA_0/VDMA_C0_0/VDMA_C0_0/dma_top_0/vdma_write_0/buff_addr_fifo/rwptr1[5]:D
  Delay (ns):              0.318
  Slack (ns):             -0.533
  Arrival (ns):            7.235
  Required (ns):           7.768
  Operating Conditions: slow_lv_ht

Path 84
  From: MIPI_CAMERA_0/VDMA_C0_0/VDMA_C0_0/dma_top_0/vdma_write_0/buff_addr_fifo/wptr[0]:CLK
  To:   MIPI_CAMERA_0/VDMA_C0_0/VDMA_C0_0/dma_top_0/vdma_write_0/buff_addr_fifo/rwptr1[0]:D
  Delay (ns):              0.321
  Slack (ns):             -0.530
  Arrival (ns):            7.238
  Required (ns):           7.768
  Operating Conditions: slow_lv_ht

Path 85
  From: MIPI_CAMERA_0/VDMA_C0_0/VDMA_C0_0/dma_top_0/vdma_write_0/buff_addr_fifo/wptr[4]:CLK
  To:   MIPI_CAMERA_0/VDMA_C0_0/VDMA_C0_0/dma_top_0/vdma_write_0/buff_addr_fifo/rwptr1[4]:D
  Delay (ns):              0.323
  Slack (ns):             -0.528
  Arrival (ns):            7.240
  Required (ns):           7.768
  Operating Conditions: slow_lv_ht

Path 86
  From: MIPI_CAMERA_0/VDMA_C0_0/VDMA_C0_0/dma_top_0/vdma_write_0/buff_addr_fifo/wptr[3]:CLK
  To:   MIPI_CAMERA_0/VDMA_C0_0/VDMA_C0_0/dma_top_0/vdma_write_0/buff_addr_fifo/rwptr1[3]:D
  Delay (ns):              0.380
  Slack (ns):             -0.471
  Arrival (ns):            7.297
  Required (ns):           7.768
  Operating Conditions: slow_lv_ht

Path 87
  From: MIPI_CAMERA_0/VDMA_C0_0/VDMA_C0_0/dma_top_0/axi4lite_regmap_vdma_0/write_reg_vdma_0/r_fifo_rstn_dly_Z[3]:CLK
  To:   MIPI_CAMERA_0/VDMA_C0_0/VDMA_C0_0/dma_top_0/vdma_write_0/ddr_write_vdma/async_fifo_vdma_0/wptr[6]:SLn
  Delay (ns):              0.654
  Slack (ns):             -0.262
  Arrival (ns):            7.565
  Required (ns):           7.827
  Operating Conditions: slow_lv_ht

Path 88
  From: MIPI_CAMERA_0/VDMA_C0_0/VDMA_C0_0/dma_top_0/axi4lite_regmap_vdma_0/write_reg_vdma_0/r_fifo_rstn_dly_Z[3]:CLK
  To:   MIPI_CAMERA_0/VDMA_C0_0/VDMA_C0_0/dma_top_0/vdma_write_0/ddr_write_vdma/async_fifo_vdma_0/wptr[3]:SLn
  Delay (ns):              0.654
  Slack (ns):             -0.262
  Arrival (ns):            7.565
  Required (ns):           7.827
  Operating Conditions: slow_lv_ht

Path 89
  From: MIPI_CAMERA_0/VDMA_C0_0/VDMA_C0_0/dma_top_0/axi4lite_regmap_vdma_0/write_reg_vdma_0/r_fifo_rstn_dly_Z[3]:CLK
  To:   MIPI_CAMERA_0/VDMA_C0_0/VDMA_C0_0/dma_top_0/vdma_write_0/ddr_write_vdma/async_fifo_vdma_0/wptr[5]:SLn
  Delay (ns):              0.656
  Slack (ns):             -0.259
  Arrival (ns):            7.567
  Required (ns):           7.826
  Operating Conditions: slow_lv_ht

Path 90
  From: MIPI_CAMERA_0/VDMA_C0_0/VDMA_C0_0/dma_top_0/axi4lite_regmap_vdma_0/write_reg_vdma_0/r_fifo_rstn_dly_Z[3]:CLK
  To:   MIPI_CAMERA_0/VDMA_C0_0/VDMA_C0_0/dma_top_0/vdma_write_0/ddr_write_vdma/async_fifo_vdma_0/wptr[4]:SLn
  Delay (ns):              0.657
  Slack (ns):             -0.259
  Arrival (ns):            7.568
  Required (ns):           7.827
  Operating Conditions: slow_lv_ht

Path 91
  From: MIPI_CAMERA_0/VDMA_C0_0/VDMA_C0_0/dma_top_0/axi4lite_regmap_vdma_0/write_reg_vdma_0/r_fifo_rstn_dly_Z[3]:CLK
  To:   MIPI_CAMERA_0/VDMA_C0_0/VDMA_C0_0/dma_top_0/vdma_write_0/ddr_write_vdma/async_fifo_vdma_0/wptr[2]:SLn
  Delay (ns):              0.657
  Slack (ns):             -0.259
  Arrival (ns):            7.568
  Required (ns):           7.827
  Operating Conditions: slow_lv_ht

Path 92
  From: MIPI_CAMERA_0/VDMA_C0_0/VDMA_C0_0/dma_top_0/axi4lite_regmap_vdma_0/write_reg_vdma_0/r_fifo_rstn_dly_Z[2]:CLK
  To:   MIPI_CAMERA_0/VDMA_C0_0/VDMA_C0_0/dma_top_0/vdma_write_0/ddr_write_vdma/async_fifo_vdma_0/wptr[6]:SLn
  Delay (ns):              0.713
  Slack (ns):             -0.203
  Arrival (ns):            7.624
  Required (ns):           7.827
  Operating Conditions: slow_lv_ht

Path 93
  From: MIPI_CAMERA_0/VDMA_C0_0/VDMA_C0_0/dma_top_0/axi4lite_regmap_vdma_0/write_reg_vdma_0/r_fifo_rstn_dly_Z[2]:CLK
  To:   MIPI_CAMERA_0/VDMA_C0_0/VDMA_C0_0/dma_top_0/vdma_write_0/ddr_write_vdma/async_fifo_vdma_0/wptr[3]:SLn
  Delay (ns):              0.713
  Slack (ns):             -0.203
  Arrival (ns):            7.624
  Required (ns):           7.827
  Operating Conditions: slow_lv_ht

Path 94
  From: MIPI_CAMERA_0/VDMA_C0_0/VDMA_C0_0/dma_top_0/axi4lite_regmap_vdma_0/write_reg_vdma_0/r_fifo_rstn_dly_Z[2]:CLK
  To:   MIPI_CAMERA_0/VDMA_C0_0/VDMA_C0_0/dma_top_0/vdma_write_0/ddr_write_vdma/async_fifo_vdma_0/wptr[5]:SLn
  Delay (ns):              0.715
  Slack (ns):             -0.200
  Arrival (ns):            7.626
  Required (ns):           7.826
  Operating Conditions: slow_lv_ht

Path 95
  From: MIPI_CAMERA_0/VDMA_C0_0/VDMA_C0_0/dma_top_0/axi4lite_regmap_vdma_0/write_reg_vdma_0/r_fifo_rstn_dly_Z[2]:CLK
  To:   MIPI_CAMERA_0/VDMA_C0_0/VDMA_C0_0/dma_top_0/vdma_write_0/ddr_write_vdma/async_fifo_vdma_0/wptr[4]:SLn
  Delay (ns):              0.716
  Slack (ns):             -0.200
  Arrival (ns):            7.627
  Required (ns):           7.827
  Operating Conditions: slow_lv_ht

Path 96
  From: MIPI_CAMERA_0/VDMA_C0_0/VDMA_C0_0/dma_top_0/axi4lite_regmap_vdma_0/write_reg_vdma_0/r_fifo_rstn_dly_Z[2]:CLK
  To:   MIPI_CAMERA_0/VDMA_C0_0/VDMA_C0_0/dma_top_0/vdma_write_0/ddr_write_vdma/async_fifo_vdma_0/wptr[2]:SLn
  Delay (ns):              0.716
  Slack (ns):             -0.200
  Arrival (ns):            7.627
  Required (ns):           7.827
  Operating Conditions: slow_lv_ht

Path 97
  From: MIPI_CAMERA_0/VDMA_C0_0/VDMA_C0_0/dma_top_0/axi4lite_regmap_vdma_0/write_reg_vdma_0/r_ip_rstn_dly[3]:CLK
  To:   MIPI_CAMERA_0/VDMA_C0_0/VDMA_C0_0/dma_top_0/vdma_ip_reset_0/synchronizer_circuit_2stage_video_clk/s_data_in:D
  Delay (ns):              0.649
  Slack (ns):             -0.193
  Arrival (ns):            7.560
  Required (ns):           7.753
  Operating Conditions: slow_lv_ht

Path 98
  From: MIPI_CAMERA_0/VDMA_C0_0/VDMA_C0_0/dma_top_0/axi4lite_regmap_vdma_0/write_reg_vdma_0/r_fifo_rstn_dly_Z[3]:CLK
  To:   MIPI_CAMERA_0/VDMA_C0_0/VDMA_C0_0/dma_top_0/vdma_write_0/ddr_write_vdma/async_fifo_vdma_0/wbin[0]:SLn
  Delay (ns):              0.767
  Slack (ns):             -0.160
  Arrival (ns):            7.678
  Required (ns):           7.838
  Operating Conditions: slow_lv_ht

Path 99
  From: MIPI_CAMERA_0/VDMA_C0_0/VDMA_C0_0/dma_top_0/axi4lite_regmap_vdma_0/write_reg_vdma_0/r_fifo_rstn_dly_Z[3]:CLK
  To:   MIPI_CAMERA_0/VDMA_C0_0/VDMA_C0_0/dma_top_0/vdma_write_0/ddr_write_vdma/async_fifo_vdma_0/wbin[4]:SLn
  Delay (ns):              0.767
  Slack (ns):             -0.159
  Arrival (ns):            7.678
  Required (ns):           7.837
  Operating Conditions: slow_lv_ht

Path 100
  From: MIPI_CAMERA_0/VDMA_C0_0/VDMA_C0_0/dma_top_0/axi4lite_regmap_vdma_0/write_reg_vdma_0/r_fifo_rstn_dly_Z[3]:CLK
  To:   MIPI_CAMERA_0/VDMA_C0_0/VDMA_C0_0/dma_top_0/vdma_write_0/ddr_write_vdma/async_fifo_vdma_0/wbin[2]:SLn
  Delay (ns):              0.767
  Slack (ns):             -0.159
  Arrival (ns):            7.678
  Required (ns):           7.837
  Operating Conditions: slow_lv_ht

