Timing Violation Report Min Delay Analysis

SmartTime Version 2025.2
Microchip Technology Inc. - Microchip Libero Software Release 2025.2 (Version 2025.2.0.14)
Date: Sat Apr  4 17:20:07 2026


Design: MPFS_DISCOVERY_KIT
Family: PolarFireSoC
Die: MPFS095T
Package: FCSG325
Temperature Range: 0 - 100 C
Voltage Range: 0.97 - 1.03 V
Speed Grade: -1
Design State: Post-Layout
Data source: Production
Multi Corner Report Operating Conditions: slow_lv_lt,fast_hv_lt,slow_lv_ht


Path 1
  From: FIC_0_PERIPHERALS_0/FIC0_INITIATOR_inst_0/FIC0_INITIATOR_0/SlvConvertor_loop[0].slvcnv/slvdwc/genblk1.DownConverter_inst/readWidthConv/genblk1.widthConvrd/MASTER_RDATA[8]:CLK
  To:   FIC_0_PERIPHERALS_0/FIC0_INITIATOR_inst_0/FIC0_INITIATOR_0/SlvConvertor_loop[0].slvcnv/rgsl/genblk3.rrs/holdDat[12]:D
  Delay (ns):              0.293
  Slack (ns):              0.040
  Arrival (ns):            5.539
  Required (ns):           5.499
  Operating Conditions: slow_lv_lt

Path 2
  From: FIC_0_PERIPHERALS_0/security_core_0/rng/neoTRNG_0/debias_sreg[0]:CLK
  To:   FIC_0_PERIPHERALS_0/security_core_0/rng/neoTRNG_0/debias_sreg[1]:D
  Delay (ns):              0.302
  Slack (ns):              0.047
  Arrival (ns):            5.529
  Required (ns):           5.482
  Operating Conditions: slow_lv_lt

Path 3
  From: FIC_0_PERIPHERALS_0/security_core_0/hash_block_10[6]:CLK
  To:   FIC_0_PERIPHERALS_0/security_core_0/hash_core/buffer[326]:D
  Delay (ns):              0.303
  Slack (ns):              0.049
  Arrival (ns):            5.554
  Required (ns):           5.505
  Operating Conditions: slow_lv_lt

Path 4
  From: FIC_0_PERIPHERALS_0/FIC0_INITIATOR_inst_0/FIC0_INITIATOR_0/SlvConvertor_loop[0].slvcnv/slvdwc/genblk1.DownConverter_inst/readWidthConv/genblk1.widthConvrd/MASTER_RDATA[32]:CLK
  To:   FIC_0_PERIPHERALS_0/FIC0_INITIATOR_inst_0/FIC0_INITIATOR_0/SlvConvertor_loop[0].slvcnv/rgsl/genblk3.rrs/holdDat[36]:D
  Delay (ns):              0.304
  Slack (ns):              0.050
  Arrival (ns):            5.545
  Required (ns):           5.495
  Operating Conditions: slow_lv_lt

Path 5
  From: FIC_3_PERIPHERALS_0/PWM/corepwm_C0_0/genblk3.corepwm_reg_if/psh_period_reg[1]:CLK
  To:   FIC_3_PERIPHERALS_0/PWM/corepwm_C0_0/genblk3.corepwm_reg_if/period_reg_Z[1]:D
  Delay (ns):              0.295
  Slack (ns):              0.055
  Arrival (ns):            6.151
  Required (ns):           6.096
  Operating Conditions: slow_lv_lt

Path 6
  From: FIC_0_PERIPHERALS_0/security_core_0/hash_block_8[6]:CLK
  To:   FIC_0_PERIPHERALS_0/security_core_0/hash_core/buffer[262]:D
  Delay (ns):              0.312
  Slack (ns):              0.058
  Arrival (ns):            5.563
  Required (ns):           5.505
  Operating Conditions: slow_lv_lt

Path 7
  From: FIC_3_PERIPHERALS_0/PWM/corepwm_C0_0/genblk3.corepwm_reg_if/psh_period_reg[10]:CLK
  To:   FIC_3_PERIPHERALS_0/PWM/corepwm_C0_0/genblk3.corepwm_reg_if/period_reg_Z[10]:D
  Delay (ns):              0.302
  Slack (ns):              0.062
  Arrival (ns):            6.157
  Required (ns):           6.095
  Operating Conditions: slow_lv_lt

Path 8
  From: CLOCKS_AND_RESETS_0/RESET_FIC_0_CLK/CORERESET_0/dff_6[0]:CLK
  To:   CLOCKS_AND_RESETS_0/RESET_FIC_0_CLK/CORERESET_0/dff_7[0]:D
  Delay (ns):              0.144
  Slack (ns):              0.066
  Arrival (ns):            3.802
  Required (ns):           3.736
  Operating Conditions: fast_hv_lt

Path 9
  From: FIC_0_PERIPHERALS_0/security_core_0/sbox/y_lo_r2[2][2]:CLK
  To:   FIC_0_PERIPHERALS_0/security_core_0/sbox/y_lo_r3[2][2]:D
  Delay (ns):              0.144
  Slack (ns):              0.067
  Arrival (ns):            3.786
  Required (ns):           3.719
  Operating Conditions: fast_hv_lt

Path 10
  From: FIC_0_PERIPHERALS_0/security_core_0/sbox/y_lo_r1[2][1]:CLK
  To:   FIC_0_PERIPHERALS_0/security_core_0/sbox/y_lo_r2[2][1]:D
  Delay (ns):              0.144
  Slack (ns):              0.067
  Arrival (ns):            3.793
  Required (ns):           3.726
  Operating Conditions: fast_hv_lt

Path 11
  From: FIC_0_PERIPHERALS_0/security_core_0/sbox/y_lo_r0[1][2]:CLK
  To:   FIC_0_PERIPHERALS_0/security_core_0/sbox/y_lo_r1[1][2]:D
  Delay (ns):              0.144
  Slack (ns):              0.067
  Arrival (ns):            3.797
  Required (ns):           3.730
  Operating Conditions: fast_hv_lt

Path 12
  From: FIC_0_PERIPHERALS_0/DMA_CONTROLLER_inst_0/DMA_CONTROLLER_0/U_AXI4INITIATORDMACtrl/ARADDRReg[8]:CLK
  To:   FIC_0_PERIPHERALS_0/DMA_INITIATOR_inst_0/DMA_INITIATOR_0/MstConvertor_loop[0].mstrconv/mstrDWC/genblk1.MstUpConv/DWC_UpConv_preCalcAChannel_ar_inst/MASTER_AADDR_out[8]:D
  Delay (ns):              0.144
  Slack (ns):              0.067
  Arrival (ns):            3.823
  Required (ns):           3.756
  Operating Conditions: fast_hv_lt

Path 13
  From: CLOCKS_AND_RESETS_0/RESET_FIC_3_CLK/CORERESET_0/dff_1[0]:CLK
  To:   CLOCKS_AND_RESETS_0/RESET_FIC_3_CLK/CORERESET_0/dff_2[0]:D
  Delay (ns):              0.144
  Slack (ns):              0.067
  Arrival (ns):            4.212
  Required (ns):           4.145
  Operating Conditions: fast_hv_lt

Path 14
  From: CLOCKS_AND_RESETS_0/RESET_FIC_0_CLK/CORERESET_0/dff_3[0]:CLK
  To:   CLOCKS_AND_RESETS_0/RESET_FIC_0_CLK/CORERESET_0/dff_4[0]:D
  Delay (ns):              0.144
  Slack (ns):              0.067
  Arrival (ns):            3.803
  Required (ns):           3.736
  Operating Conditions: fast_hv_lt

Path 15
  From: CLOCKS_AND_RESETS_0/RESET_FIC_0_CLK/CORERESET_0/dff_1[0]:CLK
  To:   CLOCKS_AND_RESETS_0/RESET_FIC_0_CLK/CORERESET_0/dff_2[0]:D
  Delay (ns):              0.144
  Slack (ns):              0.067
  Arrival (ns):            3.803
  Required (ns):           3.736
  Operating Conditions: fast_hv_lt

Path 16
  From: FIC_0_PERIPHERALS_0/security_core_0/sbox/y_hi_r0[1][1]:CLK
  To:   FIC_0_PERIPHERALS_0/security_core_0/sbox/y_hi_r1[1][1]:D
  Delay (ns):              0.217
  Slack (ns):              0.068
  Arrival (ns):            5.462
  Required (ns):           5.394
  Operating Conditions: slow_lv_lt

Path 17
  From: FIC_0_PERIPHERALS_0/security_core_0/hash_block_14[12]:CLK
  To:   FIC_0_PERIPHERALS_0/security_core_0/hash_core/buffer[460]:D
  Delay (ns):              0.285
  Slack (ns):              0.068
  Arrival (ns):            5.785
  Required (ns):           5.717
  Operating Conditions: slow_lv_ht

Path 18
  From: FIC_0_PERIPHERALS_0/DMA_INITIATOR_inst_0/DMA_INITIATOR_0/MstConvertor_loop[0].mstrconv/mstrDWC/genblk1.MstUpConv/DWC_AWChan/SLAVE_AADDR[30]:CLK
  To:   FIC_0_PERIPHERALS_0/DMA_INITIATOR_inst_0/DMA_INITIATOR_0/MstConvertor_loop[0].mstrconv/rgsl/genblk1.awrs/holdDat[61]:D
  Delay (ns):              0.145
  Slack (ns):              0.068
  Arrival (ns):            3.797
  Required (ns):           3.729
  Operating Conditions: fast_hv_lt

Path 19
  From: FIC_0_PERIPHERALS_0/security_core_0/hash_block_6[14]:CLK
  To:   FIC_0_PERIPHERALS_0/security_core_0/hash_block_7[14]:D
  Delay (ns):              0.146
  Slack (ns):              0.069
  Arrival (ns):            3.805
  Required (ns):           3.736
  Operating Conditions: fast_hv_lt

Path 20
  From: FIC_0_PERIPHERALS_0/security_core_0/hash_block_8[13]:CLK
  To:   FIC_0_PERIPHERALS_0/security_core_0/hash_block_9[13]:D
  Delay (ns):              0.147
  Slack (ns):              0.070
  Arrival (ns):            3.809
  Required (ns):           3.739
  Operating Conditions: fast_hv_lt

Path 21
  From: FIC_0_PERIPHERALS_0/DMA_CONTROLLER_inst_0/DMA_CONTROLLER_0/U_intController/genblk1.U_INT_0_QUEUE/reqForStaReg:CLK
  To:   FIC_0_PERIPHERALS_0/DMA_CONTROLLER_inst_0/DMA_CONTROLLER_0/U_intController/genblk1.U_INT_0_QUEUE/reqForStaReg_2:D
  Delay (ns):              0.147
  Slack (ns):              0.070
  Arrival (ns):            3.826
  Required (ns):           3.756
  Operating Conditions: fast_hv_lt

Path 22
  From: FIC_0_PERIPHERALS_0/DMA_CONTROLLER_inst_0/DMA_CONTROLLER_0/U_DMAController/DMAArbiter_inst/FPA/intDscrptrNum[0]:CLK
  To:   FIC_0_PERIPHERALS_0/DMA_CONTROLLER_inst_0/DMA_CONTROLLER_0/U_DMAController/DMAArbiter_inst/DSCRPTR_CACHE/genblk1.genblk1.UI_ram_wrapper_1/ram_dscCacheNM/DMA_CONTROLLER_DMA_CONTROLLER_0_SRAM_dscCacheNM_R0C2/R_ADDR_0_inst:D
  Delay (ns):              0.222
  Slack (ns):              0.070
  Arrival (ns):            3.883
  Required (ns):           3.813
  Operating Conditions: fast_hv_lt

Path 23
  From: CLOCKS_AND_RESETS_0/RESET_FIC_0_CLK/CORERESET_0/dff_14[0]:CLK
  To:   CLOCKS_AND_RESETS_0/RESET_FIC_0_CLK/CORERESET_0/dff_15[0]_GB_DEMOTE:D
  Delay (ns):              0.146
  Slack (ns):              0.070
  Arrival (ns):            3.801
  Required (ns):           3.731
  Operating Conditions: fast_hv_lt

Path 24
  From: FIC_0_PERIPHERALS_0/security_core_0/sbox/y_hi_r3[2][1]:CLK
  To:   FIC_0_PERIPHERALS_0/security_core_0/sbox/y_hi_r4[2][1]:D
  Delay (ns):              0.148
  Slack (ns):              0.071
  Arrival (ns):            3.795
  Required (ns):           3.724
  Operating Conditions: fast_hv_lt

Path 25
  From: FIC_0_PERIPHERALS_0/security_core_0/sbox/y_hi_r2[2][2]:CLK
  To:   FIC_0_PERIPHERALS_0/security_core_0/sbox/y_hi_r3[2][2]:D
  Delay (ns):              0.148
  Slack (ns):              0.071
  Arrival (ns):            3.792
  Required (ns):           3.721
  Operating Conditions: fast_hv_lt

Path 26
  From: FIC_0_PERIPHERALS_0/security_core_0/rng/neoTRNG_0/entropy_cell_gen.2.neoTRNG_cell_inst/sreg_6[0]:CLK
  To:   FIC_0_PERIPHERALS_0/security_core_0/rng/neoTRNG_0/entropy_cell_gen.2.neoTRNG_cell_inst/sreg_7[0]:D
  Delay (ns):              0.148
  Slack (ns):              0.071
  Arrival (ns):            3.778
  Required (ns):           3.707
  Operating Conditions: fast_hv_lt

Path 27
  From: FIC_0_PERIPHERALS_0/security_core_0/hash_block_9[4]:CLK
  To:   FIC_0_PERIPHERALS_0/security_core_0/hash_block_10[4]:D
  Delay (ns):              0.148
  Slack (ns):              0.071
  Arrival (ns):            3.831
  Required (ns):           3.760
  Operating Conditions: fast_hv_lt

Path 28
  From: FIC_0_PERIPHERALS_0/security_core_0/hash_block_5[24]:CLK
  To:   FIC_0_PERIPHERALS_0/security_core_0/hash_block_6[24]:D
  Delay (ns):              0.148
  Slack (ns):              0.071
  Arrival (ns):            3.804
  Required (ns):           3.733
  Operating Conditions: fast_hv_lt

Path 29
  From: FIC_0_PERIPHERALS_0/security_core_0/hash_block_5[18]:CLK
  To:   FIC_0_PERIPHERALS_0/security_core_0/hash_block_6[18]:D
  Delay (ns):              0.148
  Slack (ns):              0.071
  Arrival (ns):            3.807
  Required (ns):           3.736
  Operating Conditions: fast_hv_lt

Path 30
  From: FIC_0_PERIPHERALS_0/security_core_0/hash_block_11[13]:CLK
  To:   FIC_0_PERIPHERALS_0/security_core_0/hash_block_12[13]:D
  Delay (ns):              0.148
  Slack (ns):              0.071
  Arrival (ns):            3.810
  Required (ns):           3.739
  Operating Conditions: fast_hv_lt

Path 31
  From: FIC_0_PERIPHERALS_0/security_core_0/hash_block_10[4]:CLK
  To:   FIC_0_PERIPHERALS_0/security_core_0/hash_core/buffer[324]:D
  Delay (ns):              0.148
  Slack (ns):              0.071
  Arrival (ns):            3.831
  Required (ns):           3.760
  Operating Conditions: fast_hv_lt

Path 32
  From: CLOCKS_AND_RESETS_0/RESET_FIC_0_CLK/CORERESET_0/dff_7[0]:CLK
  To:   CLOCKS_AND_RESETS_0/RESET_FIC_0_CLK/CORERESET_0/dff_8[0]:D
  Delay (ns):              0.220
  Slack (ns):              0.071
  Arrival (ns):            5.468
  Required (ns):           5.397
  Operating Conditions: slow_lv_lt

Path 33
  From: FIC_3_PERIPHERALS_0/PWM/corepwm_C0_0/genblk3.corepwm_reg_if/psh_period_reg[14]:CLK
  To:   FIC_3_PERIPHERALS_0/PWM/corepwm_C0_0/genblk3.corepwm_reg_if/period_reg_Z[14]:D
  Delay (ns):              0.150
  Slack (ns):              0.072
  Arrival (ns):            4.221
  Required (ns):           4.149
  Operating Conditions: fast_hv_lt

Path 34
  From: FIC_0_PERIPHERALS_0/security_core_0/sbox/y_hi_r0[0][1]:CLK
  To:   FIC_0_PERIPHERALS_0/security_core_0/sbox/y_hi_r1[0][1]:D
  Delay (ns):              0.149
  Slack (ns):              0.072
  Arrival (ns):            3.790
  Required (ns):           3.718
  Operating Conditions: fast_hv_lt

Path 35
  From: FIC_0_PERIPHERALS_0/security_core_0/hash_block_7[10]:CLK
  To:   FIC_0_PERIPHERALS_0/security_core_0/hash_block_8[10]:D
  Delay (ns):              0.149
  Slack (ns):              0.072
  Arrival (ns):            3.806
  Required (ns):           3.734
  Operating Conditions: fast_hv_lt

Path 36
  From: FIC_0_PERIPHERALS_0/security_core_0/hash_block_5[9]:CLK
  To:   FIC_0_PERIPHERALS_0/security_core_0/hash_block_6[9]:D
  Delay (ns):              0.149
  Slack (ns):              0.072
  Arrival (ns):            3.834
  Required (ns):           3.762
  Operating Conditions: fast_hv_lt

Path 37
  From: FIC_0_PERIPHERALS_0/security_core_0/hash_block_4[0]:CLK
  To:   FIC_0_PERIPHERALS_0/security_core_0/hash_block_5[0]:D
  Delay (ns):              0.149
  Slack (ns):              0.072
  Arrival (ns):            3.809
  Required (ns):           3.737
  Operating Conditions: fast_hv_lt

Path 38
  From: FIC_0_PERIPHERALS_0/security_core_0/hash_block_11[4]:CLK
  To:   FIC_0_PERIPHERALS_0/security_core_0/hash_block_12[4]:D
  Delay (ns):              0.149
  Slack (ns):              0.072
  Arrival (ns):            3.832
  Required (ns):           3.760
  Operating Conditions: fast_hv_lt

Path 39
  From: FIC_0_PERIPHERALS_0/security_core_0/hash_block_11[31]:CLK
  To:   FIC_0_PERIPHERALS_0/security_core_0/hash_block_12[31]:D
  Delay (ns):              0.149
  Slack (ns):              0.072
  Arrival (ns):            3.810
  Required (ns):           3.738
  Operating Conditions: fast_hv_lt

Path 40
  From: FIC_0_PERIPHERALS_0/FIC0_INITIATOR_inst_0/FIC0_INITIATOR_0/MstConvertor_loop[0].mstrconv/rgsl/genblk2.arrs/sDat[28]:CLK
  To:   FIC_0_PERIPHERALS_0/FIC0_INITIATOR_inst_0/FIC0_INITIATOR_0/axicb/cb.arcon/trgmx/slaveALEN[5]:D
  Delay (ns):              0.150
  Slack (ns):              0.072
  Arrival (ns):            3.816
  Required (ns):           3.744
  Operating Conditions: fast_hv_lt

Path 41
  From: FIC_0_PERIPHERALS_0/security_core_0/rng/neoTRNG_0/entropy_cell_gen.2.neoTRNG_cell_inst/sreg_4[0]:CLK
  To:   FIC_0_PERIPHERALS_0/security_core_0/rng/neoTRNG_0/entropy_cell_gen.2.neoTRNG_cell_inst/sreg_5[0]:D
  Delay (ns):              0.149
  Slack (ns):              0.073
  Arrival (ns):            3.779
  Required (ns):           3.706
  Operating Conditions: fast_hv_lt

Path 42
  From: FIC_0_PERIPHERALS_0/security_core_0/hash_block_6[9]:CLK
  To:   FIC_0_PERIPHERALS_0/security_core_0/hash_block_7[9]:D
  Delay (ns):              0.150
  Slack (ns):              0.073
  Arrival (ns):            3.835
  Required (ns):           3.762
  Operating Conditions: fast_hv_lt

Path 43
  From: FIC_0_PERIPHERALS_0/security_core_0/hash_block_2[22]:CLK
  To:   FIC_0_PERIPHERALS_0/security_core_0/hash_core/buffer[86]:D
  Delay (ns):              0.150
  Slack (ns):              0.073
  Arrival (ns):            3.831
  Required (ns):           3.758
  Operating Conditions: fast_hv_lt

Path 44
  From: FIC_0_PERIPHERALS_0/FIC0_INITIATOR_inst_0/FIC0_INITIATOR_0/SlvConvertor_loop[2].slvcnv/slvdwc/genblk1.DownConverter_inst/writeWidthConv/genblk1.brespCtrl/MASTER_BID[7]:CLK
  To:   FIC_0_PERIPHERALS_0/FIC0_INITIATOR_inst_0/FIC0_INITIATOR_0/SlvConvertor_loop[2].slvcnv/rgsl/genblk5.brs/holdDat[10]:D
  Delay (ns):              0.150
  Slack (ns):              0.073
  Arrival (ns):            3.832
  Required (ns):           3.759
  Operating Conditions: fast_hv_lt

Path 45
  From: FIC_0_PERIPHERALS_0/DMA_INITIATOR_inst_0/DMA_INITIATOR_0/MstConvertor_loop[0].mstrconv/mstrDWC/genblk1.MstUpConv/DWC_UpConv_preCalcAChannel_aw_inst/MASTER_AADDR_out[20]:CLK
  To:   FIC_0_PERIPHERALS_0/DMA_INITIATOR_inst_0/DMA_INITIATOR_0/MstConvertor_loop[0].mstrconv/mstrDWC/genblk1.MstUpConv/DWC_AWChan/SLAVE_AADDR[20]:D
  Delay (ns):              0.150
  Slack (ns):              0.073
  Arrival (ns):            3.811
  Required (ns):           3.738
  Operating Conditions: fast_hv_lt

Path 46
  From: FIC_3_PERIPHERALS_0/PWM/corepwm_C0_0/genblk3.corepwm_reg_if/psh_period_reg[27]:CLK
  To:   FIC_3_PERIPHERALS_0/PWM/corepwm_C0_0/genblk3.corepwm_reg_if/period_reg_Z[27]:D
  Delay (ns):              0.148
  Slack (ns):              0.074
  Arrival (ns):            4.211
  Required (ns):           4.137
  Operating Conditions: fast_hv_lt

Path 47
  From: FIC_0_PERIPHERALS_0/security_core_0/sbox/y_hi_r3[0][3]:CLK
  To:   FIC_0_PERIPHERALS_0/security_core_0/sbox/y_hi_r4[0][3]:D
  Delay (ns):              0.148
  Slack (ns):              0.074
  Arrival (ns):            3.783
  Required (ns):           3.709
  Operating Conditions: fast_hv_lt

Path 48
  From: FIC_0_PERIPHERALS_0/security_core_0/sbox/y_hi_r2[0][3]:CLK
  To:   FIC_0_PERIPHERALS_0/security_core_0/sbox/y_hi_r3[0][3]:D
  Delay (ns):              0.148
  Slack (ns):              0.074
  Arrival (ns):            3.783
  Required (ns):           3.709
  Operating Conditions: fast_hv_lt

Path 49
  From: FIC_0_PERIPHERALS_0/security_core_0/sbox/t_hi_r0[2][0]:CLK
  To:   FIC_0_PERIPHERALS_0/security_core_0/sbox/t_hi_r1[2][0]:D
  Delay (ns):              0.149
  Slack (ns):              0.074
  Arrival (ns):            3.788
  Required (ns):           3.714
  Operating Conditions: fast_hv_lt

Path 50
  From: FIC_0_PERIPHERALS_0/security_core_0/rng/neoTRNG_0/entropy_cell_gen.2.neoTRNG_cell_inst/sync[0]:CLK
  To:   FIC_0_PERIPHERALS_0/security_core_0/rng/neoTRNG_0/entropy_cell_gen.2.neoTRNG_cell_inst/sync[1]:D
  Delay (ns):              0.148
  Slack (ns):              0.074
  Arrival (ns):            3.780
  Required (ns):           3.706
  Operating Conditions: fast_hv_lt

Path 51
  From: FIC_0_PERIPHERALS_0/security_core_0/hash_block_6[15]:CLK
  To:   FIC_0_PERIPHERALS_0/security_core_0/hash_core/buffer[207]:D
  Delay (ns):              0.151
  Slack (ns):              0.074
  Arrival (ns):            3.830
  Required (ns):           3.756
  Operating Conditions: fast_hv_lt

Path 52
  From: FIC_0_PERIPHERALS_0/security_core_0/hash_block_4[24]:CLK
  To:   FIC_0_PERIPHERALS_0/security_core_0/hash_block_5[24]:D
  Delay (ns):              0.151
  Slack (ns):              0.074
  Arrival (ns):            3.807
  Required (ns):           3.733
  Operating Conditions: fast_hv_lt

Path 53
  From: FIC_0_PERIPHERALS_0/security_core_0/hash_block_10[18]:CLK
  To:   FIC_0_PERIPHERALS_0/security_core_0/hash_block_11[18]:D
  Delay (ns):              0.151
  Slack (ns):              0.074
  Arrival (ns):            3.810
  Required (ns):           3.736
  Operating Conditions: fast_hv_lt

Path 54
  From: FIC_0_PERIPHERALS_0/security_core_0/sbox/y_lo_r1[0][1]:CLK
  To:   FIC_0_PERIPHERALS_0/security_core_0/sbox/y_lo_r2[0][1]:D
  Delay (ns):              0.150
  Slack (ns):              0.075
  Arrival (ns):            3.782
  Required (ns):           3.707
  Operating Conditions: fast_hv_lt

Path 55
  From: FIC_0_PERIPHERALS_0/security_core_0/sbox/y_hi_r3[0][0]:CLK
  To:   FIC_0_PERIPHERALS_0/security_core_0/sbox/y_hi_r4[0][0]:D
  Delay (ns):              0.149
  Slack (ns):              0.075
  Arrival (ns):            3.788
  Required (ns):           3.713
  Operating Conditions: fast_hv_lt

Path 56
  From: FIC_0_PERIPHERALS_0/security_core_0/rng/trng_acc_0/seed_o_6[7]:CLK
  To:   FIC_0_PERIPHERALS_0/security_core_0/rng/trng_acc_0/seed_o_7[7]:D
  Delay (ns):              0.152
  Slack (ns):              0.075
  Arrival (ns):            3.808
  Required (ns):           3.733
  Operating Conditions: fast_hv_lt

Path 57
  From: FIC_0_PERIPHERALS_0/security_core_0/rng/trng_acc_0/seed_o_0[4]:CLK
  To:   FIC_0_PERIPHERALS_0/security_core_0/rng/trng_acc_0/seed_o_1[4]:D
  Delay (ns):              0.149
  Slack (ns):              0.075
  Arrival (ns):            3.788
  Required (ns):           3.713
  Operating Conditions: fast_hv_lt

Path 58
  From: FIC_0_PERIPHERALS_0/security_core_0/rng/trivium_0/C[0][22]:CLK
  To:   FIC_0_PERIPHERALS_0/security_core_0/rng/trivium_0/C[1][22]:D
  Delay (ns):              0.151
  Slack (ns):              0.075
  Arrival (ns):            3.812
  Required (ns):           3.737
  Operating Conditions: fast_hv_lt

Path 59
  From: FIC_0_PERIPHERALS_0/security_core_0/rng/neoTRNG_0/entropy_cell_gen.2.neoTRNG_cell_inst/sreg_7[0]:CLK
  To:   FIC_0_PERIPHERALS_0/security_core_0/rng/neoTRNG_0/entropy_cell_gen.2.neoTRNG_cell_inst/sreg_8[0]:D
  Delay (ns):              0.152
  Slack (ns):              0.075
  Arrival (ns):            3.782
  Required (ns):           3.707
  Operating Conditions: fast_hv_lt

Path 60
  From: FIC_0_PERIPHERALS_0/security_core_0/hash_block_8[0]:CLK
  To:   FIC_0_PERIPHERALS_0/security_core_0/hash_block_9[0]:D
  Delay (ns):              0.153
  Slack (ns):              0.075
  Arrival (ns):            3.812
  Required (ns):           3.737
  Operating Conditions: fast_hv_lt

Path 61
  From: FIC_0_PERIPHERALS_0/security_core_0/hash_block_5[0]:CLK
  To:   FIC_0_PERIPHERALS_0/security_core_0/hash_block_6[0]:D
  Delay (ns):              0.152
  Slack (ns):              0.075
  Arrival (ns):            3.812
  Required (ns):           3.737
  Operating Conditions: fast_hv_lt

Path 62
  From: FIC_0_PERIPHERALS_0/security_core_0/hash_block_4[22]:CLK
  To:   FIC_0_PERIPHERALS_0/security_core_0/hash_core/buffer[150]:D
  Delay (ns):              0.152
  Slack (ns):              0.075
  Arrival (ns):            3.833
  Required (ns):           3.758
  Operating Conditions: fast_hv_lt

Path 63
  From: FIC_0_PERIPHERALS_0/security_core_0/hash_block_2[7]:CLK
  To:   FIC_0_PERIPHERALS_0/security_core_0/hash_block_3[7]:D
  Delay (ns):              0.151
  Slack (ns):              0.075
  Arrival (ns):            3.826
  Required (ns):           3.751
  Operating Conditions: fast_hv_lt

Path 64
  From: FIC_0_PERIPHERALS_0/FIC0_INITIATOR_inst_0/FIC0_INITIATOR_0/SlvConvertor_loop[2].slvcnv/slvdwc/genblk1.DownConverter_inst/writeWidthConv/genblk1.brespCtrl/MASTER_BID[2]:CLK
  To:   FIC_0_PERIPHERALS_0/FIC0_INITIATOR_inst_0/FIC0_INITIATOR_0/SlvConvertor_loop[2].slvcnv/rgsl/genblk5.brs/holdDat[5]:D
  Delay (ns):              0.152
  Slack (ns):              0.075
  Arrival (ns):            3.834
  Required (ns):           3.759
  Operating Conditions: fast_hv_lt

Path 65
  From: FIC_0_PERIPHERALS_0/FIC0_INITIATOR_inst_0/FIC0_INITIATOR_0/SlvConvertor_loop[2].slvcnv/rgsl/genblk4.wrs/sDat[9]:CLK
  To:   FIC_0_PERIPHERALS_0/FIC0_INITIATOR_inst_0/FIC0_INITIATOR_0/SlvConvertor_loop[2].slvcnv/slvdwc/genblk1.DownConverter_inst/writeWidthConv/widthConvwr/MASTER_WSTRB_reg[7]:D
  Delay (ns):              0.152
  Slack (ns):              0.075
  Arrival (ns):            3.811
  Required (ns):           3.736
  Operating Conditions: fast_hv_lt

Path 66
  From: FIC_0_PERIPHERALS_0/FIC0_INITIATOR_inst_0/FIC0_INITIATOR_0/MstConvertor_loop[0].mstrconv/rgsl/genblk2.arrs/sDat[21]:CLK
  To:   FIC_0_PERIPHERALS_0/FIC0_INITIATOR_inst_0/FIC0_INITIATOR_0/axicb/cb.arcon/trgmx/slaveASIZE[1]:D
  Delay (ns):              0.149
  Slack (ns):              0.075
  Arrival (ns):            3.811
  Required (ns):           3.736
  Operating Conditions: fast_hv_lt

Path 67
  From: FIC_0_PERIPHERALS_0/DMA_CONTROLLER_inst_0/DMA_CONTROLLER_0/U_AXI4INITIATORDMACtrl/AWADDRReg[12]:CLK
  To:   FIC_0_PERIPHERALS_0/DMA_INITIATOR_inst_0/DMA_INITIATOR_0/MstConvertor_loop[0].mstrconv/mstrDWC/genblk1.MstUpConv/DWC_UpConv_preCalcAChannel_aw_inst/MASTER_AADDR_out[12]:D
  Delay (ns):              0.149
  Slack (ns):              0.075
  Arrival (ns):            3.800
  Required (ns):           3.725
  Operating Conditions: fast_hv_lt

Path 68
  From: FIC_0_PERIPHERALS_0/security_core_0/sbox/y_hi_r1[2][3]:CLK
  To:   FIC_0_PERIPHERALS_0/security_core_0/sbox/y_hi_r2[2][3]:D
  Delay (ns):              0.150
  Slack (ns):              0.076
  Arrival (ns):            3.780
  Required (ns):           3.704
  Operating Conditions: fast_hv_lt

Path 69
  From: FIC_0_PERIPHERALS_0/security_core_0/hash_block_7[18]:CLK
  To:   FIC_0_PERIPHERALS_0/security_core_0/hash_block_8[18]:D
  Delay (ns):              0.153
  Slack (ns):              0.076
  Arrival (ns):            3.812
  Required (ns):           3.736
  Operating Conditions: fast_hv_lt

Path 70
  From: FIC_0_PERIPHERALS_0/security_core_0/hash_block_2[30]:CLK
  To:   FIC_0_PERIPHERALS_0/security_core_0/hash_core/buffer[94]:D
  Delay (ns):              0.150
  Slack (ns):              0.076
  Arrival (ns):            3.819
  Required (ns):           3.743
  Operating Conditions: fast_hv_lt

Path 71
  From: FIC_0_PERIPHERALS_0/security_core_0/hash_block_2[25]:CLK
  To:   FIC_0_PERIPHERALS_0/security_core_0/hash_block_3[25]:D
  Delay (ns):              0.150
  Slack (ns):              0.076
  Arrival (ns):            3.819
  Required (ns):           3.743
  Operating Conditions: fast_hv_lt

Path 72
  From: FIC_0_PERIPHERALS_0/security_core_0/hash_block_1[24]:CLK
  To:   FIC_0_PERIPHERALS_0/security_core_0/hash_block_2[24]:D
  Delay (ns):              0.153
  Slack (ns):              0.076
  Arrival (ns):            3.809
  Required (ns):           3.733
  Operating Conditions: fast_hv_lt

Path 73
  From: FIC_0_PERIPHERALS_0/security_core_0/hash_block_12[11]:CLK
  To:   FIC_0_PERIPHERALS_0/security_core_0/hash_block_13[11]:D
  Delay (ns):              0.150
  Slack (ns):              0.076
  Arrival (ns):            3.802
  Required (ns):           3.726
  Operating Conditions: fast_hv_lt

Path 74
  From: FIC_0_PERIPHERALS_0/security_core_0/hash_block_11[2]:CLK
  To:   FIC_0_PERIPHERALS_0/security_core_0/hash_block_12[2]:D
  Delay (ns):              0.154
  Slack (ns):              0.076
  Arrival (ns):            3.820
  Required (ns):           3.744
  Operating Conditions: fast_hv_lt

Path 75
  From: FIC_0_PERIPHERALS_0/security_core_0/hash_block_10[3]:CLK
  To:   FIC_0_PERIPHERALS_0/security_core_0/hash_block_11[3]:D
  Delay (ns):              0.150
  Slack (ns):              0.076
  Arrival (ns):            3.794
  Required (ns):           3.718
  Operating Conditions: fast_hv_lt

Path 76
  From: FIC_0_PERIPHERALS_0/DMA_INITIATOR_inst_0/DMA_INITIATOR_0/MstConvertor_loop[0].mstrconv/mstrDWC/genblk1.MstUpConv/DWC_UpConv_preCalcAChannel_ar_inst/MASTER_AADDR_out[7]:CLK
  To:   FIC_0_PERIPHERALS_0/DMA_INITIATOR_inst_0/DMA_INITIATOR_0/MstConvertor_loop[0].mstrconv/mstrDWC/genblk1.MstUpConv/DWC_ARChan/SLAVE_AADDR[7]:D
  Delay (ns):              0.150
  Slack (ns):              0.076
  Arrival (ns):            3.819
  Required (ns):           3.743
  Operating Conditions: fast_hv_lt

Path 77
  From: FIC_0_PERIPHERALS_0/security_core_0/rng/trng_acc_0/seed_o_4[7]:CLK
  To:   FIC_0_PERIPHERALS_0/security_core_0/rng/trng_acc_0/seed_o_5[7]:D
  Delay (ns):              0.154
  Slack (ns):              0.077
  Arrival (ns):            3.810
  Required (ns):           3.733
  Operating Conditions: fast_hv_lt

Path 78
  From: FIC_0_PERIPHERALS_0/security_core_0/hash_block_9[16]:CLK
  To:   FIC_0_PERIPHERALS_0/security_core_0/hash_core/buffer[304]:D
  Delay (ns):              0.151
  Slack (ns):              0.077
  Arrival (ns):            3.816
  Required (ns):           3.739
  Operating Conditions: fast_hv_lt

Path 79
  From: FIC_0_PERIPHERALS_0/security_core_0/hash_block_7[0]:CLK
  To:   FIC_0_PERIPHERALS_0/security_core_0/hash_block_8[0]:D
  Delay (ns):              0.154
  Slack (ns):              0.077
  Arrival (ns):            3.814
  Required (ns):           3.737
  Operating Conditions: fast_hv_lt

Path 80
  From: FIC_0_PERIPHERALS_0/security_core_0/hash_block_4[29]:CLK
  To:   FIC_0_PERIPHERALS_0/security_core_0/hash_block_5[29]:D
  Delay (ns):              0.151
  Slack (ns):              0.077
  Arrival (ns):            3.829
  Required (ns):           3.752
  Operating Conditions: fast_hv_lt

Path 81
  From: FIC_0_PERIPHERALS_0/security_core_0/hash_block_4[21]:CLK
  To:   FIC_0_PERIPHERALS_0/security_core_0/hash_block_5[21]:D
  Delay (ns):              0.151
  Slack (ns):              0.077
  Arrival (ns):            3.829
  Required (ns):           3.752
  Operating Conditions: fast_hv_lt

Path 82
  From: FIC_0_PERIPHERALS_0/security_core_0/hash_block_4[10]:CLK
  To:   FIC_0_PERIPHERALS_0/security_core_0/hash_block_5[10]:D
  Delay (ns):              0.154
  Slack (ns):              0.077
  Arrival (ns):            3.811
  Required (ns):           3.734
  Operating Conditions: fast_hv_lt

Path 83
  From: FIC_0_PERIPHERALS_0/security_core_0/hash_block_2[14]:CLK
  To:   FIC_0_PERIPHERALS_0/security_core_0/hash_block_3[14]:D
  Delay (ns):              0.154
  Slack (ns):              0.077
  Arrival (ns):            3.813
  Required (ns):           3.736
  Operating Conditions: fast_hv_lt

Path 84
  From: FIC_0_PERIPHERALS_0/security_core_0/hash_block_2[12]:CLK
  To:   FIC_0_PERIPHERALS_0/security_core_0/hash_block_3[12]:D
  Delay (ns):              0.151
  Slack (ns):              0.077
  Arrival (ns):            3.815
  Required (ns):           3.738
  Operating Conditions: fast_hv_lt

Path 85
  From: FIC_0_PERIPHERALS_0/security_core_0/hash_block_13[11]:CLK
  To:   FIC_0_PERIPHERALS_0/security_core_0/hash_block_14[11]:D
  Delay (ns):              0.151
  Slack (ns):              0.077
  Arrival (ns):            3.803
  Required (ns):           3.726
  Operating Conditions: fast_hv_lt

Path 86
  From: FIC_0_PERIPHERALS_0/security_core_0/hash_block_12[20]:CLK
  To:   FIC_0_PERIPHERALS_0/security_core_0/hash_block_13[20]:D
  Delay (ns):              0.151
  Slack (ns):              0.077
  Arrival (ns):            3.808
  Required (ns):           3.731
  Operating Conditions: fast_hv_lt

Path 87
  From: FIC_0_PERIPHERALS_0/security_core_0/hash_block_11[23]:CLK
  To:   FIC_0_PERIPHERALS_0/security_core_0/hash_block_12[23]:D
  Delay (ns):              0.154
  Slack (ns):              0.077
  Arrival (ns):            3.814
  Required (ns):           3.737
  Operating Conditions: fast_hv_lt

Path 88
  From: FIC_0_PERIPHERALS_0/FIC0_INITIATOR_inst_0/FIC0_INITIATOR_0/SlvConvertor_loop[0].slvcnv/slvdwc/genblk1.DownConverter_inst/readWidthConv/genblk1.caxi4interconnect_DWC_DownConv_Hold_Reg_Rd/DWC_DownConv_hold_data_out[0]:CLK
  To:   FIC_0_PERIPHERALS_0/FIC0_INITIATOR_inst_0/FIC0_INITIATOR_0/SlvConvertor_loop[0].slvcnv/slvdwc/genblk1.DownConverter_inst/readWidthConv/genblk1.widthConvrd/fixed_lastTx_ctrl:D
  Delay (ns):              0.154
  Slack (ns):              0.077
  Arrival (ns):            3.812
  Required (ns):           3.735
  Operating Conditions: fast_hv_lt

Path 89
  From: FIC_0_PERIPHERALS_0/FIC0_INITIATOR_inst_0/FIC0_INITIATOR_0/MstConvertor_loop[0].mstrconv/rgsl/genblk2.arrs/sDat[23]:CLK
  To:   FIC_0_PERIPHERALS_0/FIC0_INITIATOR_inst_0/FIC0_INITIATOR_0/axicb/cb.arcon/trgmx/slaveALEN[0]:D
  Delay (ns):              0.151
  Slack (ns):              0.077
  Arrival (ns):            3.813
  Required (ns):           3.736
  Operating Conditions: fast_hv_lt

Path 90
  From: FIC_0_PERIPHERALS_0/DMA_CONTROLLER_inst_0/DMA_CONTROLLER_0/U_AXI4INITIATORDMACtrl/AWADDRReg[18]:CLK
  To:   FIC_0_PERIPHERALS_0/DMA_INITIATOR_inst_0/DMA_INITIATOR_0/MstConvertor_loop[0].mstrconv/mstrDWC/genblk1.MstUpConv/DWC_UpConv_preCalcAChannel_aw_inst/MASTER_AADDR_out[18]:D
  Delay (ns):              0.151
  Slack (ns):              0.077
  Arrival (ns):            3.802
  Required (ns):           3.725
  Operating Conditions: fast_hv_lt

Path 91
  From: FIC_0_PERIPHERALS_0/security_core_0/sbox/y_lo_r3[1][1]:CLK
  To:   FIC_0_PERIPHERALS_0/security_core_0/sbox/y_lo_r4[1][1]:D
  Delay (ns):              0.153
  Slack (ns):              0.078
  Arrival (ns):            3.788
  Required (ns):           3.710
  Operating Conditions: fast_hv_lt

Path 92
  From: FIC_0_PERIPHERALS_0/security_core_0/sbox/y_lo_r1[0][3]:CLK
  To:   FIC_0_PERIPHERALS_0/security_core_0/sbox/y_lo_r2[0][3]:D
  Delay (ns):              0.155
  Slack (ns):              0.078
  Arrival (ns):            3.800
  Required (ns):           3.722
  Operating Conditions: fast_hv_lt

Path 93
  From: FIC_0_PERIPHERALS_0/security_core_0/hash_block_9[18]:CLK
  To:   FIC_0_PERIPHERALS_0/security_core_0/hash_block_10[18]:D
  Delay (ns):              0.155
  Slack (ns):              0.078
  Arrival (ns):            3.814
  Required (ns):           3.736
  Operating Conditions: fast_hv_lt

Path 94
  From: FIC_0_PERIPHERALS_0/security_core_0/hash_block_8[14]:CLK
  To:   FIC_0_PERIPHERALS_0/security_core_0/hash_block_9[14]:D
  Delay (ns):              0.152
  Slack (ns):              0.078
  Arrival (ns):            3.816
  Required (ns):           3.738
  Operating Conditions: fast_hv_lt

Path 95
  From: FIC_0_PERIPHERALS_0/security_core_0/hash_block_14[13]:CLK
  To:   FIC_0_PERIPHERALS_0/security_core_0/hash_block_15[13]:D
  Delay (ns):              0.155
  Slack (ns):              0.078
  Arrival (ns):            3.817
  Required (ns):           3.739
  Operating Conditions: fast_hv_lt

Path 96
  From: FIC_0_PERIPHERALS_0/security_core_0/hash_block_13[26]:CLK
  To:   FIC_0_PERIPHERALS_0/security_core_0/hash_block_14[26]:D
  Delay (ns):              0.152
  Slack (ns):              0.078
  Arrival (ns):            3.805
  Required (ns):           3.727
  Operating Conditions: fast_hv_lt

Path 97
  From: FIC_0_PERIPHERALS_0/security_core_0/hash_block_11[3]:CLK
  To:   FIC_0_PERIPHERALS_0/security_core_0/hash_block_12[3]:D
  Delay (ns):              0.152
  Slack (ns):              0.078
  Arrival (ns):            3.796
  Required (ns):           3.718
  Operating Conditions: fast_hv_lt

Path 98
  From: FIC_0_PERIPHERALS_0/FIC0_INITIATOR_inst_0/FIC0_INITIATOR_0/SlvConvertor_loop[1].slvcnv/rgsl/genblk4.wrs/sDat[67]:CLK
  To:   FIC_0_PERIPHERALS_0/MSS_LSRAM_inst_0/COREAXI4SRAM_0/genblk1.genblk1.U_MSS_LSRAM_COREAXI4SRAM_0_CoreAXI4SRAM_MAINCTRL/genblk1.wdata_sc_r[57]:D
  Delay (ns):              0.152
  Slack (ns):              0.078
  Arrival (ns):            3.803
  Required (ns):           3.725
  Operating Conditions: fast_hv_lt

Path 99
  From: FIC_0_PERIPHERALS_0/DMA_CONTROLLER_inst_0/DMA_CONTROLLER_0/U_AXI4INITIATORDMACtrl/ARADDRReg[29]:CLK
  To:   FIC_0_PERIPHERALS_0/DMA_INITIATOR_inst_0/DMA_INITIATOR_0/MstConvertor_loop[0].mstrconv/mstrDWC/genblk1.MstUpConv/DWC_UpConv_preCalcAChannel_ar_inst/MASTER_AADDR_out[29]:D
  Delay (ns):              0.155
  Slack (ns):              0.078
  Arrival (ns):            3.834
  Required (ns):           3.756
  Operating Conditions: fast_hv_lt

Path 100
  From: CLOCKS_AND_RESETS_0/RESET_FIC_0_CLK/CORERESET_0/dff_10[0]:CLK
  To:   CLOCKS_AND_RESETS_0/RESET_FIC_0_CLK/CORERESET_0/dff_11[0]:D
  Delay (ns):              0.155
  Slack (ns):              0.078
  Arrival (ns):            3.814
  Required (ns):           3.736
  Operating Conditions: fast_hv_lt

