Timing Violation Report Max Delay Analysis

SmartTime Version 2025.2
Microchip Technology Inc. - Microchip Libero Software Release 2025.2 (Version 2025.2.0.14)
Date: Sun Apr  5 03:11:08 2026


Design: MPFS_DISCOVERY_KIT
Family: PolarFireSoC
Die: MPFS095T
Package: FCSG325
Temperature Range: 0 - 100 C
Voltage Range: 0.97 - 1.03 V
Speed Grade: -1
Design State: Post-Layout
Data source: Production
Multi Corner Report Operating Conditions: slow_lv_lt,fast_hv_lt,slow_lv_ht


Path 1
  From: FIC_0_PERIPHERALS_0/security_core_0/hash_core/t_Z[4]:CLK
  To:   FIC_0_PERIPHERALS_0/security_core_0/hash_core/a[29]:D
  Delay (ns):              7.550
  Slack (ns):              0.268
  Arrival (ns):           13.637
  Required (ns):          13.905
  Operating Conditions: slow_lv_ht

Path 2
  From: FIC_0_PERIPHERALS_0/security_core_0/hash_core/t_Z[4]:CLK
  To:   FIC_0_PERIPHERALS_0/security_core_0/hash_core/a[30]:D
  Delay (ns):              7.530
  Slack (ns):              0.283
  Arrival (ns):           13.617
  Required (ns):          13.900
  Operating Conditions: slow_lv_ht

Path 3
  From: FIC_0_PERIPHERALS_0/security_core_0/hash_core/t_fast[1]:CLK
  To:   FIC_0_PERIPHERALS_0/security_core_0/hash_core/a[29]:D
  Delay (ns):              7.525
  Slack (ns):              0.293
  Arrival (ns):           13.612
  Required (ns):          13.905
  Operating Conditions: slow_lv_ht

Path 4
  From: FIC_0_PERIPHERALS_0/security_core_0/hash_core/t_Z[4]:CLK
  To:   FIC_0_PERIPHERALS_0/security_core_0/hash_core/a[31]:D
  Delay (ns):              7.520
  Slack (ns):              0.294
  Arrival (ns):           13.607
  Required (ns):          13.901
  Operating Conditions: slow_lv_ht

Path 5
  From: FIC_0_PERIPHERALS_0/security_core_0/hash_core/t_fast[1]:CLK
  To:   FIC_0_PERIPHERALS_0/security_core_0/hash_core/a[30]:D
  Delay (ns):              7.502
  Slack (ns):              0.311
  Arrival (ns):           13.589
  Required (ns):          13.900
  Operating Conditions: slow_lv_ht

Path 6
  From: FIC_0_PERIPHERALS_0/security_core_0/hash_core/t_fast[1]:CLK
  To:   FIC_0_PERIPHERALS_0/security_core_0/hash_core/a[31]:D
  Delay (ns):              7.495
  Slack (ns):              0.319
  Arrival (ns):           13.582
  Required (ns):          13.901
  Operating Conditions: slow_lv_ht

Path 7
  From: FIC_0_PERIPHERALS_0/security_core_0/hash_core/t_Z[4]:CLK
  To:   FIC_0_PERIPHERALS_0/security_core_0/hash_core/a[26]:D
  Delay (ns):              7.485
  Slack (ns):              0.334
  Arrival (ns):           13.572
  Required (ns):          13.906
  Operating Conditions: slow_lv_ht

Path 8
  From: FIC_0_PERIPHERALS_0/security_core_0/hash_core/t_Z[4]:CLK
  To:   FIC_0_PERIPHERALS_0/security_core_0/hash_core/a[28]:D
  Delay (ns):              7.463
  Slack (ns):              0.355
  Arrival (ns):           13.550
  Required (ns):          13.905
  Operating Conditions: slow_lv_ht

Path 9
  From: FIC_0_PERIPHERALS_0/security_core_0/hash_core/t_fast[1]:CLK
  To:   FIC_0_PERIPHERALS_0/security_core_0/hash_core/a[26]:D
  Delay (ns):              7.460
  Slack (ns):              0.359
  Arrival (ns):           13.547
  Required (ns):          13.906
  Operating Conditions: slow_lv_ht

Path 10
  From: FIC_0_PERIPHERALS_0/security_core_0/hash_core/t_Z[4]:CLK
  To:   FIC_0_PERIPHERALS_0/security_core_0/hash_core/a[27]:D
  Delay (ns):              7.455
  Slack (ns):              0.359
  Arrival (ns):           13.542
  Required (ns):          13.901
  Operating Conditions: slow_lv_ht

Path 11
  From: FIC_0_PERIPHERALS_0/security_core_0/hash_core/t_fast[1]:CLK
  To:   FIC_0_PERIPHERALS_0/security_core_0/hash_core/a[28]:D
  Delay (ns):              7.438
  Slack (ns):              0.380
  Arrival (ns):           13.525
  Required (ns):          13.905
  Operating Conditions: slow_lv_ht

Path 12
  From: FIC_0_PERIPHERALS_0/security_core_0/hash_core/t_fast[1]:CLK
  To:   FIC_0_PERIPHERALS_0/security_core_0/hash_core/a[27]:D
  Delay (ns):              7.430
  Slack (ns):              0.384
  Arrival (ns):           13.517
  Required (ns):          13.901
  Operating Conditions: slow_lv_ht

Path 13
  From: FIC_0_PERIPHERALS_0/security_core_0/hash_core/t_Z[4]:CLK
  To:   FIC_0_PERIPHERALS_0/security_core_0/hash_core/a[24]:D
  Delay (ns):              7.422
  Slack (ns):              0.396
  Arrival (ns):           13.509
  Required (ns):          13.905
  Operating Conditions: slow_lv_ht

Path 14
  From: FIC_0_PERIPHERALS_0/security_core_0/hash_core/t_fast[1]:CLK
  To:   FIC_0_PERIPHERALS_0/security_core_0/hash_core/a[24]:D
  Delay (ns):              7.397
  Slack (ns):              0.421
  Arrival (ns):           13.484
  Required (ns):          13.905
  Operating Conditions: slow_lv_ht

Path 15
  From: FIC_0_PERIPHERALS_0/security_core_0/hash_core/t_Z[4]:CLK
  To:   FIC_0_PERIPHERALS_0/security_core_0/hash_core/a[25]:D
  Delay (ns):              7.382
  Slack (ns):              0.432
  Arrival (ns):           13.469
  Required (ns):          13.901
  Operating Conditions: slow_lv_ht

Path 16
  From: FIC_0_PERIPHERALS_0/security_core_0/hash_core/t_Z[5]:CLK
  To:   FIC_0_PERIPHERALS_0/security_core_0/hash_core/a[29]:D
  Delay (ns):              7.385
  Slack (ns):              0.433
  Arrival (ns):           13.472
  Required (ns):          13.905
  Operating Conditions: slow_lv_ht

Path 17
  From: FIC_0_PERIPHERALS_0/security_core_0/hash_core/t_fast[2]:CLK
  To:   FIC_0_PERIPHERALS_0/security_core_0/hash_core/a[29]:D
  Delay (ns):              7.374
  Slack (ns):              0.447
  Arrival (ns):           13.458
  Required (ns):          13.905
  Operating Conditions: slow_lv_ht

Path 18
  From: FIC_0_PERIPHERALS_0/security_core_0/hash_core/t_Z[5]:CLK
  To:   FIC_0_PERIPHERALS_0/security_core_0/hash_core/a[30]:D
  Delay (ns):              7.364
  Slack (ns):              0.449
  Arrival (ns):           13.451
  Required (ns):          13.900
  Operating Conditions: slow_lv_ht

Path 19
  From: FIC_0_PERIPHERALS_0/security_core_0/hash_core/t_fast[1]:CLK
  To:   FIC_0_PERIPHERALS_0/security_core_0/hash_core/a[25]:D
  Delay (ns):              7.357
  Slack (ns):              0.457
  Arrival (ns):           13.444
  Required (ns):          13.901
  Operating Conditions: slow_lv_ht

Path 20
  From: FIC_0_PERIPHERALS_0/security_core_0/hash_core/t_Z[5]:CLK
  To:   FIC_0_PERIPHERALS_0/security_core_0/hash_core/a[31]:D
  Delay (ns):              7.355
  Slack (ns):              0.459
  Arrival (ns):           13.442
  Required (ns):          13.901
  Operating Conditions: slow_lv_ht

Path 21
  From: FIC_0_PERIPHERALS_0/security_core_0/hash_core/t_Z[4]:CLK
  To:   FIC_0_PERIPHERALS_0/security_core_0/hash_core/a[23]:D
  Delay (ns):              7.358
  Slack (ns):              0.460
  Arrival (ns):           13.445
  Required (ns):          13.905
  Operating Conditions: slow_lv_ht

Path 22
  From: FIC_0_PERIPHERALS_0/security_core_0/hash_core/t_fast[2]:CLK
  To:   FIC_0_PERIPHERALS_0/security_core_0/hash_core/a[30]:D
  Delay (ns):              7.354
  Slack (ns):              0.462
  Arrival (ns):           13.438
  Required (ns):          13.900
  Operating Conditions: slow_lv_ht

Path 23
  From: FIC_0_PERIPHERALS_0/security_core_0/hash_core/t_fast[2]:CLK
  To:   FIC_0_PERIPHERALS_0/security_core_0/hash_core/a[31]:D
  Delay (ns):              7.344
  Slack (ns):              0.473
  Arrival (ns):           13.428
  Required (ns):          13.901
  Operating Conditions: slow_lv_ht

Path 24
  From: FIC_0_PERIPHERALS_0/security_core_0/hash_core/t_fast[1]:CLK
  To:   FIC_0_PERIPHERALS_0/security_core_0/hash_core/a[23]:D
  Delay (ns):              7.333
  Slack (ns):              0.485
  Arrival (ns):           13.420
  Required (ns):          13.905
  Operating Conditions: slow_lv_ht

Path 25
  From: FIC_0_PERIPHERALS_0/security_core_0/hash_core/t_Z[5]:CLK
  To:   FIC_0_PERIPHERALS_0/security_core_0/hash_core/a[26]:D
  Delay (ns):              7.320
  Slack (ns):              0.499
  Arrival (ns):           13.407
  Required (ns):          13.906
  Operating Conditions: slow_lv_ht

Path 26
  From: FIC_0_PERIPHERALS_0/security_core_0/hash_core/t_fast[2]:CLK
  To:   FIC_0_PERIPHERALS_0/security_core_0/hash_core/a[26]:D
  Delay (ns):              7.309
  Slack (ns):              0.513
  Arrival (ns):           13.393
  Required (ns):          13.906
  Operating Conditions: slow_lv_ht

Path 27
  From: FIC_0_PERIPHERALS_0/security_core_0/hash_core/t_Z[4]:CLK
  To:   FIC_0_PERIPHERALS_0/security_core_0/hash_core/e[30]:D
  Delay (ns):              7.250
  Slack (ns):              0.517
  Arrival (ns):           13.337
  Required (ns):          13.854
  Operating Conditions: slow_lv_ht

Path 28
  From: FIC_0_PERIPHERALS_0/security_core_0/hash_core/t_Z[5]:CLK
  To:   FIC_0_PERIPHERALS_0/security_core_0/hash_core/a[28]:D
  Delay (ns):              7.298
  Slack (ns):              0.520
  Arrival (ns):           13.385
  Required (ns):          13.905
  Operating Conditions: slow_lv_ht

Path 29
  From: FIC_0_PERIPHERALS_0/security_core_0/hash_core/t_Z[5]:CLK
  To:   FIC_0_PERIPHERALS_0/security_core_0/hash_core/a[27]:D
  Delay (ns):              7.290
  Slack (ns):              0.524
  Arrival (ns):           13.377
  Required (ns):          13.901
  Operating Conditions: slow_lv_ht

Path 30
  From: FIC_0_PERIPHERALS_0/security_core_0/hash_core/t_fast[2]:CLK
  To:   FIC_0_PERIPHERALS_0/security_core_0/hash_core/a[28]:D
  Delay (ns):              7.287
  Slack (ns):              0.534
  Arrival (ns):           13.371
  Required (ns):          13.905
  Operating Conditions: slow_lv_ht

Path 31
  From: FIC_0_PERIPHERALS_0/security_core_0/hash_core/t_fast[2]:CLK
  To:   FIC_0_PERIPHERALS_0/security_core_0/hash_core/a[27]:D
  Delay (ns):              7.279
  Slack (ns):              0.538
  Arrival (ns):           13.363
  Required (ns):          13.901
  Operating Conditions: slow_lv_ht

Path 32
  From: FIC_0_PERIPHERALS_0/security_core_0/hash_core/t_Z[4]:CLK
  To:   FIC_0_PERIPHERALS_0/security_core_0/hash_core/a[22]:D
  Delay (ns):              7.272
  Slack (ns):              0.546
  Arrival (ns):           13.359
  Required (ns):          13.905
  Operating Conditions: slow_lv_ht

Path 33
  From: FIC_0_PERIPHERALS_0/security_core_0/hash_core/t_Z[4]:CLK
  To:   FIC_0_PERIPHERALS_0/security_core_0/hash_core/e[28]:D
  Delay (ns):              7.241
  Slack (ns):              0.550
  Arrival (ns):           13.328
  Required (ns):          13.878
  Operating Conditions: slow_lv_ht

Path 34
  From: FIC_0_PERIPHERALS_0/security_core_0/hash_core/t_Z[4]:CLK
  To:   FIC_0_PERIPHERALS_0/security_core_0/hash_core/e[29]:D
  Delay (ns):              7.210
  Slack (ns):              0.556
  Arrival (ns):           13.297
  Required (ns):          13.853
  Operating Conditions: slow_lv_ht

Path 35
  From: FIC_0_PERIPHERALS_0/security_core_0/hash_core/t_Z[5]:CLK
  To:   FIC_0_PERIPHERALS_0/security_core_0/hash_core/a[24]:D
  Delay (ns):              7.257
  Slack (ns):              0.561
  Arrival (ns):           13.344
  Required (ns):          13.905
  Operating Conditions: slow_lv_ht

Path 36
  From: FIC_0_PERIPHERALS_0/security_core_0/hash_core/t_fast[1]:CLK
  To:   FIC_0_PERIPHERALS_0/security_core_0/hash_core/e[30]:D
  Delay (ns):              7.198
  Slack (ns):              0.569
  Arrival (ns):           13.285
  Required (ns):          13.854
  Operating Conditions: slow_lv_ht

Path 37
  From: FIC_0_PERIPHERALS_0/security_core_0/hash_core/t_fast[1]:CLK
  To:   FIC_0_PERIPHERALS_0/security_core_0/hash_core/a[22]:D
  Delay (ns):              7.247
  Slack (ns):              0.571
  Arrival (ns):           13.334
  Required (ns):          13.905
  Operating Conditions: slow_lv_ht

Path 38
  From: FIC_0_PERIPHERALS_0/security_core_0/hash_core/t_fast[2]:CLK
  To:   FIC_0_PERIPHERALS_0/security_core_0/hash_core/a[24]:D
  Delay (ns):              7.246
  Slack (ns):              0.575
  Arrival (ns):           13.330
  Required (ns):          13.905
  Operating Conditions: slow_lv_ht

Path 39
  From: FIC_0_PERIPHERALS_0/security_core_0/hash_core/t_fast[1]:CLK
  To:   FIC_0_PERIPHERALS_0/security_core_0/hash_core/e[28]:D
  Delay (ns):              7.216
  Slack (ns):              0.575
  Arrival (ns):           13.303
  Required (ns):          13.878
  Operating Conditions: slow_lv_ht

Path 40
  From: FIC_0_PERIPHERALS_0/security_core_0/hash_core/t_Z[4]:CLK
  To:   FIC_0_PERIPHERALS_0/security_core_0/hash_core/e[31]:D
  Delay (ns):              7.185
  Slack (ns):              0.582
  Arrival (ns):           13.272
  Required (ns):          13.854
  Operating Conditions: slow_lv_ht

Path 41
  From: FIC_0_PERIPHERALS_0/security_core_0/hash_core/t_Z[4]:CLK
  To:   FIC_0_PERIPHERALS_0/security_core_0/hash_core/e[22]:D
  Delay (ns):              7.220
  Slack (ns):              0.584
  Arrival (ns):           13.307
  Required (ns):          13.891
  Operating Conditions: slow_lv_ht

Path 42
  From: FIC_0_PERIPHERALS_0/security_core_0/hash_core/t_Z[5]:CLK
  To:   FIC_0_PERIPHERALS_0/security_core_0/hash_core/a[25]:D
  Delay (ns):              7.217
  Slack (ns):              0.597
  Arrival (ns):           13.304
  Required (ns):          13.901
  Operating Conditions: slow_lv_ht

Path 43
  From: FIC_0_PERIPHERALS_0/security_core_0/hash_core/t_Z[4]:CLK
  To:   FIC_0_PERIPHERALS_0/security_core_0/hash_core/e[17]:D
  Delay (ns):              7.190
  Slack (ns):              0.600
  Arrival (ns):           13.277
  Required (ns):          13.877
  Operating Conditions: slow_lv_ht

Path 44
  From: FIC_0_PERIPHERALS_0/security_core_0/hash_core/t_Z[4]:CLK
  To:   FIC_0_PERIPHERALS_0/security_core_0/hash_core/a[20]:D
  Delay (ns):              7.216
  Slack (ns):              0.603
  Arrival (ns):           13.303
  Required (ns):          13.906
  Operating Conditions: slow_lv_ht

Path 45
  From: FIC_0_PERIPHERALS_0/security_core_0/hash_core/t_fast[1]:CLK
  To:   FIC_0_PERIPHERALS_0/security_core_0/hash_core/e[29]:D
  Delay (ns):              7.158
  Slack (ns):              0.608
  Arrival (ns):           13.245
  Required (ns):          13.853
  Operating Conditions: slow_lv_ht

Path 46
  From: FIC_0_PERIPHERALS_0/security_core_0/hash_core/t_Z[4]:CLK
  To:   FIC_0_PERIPHERALS_0/security_core_0/hash_core/a[21]:D
  Delay (ns):              7.211
  Slack (ns):              0.608
  Arrival (ns):           13.298
  Required (ns):          13.906
  Operating Conditions: slow_lv_ht

Path 47
  From: FIC_0_PERIPHERALS_0/security_core_0/hash_core/t_fast[1]:CLK
  To:   FIC_0_PERIPHERALS_0/security_core_0/hash_core/e[22]:D
  Delay (ns):              7.195
  Slack (ns):              0.609
  Arrival (ns):           13.282
  Required (ns):          13.891
  Operating Conditions: slow_lv_ht

Path 48
  From: FIC_0_PERIPHERALS_0/security_core_0/hash_core/t_fast[2]:CLK
  To:   FIC_0_PERIPHERALS_0/security_core_0/hash_core/a[25]:D
  Delay (ns):              7.206
  Slack (ns):              0.611
  Arrival (ns):           13.290
  Required (ns):          13.901
  Operating Conditions: slow_lv_ht

Path 49
  From: FIC_0_PERIPHERALS_0/security_core_0/hash_core/t_Z[4]:CLK
  To:   FIC_0_PERIPHERALS_0/security_core_0/hash_core/e[21]:D
  Delay (ns):              7.162
  Slack (ns):              0.616
  Arrival (ns):           13.249
  Required (ns):          13.865
  Operating Conditions: slow_lv_ht

Path 50
  From: FIC_0_PERIPHERALS_0/security_core_0/hash_core/t_Z[4]:CLK
  To:   FIC_0_PERIPHERALS_0/security_core_0/hash_core/e[27]:D
  Delay (ns):              7.155
  Slack (ns):              0.621
  Arrival (ns):           13.242
  Required (ns):          13.863
  Operating Conditions: slow_lv_ht

Path 51
  From: FIC_0_PERIPHERALS_0/security_core_0/hash_core/t_fast[1]:CLK
  To:   FIC_0_PERIPHERALS_0/security_core_0/hash_core/e[17]:D
  Delay (ns):              7.165
  Slack (ns):              0.625
  Arrival (ns):           13.252
  Required (ns):          13.877
  Operating Conditions: slow_lv_ht

Path 52
  From: FIC_0_PERIPHERALS_0/security_core_0/hash_core/t_Z[5]:CLK
  To:   FIC_0_PERIPHERALS_0/security_core_0/hash_core/a[23]:D
  Delay (ns):              7.193
  Slack (ns):              0.625
  Arrival (ns):           13.280
  Required (ns):          13.905
  Operating Conditions: slow_lv_ht

Path 53
  From: FIC_0_PERIPHERALS_0/security_core_0/hash_core/t_fast[1]:CLK
  To:   FIC_0_PERIPHERALS_0/security_core_0/hash_core/a[20]:D
  Delay (ns):              7.191
  Slack (ns):              0.628
  Arrival (ns):           13.278
  Required (ns):          13.906
  Operating Conditions: slow_lv_ht

Path 54
  From: FIC_0_PERIPHERALS_0/security_core_0/hash_core/t_Z[4]:CLK
  To:   FIC_0_PERIPHERALS_0/security_core_0/hash_core/e[24]:D
  Delay (ns):              7.133
  Slack (ns):              0.630
  Arrival (ns):           13.220
  Required (ns):          13.850
  Operating Conditions: slow_lv_ht

Path 55
  From: FIC_0_PERIPHERALS_0/security_core_0/hash_core/t_fast[1]:CLK
  To:   FIC_0_PERIPHERALS_0/security_core_0/hash_core/a[21]:D
  Delay (ns):              7.186
  Slack (ns):              0.633
  Arrival (ns):           13.273
  Required (ns):          13.906
  Operating Conditions: slow_lv_ht

Path 56
  From: FIC_0_PERIPHERALS_0/security_core_0/hash_core/t_fast[1]:CLK
  To:   FIC_0_PERIPHERALS_0/security_core_0/hash_core/e[31]:D
  Delay (ns):              7.133
  Slack (ns):              0.634
  Arrival (ns):           13.220
  Required (ns):          13.854
  Operating Conditions: slow_lv_ht

Path 57
  From: FIC_0_PERIPHERALS_0/security_core_0/hash_core/t_fast[2]:CLK
  To:   FIC_0_PERIPHERALS_0/security_core_0/hash_core/a[23]:D
  Delay (ns):              7.182
  Slack (ns):              0.639
  Arrival (ns):           13.266
  Required (ns):          13.905
  Operating Conditions: slow_lv_ht

Path 58
  From: FIC_0_PERIPHERALS_0/security_core_0/hash_core/t_fast[1]:CLK
  To:   FIC_0_PERIPHERALS_0/security_core_0/hash_core/e[21]:D
  Delay (ns):              7.137
  Slack (ns):              0.641
  Arrival (ns):           13.224
  Required (ns):          13.865
  Operating Conditions: slow_lv_ht

Path 59
  From: FIC_0_PERIPHERALS_0/security_core_0/hash_core/t_fast[1]:CLK
  To:   FIC_0_PERIPHERALS_0/security_core_0/hash_core/e[27]:D
  Delay (ns):              7.130
  Slack (ns):              0.646
  Arrival (ns):           13.217
  Required (ns):          13.863
  Operating Conditions: slow_lv_ht

Path 60
  From: FIC_0_PERIPHERALS_0/security_core_0/hash_core/t_fast[1]:CLK
  To:   FIC_0_PERIPHERALS_0/security_core_0/hash_core/e[24]:D
  Delay (ns):              7.108
  Slack (ns):              0.655
  Arrival (ns):           13.195
  Required (ns):          13.850
  Operating Conditions: slow_lv_ht

Path 61
  From: FIC_0_PERIPHERALS_0/security_core_0/hash_core/t_Z[4]:CLK
  To:   FIC_0_PERIPHERALS_0/security_core_0/hash_core/a[18]:D
  Delay (ns):              7.160
  Slack (ns):              0.659
  Arrival (ns):           13.247
  Required (ns):          13.906
  Operating Conditions: slow_lv_ht

Path 62
  From: FIC_0_PERIPHERALS_0/security_core_0/hash_core/t_Z[4]:CLK
  To:   FIC_0_PERIPHERALS_0/security_core_0/hash_core/e[18]:D
  Delay (ns):              7.122
  Slack (ns):              0.660
  Arrival (ns):           13.209
  Required (ns):          13.869
  Operating Conditions: slow_lv_ht

Path 63
  From: FIC_0_PERIPHERALS_0/security_core_0/hash_core/t_Z[4]:CLK
  To:   FIC_0_PERIPHERALS_0/security_core_0/hash_core/a[19]:D
  Delay (ns):              7.151
  Slack (ns):              0.667
  Arrival (ns):           13.238
  Required (ns):          13.905
  Operating Conditions: slow_lv_ht

Path 64
  From: FIC_0_PERIPHERALS_0/security_core_0/hash_core/t_Z[3]:CLK
  To:   FIC_0_PERIPHERALS_0/security_core_0/hash_core/a[29]:D
  Delay (ns):              7.150
  Slack (ns):              0.668
  Arrival (ns):           13.237
  Required (ns):          13.905
  Operating Conditions: slow_lv_ht

Path 65
  From: FIC_0_PERIPHERALS_0/security_core_0/hash_core/t_Z[5]:CLK
  To:   FIC_0_PERIPHERALS_0/security_core_0/hash_core/e[30]:D
  Delay (ns):              7.084
  Slack (ns):              0.683
  Arrival (ns):           13.171
  Required (ns):          13.854
  Operating Conditions: slow_lv_ht

Path 66
  From: FIC_0_PERIPHERALS_0/security_core_0/hash_core/t_Z[3]:CLK
  To:   FIC_0_PERIPHERALS_0/security_core_0/hash_core/a[30]:D
  Delay (ns):              7.130
  Slack (ns):              0.683
  Arrival (ns):           13.217
  Required (ns):          13.900
  Operating Conditions: slow_lv_ht

Path 67
  From: FIC_0_PERIPHERALS_0/security_core_0/hash_core/t_fast[1]:CLK
  To:   FIC_0_PERIPHERALS_0/security_core_0/hash_core/e[18]:D
  Delay (ns):              7.097
  Slack (ns):              0.685
  Arrival (ns):           13.184
  Required (ns):          13.869
  Operating Conditions: slow_lv_ht

Path 68
  From: FIC_0_PERIPHERALS_0/security_core_0/hash_core/t_fast[1]:CLK
  To:   FIC_0_PERIPHERALS_0/security_core_0/hash_core/a[18]:D
  Delay (ns):              7.134
  Slack (ns):              0.685
  Arrival (ns):           13.221
  Required (ns):          13.906
  Operating Conditions: slow_lv_ht

Path 69
  From: FIC_0_PERIPHERALS_0/security_core_0/hash_core/t_fast[1]:CLK
  To:   FIC_0_PERIPHERALS_0/security_core_0/hash_core/a[19]:D
  Delay (ns):              7.126
  Slack (ns):              0.692
  Arrival (ns):           13.213
  Required (ns):          13.905
  Operating Conditions: slow_lv_ht

Path 70
  From: FIC_0_PERIPHERALS_0/security_core_0/hash_core/t_Z[3]:CLK
  To:   FIC_0_PERIPHERALS_0/security_core_0/hash_core/a[31]:D
  Delay (ns):              7.120
  Slack (ns):              0.694
  Arrival (ns):           13.207
  Required (ns):          13.901
  Operating Conditions: slow_lv_ht

Path 71
  From: FIC_0_PERIPHERALS_0/security_core_0/hash_core/t_fast[2]:CLK
  To:   FIC_0_PERIPHERALS_0/security_core_0/hash_core/e[30]:D
  Delay (ns):              7.074
  Slack (ns):              0.696
  Arrival (ns):           13.158
  Required (ns):          13.854
  Operating Conditions: slow_lv_ht

Path 72
  From: FIC_0_PERIPHERALS_0/security_core_0/hash_core/t_Z[5]:CLK
  To:   FIC_0_PERIPHERALS_0/security_core_0/hash_core/a[22]:D
  Delay (ns):              7.107
  Slack (ns):              0.711
  Arrival (ns):           13.194
  Required (ns):          13.905
  Operating Conditions: slow_lv_ht

Path 73
  From: FIC_0_PERIPHERALS_0/security_core_0/hash_core/t_Z[5]:CLK
  To:   FIC_0_PERIPHERALS_0/security_core_0/hash_core/e[28]:D
  Delay (ns):              7.076
  Slack (ns):              0.715
  Arrival (ns):           13.163
  Required (ns):          13.878
  Operating Conditions: slow_lv_ht

Path 74
  From: FIC_0_PERIPHERALS_0/security_core_0/hash_core/t_Z[5]:CLK
  To:   FIC_0_PERIPHERALS_0/security_core_0/hash_core/e[29]:D
  Delay (ns):              7.044
  Slack (ns):              0.722
  Arrival (ns):           13.131
  Required (ns):          13.853
  Operating Conditions: slow_lv_ht

Path 75
  From: FIC_0_PERIPHERALS_0/security_core_0/hash_core/t_fast[2]:CLK
  To:   FIC_0_PERIPHERALS_0/security_core_0/hash_core/a[22]:D
  Delay (ns):              7.096
  Slack (ns):              0.725
  Arrival (ns):           13.180
  Required (ns):          13.905
  Operating Conditions: slow_lv_ht

Path 76
  From: FIC_0_PERIPHERALS_0/security_core_0/hash_core/t_fast[2]:CLK
  To:   FIC_0_PERIPHERALS_0/security_core_0/hash_core/e[28]:D
  Delay (ns):              7.065
  Slack (ns):              0.729
  Arrival (ns):           13.149
  Required (ns):          13.878
  Operating Conditions: slow_lv_ht

Path 77
  From: FIC_0_PERIPHERALS_0/security_core_0/hash_core/t_Z[3]:CLK
  To:   FIC_0_PERIPHERALS_0/security_core_0/hash_core/a[26]:D
  Delay (ns):              7.085
  Slack (ns):              0.734
  Arrival (ns):           13.172
  Required (ns):          13.906
  Operating Conditions: slow_lv_ht

Path 78
  From: FIC_0_PERIPHERALS_0/security_core_0/hash_core/t_fast[2]:CLK
  To:   FIC_0_PERIPHERALS_0/security_core_0/hash_core/e[29]:D
  Delay (ns):              7.034
  Slack (ns):              0.735
  Arrival (ns):           13.118
  Required (ns):          13.853
  Operating Conditions: slow_lv_ht

Path 79
  From: FIC_0_PERIPHERALS_0/security_core_0/hash_core/t_Z[4]:CLK
  To:   FIC_0_PERIPHERALS_0/security_core_0/hash_core/a[17]:D
  Delay (ns):              7.084
  Slack (ns):              0.735
  Arrival (ns):           13.171
  Required (ns):          13.906
  Operating Conditions: slow_lv_ht

Path 80
  From: FIC_0_PERIPHERALS_0/security_core_0/hash_core/t_Z[4]:CLK
  To:   FIC_0_PERIPHERALS_0/security_core_0/hash_core/a[7]:D
  Delay (ns):              7.011
  Slack (ns):              0.740
  Arrival (ns):           13.098
  Required (ns):          13.838
  Operating Conditions: slow_lv_ht

Path 81
  From: FIC_0_PERIPHERALS_0/security_core_0/hash_core/t_Z[5]:CLK
  To:   FIC_0_PERIPHERALS_0/security_core_0/hash_core/e[31]:D
  Delay (ns):              7.019
  Slack (ns):              0.748
  Arrival (ns):           13.106
  Required (ns):          13.854
  Operating Conditions: slow_lv_ht

Path 82
  From: FIC_0_PERIPHERALS_0/security_core_0/hash_core/t_Z[5]:CLK
  To:   FIC_0_PERIPHERALS_0/security_core_0/hash_core/e[22]:D
  Delay (ns):              7.055
  Slack (ns):              0.749
  Arrival (ns):           13.142
  Required (ns):          13.891
  Operating Conditions: slow_lv_ht

Path 83
  From: FIC_0_PERIPHERALS_0/security_core_0/hash_core/t_Z[3]:CLK
  To:   FIC_0_PERIPHERALS_0/security_core_0/hash_core/a[28]:D
  Delay (ns):              7.063
  Slack (ns):              0.755
  Arrival (ns):           13.150
  Required (ns):          13.905
  Operating Conditions: slow_lv_ht

Path 84
  From: FIC_0_PERIPHERALS_0/security_core_0/hash_core/t_Z[4]:CLK
  To:   FIC_0_PERIPHERALS_0/security_core_0/hash_core/e[25]:D
  Delay (ns):              7.028
  Slack (ns):              0.759
  Arrival (ns):           13.115
  Required (ns):          13.874
  Operating Conditions: slow_lv_ht

Path 85
  From: FIC_0_PERIPHERALS_0/security_core_0/hash_core/t_Z[3]:CLK
  To:   FIC_0_PERIPHERALS_0/security_core_0/hash_core/a[27]:D
  Delay (ns):              7.055
  Slack (ns):              0.759
  Arrival (ns):           13.142
  Required (ns):          13.901
  Operating Conditions: slow_lv_ht

Path 86
  From: FIC_0_PERIPHERALS_0/security_core_0/hash_core/t_fast[2]:CLK
  To:   FIC_0_PERIPHERALS_0/security_core_0/hash_core/e[31]:D
  Delay (ns):              7.009
  Slack (ns):              0.761
  Arrival (ns):           13.093
  Required (ns):          13.854
  Operating Conditions: slow_lv_ht

Path 87
  From: FIC_0_PERIPHERALS_0/security_core_0/hash_core/t_fast[1]:CLK
  To:   FIC_0_PERIPHERALS_0/security_core_0/hash_core/a[17]:D
  Delay (ns):              7.058
  Slack (ns):              0.761
  Arrival (ns):           13.145
  Required (ns):          13.906
  Operating Conditions: slow_lv_ht

Path 88
  From: FIC_0_PERIPHERALS_0/security_core_0/hash_core/t_fast[2]:CLK
  To:   FIC_0_PERIPHERALS_0/security_core_0/hash_core/e[22]:D
  Delay (ns):              7.044
  Slack (ns):              0.763
  Arrival (ns):           13.128
  Required (ns):          13.891
  Operating Conditions: slow_lv_ht

Path 89
  From: FIC_0_PERIPHERALS_0/security_core_0/hash_core/t_Z[5]:CLK
  To:   FIC_0_PERIPHERALS_0/security_core_0/hash_core/e[17]:D
  Delay (ns):              7.025
  Slack (ns):              0.765
  Arrival (ns):           13.112
  Required (ns):          13.877
  Operating Conditions: slow_lv_ht

Path 90
  From: FIC_0_PERIPHERALS_0/security_core_0/hash_core/t_Z[5]:CLK
  To:   FIC_0_PERIPHERALS_0/security_core_0/hash_core/a[20]:D
  Delay (ns):              7.051
  Slack (ns):              0.768
  Arrival (ns):           13.138
  Required (ns):          13.906
  Operating Conditions: slow_lv_ht

Path 91
  From: FIC_0_PERIPHERALS_0/security_core_0/hash_core/t_Z[4]:CLK
  To:   FIC_0_PERIPHERALS_0/security_core_0/hash_core/e[19]:D
  Delay (ns):              7.004
  Slack (ns):              0.768
  Arrival (ns):           13.091
  Required (ns):          13.859
  Operating Conditions: slow_lv_ht

Path 92
  From: FIC_0_PERIPHERALS_0/security_core_0/hash_core/t_Z[5]:CLK
  To:   FIC_0_PERIPHERALS_0/security_core_0/hash_core/a[21]:D
  Delay (ns):              7.046
  Slack (ns):              0.773
  Arrival (ns):           13.133
  Required (ns):          13.906
  Operating Conditions: slow_lv_ht

Path 93
  From: FIC_0_PERIPHERALS_0/security_core_0/hash_core/t_fast[2]:CLK
  To:   FIC_0_PERIPHERALS_0/security_core_0/hash_core/e[17]:D
  Delay (ns):              7.014
  Slack (ns):              0.779
  Arrival (ns):           13.098
  Required (ns):          13.877
  Operating Conditions: slow_lv_ht

Path 94
  From: FIC_0_PERIPHERALS_0/security_core_0/hash_core/t_Z[5]:CLK
  To:   FIC_0_PERIPHERALS_0/security_core_0/hash_core/e[21]:D
  Delay (ns):              6.997
  Slack (ns):              0.781
  Arrival (ns):           13.084
  Required (ns):          13.865
  Operating Conditions: slow_lv_ht

Path 95
  From: FIC_0_PERIPHERALS_0/security_core_0/hash_core/t_fast[2]:CLK
  To:   FIC_0_PERIPHERALS_0/security_core_0/hash_core/a[20]:D
  Delay (ns):              7.040
  Slack (ns):              0.782
  Arrival (ns):           13.124
  Required (ns):          13.906
  Operating Conditions: slow_lv_ht

Path 96
  From: FIC_0_PERIPHERALS_0/security_core_0/hash_core/t_fast[1]:CLK
  To:   FIC_0_PERIPHERALS_0/security_core_0/hash_core/e[25]:D
  Delay (ns):              7.003
  Slack (ns):              0.784
  Arrival (ns):           13.090
  Required (ns):          13.874
  Operating Conditions: slow_lv_ht

Path 97
  From: FIC_0_PERIPHERALS_0/security_core_0/hash_core/t_Z[5]:CLK
  To:   FIC_0_PERIPHERALS_0/security_core_0/hash_core/e[27]:D
  Delay (ns):              6.990
  Slack (ns):              0.786
  Arrival (ns):           13.077
  Required (ns):          13.863
  Operating Conditions: slow_lv_ht

Path 98
  From: FIC_0_PERIPHERALS_0/security_core_0/hash_core/t_fast[2]:CLK
  To:   FIC_0_PERIPHERALS_0/security_core_0/hash_core/a[21]:D
  Delay (ns):              7.035
  Slack (ns):              0.787
  Arrival (ns):           13.119
  Required (ns):          13.906
  Operating Conditions: slow_lv_ht

Path 99
  From: FIC_0_PERIPHERALS_0/security_core_0/hash_core/t_fast[1]:CLK
  To:   FIC_0_PERIPHERALS_0/security_core_0/hash_core/a[7]:D
  Delay (ns):              6.959
  Slack (ns):              0.792
  Arrival (ns):           13.046
  Required (ns):          13.838
  Operating Conditions: slow_lv_ht

Path 100
  From: FIC_0_PERIPHERALS_0/security_core_0/hash_core/t_Z[5]:CLK
  To:   FIC_0_PERIPHERALS_0/security_core_0/hash_core/a[7]:D
  Delay (ns):              6.958
  Slack (ns):              0.793
  Arrival (ns):           13.045
  Required (ns):          13.838
  Operating Conditions: slow_lv_ht

