Compile Report
Microchip Technology Inc. - Microchip Libero Software Release 2025.2 (Version 2025.2.0.14)
Date: Wed Apr  8 23:28:52 2026

Device Selection
+------------------------+--------------+
| Family                 | PolarFireSoC |
| Device                 | MPFS095T     |
| Package                | FCSG325      |
| Speed Grade            | -1           |
| Core Voltage           | 1.0V         |
| Part Range             | EXT          |
| Default I/O technology | LVCMOS 1.8V  |
+------------------------+--------------+

Source Files
+---------+----------------------------------------------------------------------------------------------------------------------+
| Topcell | MPFS_DISCOVERY_KIT                                                                                                   |
| Format  | Verilog                                                                                                              |
| Source  | C:\Users\Danug\Documents\Code\SecureVISION-polarfire-reference-design\MPFS_DISCOVERY\synthesis\MPFS_DISCOVERY_KIT.vm |
+---------+----------------------------------------------------------------------------------------------------------------------+

Options
+----------------------------------------------------+----+
| Limit the number of high fanout nets to display to | 10 |
+----------------------------------------------------+----+

Resource Usage
+-----------------------------+-------+-------+------------+
| Type                        | Used  | Total | Percentage |
+-----------------------------+-------+-------+------------+
| 4LUT                        | 46072 | 93516 | 49.27      |
| DFF                         | 29008 | 93516 | 31.02      |
| User I/O                    | 64    | 80    | 80.00      |
| -- Single-ended I/O         | 58    | 80    | 72.50      |
| -- Differential I/O Pairs   | 3     | 40    | 7.50       |
| -- I/Os using I/O Registers | 0     | 80    | 0.00       |
| I/O Register Flip-Flops     | 0     | 240   | 0.00       |
| -- Input  I/O Flip-Flops    | 0     | 80    | 0.00       |
| -- Output I/O Flip-Flops    | 0     | 80    | 0.00       |
| -- Enable I/O Flip-Flops    | 0     | 80    | 0.00       |
| uSRAM                       | 105   | 876   | 11.99      |
| LSRAM                       | 45    | 308   | 14.61      |
| Math                        | 0     | 292   | 0.00       |
| H-Chip Global               | 11    | 48    | 22.92      |
| PLL                         | 2     | 8     | 25.00      |
| DLL                         | 0     | 8     | 0.00       |
| CRN_INT                     | 2     | 24    | 8.33       |
| INIT                        | 1     | 1     | 100.00     |
| DRI                         | 1     | 1     | 100.00     |
| Transceiver Lanes           | 0     | 2     | 0.00       |
| Transceiver PCIe            | 0     | 2     | 0.00       |
| ICB_CLKDIV                  | 2     | 20    | 10.00      |
| ICB_CLKINT                  | 6     | 68    | 8.82       |
| MSS                         | 1     | 1     | 100.00     |
| MSS I/O                     | 77    | 102   | 75.49      |
+-----------------------------+-------+-------+------------+

Detailed Logic Resource Usage
+-----------------------+-------+-------+
| Type                  | 4LUT  | DFF   |
+-----------------------+-------+-------+
| Fabric Logic          | 43192 | 26128 |
| uSRAM Interface Logic | 1260  | 1260  |
| LSRAM Interface Logic | 1620  | 1620  |
| Math Interface Logic  | 0     | 0     |
| Total Used            | 46072 | 29008 |
+-----------------------+-------+-------+

Detailed Carry Chains Resource Usage
+--------+------+
| Length | Used |
| 2      | 2    |
| 3      | 3    |
| 5      | 5    |
| 6      | 20   |
| 7      | 32   |
| 8      | 63   |
| 9      | 70   |
| 10     | 25   |
| 11     | 22   |
| 12     | 18   |
| 13     | 15   |
| 14     | 29   |
| 16     | 2    |
| 17     | 6    |
| 23     | 2    |
| 24     | 1    |
| 25     | 5    |
| 29     | 1    |
| 32     | 15   |
| 33     | 6    |
| 35     | 1    |
| 63     | 12   |
| Total  | 355  |
+--------+------+

Detailed 4LUT Groups Resource Usage
+--------+------+
| Length | Used |
| 2      | 3136 |
| 5      | 188  |
| 46     | 8    |
| Total  | 3332 |
+--------+------+

I/O Function
+-------------------------------+--------------+-------------+-----------------+
| Type                          | w/o register | w/ register | w/ DDR register |
+-------------------------------+--------------+-------------+-----------------+
| Input I/O                     | 15           | 0           | 0               |
| Output I/O                    | 19           | 0           | 0               |
| Bidirectional I/O             | 24           | 0           | 0               |
| Differential Input I/O Pairs  | 3            | 0           | 0               |
| Differential Output I/O Pairs | 0            | 0           | 0               |
+-------------------------------+--------------+-------------+-----------------+

Nets assigned to chip global resources
+--------+---------+-------------------------------------------------------------------------------------------------------------+
| Fanout | Type    | Name                                                                                                        |
+--------+---------+-------------------------------------------------------------------------------------------------------------+
| 23107  | INT_NET | Net   : CLOCKS_AND_RESETS_0_FIC_0_CLK                                                                       |
|        |         | Driver: CLOCKS_AND_RESETS_0/CCC_FIC_x_CLK/PF_CCC_C0_0/clkint_0/U0_RGB1                                      |
|        |         | Source: NETLIST                                                                                             |
| 15613  | INT_NET | Net   : dff_arst                                                                                            |
|        |         | Driver: CLOCKS_AND_RESETS_0/RESET_FIC_0_CLK/CORERESET_0/dff_15_RNIJUDE1_0[0]/U0_RGB1                        |
|        |         | Source: NETLIST                                                                                             |
| 6266   | INT_NET | Net   : FIC_0_PERIPHERALS_0/FIC0_INITIATOR_inst_0/FIC0_INITIATOR_0/sysReset_arst                            |
|        |         | Driver: FIC_0_PERIPHERALS_0/FIC0_INITIATOR_inst_0/FIC0_INITIATOR_0/arst_aclk_sync/sysReset_RNIHOMD2/U0_RGB1 |
|        |         | Source: NETLIST                                                                                             |
| 1485   | INT_NET | Net   : FIC_0_PERIPHERALS_0/DMA_INITIATOR_inst_0/DMA_INITIATOR_0/sysReset_arst                              |
|        |         | Driver: FIC_0_PERIPHERALS_0/DMA_INITIATOR_inst_0/DMA_INITIATOR_0/arst_aclk_sync/sysReset_RNIRN277/U0_RGB1   |
|        |         | Source: NETLIST                                                                                             |
| 1446   | INT_NET | Net   : MIPI_CAMERA_0/PF_IOD_GENERIC_RX_C0_0_RX_CLK_G                                                       |
|        |         | Driver: MIPI_CAMERA_0/PF_IOD_GENERIC_RX_C0_0/CLKINT_0/U0_RGB1                                               |
|        |         | Source: NETLIST                                                                                             |
| 1136   | INT_NET | Net   : CLOCKS_AND_RESETS_0_FIC_3_CLK                                                                       |
|        |         | Driver: CLOCKS_AND_RESETS_0/CCC_FIC_x_CLK/PF_CCC_C0_0/clkint_12/U0_RGB1                                     |
|        |         | Source: NETLIST                                                                                             |
| 1055   | INT_NET | Net   : dff_arst_0                                                                                          |
|        |         | Driver: CLOCKS_AND_RESETS_0/RESET_FIC_3_CLK/CORERESET_0/dff_15_rep_RNIS9V04[0]/U0_RGB1                      |
|        |         | Source: NETLIST                                                                                             |
| 597    | INT_NET | Net   : CLOCKS_AND_RESETS_0_FIC_1_CLK                                                                       |
|        |         | Driver: CLOCKS_AND_RESETS_0/CCC_FIC_x_CLK/PF_CCC_C0_0/clkint_4/U0_RGB1                                      |
|        |         | Source: NETLIST                                                                                             |
| 333    | INT_NET | Net   : MIPI_CAMERA_0/PF_CCC_C1_0_OUT0_FABCLK_0                                                             |
|        |         | Driver: MIPI_CAMERA_0/PF_CCC_C1_0/PF_CCC_C1_0/clkint_0/U0_RGB1                                              |
|        |         | Source: NETLIST                                                                                             |
| 1      | INT_NET | Net   : CLOCKS_AND_RESETS_0_FIC_2_CLK                                                                       |
|        |         | Driver: CLOCKS_AND_RESETS_0/CCC_FIC_x_CLK/PF_CCC_C0_0/clkint_8/U0_RGB1                                      |
|        |         | Source: NETLIST                                                                                             |
| 1      | INT_NET | Net   : CLOCKS_AND_RESETS_0/CLKINT_REF_CLK_50MHz_Y                                                          |
|        |         | Driver: CLOCKS_AND_RESETS_0/CLKINT_REF_CLK_50MHz/U0_RGB1                                                    |
|        |         | Source: NETLIST                                                                                             |
+--------+---------+-------------------------------------------------------------------------------------------------------------+

Nets assigned to row global resources
+--------+------+------+
| Fanout | Type | Name |
+--------+------+------+
+--------+------+------+

High fanout nets
+--------+---------+----------------------------------------------------------------------------------------+
| Fanout | Type    | Name                                                                                   |
+--------+---------+----------------------------------------------------------------------------------------+
| 3075   | INT_NET | Net   : FIC_0_PERIPHERALS_0/security_core_0/aes_exp_addr_Z[2]                          |
|        |         | Driver: FIC_0_PERIPHERALS_0/security_core_0/aes_exp_addr[2]                            |
| 2401   | INT_NET | Net   : FIC_0_PERIPHERALS_0/security_core_0/key_expansion/t_Z[1]                       |
|        |         | Driver: FIC_0_PERIPHERALS_0/security_core_0/key_expansion/t_rep[1]                     |
| 2401   | INT_NET | Net   : FIC_0_PERIPHERALS_0/security_core_0/key_expansion/ANB2                         |
|        |         | Driver: FIC_0_PERIPHERALS_0/security_core_0/key_expansion/t_rep[5]                     |
| 1681   | INT_NET | Net   : FIC_0_PERIPHERALS_0/security_core_0/key_expansion/t_Z[0]                       |
|        |         | Driver: FIC_0_PERIPHERALS_0/security_core_0/key_expansion/t[0]                         |
| 1551   | INT_NET | Net   : FIC_0_PERIPHERALS_0/security_core_0/key_expansion/ANB1                         |
|        |         | Driver: FIC_0_PERIPHERALS_0/security_core_0/key_expansion/t_rep[4]                     |
| 1538   | INT_NET | Net   : FIC_0_PERIPHERALS_0/security_core_0/aes_exp_addr_Z[3]                          |
|        |         | Driver: FIC_0_PERIPHERALS_0/security_core_0/aes_exp_addr[3]                            |
| 1319   | INT_NET | Net   : FIC_0_PERIPHERALS_0/security_core_0/key_expansion/ANB0                         |
|        |         | Driver: FIC_0_PERIPHERALS_0/security_core_0/key_expansion/t[3]                         |
| 771    | INT_NET | Net   : FIC_0_PERIPHERALS_0/security_core_0/CO0_0                                      |
|        |         | Driver: FIC_0_PERIPHERALS_0/security_core_0/aes_exp_addr[0]                            |
| 747    | INT_NET | Net   : FIC_0_PERIPHERALS_0/security_core_0/key_expansion/N_56229_i_0_o2               |
|        |         | Driver: FIC_0_PERIPHERALS_0/security_core_0/key_expansion/state_ns_4_0_.N_56229_i_0_o2 |
| 725    | INT_NET | Net   : MIPI_CAMERA_0/mipicsi2rxdecoderPF_C0_0/MSC_i_0/MSC_net_387                     |
|        |         | Driver: MIPI_CAMERA_0/mipicsi2rxdecoderPF_C0_0/MSC_i_0/reset_w                         |
+--------+---------+----------------------------------------------------------------------------------------+

High fanout nets (through buffer trees)
+--------+---------+----------------------------------------------------------------------------------------+
| Fanout | Type    | Name                                                                                   |
+--------+---------+----------------------------------------------------------------------------------------+
| 3075   | INT_NET | Net   : FIC_0_PERIPHERALS_0/security_core_0/aes_exp_addr_Z[2]                          |
|        |         | Driver: FIC_0_PERIPHERALS_0/security_core_0/aes_exp_addr[2]                            |
| 2401   | INT_NET | Net   : FIC_0_PERIPHERALS_0/security_core_0/key_expansion/t_Z[1]                       |
|        |         | Driver: FIC_0_PERIPHERALS_0/security_core_0/key_expansion/t_rep[1]                     |
| 2401   | INT_NET | Net   : FIC_0_PERIPHERALS_0/security_core_0/key_expansion/ANB2                         |
|        |         | Driver: FIC_0_PERIPHERALS_0/security_core_0/key_expansion/t_rep[5]                     |
| 1681   | INT_NET | Net   : FIC_0_PERIPHERALS_0/security_core_0/key_expansion/t_Z[0]                       |
|        |         | Driver: FIC_0_PERIPHERALS_0/security_core_0/key_expansion/t[0]                         |
| 1551   | INT_NET | Net   : FIC_0_PERIPHERALS_0/security_core_0/key_expansion/ANB1                         |
|        |         | Driver: FIC_0_PERIPHERALS_0/security_core_0/key_expansion/t_rep[4]                     |
| 1538   | INT_NET | Net   : FIC_0_PERIPHERALS_0/security_core_0/aes_exp_addr_Z[3]                          |
|        |         | Driver: FIC_0_PERIPHERALS_0/security_core_0/aes_exp_addr[3]                            |
| 1319   | INT_NET | Net   : FIC_0_PERIPHERALS_0/security_core_0/key_expansion/ANB0                         |
|        |         | Driver: FIC_0_PERIPHERALS_0/security_core_0/key_expansion/t[3]                         |
| 771    | INT_NET | Net   : FIC_0_PERIPHERALS_0/security_core_0/CO0_0                                      |
|        |         | Driver: FIC_0_PERIPHERALS_0/security_core_0/aes_exp_addr[0]                            |
| 747    | INT_NET | Net   : FIC_0_PERIPHERALS_0/security_core_0/key_expansion/N_56229_i_0_o2               |
|        |         | Driver: FIC_0_PERIPHERALS_0/security_core_0/key_expansion/state_ns_4_0_.N_56229_i_0_o2 |
| 725    | INT_NET | Net   : MIPI_CAMERA_0/mipicsi2rxdecoderPF_C0_0/MSC_i_0/MSC_net_387                     |
|        |         | Driver: MIPI_CAMERA_0/mipicsi2rxdecoderPF_C0_0/MSC_i_0/reset_w                         |
+--------+---------+----------------------------------------------------------------------------------------+

