----------------------------------------------------------------
-Pin Report - Date: Sun Apr 12 02:46:00 2026 Pinchecksum: NOT-AVAILABLE
-Product: Designer
-Release: 2025.2
-Version: 2025.2.0.14
-Design Name: MPFS_DISCOVERY_KIT
-Family: PolarFireSoC
-Die: MPFS095T
-Package: FCSG325
-----------------------------------------------------------------

Port              |Pin  |Fixed |Function                                               |Bank     |I/O Std   |Direction    |Used I/O Reg       |User I/O Lock Down |Clamp Diode   |Resistor Pull                     |Use I/O Calibration from the lane |Schmitt Trigger |Vcm Input Range    |On Die Termination |Odt Value (Ohm) |Input Delay |Slew              |Output Drive (mA) |Impedance (ohm)  |Output Load (pF)         |Source Termination (Ohm) |Output Delay      |MSS Resistor Pull |MSS Clamp Diode |MSS Persist            |MSS User I/O Lock Down |MSS Odt (Ohm)      |MSS Thevenin (Ohm)  |MSS Schmitt Trigger |MSS Vcm Input Range               |MSS Low Power Mode Input Receiver |MSS Low Power Mode Output Buffer |MSS Output Drive (mA)        |MSS Source Termination (Ohm) |
------------------|-----|------|-------------------------------------------------------|---------|----------|-------------|-------------------|-------------------|--------------|----------------------------------|----------------------------------|----------------|-------------------|-------------------|----------------|------------|------------------|------------------|-----------------|-------------------------|-------------------------|------------------|------------------|----------------|-----------------------|-----------------------|-------------------|--------------------|--------------------|----------------------------------|----------------------------------|---------------------------------|-----------------------------|-----------------------------|
A[0]               W6    Yes    MSS_DDR_A0                                              Bank6     HSTL12I    Output        ---                 ---                 ---            ---                                ---                                ---              ---                 ---                 ---              ---          ---                ---                ---               ---                       ---                       ---                ---                ---              ---                     OFF                     ---                 ---                  ---                  ---                                ---                                ---                               34                            ---                           
A[1]               Y6    Yes    MSS_DDR_A1                                              Bank6     HSTL12I    Output        ---                 ---                 ---            ---                                ---                                ---              ---                 ---                 ---              ---          ---                ---                ---               ---                       ---                       ---                ---                ---              ---                     OFF                     ---                 ---                  ---                  ---                                ---                                ---                               34                            ---                           
A[2]               V8    Yes    MSS_DDR_A2                                              Bank6     HSTL12I    Output        ---                 ---                 ---            ---                                ---                                ---              ---                 ---                 ---              ---          ---                ---                ---               ---                       ---                       ---                ---                ---              ---                     OFF                     ---                 ---                  ---                  ---                                ---                                ---                               34                            ---                           
A[3]               AA8   Yes    MSS_DDR_A3                                              Bank6     HSTL12I    Output        ---                 ---                 ---            ---                                ---                                ---              ---                 ---                 ---              ---          ---                ---                ---               ---                       ---                       ---                ---                ---              ---                     OFF                     ---                 ---                  ---                  ---                                ---                                ---                               34                            ---                           
A[4]               AA5   Yes    MSS_DDR_A4                                              Bank6     HSTL12I    Output        ---                 ---                 ---            ---                                ---                                ---              ---                 ---                 ---              ---          ---                ---                ---               ---                       ---                       ---                ---                ---              ---                     OFF                     ---                 ---                  ---                  ---                                ---                                ---                               34                            ---                           
A[5]               Y5    Yes    MSS_DDR_A5                                              Bank6     HSTL12I    Output        ---                 ---                 ---            ---                                ---                                ---              ---                 ---                 ---              ---          ---                ---                ---               ---                       ---                       ---                ---                ---              ---                     OFF                     ---                 ---                  ---                  ---                                ---                                ---                               34                            ---                           
A[6]               U7    Yes    MSS_DDR_A6                                              Bank6     HSTL12I    Output        ---                 ---                 ---            ---                                ---                                ---              ---                 ---                 ---              ---          ---                ---                ---               ---                       ---                       ---                ---                ---              ---                     OFF                     ---                 ---                  ---                  ---                                ---                                ---                               34                            ---                           
A[7]               V7    Yes    MSS_DDR_A7                                              Bank6     HSTL12I    Output        ---                 ---                 ---            ---                                ---                                ---              ---                 ---                 ---              ---          ---                ---                ---               ---                       ---                       ---                ---                ---              ---                     OFF                     ---                 ---                  ---                  ---                                ---                                ---                               34                            ---                           
A[8]               U6    Yes    MSS_DDR_A8                                              Bank6     HSTL12I    Output        ---                 ---                 ---            ---                                ---                                ---              ---                 ---                 ---              ---          ---                ---                ---               ---                       ---                       ---                ---                ---              ---                     OFF                     ---                 ---                  ---                  ---                                ---                                ---                               34                            ---                           
A[9]               U8    Yes    MSS_DDR_A9                                              Bank6     HSTL12I    Output        ---                 ---                 ---            ---                                ---                                ---              ---                 ---                 ---              ---          ---                ---                ---               ---                       ---                       ---                ---                ---              ---                     OFF                     ---                 ---                  ---                  ---                                ---                                ---                               34                            ---                           
A[10]              Y2    Yes    MSS_DDR_A10                                             Bank6     HSTL12I    Output        ---                 ---                 ---            ---                                ---                                ---              ---                 ---                 ---              ---          ---                ---                ---               ---                       ---                       ---                ---                ---              ---                     OFF                     ---                 ---                  ---                  ---                                ---                                ---                               34                            ---                           
A[11]              AA2   Yes    MSS_DDR_A11                                             Bank6     HSTL12I    Output        ---                 ---                 ---            ---                                ---                                ---              ---                 ---                 ---              ---          ---                ---                ---               ---                       ---                       ---                ---                ---              ---                     OFF                     ---                 ---                  ---                  ---                                ---                                ---                               34                            ---                           
A[12]              V1    Yes    MSS_DDR_A12                                             Bank6     HSTL12I    Output        ---                 ---                 ---            ---                                ---                                ---              ---                 ---                 ---              ---          ---                ---                ---               ---                       ---                       ---                ---                ---              ---                     OFF                     ---                 ---                  ---                  ---                                ---                                ---                               34                            ---                           
A[13]              W1    Yes    MSS_DDR_A13                                             Bank6     HSTL12I    Output        ---                 ---                 ---            ---                                ---                                ---              ---                 ---                 ---              ---          ---                ---                ---               ---                       ---                       ---                ---                ---              ---                     OFF                     ---                 ---                  ---                  ---                                ---                                ---                               34                            ---                           
ACT_N              T5    Yes    MSS_DDR_ACT_N                                           Bank6     HSTL12I    Output        ---                 ---                 ---            ---                                ---                                ---              ---                 ---                 ---              ---          ---                ---                ---               ---                       ---                       ---                ---                ---              ---                     OFF                     ---                 ---                  ---                  ---                                ---                                ---                               34                            ---                           
BA[0]              AA3   Yes    MSS_DDR_BA0                                             Bank6     HSTL12I    Output        ---                 ---                 ---            ---                                ---                                ---              ---                 ---                 ---              ---          ---                ---                ---               ---                       ---                       ---                ---                ---              ---                     OFF                     ---                 ---                  ---                  ---                                ---                                ---                               34                            ---                           
BA[1]              U5    Yes    MSS_DDR_BA1                                             Bank6     HSTL12I    Output        ---                 ---                 ---            ---                                ---                                ---              ---                 ---                 ---              ---          ---                ---                ---               ---                       ---                       ---                ---                ---              ---                     OFF                     ---                 ---                  ---                  ---                                ---                                ---                               34                            ---                           
BG0                U1    Yes    MSS_DDR_BG0                                             Bank6     HSTL12I    Output        ---                 ---                 ---            ---                                ---                                ---              ---                 ---                 ---              ---          ---                ---                ---               ---                       ---                       ---                ---                ---              ---                     OFF                     ---                 ---                  ---                  ---                                ---                                ---                               34                            ---                           
CAM_EN             Y14   Yes    HSIO76PB0/CCC_NW_CLKIN_N_1                              Bank0     LVCMOS18   Output        None                No                  ON             None                               No                                 ---              ---                 ---                 120              ---          OFF                8                  ---               5                         ---                       OFF                
CAS_N              W2    Yes    MSS_DDR_A15                                             Bank6     HSTL12I    Output        ---                 ---                 ---            ---                                ---                                ---              ---                 ---                 ---              ---          ---                ---                ---               ---                       ---                       ---                ---                ---              ---                     OFF                     ---                 ---                  ---                  ---                                ---                                ---                               34                            ---                           
CK0                Y7    Yes    MSS_DDR_CK0/DDR_PLL0_OUT0                               Bank6     HSTL12I    Output        ---                 ---                 ---            ---                                ---                                ---              ---                 ---                 ---              ---          ---                ---                ---               ---                       ---                       ---                ---                ---              ---                     OFF                     ---                 ---                  ---                  ---                                ---                                ---                               48                            ---                           
CK0_N              AA7   Yes    MSS_DDR_CK_N0                                           Bank6     HSTL12I    Output        ---                 ---                 ---            ---                                ---                                ---              ---                 ---                 ---              ---          ---                ---                ---               ---                       ---                       ---                ---                ---              ---                     OFF                     ---                 ---                  ---                  ---                                ---                                ---                               48                            ---                           
CKE0               R1    Yes    MSS_DDR_CKE0                                            Bank6     HSTL12I    Output        ---                 ---                 ---            ---                                ---                                ---              ---                 ---                 ---              ---          ---                ---                ---               ---                       ---                       ---                ---                ---              ---                     OFF                     ---                 ---                  ---                  ---                                ---                                ---                               34                            ---                           
CS0_N              U4    Yes    MSS_DDR_CS0                                             Bank6     HSTL12I    Output        ---                 ---                 ---            ---                                ---                                ---              ---                 ---                 ---              ---          ---                ---                ---               ---                       ---                       ---                ---                ---              ---                     OFF                     ---                 ---                  ---                  ---                                ---                                ---                               34                            ---                           
DIP1               U17   Yes    HSIO55NB0                                               Bank0     LVCMOS18   Input         None                No                  ON             Up                                 No                                 OFF              ---                 OFF                 120              OFF          ---                ---                ---               ---                       ---                       ---                
DIP2               Y16   Yes    HSIO74NB0                                               Bank0     LVCMOS18   Input         None                No                  ON             Up                                 No                                 OFF              ---                 OFF                 120              OFF          ---                ---                ---               ---                       ---                       ---                
DIP3               R17   Yes    HSIO56NB0                                               Bank0     LVCMOS18   Input         None                No                  ON             Up                                 No                                 OFF              ---                 OFF                 120              OFF          ---                ---                ---               ---                       ---                       ---                
DIP4               AA15  Yes    HSIO76NB0                                               Bank0     LVCMOS18   Input         None                No                  ON             Up                                 No                                 OFF              ---                 OFF                 120              OFF          ---                ---                ---               ---                       ---                       ---                
DIP5               AA20  Yes    HSIO66NB0                                               Bank0     LVCMOS18   Input         None                No                  ON             Up                                 No                                 OFF              ---                 OFF                 120              OFF          ---                ---                ---               ---                       ---                       ---                
DIP6               Y20   Yes    HSIO66PB0/CLKIN_N_5                                     Bank0     LVCMOS18   Input         None                No                  ON             Up                                 No                                 OFF              ---                 OFF                 120              OFF          ---                ---                ---               ---                       ---                       ---                
DIP7               V21   Yes    HSIO68NB0                                               Bank0     LVCMOS18   Input         None                No                  ON             Up                                 No                                 OFF              ---                 OFF                 120              OFF          ---                ---                ---               ---                       ---                       ---                
DIP8               AA19  Yes    HSIO67NB0                                               Bank0     LVCMOS18   Input         None                No                  ON             Up                                 No                                 OFF              ---                 OFF                 120              OFF          ---                ---                ---               ---                       ---                       ---                
DM[0]              V11   Yes    MSS_DDR_DM0                                             Bank6     POD12I     Output        ---                 ---                 ---            ---                                ---                                ---              ---                 ---                 ---              ---          ---                ---                ---               ---                       ---                       ---                ---                ---              ---                     OFF                     ---                 ---                  ---                  ---                                ---                                ---                               48                            ---                           
DM[1]              V13   Yes    MSS_DDR_DM1                                             Bank6     POD12I     Output        ---                 ---                 ---            ---                                ---                                ---              ---                 ---                 ---              ---          ---                ---                ---               ---                       ---                       ---                ---                ---              ---                     OFF                     ---                 ---                  ---                  ---                                ---                                ---                               48                            ---                           
DQ[0]              V10   Yes    MSS_DDR_DQ0                                             Bank6     POD12I     Inout         ---                 ---                 ---            ---                                ---                                ---              ---                 ---                 ---              ---          ---                ---                ---               ---                       ---                       ---                ---                ---              ---                     OFF                     120                 ---                  ---                  ---                                ---                                ---                               48                            ---                           
DQ[1]              U10   Yes    MSS_DDR_DQ1                                             Bank6     POD12I     Inout         ---                 ---                 ---            ---                                ---                                ---              ---                 ---                 ---              ---          ---                ---                ---               ---                       ---                       ---                ---                ---              ---                     OFF                     120                 ---                  ---                  ---                                ---                                ---                               48                            ---                           
DQ[2]              AA9   Yes    MSS_DDR_DQ2                                             Bank6     POD12I     Inout         ---                 ---                 ---            ---                                ---                                ---              ---                 ---                 ---              ---          ---                ---                ---               ---                       ---                       ---                ---                ---              ---                     OFF                     120                 ---                  ---                  ---                                ---                                ---                               48                            ---                           
DQ[3]              Y9    Yes    MSS_DDR_DQ3                                             Bank6     POD12I     Inout         ---                 ---                 ---            ---                                ---                                ---              ---                 ---                 ---              ---          ---                ---                ---               ---                       ---                       ---                ---                ---              ---                     OFF                     120                 ---                  ---                  ---                                ---                                ---                               48                            ---                           
DQ[4]              U9    Yes    MSS_DDR_DQ4                                             Bank6     POD12I     Inout         ---                 ---                 ---            ---                                ---                                ---              ---                 ---                 ---              ---          ---                ---                ---               ---                       ---                       ---                ---                ---              ---                     OFF                     120                 ---                  ---                  ---                                ---                                ---                               48                            ---                           
DQ[5]              R11   Yes    MSS_DDR_DQ5                                             Bank6     POD12I     Inout         ---                 ---                 ---            ---                                ---                                ---              ---                 ---                 ---              ---          ---                ---                ---               ---                       ---                       ---                ---                ---              ---                     OFF                     120                 ---                  ---                  ---                                ---                                ---                               48                            ---                           
DQ[6]              Y11   Yes    MSS_DDR_DQ6                                             Bank6     POD12I     Inout         ---                 ---                 ---            ---                                ---                                ---              ---                 ---                 ---              ---          ---                ---                ---               ---                       ---                       ---                ---                ---              ---                     OFF                     120                 ---                  ---                  ---                                ---                                ---                               48                            ---                           
DQ[7]              W11   Yes    MSS_DDR_DQ7                                             Bank6     POD12I     Inout         ---                 ---                 ---            ---                                ---                                ---              ---                 ---                 ---              ---          ---                ---                ---               ---                       ---                       ---                ---                ---              ---                     OFF                     120                 ---                  ---                  ---                                ---                                ---                               48                            ---                           
DQ[8]              U13   Yes    MSS_DDR_DQ8                                             Bank6     POD12I     Inout         ---                 ---                 ---            ---                                ---                                ---              ---                 ---                 ---              ---          ---                ---                ---               ---                       ---                       ---                ---                ---              ---                     OFF                     120                 ---                  ---                  ---                                ---                                ---                               48                            ---                           
DQ[9]              R13   Yes    MSS_DDR_DQ9                                             Bank6     POD12I     Inout         ---                 ---                 ---            ---                                ---                                ---              ---                 ---                 ---              ---          ---                ---                ---               ---                       ---                       ---                ---                ---              ---                     OFF                     120                 ---                  ---                  ---                                ---                                ---                               48                            ---                           
DQ[10]             AA12  Yes    MSS_DDR_DQ10                                            Bank6     POD12I     Inout         ---                 ---                 ---            ---                                ---                                ---              ---                 ---                 ---              ---          ---                ---                ---               ---                       ---                       ---                ---                ---              ---                     OFF                     120                 ---                  ---                  ---                                ---                                ---                               48                            ---                           
DQ[11]             Y12   Yes    MSS_DDR_DQ11                                            Bank6     POD12I     Inout         ---                 ---                 ---            ---                                ---                                ---              ---                 ---                 ---              ---          ---                ---                ---               ---                       ---                       ---                ---                ---              ---                     OFF                     120                 ---                  ---                  ---                                ---                                ---                               48                            ---                           
DQ[12]             AA13  Yes    MSS_DDR_DQ12                                            Bank6     POD12I     Inout         ---                 ---                 ---            ---                                ---                                ---              ---                 ---                 ---              ---          ---                ---                ---               ---                       ---                       ---                ---                ---              ---                     OFF                     120                 ---                  ---                  ---                                ---                                ---                               48                            ---                           
DQ[13]             AA14  Yes    MSS_DDR_DQ13                                            Bank6     POD12I     Inout         ---                 ---                 ---            ---                                ---                                ---              ---                 ---                 ---              ---          ---                ---                ---               ---                       ---                       ---                ---                ---              ---                     OFF                     120                 ---                  ---                  ---                                ---                                ---                               48                            ---                           
DQ[14]             U14   Yes    MSS_DDR_DQ14                                            Bank6     POD12I     Inout         ---                 ---                 ---            ---                                ---                                ---              ---                 ---                 ---              ---          ---                ---                ---               ---                       ---                       ---                ---                ---              ---                     OFF                     120                 ---                  ---                  ---                                ---                                ---                               48                            ---                           
DQ[15]             R14   Yes    MSS_DDR_DQ15                                            Bank6     POD12I     Inout         ---                 ---                 ---            ---                                ---                                ---              ---                 ---                 ---              ---          ---                ---                ---               ---                       ---                       ---                ---                ---              ---                     OFF                     120                 ---                  ---                  ---                                ---                                ---                               48                            ---                           
DQS[0]             AA10  Yes    MSS_DDR_DQS_P0                                          Bank6     POD12I     Inout         ---                 ---                 ---            ---                                ---                                ---              ---                 ---                 ---              ---          ---                ---                ---               ---                       ---                       ---                ---                ---              ---                     OFF                     120                 ---                  ---                  ---                                ---                                ---                               48                            ---                           
DQS[1]             V12   Yes    MSS_DDR_DQS_P1                                          Bank6     POD12I     Inout         ---                 ---                 ---            ---                                ---                                ---              ---                 ---                 ---              ---          ---                ---                ---               ---                       ---                       ---                ---                ---              ---                     OFF                     120                 ---                  ---                  ---                                ---                                ---                               48                            ---                           
DQS_N[0]           Y10   Yes    MSS_DDR_DQS_N0                                          Bank6     POD12I     Inout         ---                 ---                 ---            ---                                ---                                ---              ---                 ---                 ---              ---          ---                ---                ---               ---                       ---                       ---                ---                ---              ---                     OFF                     120                 ---                  ---                  ---                                ---                                ---                               48                            ---                           
DQS_N[1]           U12   Yes    MSS_DDR_DQS_N1                                          Bank6     POD12I     Inout         ---                 ---                 ---            ---                                ---                                ---              ---                 ---                 ---              ---          ---                ---                ---               ---                       ---                       ---                ---                ---              ---                     OFF                     120                 ---                  ---                  ---                                ---                                ---                               48                            ---                           
FTDI_UART_D_RXD    Y21   Yes    HSIO71PB0                                               Bank0     LVCMOS18   Output        None                No                  ON             None                               No                                 ---              ---                 ---                 120              ---          OFF                8                  ---               5                         ---                       OFF                
FTDI_UART_D_TXD    W21   Yes    HSIO71NB0                                               Bank0     LVCMOS18   Input         None                No                  ON             Up                                 No                                 OFF              ---                 OFF                 120              OFF          ---                ---                ---               ---                       ---                       ---                
GPIO_1_9_OUT       E1    Yes    MSSIO23B2                                               Bank2     LVCMOS33   Output        ---                 ---                 ---            ---                                ---                                ---              ---                 ---                 ---              ---          ---                ---                ---               ---                       ---                       ---                Up                 OFF              OFF                     OFF                     ---                 ---                  ---                  ---                                ---                                OFF                               8                             ---                           
GPIO_1_20_OUT      B2    Yes    MSSIO34B2                                               Bank2     LVCMOS33   Output        ---                 ---                 ---            ---                                ---                                ---              ---                 ---                 ---              ---          ---                ---                ---               ---                       ---                       ---                Up                 OFF              OFF                     OFF                     ---                 ---                  ---                  ---                                ---                                OFF                               8                             ---                           
I2C_SCL            T21   Yes    HSIO50PB0/CCC_NE_CLKIN_N_10/CCC_NE_PLL0_OUT0            Bank0     LVCMOS18   Inout         None                No                  ON             Up                                 No                                 OFF              ---                 OFF                 120              OFF          OFF                8                  ---               5                         ---                       OFF                
I2C_SDA            T20   Yes    HSIO50NB0                                               Bank0     LVCMOS18   Inout         None                No                  ON             Up                                 No                                 OFF              ---                 OFF                 120              OFF          OFF                8                  ---               5                         ---                       OFF                
LED1               T18   Yes    HSIO54PB0/CLKIN_N_9/CCC_NE_CLKIN_N_9                    Bank0     LVCMOS18   Output        None                No                  ON             None                               No                                 ---              ---                 ---                 120              ---          OFF                8                  ---               5                         ---                       OFF                
LED2               V17   Yes    HSIO77NB0                                               Bank0     LVCMOS18   Output        None                No                  ON             None                               No                                 ---              ---                 ---                 120              ---          OFF                8                  ---               5                         ---                       OFF                
LED3               U20   Yes    HSIO48NB0                                               Bank0     LVCMOS18   Output        None                No                  ON             None                               No                                 ---              ---                 ---                 120              ---          OFF                8                  ---               5                         ---                       OFF                
LED4               U21   Yes    HSIO48PB0/CCC_NE_CLKIN_N_11                             Bank0     LVCMOS18   Output        None                No                  ON             None                               No                                 ---              ---                 ---                 120              ---          OFF                8                  ---               5                         ---                       OFF                
LED5               AA18  Yes    HSIO69NB0/DQS                                           Bank0     LVCMOS18   Output        None                No                  ON             None                               No                                 ---              ---                 ---                 120              ---          OFF                8                  ---               5                         ---                       OFF                
LED6               V16   Yes    HSIO77PB0/CCC_NW_CLKIN_N_0                              Bank0     LVCMOS18   Output        None                No                  ON             None                               No                                 ---              ---                 ---                 120              ---          OFF                8                  ---               5                         ---                       OFF                
LED7               U15   Yes    HSIO75NB0/DQS                                           Bank0     LVCMOS18   Output        None                No                  ON             None                               No                                 ---              ---                 ---                 120              ---          OFF                8                  ---               5                         ---                       OFF                
MAC_0_MDC          D15   Yes    GPIO130PB1/CCC_SW_PLL0_OUT1                             Bank1     LVCMOS18   Output        None                No                  ON             None                               No                                 ---              ---                 ---                 120              ---          OFF                8                  ---               5                         ---                       OFF                
MBUS_AN            V15   No     HSIO75PB0/DQS/CCC_NW_PLL1_OUT0                          Bank0     LVCMOS18   Output        None                No                  ON             None                               No                                 ---              ---                 ---                 120              ---          OFF                8                  ---               5                         ---                       OFF                
mBUS_INT           G17   Yes    GPIO14PB1/DQS/CCC_SE_PLL1_OUT0                          Bank1     LVCMOS18   Input         None                No                  ON             None                               No                                 OFF              ---                 OFF                 120              OFF          ---                ---                ---               ---                       ---                       ---                
MBUS_PWM           A20   No     GPIO5PB1/CLKIN_S_7                                      Bank1     LVCMOS18   Output        None                No                  ON             None                               No                                 ---              ---                 ---                 120              ---          OFF                8                  ---               5                         ---                       OFF                
MBUS_RST           D13   No     GPIO128PB1/DQS/CCC_SW_PLL0_OUT0                         Bank1     LVCMOS18   Output        None                No                  ON             None                               No                                 ---              ---                 ---                 120              ---          OFF                8                  ---               5                         ---                       OFF                
MBUS_SPI_CLK       A18   No     GPIO3NB1                                                Bank1     LVCMOS18   Inout         None                No                  ON             Up                                 No                                 OFF              ---                 OFF                 120              OFF          OFF                8                  ---               5                         ---                       OFF                
MBUS_SPI_CS        A17   No     GPIO1PB1/CLKIN_S_5                                      Bank1     LVCMOS18   Inout         None                No                  ON             Up                                 No                                 OFF              ---                 OFF                 120              OFF          OFF                8                  ---               5                         ---                       OFF                
MBUS_SPI_MISO      B16   No     GPIO131NB1                                              Bank1     LVCMOS18   Input         None                No                  ON             Up                                 No                                 OFF              ---                 OFF                 120              OFF          ---                ---                ---               ---                       ---                       ---                
MBUS_SPI_MOSI      E17   No     GPIO9PB1/CLKIN_S_8/CCC_SE_CLKIN_S_8/CCC_SE_PLL0_OUT0    Bank1     LVCMOS18   Output        None                No                  ON             None                               No                                 ---              ---                 ---                 120              ---          OFF                8                  ---               5                         ---                       OFF                
MBUS_UART_RXD      D21   No     GPIO11PB1/CLKIN_S_9/CCC_SE_CLKIN_S_9                    Bank1     LVCMOS18   Output        None                No                  ON             None                               No                                 ---              ---                 ---                 120              ---          OFF                8                  ---               5                         ---                       OFF                
MBUS_UART_TXD      B21   No     GPIO5NB1                                                Bank1     LVCMOS18   Input         None                No                  ON             Up                                 No                                 OFF              ---                 OFF                 120              OFF          ---                ---                ---               ---                       ---                       ---                
MDIO_PAD           D16   Yes    GPIO9NB1                                                Bank1     LVCMOS18   Inout         None                No                  ON             Up                                 No                                 OFF              ---                 OFF                 120              OFF          OFF                8                  ---               5                         ---                       OFF                
MMUART_1_RXD       F2    Yes    MSSIO19B2                                               Bank2     LVCMOS33   Input         ---                 ---                 ---            ---                                ---                                ---              ---                 ---                 ---              ---          ---                ---                ---               ---                       ---                       ---                Up                 OFF              OFF                     OFF                     ---                 ---                  OFF                  ---                                OFF                                ---                               ---                           ---                           
MMUART_1_TXD       F4    Yes    MSSIO20B2                                               Bank2     LVCMOS33   Output        ---                 ---                 ---            ---                                ---                                ---              ---                 ---                 ---              ---          ---                ---                ---               ---                       ---                       ---                Up                 OFF              OFF                     OFF                     ---                 ---                  ---                  ---                                ---                                OFF                               8                             ---                           
MMUART_4_RXD       G2    Yes    MSSIO15B2                                               Bank2     LVCMOS33   Input         ---                 ---                 ---            ---                                ---                                ---              ---                 ---                 ---              ---          ---                ---                ---               ---                       ---                       ---                Up                 OFF              OFF                     OFF                     ---                 ---                  OFF                  ---                                OFF                                ---                               ---                           ---                           
MMUART_4_TXD       H4    Yes    MSSIO16B2                                               Bank2     LVCMOS33   Output        ---                 ---                 ---            ---                                ---                                ---              ---                 ---                 ---              ---          ---                ---                ---               ---                       ---                       ---                Up                 OFF              OFF                     OFF                     ---                 ---                  ---                  ---                                ---                                OFF                               8                             ---                           
ODT0               T2    Yes    MSS_DDR_ODT0                                            Bank6     HSTL12I    Output        ---                 ---                 ---            ---                                ---                                ---              ---                 ---                 ---              ---          ---                ---                ---               ---                       ---                       ---                ---                ---              ---                     OFF                     ---                 ---                  ---                  ---                                ---                                ---                               34                            ---                           
RAS_N              AA4   Yes    MSS_DDR_A16                                             Bank6     HSTL12I    Output        ---                 ---                 ---            ---                                ---                                ---              ---                 ---                 ---              ---          ---                ---                ---               ---                       ---                       ---                ---                ---              ---                     OFF                     ---                 ---                  ---                  ---                                ---                                ---                               34                            ---                           
REF_CLK_50MHz      R18   Yes    HSIO56PB0/CLKIN_N_8/CCC_NE_CLKIN_N_8/CCC_NE_PLL1_OUT0   Bank0     LVCMOS18   Input         None                No                  ON             Up                                 No                                 OFF              ---                 OFF                 120              OFF          ---                ---                ---               ---                       ---                       ---                
REFCLK             P5    Yes    MSS_REFCLK_IN_P                                         Bank5     LVDS25     Input         ---                 ---                 ---            ---                                ---                                ---              ---                 ---                 ---              ---          ---                ---                ---               ---                       ---                       ---                ---                ---              ---                     OFF                     100                 ---                  ---                  ---                                ---                                ---                               ---                           ---                           
REFCLK_N           P4    Yes    MSS_REFCLK_IN_N                                         Bank5     LVDS25     Input         ---                 ---                 ---            ---                                ---                                ---              ---                 ---                 ---              ---          ---                ---                ---               ---                       ---                       ---                ---                ---              ---                     OFF                     100                 ---                  ---                  ---                                ---                                ---                               ---                           ---                           
RESET_N            T3    Yes    MSS_DDR_RAM_RST_N/DDR_PLL0_OUT1                         Bank6     HSTL12I    Output        ---                 ---                 ---            ---                                ---                                ---              ---                 ---                 ---              ---          ---                ---                ---               ---                       ---                       ---                ---                ---              ---                     OFF                     ---                 ---                  ---                  ---                                ---                                ---                               34                            ---                           
RPI_GPIO4          E12   Yes    GPIO123PB1/CLKIN_S_2/CCC_SW_CLKIN_S_2/CCC_SW_PLL1_OUT0  Bank1     LVCMOS18   Inout         None                No                  ON             Up                                 No                                 OFF              ---                 OFF                 120              OFF          OFF                8                  ---               5                         ---                       OFF                
RPI_GPIO5          D17   Yes    GPIO2NB1/DQS                                            Bank1     LVCMOS18   Inout         None                No                  ON             Up                                 No                                 OFF              ---                 OFF                 120              OFF          OFF                8                  ---               5                         ---                       OFF                
RPI_GPIO6          D18   Yes    GPIO2PB1/DQS                                            Bank1     LVCMOS18   Inout         None                No                  ON             Up                                 No                                 OFF              ---                 OFF                 120              OFF          OFF                8                  ---               5                         ---                       OFF                
RPI_GPIO12         B20   Yes    GPIO0NB1                                                Bank1     LVCMOS18   Inout         None                No                  ON             Up                                 No                                 OFF              ---                 OFF                 120              OFF          OFF                8                  ---               5                         ---                       OFF                
RPI_GPIO13         A15   Yes    GPIO131PB1                                              Bank1     LVCMOS18   Inout         None                No                  ON             Up                                 No                                 OFF              ---                 OFF                 120              OFF          OFF                8                  ---               5                         ---                       OFF                
RPI_GPIO16         B15   Yes    GPIO129NB1                                              Bank1     LVCMOS18   Inout         None                No                  ON             Up                                 No                                 OFF              ---                 OFF                 120              OFF          OFF                8                  ---               5                         ---                       OFF                
RPI_GPIO17         G18   Yes    GPIO14NB1/DQS                                           Bank1     LVCMOS18   Inout         None                No                  ON             Up                                 No                                 OFF              ---                 OFF                 120              OFF          OFF                8                  ---               5                         ---                       OFF                
RPI_GPIO18         E10   Yes    GPIO120PB1/CCC_SW_CLKIN_S_0                             Bank1     LVCMOS18   Inout         None                No                  ON             Up                                 No                                 OFF              ---                 OFF                 120              OFF          OFF                8                  ---               5                         ---                       OFF                
RPI_GPIO19         B19   Yes    GPIO0PB1/CLKIN_S_4                                      Bank1     LVCMOS18   Inout         None                No                  ON             Up                                 No                                 OFF              ---                 OFF                 120              OFF          OFF                8                  ---               5                         ---                       OFF                
RPI_GPIO20         B14   Yes    GPIO129PB1/CCC_SW_PLL0_OUT0                             Bank1     LVCMOS18   Inout         None                No                  ON             Up                                 No                                 OFF              ---                 OFF                 120              OFF          OFF                8                  ---               5                         ---                       OFF                
RPI_GPIO21         E13   Yes    GPIO128NB1/DQS                                          Bank1     LVCMOS18   Inout         None                No                  ON             Up                                 No                                 OFF              ---                 OFF                 120              OFF          OFF                8                  ---               5                         ---                       OFF                
RPI_GPIO22         F20   Yes    GPIO17PB1/CCC_SE_CLKIN_S_11                             Bank1     LVCMOS18   Inout         None                No                  ON             Up                                 No                                 OFF              ---                 OFF                 120              OFF          OFF                8                  ---               5                         ---                       OFF                
RPI_GPIO23         E21   Yes    GPIO11NB1                                               Bank1     LVCMOS18   Inout         None                No                  ON             Up                                 No                                 OFF              ---                 OFF                 120              OFF          OFF                8                  ---               5                         ---                       OFF                
RPI_GPIO24         F19   Yes    GPIO15PB1/CCC_SE_CLKIN_S_10/CCC_SE_PLL1_OUT0            Bank1     LVCMOS18   Inout         None                No                  ON             Up                                 No                                 OFF              ---                 OFF                 120              OFF          OFF                8                  ---               5                         ---                       OFF                
RPI_GPIO25         A19   Yes    GPIO3PB1/CLKIN_S_6                                      Bank1     LVCMOS18   Inout         None                No                  ON             Up                                 No                                 OFF              ---                 OFF                 120              OFF          OFF                8                  ---               5                         ---                       OFF                
RPI_GPIO26         B17   Yes    GPIO1NB1                                                Bank1     LVCMOS18   Inout         None                No                  ON             Up                                 No                                 OFF              ---                 OFF                 120              OFF          OFF                8                  ---               5                         ---                       OFF                
RPI_GPIO27         F21   Yes    GPIO17NB1                                               Bank1     LVCMOS18   Inout         None                No                  ON             Up                                 No                                 OFF              ---                 OFF                 120              OFF          OFF                8                  ---               5                         ---                       OFF                
RPI_I2C_SCL        F18   Yes    GPIO16PB1/CCC_SE_PLL1_OUT1                              Bank1     LVCMOS18   Inout         None                No                  ON             Up                                 No                                 OFF              ---                 OFF                 120              OFF          OFF                8                  ---               5                         ---                       OFF                
RPI_I2C_SDA        E18   Yes    GPIO16NB1                                               Bank1     LVCMOS18   Inout         None                No                  ON             Up                                 No                                 OFF              ---                 OFF                 120              OFF          OFF                8                  ---               5                         ---                       OFF                
RX_CLK_N           B12   Yes    GPIO125NB1                                              Bank1     SSTL18I    Input         None                No                  ON             None                               No                                 OFF              MID                 ON                  50               OFF          ---                ---                ---               ---                       ---                       ---                
RX_CLK_P           A12   Yes    GPIO125PB1/CLKIN_S_3/CCC_SW_CLKIN_S_3                   Bank1     SSTL18I    Input         None                No                  ON             None                               No                                 OFF              MID                 ON                  50               OFF          ---                ---                ---               ---                       ---                       ---                
RXD[0]             C11   Yes    GPIO122PB1/DQS/CCC_SW_PLL1_OUT0                         Bank1     SSTL18I    Input         None                No                  ON             None                               No                                 OFF              MID                 ON                  50               OFF          ---                ---                ---               ---                       ---                       ---                
RXD[1]             B10   Yes    GPIO121PB1/CCC_SW_CLKIN_S_1                             Bank1     SSTL18I    Input         None                No                  ON             None                               No                                 OFF              MID                 ON                  50               OFF          ---                ---                ---               ---                       ---                       ---                
RXD_N[0]           B11   Yes    GPIO122NB1/DQS                                          Bank1     SSTL18I    Input         None                No                  ON             None                               No                                 OFF              MID                 ON                  50               OFF          ---                ---                ---               ---                       ---                       ---                
RXD_N[1]           A10   Yes    GPIO121NB1                                              Bank1     SSTL18I    Input         None                No                  ON             None                               No                                 OFF              MID                 ON                  50               OFF          ---                ---                ---               ---                       ---                       ---                
SD_CD              K2    Yes    MSSIO6B4                                                Bank4     LVCMOS18   Input         ---                 ---                 ---            ---                                ---                                ---              ---                 ---                 ---              ---          ---                ---                ---               ---                       ---                       ---                Up                 OFF              OFF                     OFF                     ---                 ---                  ON                   ---                                OFF                                ---                               ---                           ---                           
SD_CLK             L2    Yes    MSSIO0B4                                                Bank4     LVCMOS18   Output        ---                 ---                 ---            ---                                ---                                ---              ---                 ---                 ---              ---          ---                ---                ---               ---                       ---                       ---                Up                 OFF              OFF                     OFF                     ---                 ---                  ---                  ---                                ---                                OFF                               10                            ---                           
SD_CMD             M4    Yes    MSSIO1B4                                                Bank4     LVCMOS18   Inout         ---                 ---                 ---            ---                                ---                                ---              ---                 ---                 ---              ---          ---                ---                ---               ---                       ---                       ---                Up                 OFF              OFF                     OFF                     ---                 ---                  ON                   ---                                OFF                                OFF                               10                            ---                           
SD_DATA0           L3    Yes    MSSIO2B4                                                Bank4     LVCMOS18   Inout         ---                 ---                 ---            ---                                ---                                ---              ---                 ---                 ---              ---          ---                ---                ---               ---                       ---                       ---                Up                 OFF              OFF                     OFF                     ---                 ---                  ON                   ---                                OFF                                OFF                               10                            ---                           
SD_DATA1           K1    Yes    MSSIO3B4                                                Bank4     LVCMOS18   Inout         ---                 ---                 ---            ---                                ---                                ---              ---                 ---                 ---              ---          ---                ---                ---               ---                       ---                       ---                Up                 OFF              OFF                     OFF                     ---                 ---                  ON                   ---                                OFF                                OFF                               10                            ---                           
SD_DATA2           M5    Yes    MSSIO4B4                                                Bank4     LVCMOS18   Inout         ---                 ---                 ---            ---                                ---                                ---              ---                 ---                 ---              ---          ---                ---                ---               ---                       ---                       ---                Up                 OFF              OFF                     OFF                     ---                 ---                  ON                   ---                                OFF                                OFF                               10                            ---                           
SD_DATA3           L5    Yes    MSSIO5B4                                                Bank4     LVCMOS18   Inout         ---                 ---                 ---            ---                                ---                                ---              ---                 ---                 ---              ---          ---                ---                ---               ---                       ---                       ---                Up                 OFF              OFF                     OFF                     ---                 ---                  ON                   ---                                OFF                                OFF                               10                            ---                           
SD_VOLT_CMD_DIR    K4    Yes    MSSIO11B4                                               Bank4     LVCMOS18   Output        ---                 ---                 ---            ---                                ---                                ---              ---                 ---                 ---              ---          ---                ---                ---               ---                       ---                       ---                Up                 OFF              OFF                     OFF                     ---                 ---                  ---                  ---                                ---                                OFF                               10                            ---                           
SD_VOLT_DIR_0      K5    Yes    MSSIO12B4                                               Bank4     LVCMOS18   Output        ---                 ---                 ---            ---                                ---                                ---              ---                 ---                 ---              ---          ---                ---                ---               ---                       ---                       ---                Up                 OFF              OFF                     OFF                     ---                 ---                  ---                  ---                                ---                                OFF                               10                            ---                           
SD_VOLT_DIR_1_3    J1    Yes    MSSIO13B4                                               Bank4     LVCMOS18   Output        ---                 ---                 ---            ---                                ---                                ---              ---                 ---                 ---              ---          ---                ---                ---               ---                       ---                       ---                Up                 OFF              OFF                     OFF                     ---                 ---                  ---                  ---                                ---                                OFF                               10                            ---                           
SD_VOLT_EN         H1    Yes    MSSIO10B4                                               Bank4     LVCMOS18   Output        ---                 ---                 ---            ---                                ---                                ---              ---                 ---                 ---              ---          ---                ---                ---               ---                       ---                       ---                Up                 OFF              OFF                     OFF                     ---                 ---                  ---                  ---                                ---                                OFF                               10                            ---                           
SD_VOLT_SEL        K7    Yes    MSSIO9B4                                                Bank4     LVCMOS18   Output        ---                 ---                 ---            ---                                ---                                ---              ---                 ---                 ---              ---          ---                ---                ---               ---                       ---                       ---                Up                 OFF              OFF                     OFF                     ---                 ---                  ---                  ---                                ---                                OFF                               10                            ---                           
SGMII_RX0_N        M1    Yes    MSS_SGMII_RXN0                                          Bank5     LVDS33     Input         ---                 ---                 ---            ---                                ---                                ---              ---                 ---                 ---              ---          ---                ---                ---               ---                       ---                       ---                None               ---              ---                     OFF                     100                 ---                  ---                  MID                                ---                                ---                               ---                           ---                           
SGMII_RX0_P        M2    Yes    MSS_SGMII_RXP0                                          Bank5     LVDS33     Input         ---                 ---                 ---            ---                                ---                                ---              ---                 ---                 ---              ---          ---                ---                ---               ---                       ---                       ---                None               ---              ---                     OFF                     100                 ---                  ---                  MID                                ---                                ---                               ---                           ---                           
SGMII_TX0_N        N5    Yes    MSS_SGMII_TXN0                                          Bank5     LVDS33     Output        ---                 ---                 ---            ---                                ---                                ---              ---                 ---                 ---              ---          ---                ---                ---               ---                       ---                       ---                None               ---              ---                     OFF                     ---                 ---                  ---                  ---                                ---                                ---                               6                             100                           
SGMII_TX0_P        N7    Yes    MSS_SGMII_TXP0                                          Bank5     LVDS33     Output        ---                 ---                 ---            ---                                ---                                ---              ---                 ---                 ---              ---          ---                ---                ---               ---                       ---                       ---                None               ---              ---                     OFF                     ---                 ---                  ---                  ---                                ---                                ---                               6                             100                           
SPI_1_CLK          D6    Yes    MSSIO30B2                                               Bank2     LVCMOS33   Inout         ---                 ---                 ---            ---                                ---                                ---              ---                 ---                 ---              ---          ---                ---                ---               ---                       ---                       ---                Up                 OFF              OFF                     OFF                     ---                 ---                  OFF                  ---                                OFF                                OFF                               8                             ---                           
SPI_1_DI           B4    Yes    MSSIO33B2                                               Bank2     LVCMOS33   Input         ---                 ---                 ---            ---                                ---                                ---              ---                 ---                 ---              ---          ---                ---                ---               ---                       ---                       ---                Up                 OFF              OFF                     OFF                     ---                 ---                  OFF                  ---                                OFF                                ---                               ---                           ---                           
SPI_1_DO           A4    Yes    MSSIO32B2                                               Bank2     LVCMOS33   Output        ---                 ---                 ---            ---                                ---                                ---              ---                 ---                 ---              ---          ---                ---                ---               ---                       ---                       ---                Up                 OFF              OFF                     OFF                     ---                 ---                  ---                  ---                                ---                                OFF                               8                             ---                           
SPI_1_SS0          D5    Yes    MSSIO31B2                                               Bank2     LVCMOS33   Inout         ---                 ---                 ---            ---                                ---                                ---              ---                 ---                 ---              ---          ---                ---                ---               ---                       ---                       ---                Up                 OFF              OFF                     OFF                     ---                 ---                  OFF                  ---                                OFF                                OFF                               8                             ---                           
SPISCLKO           W16   Yes    HSIO73PB0/CCC_NW_PLL1_OUT1                              Bank0     LVCMOS18   Output        None                No                  ON             None                               No                                 ---              ---                 ---                 120              ---          OFF                8                  ---               5                         ---                       OFF                
SPISDO             Y19   Yes    HSIO67PB0/CCC_NW_PLL0_OUT1                              Bank0     LVCMOS18   Output        None                No                  ON             None                               No                                 ---              ---                 ---                 120              ---          OFF                8                  ---               5                         ---                       OFF                
SPISS              Y15   Yes    HSIO74PB0/CLKIN_N_2/CCC_NW_CLKIN_N_2/CCC_NW_PLL1_OUT0   Bank0     LVCMOS18   Output        None                No                  ON             None                               No                                 ---              ---                 ---                 120              ---          OFF                8                  ---               5                         ---                       OFF                
SWITCH1            T19   Yes    HSIO54NB0                                               Bank0     LVCMOS18   Input         None                No                  ON             Up                                 No                                 OFF              ---                 OFF                 120              OFF          ---                ---                ---               ---                       ---                       ---                
SWITCH2            U18   Yes    HSIO57NB0/DQS                                           Bank0     LVCMOS18   Input         None                No                  ON             Up                                 No                                 OFF              ---                 OFF                 120              OFF          ---                ---                ---               ---                       ---                       ---                
VSC_RESETN         A14   Yes    GPIO127NB1                                              Bank1     LVCMOS18   Output        None                No                  ON             None                               No                                 ---              ---                 ---                 120              ---          OFF                8                  ---               5                         ---                       OFF                
VSC_TXDIS_SRESETN  E20   Yes    GPIO15NB1                                               Bank1     LVCMOS18   Output        None                No                  ON             None                               No                                 ---              ---                 ---                 120              ---          OFF                8                  ---               5                         ---                       OFF                
WE_N               Y3    Yes    MSS_DDR_A14                                             Bank6     HSTL12I    Output        ---                 ---                 ---            ---                                ---                                ---              ---                 ---                 ---              ---          ---                ---                ---               ---                       ---                       ---                ---                ---              ---                     OFF                     ---                 ---                  ---                  ---                                ---                                ---                               34                            ---                           
