Timing Violation Report Min Delay Analysis

SmartTime Version 2025.2
Microchip Technology Inc. - Microchip Libero Software Release 2025.2 (Version 2025.2.0.14)
Date: Tue Mar 24 23:47:23 2026


Design: MPFS_DISCOVERY_KIT
Family: PolarFireSoC
Die: MPFS095T
Package: FCSG325
Temperature Range: 0 - 100 C
Voltage Range: 0.97 - 1.03 V
Speed Grade: -1
Design State: Post-Layout
Data source: Production
Multi Corner Report Operating Conditions: slow_lv_lt,fast_hv_lt,slow_lv_ht


Path 1
  From: FIC_0_PERIPHERALS_0/security_core_0/hash_block_8[5]:CLK
  To:   FIC_0_PERIPHERALS_0/security_core_0/hash_core/buffer[261]:D
  Delay (ns):              0.274
  Slack (ns):              0.018
  Arrival (ns):            5.519
  Required (ns):           5.501
  Operating Conditions: slow_lv_lt

Path 2
  From: FIC_0_PERIPHERALS_0/security_core_0/rng/trng_acc_0/seed_o_0[2]:CLK
  To:   FIC_0_PERIPHERALS_0/security_core_0/rng/trng_acc_0/seed_o_1[2]:D
  Delay (ns):              0.286
  Slack (ns):              0.025
  Arrival (ns):            5.738
  Required (ns):           5.713
  Operating Conditions: slow_lv_ht

Path 3
  From: FIC_0_PERIPHERALS_0/security_core_0/rng/trivium_0/C[0][18]:CLK
  To:   FIC_0_PERIPHERALS_0/security_core_0/rng/trivium_0/C[1][18]:D
  Delay (ns):              0.282
  Slack (ns):              0.025
  Arrival (ns):            5.724
  Required (ns):           5.699
  Operating Conditions: slow_lv_ht

Path 4
  From: FIC_0_PERIPHERALS_0/security_core_0/hash_block_8[5]:CLK
  To:   FIC_0_PERIPHERALS_0/security_core_0/hash_block_9[5]:D
  Delay (ns):              0.283
  Slack (ns):              0.027
  Arrival (ns):            5.528
  Required (ns):           5.501
  Operating Conditions: slow_lv_lt

Path 5
  From: FIC_0_PERIPHERALS_0/security_core_0/hash_block_3[29]:CLK
  To:   FIC_0_PERIPHERALS_0/security_core_0/hash_block_4[29]:D
  Delay (ns):              0.302
  Slack (ns):              0.045
  Arrival (ns):            5.546
  Required (ns):           5.501
  Operating Conditions: slow_lv_lt

Path 6
  From: FIC_0_PERIPHERALS_0/FIC0_INITIATOR_inst_0/FIC0_INITIATOR_0/SlvConvertor_loop[0].slvcnv/slvdwc/genblk1.DownConverter_inst/readWidthConv/DWC_DownConv_preCalcCmdFifoWrCtrl_inst/fixed_burst_pre:CLK
  To:   FIC_0_PERIPHERALS_0/FIC0_INITIATOR_inst_0/FIC0_INITIATOR_0/SlvConvertor_loop[0].slvcnv/slvdwc/genblk1.DownConverter_inst/readWidthConv/rdCmdFifoWriteCtrl/fixed_burst_reg:D
  Delay (ns):              0.300
  Slack (ns):              0.048
  Arrival (ns):            5.542
  Required (ns):           5.494
  Operating Conditions: slow_lv_lt

Path 7
  From: FIC_0_PERIPHERALS_0/FIC0_INITIATOR_inst_0/FIC0_INITIATOR_0/SlvConvertor_loop[2].slvcnv/slvdwc/genblk1.DownConverter_inst/readWidthConv/DWC_DownConv_preCalcCmdFifoWrCtrl_inst/sizeCnt_comb_pre_Z[5]:CLK
  To:   FIC_0_PERIPHERALS_0/FIC0_INITIATOR_inst_0/FIC0_INITIATOR_0/SlvConvertor_loop[2].slvcnv/slvdwc/genblk1.DownConverter_inst/readWidthConv/rdCmdFifoWriteCtrl/sizeCnt_reg[5]:D
  Delay (ns):              0.304
  Slack (ns):              0.050
  Arrival (ns):            5.550
  Required (ns):           5.500
  Operating Conditions: slow_lv_lt

Path 8
  From: FIC_0_PERIPHERALS_0/FIC0_INITIATOR_inst_0/FIC0_INITIATOR_0/SlvConvertor_loop[0].slvcnv/rgsl/genblk4.wrs/sDat[10]:CLK
  To:   FIC_0_PERIPHERALS_0/FIC0_INITIATOR_inst_0/FIC0_INITIATOR_0/SlvConvertor_loop[0].slvcnv/slvdwc/genblk1.DownConverter_inst/writeWidthConv/widthConvwr/MASTER_WDATA_reg[0]:D
  Delay (ns):              0.304
  Slack (ns):              0.053
  Arrival (ns):            5.556
  Required (ns):           5.503
  Operating Conditions: slow_lv_lt

Path 9
  From: FIC_0_PERIPHERALS_0/FIC0_INITIATOR_inst_0/FIC0_INITIATOR_0/SlvConvertor_loop[2].slvcnv/slvdwc/genblk1.DownConverter_inst/readWidthConv/genblk1.widthConvrd/MASTER_RDATA[20]:CLK
  To:   FIC_0_PERIPHERALS_0/FIC0_INITIATOR_inst_0/FIC0_INITIATOR_0/SlvConvertor_loop[2].slvcnv/rgsl/genblk3.rrs/holdDat[24]:D
  Delay (ns):              0.313
  Slack (ns):              0.054
  Arrival (ns):            5.557
  Required (ns):           5.503
  Operating Conditions: slow_lv_lt

Path 10
  From: FIC_0_PERIPHERALS_0/FIC0_INITIATOR_inst_0/FIC0_INITIATOR_0/SlvConvertor_loop[0].slvcnv/rgsl/genblk4.wrs/sDat[42]:CLK
  To:   FIC_0_PERIPHERALS_0/FIC0_INITIATOR_inst_0/FIC0_INITIATOR_0/SlvConvertor_loop[0].slvcnv/slvdwc/genblk1.DownConverter_inst/writeWidthConv/widthConvwr/MASTER_WDATA_reg[32]:D
  Delay (ns):              0.307
  Slack (ns):              0.058
  Arrival (ns):            5.560
  Required (ns):           5.502
  Operating Conditions: slow_lv_lt

Path 11
  From: FIC_3_PERIPHERALS_0/PWM/corepwm_C0_0/genblk3.corepwm_reg_if/psh_prescale_reg[22]:CLK
  To:   FIC_3_PERIPHERALS_0/PWM/corepwm_C0_0/genblk3.corepwm_reg_if/prescale_reg_Z[22]:D
  Delay (ns):              0.144
  Slack (ns):              0.066
  Arrival (ns):            4.220
  Required (ns):           4.154
  Operating Conditions: fast_hv_lt

Path 12
  From: FIC_0_PERIPHERALS_0/DMA_INITIATOR_inst_0/DMA_INITIATOR_0/MstConvertor_loop[0].mstrconv/mstrDWC/genblk1.MstUpConv/DWC_UpConv_preCalcAChannel_aw_inst/MASTER_AADDR_out[18]:CLK
  To:   FIC_0_PERIPHERALS_0/DMA_INITIATOR_inst_0/DMA_INITIATOR_0/MstConvertor_loop[0].mstrconv/mstrDWC/genblk1.MstUpConv/DWC_AWChan/SLAVE_AADDR[18]:D
  Delay (ns):              0.144
  Slack (ns):              0.067
  Arrival (ns):            3.791
  Required (ns):           3.724
  Operating Conditions: fast_hv_lt

Path 13
  From: FIC_0_PERIPHERALS_0/DMA_INITIATOR_inst_0/DMA_INITIATOR_0/MstConvertor_loop[0].mstrconv/mstrDWC/genblk1.MstUpConv/DWC_ARChan/SLAVE_AADDR[22]:CLK
  To:   FIC_0_PERIPHERALS_0/DMA_INITIATOR_inst_0/DMA_INITIATOR_0/MstConvertor_loop[0].mstrconv/rgsl/genblk2.arrs/holdDat[53]:D
  Delay (ns):              0.145
  Slack (ns):              0.068
  Arrival (ns):            3.803
  Required (ns):           3.735
  Operating Conditions: fast_hv_lt

Path 14
  From: FIC_0_PERIPHERALS_0/security_core_0/sbox/y_hi_r3[1][2]:CLK
  To:   FIC_0_PERIPHERALS_0/security_core_0/sbox/y_hi_r4[1][2]:D
  Delay (ns):              0.218
  Slack (ns):              0.069
  Arrival (ns):            5.456
  Required (ns):           5.387
  Operating Conditions: slow_lv_lt

Path 15
  From: FIC_0_PERIPHERALS_0/security_core_0/hash_block_2[13]:CLK
  To:   FIC_0_PERIPHERALS_0/security_core_0/hash_core/buffer[77]:D
  Delay (ns):              0.146
  Slack (ns):              0.069
  Arrival (ns):            3.805
  Required (ns):           3.736
  Operating Conditions: fast_hv_lt

Path 16
  From: FIC_0_PERIPHERALS_0/DMA_INITIATOR_inst_0/DMA_INITIATOR_0/MstConvertor_loop[0].mstrconv/mstrDWC/genblk1.MstUpConv/DWC_AWChan/SLAVE_AADDR[25]:CLK
  To:   FIC_0_PERIPHERALS_0/DMA_INITIATOR_inst_0/DMA_INITIATOR_0/MstConvertor_loop[0].mstrconv/rgsl/genblk1.awrs/holdDat[56]:D
  Delay (ns):              0.146
  Slack (ns):              0.069
  Arrival (ns):            3.797
  Required (ns):           3.728
  Operating Conditions: fast_hv_lt

Path 17
  From: FIC_0_PERIPHERALS_0/DMA_INITIATOR_inst_0/DMA_INITIATOR_0/MstConvertor_loop[0].mstrconv/mstrDWC/genblk1.MstUpConv/DWC_ARChan/SLAVE_AADDR[25]:CLK
  To:   FIC_0_PERIPHERALS_0/DMA_INITIATOR_inst_0/DMA_INITIATOR_0/MstConvertor_loop[0].mstrconv/rgsl/genblk2.arrs/holdDat[56]:D
  Delay (ns):              0.146
  Slack (ns):              0.069
  Arrival (ns):            3.808
  Required (ns):           3.739
  Operating Conditions: fast_hv_lt

Path 18
  From: FIC_0_PERIPHERALS_0/security_core_0/rng/neoTRNG_0/entropy_cell_gen.0.neoTRNG_cell_inst/sreg_0[0]:CLK
  To:   FIC_0_PERIPHERALS_0/security_core_0/rng/neoTRNG_0/entropy_cell_gen.0.neoTRNG_cell_inst/sreg_1[0]:D
  Delay (ns):              0.147
  Slack (ns):              0.070
  Arrival (ns):            3.783
  Required (ns):           3.713
  Operating Conditions: fast_hv_lt

Path 19
  From: FIC_0_PERIPHERALS_0/security_core_0/hash_block_9[8]:CLK
  To:   FIC_0_PERIPHERALS_0/security_core_0/hash_block_10[8]:D
  Delay (ns):              0.148
  Slack (ns):              0.070
  Arrival (ns):            3.827
  Required (ns):           3.757
  Operating Conditions: fast_hv_lt

Path 20
  From: FIC_0_PERIPHERALS_0/security_core_0/hash_block_9[14]:CLK
  To:   FIC_0_PERIPHERALS_0/security_core_0/hash_block_10[14]:D
  Delay (ns):              0.148
  Slack (ns):              0.070
  Arrival (ns):            3.802
  Required (ns):           3.732
  Operating Conditions: fast_hv_lt

Path 21
  From: FIC_0_PERIPHERALS_0/security_core_0/hash_block_5[16]:CLK
  To:   FIC_0_PERIPHERALS_0/security_core_0/hash_core/buffer[176]:D
  Delay (ns):              0.147
  Slack (ns):              0.070
  Arrival (ns):            3.820
  Required (ns):           3.750
  Operating Conditions: fast_hv_lt

Path 22
  From: CLOCKS_AND_RESETS_0/RESET_FIC_0_CLK/CORERESET_0/dff_13[0]:CLK
  To:   CLOCKS_AND_RESETS_0/RESET_FIC_0_CLK/CORERESET_0/dff_14[0]:D
  Delay (ns):              0.146
  Slack (ns):              0.070
  Arrival (ns):            3.822
  Required (ns):           3.752
  Operating Conditions: fast_hv_lt

Path 23
  From: FIC_0_PERIPHERALS_0/security_core_0/rng/neoTRNG_0/entropy_cell_gen.1.neoTRNG_cell_inst/sreg_2[0]:CLK
  To:   FIC_0_PERIPHERALS_0/security_core_0/rng/neoTRNG_0/entropy_cell_gen.1.neoTRNG_cell_inst/sreg_3[0]:D
  Delay (ns):              0.148
  Slack (ns):              0.071
  Arrival (ns):            3.784
  Required (ns):           3.713
  Operating Conditions: fast_hv_lt

Path 24
  From: FIC_0_PERIPHERALS_0/security_core_0/hash_block_4[16]:CLK
  To:   FIC_0_PERIPHERALS_0/security_core_0/hash_block_5[16]:D
  Delay (ns):              0.148
  Slack (ns):              0.071
  Arrival (ns):            3.821
  Required (ns):           3.750
  Operating Conditions: fast_hv_lt

Path 25
  From: FIC_0_PERIPHERALS_0/security_core_0/hash_block_4[13]:CLK
  To:   FIC_0_PERIPHERALS_0/security_core_0/hash_block_5[13]:D
  Delay (ns):              0.148
  Slack (ns):              0.071
  Arrival (ns):            3.807
  Required (ns):           3.736
  Operating Conditions: fast_hv_lt

Path 26
  From: FIC_0_PERIPHERALS_0/security_core_0/hash_block_3[30]:CLK
  To:   FIC_0_PERIPHERALS_0/security_core_0/hash_block_4[30]:D
  Delay (ns):              0.148
  Slack (ns):              0.071
  Arrival (ns):            3.818
  Required (ns):           3.747
  Operating Conditions: fast_hv_lt

Path 27
  From: FIC_0_PERIPHERALS_0/security_core_0/hash_block_3[16]:CLK
  To:   FIC_0_PERIPHERALS_0/security_core_0/hash_block_4[16]:D
  Delay (ns):              0.148
  Slack (ns):              0.071
  Arrival (ns):            3.821
  Required (ns):           3.750
  Operating Conditions: fast_hv_lt

Path 28
  From: FIC_0_PERIPHERALS_0/security_core_0/hash_block_2[22]:CLK
  To:   FIC_0_PERIPHERALS_0/security_core_0/hash_block_3[22]:D
  Delay (ns):              0.148
  Slack (ns):              0.071
  Arrival (ns):            3.808
  Required (ns):           3.737
  Operating Conditions: fast_hv_lt

Path 29
  From: FIC_0_PERIPHERALS_0/security_core_0/hash_block_12[12]:CLK
  To:   FIC_0_PERIPHERALS_0/security_core_0/hash_block_13[12]:D
  Delay (ns):              0.148
  Slack (ns):              0.071
  Arrival (ns):            3.811
  Required (ns):           3.740
  Operating Conditions: fast_hv_lt

Path 30
  From: FIC_0_PERIPHERALS_0/security_core_0/hash_block_10[18]:CLK
  To:   FIC_0_PERIPHERALS_0/security_core_0/hash_block_11[18]:D
  Delay (ns):              0.148
  Slack (ns):              0.071
  Arrival (ns):            3.825
  Required (ns):           3.754
  Operating Conditions: fast_hv_lt

Path 31
  From: FIC_0_PERIPHERALS_0/DMA_INITIATOR_inst_0/DMA_INITIATOR_0/MstConvertor_loop[0].mstrconv/mstrDWC/genblk1.MstUpConv/DWC_UpConv_preCalcAChannel_aw_inst/MASTER_AADDR_out[17]:CLK
  To:   FIC_0_PERIPHERALS_0/DMA_INITIATOR_inst_0/DMA_INITIATOR_0/MstConvertor_loop[0].mstrconv/mstrDWC/genblk1.MstUpConv/DWC_AWChan/SLAVE_AADDR[17]:D
  Delay (ns):              0.145
  Slack (ns):              0.071
  Arrival (ns):            3.804
  Required (ns):           3.733
  Operating Conditions: fast_hv_lt

Path 32
  From: FIC_0_PERIPHERALS_0/DMA_INITIATOR_inst_0/DMA_INITIATOR_0/MstConvertor_loop[0].mstrconv/mstrDWC/genblk1.MstUpConv/DWC_UpConv_preCalcAChannel_ar_inst/MASTER_AADDR_out[28]:CLK
  To:   FIC_0_PERIPHERALS_0/DMA_INITIATOR_inst_0/DMA_INITIATOR_0/MstConvertor_loop[0].mstrconv/mstrDWC/genblk1.MstUpConv/DWC_ARChan/SLAVE_AADDR[28]:D
  Delay (ns):              0.148
  Slack (ns):              0.071
  Arrival (ns):            3.811
  Required (ns):           3.740
  Operating Conditions: fast_hv_lt

Path 33
  From: FIC_0_PERIPHERALS_0/DMA_CONTROLLER_inst_0/DMA_CONTROLLER_0/U_AXI4INITIATORDMACtrl/ARADDRReg[20]:CLK
  To:   FIC_0_PERIPHERALS_0/DMA_INITIATOR_inst_0/DMA_INITIATOR_0/MstConvertor_loop[0].mstrconv/mstrDWC/genblk1.MstUpConv/DWC_UpConv_preCalcAChannel_ar_inst/MASTER_AADDR_out[20]:D
  Delay (ns):              0.148
  Slack (ns):              0.071
  Arrival (ns):            3.805
  Required (ns):           3.734
  Operating Conditions: fast_hv_lt

Path 34
  From: CLOCKS_AND_RESETS_0/RESET_FIC_0_CLK/CORERESET_0/dff_4[0]:CLK
  To:   CLOCKS_AND_RESETS_0/RESET_FIC_0_CLK/CORERESET_0/dff_5[0]:D
  Delay (ns):              0.145
  Slack (ns):              0.071
  Arrival (ns):            3.821
  Required (ns):           3.750
  Operating Conditions: fast_hv_lt

Path 35
  From: FIC_0_PERIPHERALS_0/security_core_0/hash_block_7[12]:CLK
  To:   FIC_0_PERIPHERALS_0/security_core_0/hash_block_8[12]:D
  Delay (ns):              0.149
  Slack (ns):              0.072
  Arrival (ns):            3.812
  Required (ns):           3.740
  Operating Conditions: fast_hv_lt

Path 36
  From: FIC_0_PERIPHERALS_0/security_core_0/hash_block_4[2]:CLK
  To:   FIC_0_PERIPHERALS_0/security_core_0/hash_block_5[2]:D
  Delay (ns):              0.149
  Slack (ns):              0.072
  Arrival (ns):            3.805
  Required (ns):           3.733
  Operating Conditions: fast_hv_lt

Path 37
  From: FIC_0_PERIPHERALS_0/security_core_0/hash_block_14[6]:CLK
  To:   FIC_0_PERIPHERALS_0/security_core_0/hash_core/buffer[454]:D
  Delay (ns):              0.148
  Slack (ns):              0.072
  Arrival (ns):            3.800
  Required (ns):           3.728
  Operating Conditions: fast_hv_lt

Path 38
  From: FIC_0_PERIPHERALS_0/security_core_0/hash_block_10[14]:CLK
  To:   FIC_0_PERIPHERALS_0/security_core_0/hash_core/buffer[334]:D
  Delay (ns):              0.149
  Slack (ns):              0.072
  Arrival (ns):            3.804
  Required (ns):           3.732
  Operating Conditions: fast_hv_lt

Path 39
  From: FIC_0_PERIPHERALS_0/DMA_INITIATOR_inst_0/DMA_INITIATOR_0/MstConvertor_loop[0].mstrconv/mstrDWC/genblk1.MstUpConv/DWC_UpConv_preCalcAChannel_aw_inst/MASTER_AADDR_out[8]:CLK
  To:   FIC_0_PERIPHERALS_0/DMA_INITIATOR_inst_0/DMA_INITIATOR_0/MstConvertor_loop[0].mstrconv/mstrDWC/genblk1.MstUpConv/DWC_AWChan/SLAVE_AADDR[8]:D
  Delay (ns):              0.150
  Slack (ns):              0.072
  Arrival (ns):            3.801
  Required (ns):           3.729
  Operating Conditions: fast_hv_lt

Path 40
  From: FIC_0_PERIPHERALS_0/DMA_INITIATOR_inst_0/DMA_INITIATOR_0/MstConvertor_loop[0].mstrconv/mstrDWC/genblk1.MstUpConv/DWC_UpConv_preCalcAChannel_ar_inst/len_offset_pre[2]:CLK
  To:   FIC_0_PERIPHERALS_0/DMA_INITIATOR_inst_0/DMA_INITIATOR_0/MstConvertor_loop[0].mstrconv/mstrDWC/genblk1.MstUpConv/DWC_ARChan/len_offset_reg[2]:D
  Delay (ns):              0.149
  Slack (ns):              0.072
  Arrival (ns):            3.804
  Required (ns):           3.732
  Operating Conditions: fast_hv_lt

Path 41
  From: CLOCKS_AND_RESETS_0/RESET_FIC_3_CLK/CORERESET_0/dff_3[0]:CLK
  To:   CLOCKS_AND_RESETS_0/RESET_FIC_3_CLK/CORERESET_0/dff_4[0]:D
  Delay (ns):              0.149
  Slack (ns):              0.072
  Arrival (ns):            4.235
  Required (ns):           4.163
  Operating Conditions: fast_hv_lt

Path 42
  From: FIC_0_PERIPHERALS_0/security_core_0/sbox/y_lo_r2[0][0]:CLK
  To:   FIC_0_PERIPHERALS_0/security_core_0/sbox/y_lo_r3[0][0]:D
  Delay (ns):              0.150
  Slack (ns):              0.073
  Arrival (ns):            3.819
  Required (ns):           3.746
  Operating Conditions: fast_hv_lt

Path 43
  From: FIC_0_PERIPHERALS_0/security_core_0/sbox/y_hi_r0[0][3]:CLK
  To:   FIC_0_PERIPHERALS_0/security_core_0/sbox/y_hi_r1[0][3]:D
  Delay (ns):              0.150
  Slack (ns):              0.073
  Arrival (ns):            3.794
  Required (ns):           3.721
  Operating Conditions: fast_hv_lt

Path 44
  From: FIC_0_PERIPHERALS_0/security_core_0/rng/trng_acc_0/seed_o_3[2]:CLK
  To:   FIC_0_PERIPHERALS_0/security_core_0/rng/trng_acc_0/seed_o_4[2]:D
  Delay (ns):              0.149
  Slack (ns):              0.073
  Arrival (ns):            3.786
  Required (ns):           3.713
  Operating Conditions: fast_hv_lt

Path 45
  From: FIC_0_PERIPHERALS_0/security_core_0/rng/neoTRNG_0/entropy_cell_gen.1.neoTRNG_cell_inst/sreg_5[0]:CLK
  To:   FIC_0_PERIPHERALS_0/security_core_0/rng/neoTRNG_0/entropy_cell_gen.1.neoTRNG_cell_inst/sreg_6[0]:D
  Delay (ns):              0.150
  Slack (ns):              0.073
  Arrival (ns):            3.787
  Required (ns):           3.714
  Operating Conditions: fast_hv_lt

Path 46
  From: FIC_0_PERIPHERALS_0/security_core_0/hash_block_4[10]:CLK
  To:   FIC_0_PERIPHERALS_0/security_core_0/hash_block_5[10]:D
  Delay (ns):              0.150
  Slack (ns):              0.073
  Arrival (ns):            3.823
  Required (ns):           3.750
  Operating Conditions: fast_hv_lt

Path 47
  From: FIC_0_PERIPHERALS_0/security_core_0/hash_block_11[18]:CLK
  To:   FIC_0_PERIPHERALS_0/security_core_0/hash_block_12[18]:D
  Delay (ns):              0.150
  Slack (ns):              0.073
  Arrival (ns):            3.827
  Required (ns):           3.754
  Operating Conditions: fast_hv_lt

Path 48
  From: FIC_0_PERIPHERALS_0/DMA_INITIATOR_inst_0/DMA_INITIATOR_0/MstConvertor_loop[0].mstrconv/mstrDWC/genblk1.MstUpConv/DWC_UpConv_preCalcAChannel_ar_inst/MASTER_AADDR_out[27]:CLK
  To:   FIC_0_PERIPHERALS_0/DMA_INITIATOR_inst_0/DMA_INITIATOR_0/MstConvertor_loop[0].mstrconv/mstrDWC/genblk1.MstUpConv/DWC_ARChan/SLAVE_AADDR[27]:D
  Delay (ns):              0.150
  Slack (ns):              0.073
  Arrival (ns):            3.813
  Required (ns):           3.740
  Operating Conditions: fast_hv_lt

Path 49
  From: FIC_0_PERIPHERALS_0/security_core_0/hash_block_6[5]:CLK
  To:   FIC_0_PERIPHERALS_0/security_core_0/hash_block_7[5]:D
  Delay (ns):              0.151
  Slack (ns):              0.074
  Arrival (ns):            3.806
  Required (ns):           3.732
  Operating Conditions: fast_hv_lt

Path 50
  From: FIC_0_PERIPHERALS_0/security_core_0/hash_block_15[14]:CLK
  To:   FIC_0_PERIPHERALS_0/security_core_0/hash_core/buffer[494]:D
  Delay (ns):              0.148
  Slack (ns):              0.074
  Arrival (ns):            3.822
  Required (ns):           3.748
  Operating Conditions: fast_hv_lt

Path 51
  From: FIC_0_PERIPHERALS_0/FIC0_INITIATOR_inst_0/FIC0_INITIATOR_0/SlvConvertor_loop[2].slvcnv/slvdwc/genblk1.DownConverter_inst/readWidthConv/DWC_DownConv_preCalcCmdFifoWrCtrl_inst/MASTER_AID_out[2]:CLK
  To:   FIC_0_PERIPHERALS_0/FIC0_INITIATOR_inst_0/FIC0_INITIATOR_0/SlvConvertor_loop[2].slvcnv/slvdwc/genblk1.DownConverter_inst/readWidthConv/rdCmdFifoWriteCtrl/MASTER_AID_reg[2]:D
  Delay (ns):              0.282
  Slack (ns):              0.074
  Arrival (ns):            5.781
  Required (ns):           5.707
  Operating Conditions: slow_lv_ht

Path 52
  From: CLOCKS_AND_RESETS_0/RESET_FIC_0_CLK/CORERESET_0/dff_9[0]:CLK
  To:   CLOCKS_AND_RESETS_0/RESET_FIC_0_CLK/CORERESET_0/dff_10[0]:D
  Delay (ns):              0.148
  Slack (ns):              0.074
  Arrival (ns):            3.824
  Required (ns):           3.750
  Operating Conditions: fast_hv_lt

Path 53
  From: FIC_0_PERIPHERALS_0/security_core_0/sbox/y_hi_r2[2][0]:CLK
  To:   FIC_0_PERIPHERALS_0/security_core_0/sbox/y_hi_r3[2][0]:D
  Delay (ns):              0.149
  Slack (ns):              0.075
  Arrival (ns):            3.784
  Required (ns):           3.709
  Operating Conditions: fast_hv_lt

Path 54
  From: FIC_0_PERIPHERALS_0/security_core_0/rng/neoTRNG_0/entropy_cell_gen.2.neoTRNG_cell_inst/sreg_1[0]:CLK
  To:   FIC_0_PERIPHERALS_0/security_core_0/rng/neoTRNG_0/entropy_cell_gen.2.neoTRNG_cell_inst/sreg_2[0]:D
  Delay (ns):              0.152
  Slack (ns):              0.075
  Arrival (ns):            3.789
  Required (ns):           3.714
  Operating Conditions: fast_hv_lt

Path 55
  From: FIC_0_PERIPHERALS_0/security_core_0/hash_block_9[12]:CLK
  To:   FIC_0_PERIPHERALS_0/security_core_0/hash_block_10[12]:D
  Delay (ns):              0.152
  Slack (ns):              0.075
  Arrival (ns):            3.815
  Required (ns):           3.740
  Operating Conditions: fast_hv_lt

Path 56
  From: FIC_0_PERIPHERALS_0/security_core_0/hash_block_8[13]:CLK
  To:   FIC_0_PERIPHERALS_0/security_core_0/hash_block_9[13]:D
  Delay (ns):              0.152
  Slack (ns):              0.075
  Arrival (ns):            3.811
  Required (ns):           3.736
  Operating Conditions: fast_hv_lt

Path 57
  From: FIC_0_PERIPHERALS_0/security_core_0/hash_block_10[12]:CLK
  To:   FIC_0_PERIPHERALS_0/security_core_0/hash_block_11[12]:D
  Delay (ns):              0.153
  Slack (ns):              0.075
  Arrival (ns):            3.815
  Required (ns):           3.740
  Operating Conditions: fast_hv_lt

Path 58
  From: FIC_0_PERIPHERALS_0/FIC0_INITIATOR_inst_0/FIC0_INITIATOR_0/SlvConvertor_loop[2].slvcnv/slvdwc/genblk1.DownConverter_inst/readWidthConv/genblk1.widthConvrd/MASTER_RDATA[39]:CLK
  To:   FIC_0_PERIPHERALS_0/FIC0_INITIATOR_inst_0/FIC0_INITIATOR_0/SlvConvertor_loop[2].slvcnv/rgsl/genblk3.rrs/holdDat[43]:D
  Delay (ns):              0.153
  Slack (ns):              0.075
  Arrival (ns):            3.811
  Required (ns):           3.736
  Operating Conditions: fast_hv_lt

Path 59
  From: FIC_3_PERIPHERALS_0/PWM/corepwm_C0_0/genblk3.corepwm_reg_if/psh_period_reg[5]:CLK
  To:   FIC_3_PERIPHERALS_0/PWM/corepwm_C0_0/genblk3.corepwm_reg_if/period_reg_Z[5]:D
  Delay (ns):              0.150
  Slack (ns):              0.076
  Arrival (ns):            4.215
  Required (ns):           4.139
  Operating Conditions: fast_hv_lt

Path 60
  From: FIC_0_PERIPHERALS_0/security_core_0/sbox/y_r[0][1]:CLK
  To:   FIC_0_PERIPHERALS_0/security_core_0/sbox/y_lo_r0[0][1]:D
  Delay (ns):              0.153
  Slack (ns):              0.076
  Arrival (ns):            3.806
  Required (ns):           3.730
  Operating Conditions: fast_hv_lt

Path 61
  From: FIC_0_PERIPHERALS_0/security_core_0/rng/trivium_0/C[0][9]:CLK
  To:   FIC_0_PERIPHERALS_0/security_core_0/rng/trivium_0/C[1][9]:D
  Delay (ns):              0.149
  Slack (ns):              0.076
  Arrival (ns):            3.798
  Required (ns):           3.722
  Operating Conditions: fast_hv_lt

Path 62
  From: FIC_0_PERIPHERALS_0/security_core_0/rng/neoTRNG_0/entropy_cell_gen.0.neoTRNG_cell_inst/sreg_3[0]:CLK
  To:   FIC_0_PERIPHERALS_0/security_core_0/rng/neoTRNG_0/entropy_cell_gen.0.neoTRNG_cell_inst/sreg_4[0]:D
  Delay (ns):              0.153
  Slack (ns):              0.076
  Arrival (ns):            3.789
  Required (ns):           3.713
  Operating Conditions: fast_hv_lt

Path 63
  From: FIC_0_PERIPHERALS_0/security_core_0/hash_block_7[27]:CLK
  To:   FIC_0_PERIPHERALS_0/security_core_0/hash_block_8[27]:D
  Delay (ns):              0.154
  Slack (ns):              0.076
  Arrival (ns):            3.830
  Required (ns):           3.754
  Operating Conditions: fast_hv_lt

Path 64
  From: FIC_0_PERIPHERALS_0/security_core_0/hash_block_6[15]:CLK
  To:   FIC_0_PERIPHERALS_0/security_core_0/hash_block_7[15]:D
  Delay (ns):              0.150
  Slack (ns):              0.076
  Arrival (ns):            3.807
  Required (ns):           3.731
  Operating Conditions: fast_hv_lt

Path 65
  From: FIC_0_PERIPHERALS_0/security_core_0/hash_block_5[3]:CLK
  To:   FIC_0_PERIPHERALS_0/security_core_0/hash_core/buffer[163]:D
  Delay (ns):              0.150
  Slack (ns):              0.076
  Arrival (ns):            3.806
  Required (ns):           3.730
  Operating Conditions: fast_hv_lt

Path 66
  From: FIC_0_PERIPHERALS_0/security_core_0/hash_block_3[22]:CLK
  To:   FIC_0_PERIPHERALS_0/security_core_0/hash_block_4[22]:D
  Delay (ns):              0.153
  Slack (ns):              0.076
  Arrival (ns):            3.813
  Required (ns):           3.737
  Operating Conditions: fast_hv_lt

Path 67
  From: FIC_0_PERIPHERALS_0/security_core_0/hash_block_10[27]:CLK
  To:   FIC_0_PERIPHERALS_0/security_core_0/hash_block_11[27]:D
  Delay (ns):              0.153
  Slack (ns):              0.076
  Arrival (ns):            3.830
  Required (ns):           3.754
  Operating Conditions: fast_hv_lt

Path 68
  From: FIC_0_PERIPHERALS_0/security_core_0/hash_block_10[26]:CLK
  To:   FIC_0_PERIPHERALS_0/security_core_0/hash_block_11[26]:D
  Delay (ns):              0.150
  Slack (ns):              0.076
  Arrival (ns):            3.826
  Required (ns):           3.750
  Operating Conditions: fast_hv_lt

Path 69
  From: FIC_0_PERIPHERALS_0/FIC0_INITIATOR_inst_0/FIC0_INITIATOR_0/SlvConvertor_loop[2].slvcnv/slvdwc/genblk1.DownConverter_inst/writeWidthConv/DWC_DownConv_preCalcCmdFifoWrCtrl_inst/sizeMax_pre_Z[2]:CLK
  To:   FIC_0_PERIPHERALS_0/FIC0_INITIATOR_inst_0/FIC0_INITIATOR_0/SlvConvertor_loop[2].slvcnv/slvdwc/genblk1.DownConverter_inst/writeWidthConv/wrCmdFifoWriteCtrl/SizeMax_reg[2]:D
  Delay (ns):              0.153
  Slack (ns):              0.076
  Arrival (ns):            3.808
  Required (ns):           3.732
  Operating Conditions: fast_hv_lt

Path 70
  From: FIC_3_PERIPHERALS_0/PWM/corepwm_C0_0/genblk3.corepwm_reg_if/psh_prescale_reg[3]:CLK
  To:   FIC_3_PERIPHERALS_0/PWM/corepwm_C0_0/genblk3.corepwm_reg_if/prescale_reg_Z[3]:D
  Delay (ns):              0.151
  Slack (ns):              0.077
  Arrival (ns):            4.223
  Required (ns):           4.146
  Operating Conditions: fast_hv_lt

Path 71
  From: FIC_0_PERIPHERALS_0/security_core_0/rng/trivium_0/A[0][9]:CLK
  To:   FIC_0_PERIPHERALS_0/security_core_0/rng/trivium_0/A[1][9]:D
  Delay (ns):              0.154
  Slack (ns):              0.077
  Arrival (ns):            3.816
  Required (ns):           3.739
  Operating Conditions: fast_hv_lt

Path 72
  From: FIC_0_PERIPHERALS_0/security_core_0/rng/neoTRNG_0/entropy_cell_gen.2.neoTRNG_cell_inst/sreg_2[0]:CLK
  To:   FIC_0_PERIPHERALS_0/security_core_0/rng/neoTRNG_0/entropy_cell_gen.2.neoTRNG_cell_inst/sreg_3[0]:D
  Delay (ns):              0.154
  Slack (ns):              0.077
  Arrival (ns):            3.791
  Required (ns):           3.714
  Operating Conditions: fast_hv_lt

Path 73
  From: FIC_0_PERIPHERALS_0/security_core_0/rng/neoTRNG_0/entropy_cell_gen.0.neoTRNG_cell_inst/sreg_2[0]:CLK
  To:   FIC_0_PERIPHERALS_0/security_core_0/rng/neoTRNG_0/entropy_cell_gen.0.neoTRNG_cell_inst/sreg_3[0]:D
  Delay (ns):              0.154
  Slack (ns):              0.077
  Arrival (ns):            3.790
  Required (ns):           3.713
  Operating Conditions: fast_hv_lt

Path 74
  From: FIC_0_PERIPHERALS_0/security_core_0/hash_block_8[0]:CLK
  To:   FIC_0_PERIPHERALS_0/security_core_0/hash_core/buffer[256]:D
  Delay (ns):              0.151
  Slack (ns):              0.077
  Arrival (ns):            3.828
  Required (ns):           3.751
  Operating Conditions: fast_hv_lt

Path 75
  From: FIC_0_PERIPHERALS_0/security_core_0/hash_block_7[3]:CLK
  To:   FIC_0_PERIPHERALS_0/security_core_0/hash_block_8[3]:D
  Delay (ns):              0.151
  Slack (ns):              0.077
  Arrival (ns):            3.821
  Required (ns):           3.744
  Operating Conditions: fast_hv_lt

Path 76
  From: FIC_0_PERIPHERALS_0/security_core_0/hash_block_6[8]:CLK
  To:   FIC_0_PERIPHERALS_0/security_core_0/hash_block_7[8]:D
  Delay (ns):              0.154
  Slack (ns):              0.077
  Arrival (ns):            3.834
  Required (ns):           3.757
  Operating Conditions: fast_hv_lt

Path 77
  From: FIC_0_PERIPHERALS_0/security_core_0/hash_block_5[12]:CLK
  To:   FIC_0_PERIPHERALS_0/security_core_0/hash_block_6[12]:D
  Delay (ns):              0.154
  Slack (ns):              0.077
  Arrival (ns):            3.817
  Required (ns):           3.740
  Operating Conditions: fast_hv_lt

Path 78
  From: FIC_0_PERIPHERALS_0/security_core_0/hash_block_4[26]:CLK
  To:   FIC_0_PERIPHERALS_0/security_core_0/hash_block_5[26]:D
  Delay (ns):              0.151
  Slack (ns):              0.077
  Arrival (ns):            3.826
  Required (ns):           3.749
  Operating Conditions: fast_hv_lt

Path 79
  From: FIC_0_PERIPHERALS_0/security_core_0/hash_block_3[2]:CLK
  To:   FIC_0_PERIPHERALS_0/security_core_0/hash_block_4[2]:D
  Delay (ns):              0.154
  Slack (ns):              0.077
  Arrival (ns):            3.810
  Required (ns):           3.733
  Operating Conditions: fast_hv_lt

Path 80
  From: FIC_0_PERIPHERALS_0/FIC0_INITIATOR_inst_0/FIC0_INITIATOR_0/SlvConvertor_loop[2].slvcnv/rgsl/genblk4.wrs/sDat[8]:CLK
  To:   FIC_0_PERIPHERALS_0/FIC0_INITIATOR_inst_0/FIC0_INITIATOR_0/SlvConvertor_loop[2].slvcnv/slvdwc/genblk1.DownConverter_inst/writeWidthConv/widthConvwr/MASTER_WSTRB_reg[6]:D
  Delay (ns):              0.151
  Slack (ns):              0.077
  Arrival (ns):            3.810
  Required (ns):           3.733
  Operating Conditions: fast_hv_lt

Path 81
  From: FIC_0_PERIPHERALS_0/DMA_INITIATOR_inst_0/DMA_INITIATOR_0/MstConvertor_loop[0].mstrconv/mstrDWC/genblk1.MstUpConv/DWC_UpConv_preCalcAChannel_aw_inst/MASTER_AADDR_out[27]:CLK
  To:   FIC_0_PERIPHERALS_0/DMA_INITIATOR_inst_0/DMA_INITIATOR_0/MstConvertor_loop[0].mstrconv/mstrDWC/genblk1.MstUpConv/DWC_AWChan/SLAVE_AADDR[27]:D
  Delay (ns):              0.151
  Slack (ns):              0.077
  Arrival (ns):            3.791
  Required (ns):           3.714
  Operating Conditions: fast_hv_lt

Path 82
  From: FIC_0_PERIPHERALS_0/DMA_CONTROLLER_inst_0/DMA_CONTROLLER_0/U_AXI4INITIATORDMACtrl/ARADDRReg[8]:CLK
  To:   FIC_0_PERIPHERALS_0/DMA_INITIATOR_inst_0/DMA_INITIATOR_0/MstConvertor_loop[0].mstrconv/mstrDWC/genblk1.MstUpConv/DWC_UpConv_preCalcAChannel_ar_inst/MASTER_AADDR_out[8]:D
  Delay (ns):              0.154
  Slack (ns):              0.077
  Arrival (ns):            3.829
  Required (ns):           3.752
  Operating Conditions: fast_hv_lt

Path 83
  From: CLOCKS_AND_RESETS_0/RESET_FIC_0_CLK/CORERESET_0/dff_1[0]:CLK
  To:   CLOCKS_AND_RESETS_0/RESET_FIC_0_CLK/CORERESET_0/dff_2[0]:D
  Delay (ns):              0.151
  Slack (ns):              0.077
  Arrival (ns):            3.827
  Required (ns):           3.750
  Operating Conditions: fast_hv_lt

Path 84
  From: FIC_3_PERIPHERALS_0/SPI_FOR_7_SEG_0/SPI_FOR_7_SEG_0/USPI/UCC/clock_rx_q2:CLK
  To:   FIC_3_PERIPHERALS_0/SPI_FOR_7_SEG_0/SPI_FOR_7_SEG_0/USPI/UCC/clock_rx_q3:D
  Delay (ns):              0.151
  Slack (ns):              0.078
  Arrival (ns):            4.195
  Required (ns):           4.117
  Operating Conditions: fast_hv_lt

Path 85
  From: FIC_3_PERIPHERALS_0/PWM/corepwm_C0_0/genblk3.corepwm_reg_if/psh_prescale_reg[28]:CLK
  To:   FIC_3_PERIPHERALS_0/PWM/corepwm_C0_0/genblk3.corepwm_reg_if/prescale_reg_Z[28]:D
  Delay (ns):              0.155
  Slack (ns):              0.078
  Arrival (ns):            4.232
  Required (ns):           4.154
  Operating Conditions: fast_hv_lt

Path 86
  From: FIC_3_PERIPHERALS_0/PWM/corepwm_C0_0/genblk3.corepwm_reg_if/psh_prescale_reg[21]:CLK
  To:   FIC_3_PERIPHERALS_0/PWM/corepwm_C0_0/genblk3.corepwm_reg_if/prescale_reg_Z[21]:D
  Delay (ns):              0.153
  Slack (ns):              0.078
  Arrival (ns):            4.220
  Required (ns):           4.142
  Operating Conditions: fast_hv_lt

Path 87
  From: FIC_0_PERIPHERALS_0/security_core_0/sbox/y_lo_r2[2][2]:CLK
  To:   FIC_0_PERIPHERALS_0/security_core_0/sbox/y_lo_r3[2][2]:D
  Delay (ns):              0.153
  Slack (ns):              0.078
  Arrival (ns):            3.794
  Required (ns):           3.716
  Operating Conditions: fast_hv_lt

Path 88
  From: FIC_0_PERIPHERALS_0/security_core_0/rng/trng_acc_0/seed_o_6[0]:CLK
  To:   FIC_0_PERIPHERALS_0/security_core_0/rng/trng_acc_0/seed_o_7[0]:D
  Delay (ns):              0.152
  Slack (ns):              0.078
  Arrival (ns):            3.814
  Required (ns):           3.736
  Operating Conditions: fast_hv_lt

Path 89
  From: FIC_0_PERIPHERALS_0/security_core_0/rng/trng_acc_0/seed_o_5[0]:CLK
  To:   FIC_0_PERIPHERALS_0/security_core_0/rng/trng_acc_0/seed_o_6[0]:D
  Delay (ns):              0.152
  Slack (ns):              0.078
  Arrival (ns):            3.814
  Required (ns):           3.736
  Operating Conditions: fast_hv_lt

Path 90
  From: FIC_0_PERIPHERALS_0/security_core_0/hash_block_9[30]:CLK
  To:   FIC_0_PERIPHERALS_0/security_core_0/hash_block_10[30]:D
  Delay (ns):              0.152
  Slack (ns):              0.078
  Arrival (ns):            3.828
  Required (ns):           3.750
  Operating Conditions: fast_hv_lt

Path 91
  From: FIC_0_PERIPHERALS_0/security_core_0/hash_block_8[4]:CLK
  To:   FIC_0_PERIPHERALS_0/security_core_0/hash_block_9[4]:D
  Delay (ns):              0.152
  Slack (ns):              0.078
  Arrival (ns):            3.821
  Required (ns):           3.743
  Operating Conditions: fast_hv_lt

Path 92
  From: FIC_0_PERIPHERALS_0/security_core_0/hash_block_6[5]:CLK
  To:   FIC_0_PERIPHERALS_0/security_core_0/hash_core/buffer[197]:D
  Delay (ns):              0.155
  Slack (ns):              0.078
  Arrival (ns):            3.810
  Required (ns):           3.732
  Operating Conditions: fast_hv_lt

Path 93
  From: FIC_0_PERIPHERALS_0/security_core_0/hash_block_1[27]:CLK
  To:   FIC_0_PERIPHERALS_0/security_core_0/hash_block_2[27]:D
  Delay (ns):              0.155
  Slack (ns):              0.078
  Arrival (ns):            3.832
  Required (ns):           3.754
  Operating Conditions: fast_hv_lt

Path 94
  From: FIC_0_PERIPHERALS_0/security_core_0/hash_block_11[5]:CLK
  To:   FIC_0_PERIPHERALS_0/security_core_0/hash_block_12[5]:D
  Delay (ns):              0.155
  Slack (ns):              0.078
  Arrival (ns):            3.804
  Required (ns):           3.726
  Operating Conditions: fast_hv_lt

Path 95
  From: FIC_0_PERIPHERALS_0/security_core_0/hash_block_10[29]:CLK
  To:   FIC_0_PERIPHERALS_0/security_core_0/hash_core/buffer[349]:D
  Delay (ns):              0.155
  Slack (ns):              0.078
  Arrival (ns):            3.810
  Required (ns):           3.732
  Operating Conditions: fast_hv_lt

Path 96
  From: FIC_0_PERIPHERALS_0/FIC0_INITIATOR_inst_0/FIC0_INITIATOR_0/SlvConvertor_loop[0].slvcnv/slvdwc/genblk1.DownConverter_inst/writeWidthConv/DWC_DownConv_preCalcCmdFifoWrCtrl_inst/sizeCnt_comb_pre_Z[0]:CLK
  To:   FIC_0_PERIPHERALS_0/FIC0_INITIATOR_inst_0/FIC0_INITIATOR_0/SlvConvertor_loop[0].slvcnv/slvdwc/genblk1.DownConverter_inst/writeWidthConv/wrCmdFifoWriteCtrl/sizeCnt_reg[0]:D
  Delay (ns):              0.152
  Slack (ns):              0.078
  Arrival (ns):            3.832
  Required (ns):           3.754
  Operating Conditions: fast_hv_lt

Path 97
  From: FIC_0_PERIPHERALS_0/DMA_INITIATOR_inst_0/DMA_INITIATOR_0/MstConvertor_loop[0].mstrconv/mstrDWC/genblk1.MstUpConv/DWC_UpConv_preCalcAChannel_aw_inst/MASTER_AADDR_out[19]:CLK
  To:   FIC_0_PERIPHERALS_0/DMA_INITIATOR_inst_0/DMA_INITIATOR_0/MstConvertor_loop[0].mstrconv/mstrDWC/genblk1.MstUpConv/DWC_AWChan/SLAVE_AADDR[19]:D
  Delay (ns):              0.155
  Slack (ns):              0.078
  Arrival (ns):            3.807
  Required (ns):           3.729
  Operating Conditions: fast_hv_lt

Path 98
  From: FIC_0_PERIPHERALS_0/DMA_INITIATOR_inst_0/DMA_INITIATOR_0/MstConvertor_loop[0].mstrconv/mstrDWC/genblk1.MstUpConv/DWC_UpConv_preCalcAChannel_aw_inst/MASTER_AADDR_out[11]:CLK
  To:   FIC_0_PERIPHERALS_0/DMA_INITIATOR_inst_0/DMA_INITIATOR_0/MstConvertor_loop[0].mstrconv/mstrDWC/genblk1.MstUpConv/DWC_AWChan/SLAVE_AADDR[11]:D
  Delay (ns):              0.155
  Slack (ns):              0.078
  Arrival (ns):            3.807
  Required (ns):           3.729
  Operating Conditions: fast_hv_lt

Path 99
  From: FIC_0_PERIPHERALS_0/DMA_CONTROLLER_inst_0/DMA_CONTROLLER_0/U_AXI4INITIATORDMACtrl/ARADDRReg[13]:CLK
  To:   FIC_0_PERIPHERALS_0/DMA_INITIATOR_inst_0/DMA_INITIATOR_0/MstConvertor_loop[0].mstrconv/mstrDWC/genblk1.MstUpConv/DWC_UpConv_preCalcAChannel_ar_inst/MASTER_AADDR_out[13]:D
  Delay (ns):              0.155
  Slack (ns):              0.078
  Arrival (ns):            3.812
  Required (ns):           3.734
  Operating Conditions: fast_hv_lt

Path 100
  From: CLOCKS_AND_RESETS_0/RESET_FIC_3_CLK/CORERESET_0/dff_0[0]:CLK
  To:   CLOCKS_AND_RESETS_0/RESET_FIC_3_CLK/CORERESET_0/dff_1[0]:D
  Delay (ns):              0.155
  Slack (ns):              0.078
  Arrival (ns):            4.241
  Required (ns):           4.163
  Operating Conditions: fast_hv_lt

