Timing Violation Report Min Delay Analysis

SmartTime Version 2025.2
Microchip Technology Inc. - Microchip Libero Software Release 2025.2 (Version 2025.2.0.14)
Date: Sat Apr  4 17:27:26 2026


Design: MPFS_DISCOVERY_KIT
Family: PolarFireSoC
Die: MPFS095T
Package: FCSG325
Temperature Range: 0 - 100 C
Voltage Range: 0.97 - 1.03 V
Speed Grade: -1
Design State: Post-Layout
Data source: Production
Multi Corner Report Operating Conditions: slow_lv_lt,fast_hv_lt,slow_lv_ht


Path 1
  From: FIC_0_PERIPHERALS_0/FIC0_INITIATOR_inst_0/FIC0_INITIATOR_0/SlvConvertor_loop[0].slvcnv/rgsl/genblk4.wrs/sDat[50]:CLK
  To:   FIC_0_PERIPHERALS_0/FIC0_INITIATOR_inst_0/FIC0_INITIATOR_0/SlvConvertor_loop[0].slvcnv/slvdwc/genblk1.DownConverter_inst/writeWidthConv/widthConvwr/MASTER_WDATA_reg[40]:D
  Delay (ns):              0.285
  Slack (ns):              0.023
  Arrival (ns):            5.770
  Required (ns):           5.747
  Operating Conditions: slow_lv_ht

Path 2
  From: FIC_0_PERIPHERALS_0/security_core_0/aes_block[2][65]:CLK
  To:   FIC_0_PERIPHERALS_0/security_core_0/dec/C[2][65]:D
  Delay (ns):              0.289
  Slack (ns):              0.028
  Arrival (ns):            5.738
  Required (ns):           5.710
  Operating Conditions: slow_lv_ht

Path 3
  From: FIC_0_PERIPHERALS_0/security_core_0/hash_block_14[0]:CLK
  To:   FIC_0_PERIPHERALS_0/security_core_0/hash_core/buffer[448]:D
  Delay (ns):              0.302
  Slack (ns):              0.046
  Arrival (ns):            5.548
  Required (ns):           5.502
  Operating Conditions: slow_lv_lt

Path 4
  From: FIC_0_PERIPHERALS_0/security_core_0/hash_block_8[15]:CLK
  To:   FIC_0_PERIPHERALS_0/security_core_0/hash_core/buffer[271]:D
  Delay (ns):              0.310
  Slack (ns):              0.056
  Arrival (ns):            5.557
  Required (ns):           5.501
  Operating Conditions: slow_lv_lt

Path 5
  From: FIC_0_PERIPHERALS_0/DMA_INITIATOR_inst_0/DMA_INITIATOR_0/MstConvertor_loop[0].mstrconv/mstrDWC/genblk1.MstUpConv/DWC_UpConv_preCalcAChannel_aw_inst/MASTER_AADDR_out[24]:CLK
  To:   FIC_0_PERIPHERALS_0/DMA_INITIATOR_inst_0/DMA_INITIATOR_0/MstConvertor_loop[0].mstrconv/mstrDWC/genblk1.MstUpConv/DWC_AWChan/SLAVE_AADDR[24]:D
  Delay (ns):              0.144
  Slack (ns):              0.066
  Arrival (ns):            3.795
  Required (ns):           3.729
  Operating Conditions: fast_hv_lt

Path 6
  From: FIC_0_PERIPHERALS_0/DMA_INITIATOR_inst_0/DMA_INITIATOR_0/MstConvertor_loop[0].mstrconv/mstrDWC/genblk1.MstUpConv/DWC_UpConv_preCalcAChannel_aw_inst/MASTER_AADDR_out[21]:CLK
  To:   FIC_0_PERIPHERALS_0/DMA_INITIATOR_inst_0/DMA_INITIATOR_0/MstConvertor_loop[0].mstrconv/mstrDWC/genblk1.MstUpConv/DWC_AWChan/SLAVE_AADDR[21]:D
  Delay (ns):              0.143
  Slack (ns):              0.066
  Arrival (ns):            3.795
  Required (ns):           3.729
  Operating Conditions: fast_hv_lt

Path 7
  From: FIC_3_PERIPHERALS_0/PWM/corepwm_C0_0/genblk3.corepwm_reg_if/psh_prescale_reg[27]:CLK
  To:   FIC_3_PERIPHERALS_0/PWM/corepwm_C0_0/genblk3.corepwm_reg_if/prescale_reg_Z[27]:D
  Delay (ns):              0.144
  Slack (ns):              0.067
  Arrival (ns):            4.204
  Required (ns):           4.137
  Operating Conditions: fast_hv_lt

Path 8
  From: FIC_0_PERIPHERALS_0/DMA_INITIATOR_inst_0/DMA_INITIATOR_0/MstConvertor_loop[0].mstrconv/mstrDWC/genblk1.MstUpConv/DWC_UpConv_preCalcAChannel_aw_inst/MASTER_AADDR_out[30]:CLK
  To:   FIC_0_PERIPHERALS_0/DMA_INITIATOR_inst_0/DMA_INITIATOR_0/MstConvertor_loop[0].mstrconv/mstrDWC/genblk1.MstUpConv/DWC_AWChan/SLAVE_AADDR[30]:D
  Delay (ns):              0.144
  Slack (ns):              0.067
  Arrival (ns):            3.804
  Required (ns):           3.737
  Operating Conditions: fast_hv_lt

Path 9
  From: FIC_0_PERIPHERALS_0/DMA_INITIATOR_inst_0/DMA_INITIATOR_0/MstConvertor_loop[0].mstrconv/mstrDWC/genblk1.MstUpConv/DWC_UpConv_preCalcAChannel_aw_inst/MASTER_AADDR_out[17]:CLK
  To:   FIC_0_PERIPHERALS_0/DMA_INITIATOR_inst_0/DMA_INITIATOR_0/MstConvertor_loop[0].mstrconv/mstrDWC/genblk1.MstUpConv/DWC_AWChan/SLAVE_AADDR[17]:D
  Delay (ns):              0.144
  Slack (ns):              0.067
  Arrival (ns):            3.796
  Required (ns):           3.729
  Operating Conditions: fast_hv_lt

Path 10
  From: CLOCKS_AND_RESETS_0/RESET_FIC_3_CLK/CORERESET_0/dff_5[0]:CLK
  To:   CLOCKS_AND_RESETS_0/RESET_FIC_3_CLK/CORERESET_0/dff_6[0]:D
  Delay (ns):              0.144
  Slack (ns):              0.067
  Arrival (ns):            4.216
  Required (ns):           4.149
  Operating Conditions: fast_hv_lt

Path 11
  From: CLOCKS_AND_RESETS_0/RESET_FIC_0_CLK/CORERESET_0/dff_8[0]:CLK
  To:   CLOCKS_AND_RESETS_0/RESET_FIC_0_CLK/CORERESET_0/dff_9[0]:D
  Delay (ns):              0.144
  Slack (ns):              0.067
  Arrival (ns):            3.810
  Required (ns):           3.743
  Operating Conditions: fast_hv_lt

Path 12
  From: CLOCKS_AND_RESETS_0/RESET_FIC_0_CLK/CORERESET_0/dff_2[0]:CLK
  To:   CLOCKS_AND_RESETS_0/RESET_FIC_0_CLK/CORERESET_0/dff_3[0]:D
  Delay (ns):              0.144
  Slack (ns):              0.067
  Arrival (ns):            3.810
  Required (ns):           3.743
  Operating Conditions: fast_hv_lt

Path 13
  From: FIC_3_PERIPHERALS_0/PWM/corepwm_C0_0/genblk3.corepwm_reg_if/psh_prescale_reg[25]:CLK
  To:   FIC_3_PERIPHERALS_0/PWM/corepwm_C0_0/genblk3.corepwm_reg_if/prescale_reg_Z[25]:D
  Delay (ns):              0.217
  Slack (ns):              0.068
  Arrival (ns):            6.077
  Required (ns):           6.009
  Operating Conditions: slow_lv_lt

Path 14
  From: FIC_0_PERIPHERALS_0/security_core_0/sbox/y_lo_r2[1][2]:CLK
  To:   FIC_0_PERIPHERALS_0/security_core_0/sbox/y_lo_r3[1][2]:D
  Delay (ns):              0.144
  Slack (ns):              0.068
  Arrival (ns):            3.785
  Required (ns):           3.717
  Operating Conditions: fast_hv_lt

Path 15
  From: FIC_0_PERIPHERALS_0/DMA_INITIATOR_inst_0/DMA_INITIATOR_0/arst_aclk_sync/sysReset_f1:CLK
  To:   FIC_0_PERIPHERALS_0/DMA_INITIATOR_inst_0/DMA_INITIATOR_0/arst_aclk_sync/sysReset:D
  Delay (ns):              0.144
  Slack (ns):              0.068
  Arrival (ns):            3.783
  Required (ns):           3.715
  Operating Conditions: fast_hv_lt

Path 16
  From: FIC_0_PERIPHERALS_0/security_core_0/hash_block_5[6]:CLK
  To:   FIC_0_PERIPHERALS_0/security_core_0/hash_core/buffer[166]:D
  Delay (ns):              0.146
  Slack (ns):              0.069
  Arrival (ns):            3.809
  Required (ns):           3.740
  Operating Conditions: fast_hv_lt

Path 17
  From: FIC_0_PERIPHERALS_0/security_core_0/hash_block_4[25]:CLK
  To:   FIC_0_PERIPHERALS_0/security_core_0/hash_block_5[25]:D
  Delay (ns):              0.146
  Slack (ns):              0.069
  Arrival (ns):            3.799
  Required (ns):           3.730
  Operating Conditions: fast_hv_lt

Path 18
  From: FIC_0_PERIPHERALS_0/security_core_0/hash_block_4[17]:CLK
  To:   FIC_0_PERIPHERALS_0/security_core_0/hash_block_5[17]:D
  Delay (ns):              0.146
  Slack (ns):              0.069
  Arrival (ns):            3.799
  Required (ns):           3.730
  Operating Conditions: fast_hv_lt

Path 19
  From: FIC_0_PERIPHERALS_0/security_core_0/hash_block_14[18]:CLK
  To:   FIC_0_PERIPHERALS_0/security_core_0/hash_block_15[18]:D
  Delay (ns):              0.146
  Slack (ns):              0.069
  Arrival (ns):            3.821
  Required (ns):           3.752
  Operating Conditions: fast_hv_lt

Path 20
  From: FIC_0_PERIPHERALS_0/security_core_0/hash_block_13[3]:CLK
  To:   FIC_0_PERIPHERALS_0/security_core_0/hash_block_14[3]:D
  Delay (ns):              0.146
  Slack (ns):              0.069
  Arrival (ns):            3.824
  Required (ns):           3.755
  Operating Conditions: fast_hv_lt

Path 21
  From: FIC_0_PERIPHERALS_0/security_core_0/hash_block_11[24]:CLK
  To:   FIC_0_PERIPHERALS_0/security_core_0/hash_core/buffer[376]:D
  Delay (ns):              0.146
  Slack (ns):              0.069
  Arrival (ns):            3.799
  Required (ns):           3.730
  Operating Conditions: fast_hv_lt

Path 22
  From: FIC_0_PERIPHERALS_0/FIC0_INITIATOR_inst_0/FIC0_INITIATOR_0/MstConvertor_loop[0].mstrconv/rgsl/genblk2.arrs/sDat[24]:CLK
  To:   FIC_0_PERIPHERALS_0/FIC0_INITIATOR_inst_0/FIC0_INITIATOR_0/axicb/cb.arcon/trgmx/slaveALEN[1]:D
  Delay (ns):              0.218
  Slack (ns):              0.069
  Arrival (ns):            5.463
  Required (ns):           5.394
  Operating Conditions: slow_lv_lt

Path 23
  From: CLOCKS_AND_RESETS_0/RESET_FIC_3_CLK/CORERESET_0/dff_4[0]:CLK
  To:   CLOCKS_AND_RESETS_0/RESET_FIC_3_CLK/CORERESET_0/dff_5[0]:D
  Delay (ns):              0.218
  Slack (ns):              0.069
  Arrival (ns):            6.089
  Required (ns):           6.020
  Operating Conditions: slow_lv_lt

Path 24
  From: CLOCKS_AND_RESETS_0/RESET_FIC_0_CLK/CORERESET_0/dff_7[0]:CLK
  To:   CLOCKS_AND_RESETS_0/RESET_FIC_0_CLK/CORERESET_0/dff_8[0]:D
  Delay (ns):              0.218
  Slack (ns):              0.069
  Arrival (ns):            5.475
  Required (ns):           5.406
  Operating Conditions: slow_lv_lt

Path 25
  From: FIC_0_PERIPHERALS_0/security_core_0/hash_block_2[23]:CLK
  To:   FIC_0_PERIPHERALS_0/security_core_0/hash_block_3[23]:D
  Delay (ns):              0.148
  Slack (ns):              0.070
  Arrival (ns):            3.822
  Required (ns):           3.752
  Operating Conditions: fast_hv_lt

Path 26
  From: FIC_0_PERIPHERALS_0/security_core_0/hash_block_12[23]:CLK
  To:   FIC_0_PERIPHERALS_0/security_core_0/hash_core/buffer[407]:D
  Delay (ns):              0.147
  Slack (ns):              0.070
  Arrival (ns):            3.823
  Required (ns):           3.753
  Operating Conditions: fast_hv_lt

Path 27
  From: FIC_0_PERIPHERALS_0/security_core_0/hash_block_0[22]:CLK
  To:   FIC_0_PERIPHERALS_0/security_core_0/hash_block_1[22]:D
  Delay (ns):              0.148
  Slack (ns):              0.070
  Arrival (ns):            3.800
  Required (ns):           3.730
  Operating Conditions: fast_hv_lt

Path 28
  From: FIC_0_PERIPHERALS_0/FIC0_INITIATOR_inst_0/FIC0_INITIATOR_0/SlvConvertor_loop[1].slvcnv/rgsl/genblk4.wrs/sDat[39]:CLK
  To:   FIC_0_PERIPHERALS_0/MSS_LSRAM_inst_0/COREAXI4SRAM_0/genblk1.genblk1.U_MSS_LSRAM_COREAXI4SRAM_0_CoreAXI4SRAM_MAINCTRL/genblk1.wdata_sc_r[29]:D
  Delay (ns):              0.147
  Slack (ns):              0.070
  Arrival (ns):            3.804
  Required (ns):           3.734
  Operating Conditions: fast_hv_lt

Path 29
  From: FIC_3_PERIPHERALS_0/CoreUARTapb_C0_0/CoreUARTapb_C0_0/uUART/make_RX/rx_shift[1]:CLK
  To:   FIC_3_PERIPHERALS_0/CoreUARTapb_C0_0/CoreUARTapb_C0_0/uUART/make_RX/rx_shift[0]:D
  Delay (ns):              0.220
  Slack (ns):              0.071
  Arrival (ns):            6.092
  Required (ns):           6.021
  Operating Conditions: slow_lv_lt

Path 30
  From: FIC_0_PERIPHERALS_0/security_core_0/sbox/y_lo_r3[1][2]:CLK
  To:   FIC_0_PERIPHERALS_0/security_core_0/sbox/y_lo_r4[1][2]:D
  Delay (ns):              0.147
  Slack (ns):              0.071
  Arrival (ns):            3.788
  Required (ns):           3.717
  Operating Conditions: fast_hv_lt

Path 31
  From: FIC_0_PERIPHERALS_0/security_core_0/hash_block_9[23]:CLK
  To:   FIC_0_PERIPHERALS_0/security_core_0/hash_block_10[23]:D
  Delay (ns):              0.148
  Slack (ns):              0.071
  Arrival (ns):            3.823
  Required (ns):           3.752
  Operating Conditions: fast_hv_lt

Path 32
  From: FIC_0_PERIPHERALS_0/security_core_0/hash_block_7[22]:CLK
  To:   FIC_0_PERIPHERALS_0/security_core_0/hash_core/buffer[246]:D
  Delay (ns):              0.148
  Slack (ns):              0.071
  Arrival (ns):            3.797
  Required (ns):           3.726
  Operating Conditions: fast_hv_lt

Path 33
  From: FIC_0_PERIPHERALS_0/security_core_0/hash_block_6[6]:CLK
  To:   FIC_0_PERIPHERALS_0/security_core_0/hash_core/buffer[198]:D
  Delay (ns):              0.148
  Slack (ns):              0.071
  Arrival (ns):            3.811
  Required (ns):           3.740
  Operating Conditions: fast_hv_lt

Path 34
  From: FIC_0_PERIPHERALS_0/security_core_0/hash_block_6[27]:CLK
  To:   FIC_0_PERIPHERALS_0/security_core_0/hash_block_7[27]:D
  Delay (ns):              0.148
  Slack (ns):              0.071
  Arrival (ns):            3.804
  Required (ns):           3.733
  Operating Conditions: fast_hv_lt

Path 35
  From: FIC_0_PERIPHERALS_0/security_core_0/hash_block_4[27]:CLK
  To:   FIC_0_PERIPHERALS_0/security_core_0/hash_block_5[27]:D
  Delay (ns):              0.148
  Slack (ns):              0.071
  Arrival (ns):            3.804
  Required (ns):           3.733
  Operating Conditions: fast_hv_lt

Path 36
  From: FIC_0_PERIPHERALS_0/security_core_0/hash_block_2[12]:CLK
  To:   FIC_0_PERIPHERALS_0/security_core_0/hash_block_3[12]:D
  Delay (ns):              0.148
  Slack (ns):              0.071
  Arrival (ns):            3.804
  Required (ns):           3.733
  Operating Conditions: fast_hv_lt

Path 37
  From: FIC_0_PERIPHERALS_0/security_core_0/hash_block_1[27]:CLK
  To:   FIC_0_PERIPHERALS_0/security_core_0/hash_block_2[27]:D
  Delay (ns):              0.148
  Slack (ns):              0.071
  Arrival (ns):            3.826
  Required (ns):           3.755
  Operating Conditions: fast_hv_lt

Path 38
  From: FIC_0_PERIPHERALS_0/security_core_0/hash_block_1[26]:CLK
  To:   FIC_0_PERIPHERALS_0/security_core_0/hash_block_2[26]:D
  Delay (ns):              0.148
  Slack (ns):              0.071
  Arrival (ns):            3.826
  Required (ns):           3.755
  Operating Conditions: fast_hv_lt

Path 39
  From: FIC_0_PERIPHERALS_0/security_core_0/hash_block_1[13]:CLK
  To:   FIC_0_PERIPHERALS_0/security_core_0/hash_core/buffer[45]:D
  Delay (ns):              0.148
  Slack (ns):              0.071
  Arrival (ns):            3.807
  Required (ns):           3.736
  Operating Conditions: fast_hv_lt

Path 40
  From: FIC_0_PERIPHERALS_0/security_core_0/hash_block_13[17]:CLK
  To:   FIC_0_PERIPHERALS_0/security_core_0/hash_core/buffer[433]:D
  Delay (ns):              0.148
  Slack (ns):              0.071
  Arrival (ns):            3.801
  Required (ns):           3.730
  Operating Conditions: fast_hv_lt

Path 41
  From: FIC_0_PERIPHERALS_0/FIC0_INITIATOR_inst_0/FIC0_INITIATOR_0/SlvConvertor_loop[0].slvcnv/slvdwc/genblk1.DownConverter_inst/readWidthConv/DWC_DownConv_preCalcCmdFifoWrCtrl_inst/MASTER_AID_out[4]:CLK
  To:   FIC_0_PERIPHERALS_0/FIC0_INITIATOR_inst_0/FIC0_INITIATOR_0/SlvConvertor_loop[0].slvcnv/slvdwc/genblk1.DownConverter_inst/readWidthConv/rdCmdFifoWriteCtrl/MASTER_AID_reg[4]:D
  Delay (ns):              0.148
  Slack (ns):              0.071
  Arrival (ns):            3.807
  Required (ns):           3.736
  Operating Conditions: fast_hv_lt

Path 42
  From: FIC_0_PERIPHERALS_0/FIC0_INITIATOR_inst_0/FIC0_INITIATOR_0/MstConvertor_loop[0].mstrconv/rgsl/genblk2.arrs/sDat[74]:CLK
  To:   FIC_0_PERIPHERALS_0/FIC0_INITIATOR_inst_0/FIC0_INITIATOR_0/axicb/cb.arcon/mstctrlBlk[0].mstctrl/trnscon/genblk3[3].openTransVec[3][11]:D
  Delay (ns):              0.319
  Slack (ns):              0.071
  Arrival (ns):            5.559
  Required (ns):           5.488
  Operating Conditions: slow_lv_lt

Path 43
  From: FIC_0_PERIPHERALS_0/FIC0_INITIATOR_inst_0/FIC0_INITIATOR_0/MstConvertor_loop[0].mstrconv/rgsl/genblk1.awrs/sDat[19]:CLK
  To:   FIC_0_PERIPHERALS_0/FIC0_INITIATOR_inst_0/FIC0_INITIATOR_0/axicb/cb.awcon/trgmx/slaveABURST[1]:D
  Delay (ns):              0.145
  Slack (ns):              0.071
  Arrival (ns):            3.814
  Required (ns):           3.743
  Operating Conditions: fast_hv_lt

Path 44
  From: FIC_0_PERIPHERALS_0/DMA_INITIATOR_inst_0/DMA_INITIATOR_0/MstConvertor_loop[0].mstrconv/mstrDWC/genblk1.MstUpConv/DWC_UpConv_preCalcAChannel_aw_inst/MASTER_AADDR_out[26]:CLK
  To:   FIC_0_PERIPHERALS_0/DMA_INITIATOR_inst_0/DMA_INITIATOR_0/MstConvertor_loop[0].mstrconv/mstrDWC/genblk1.MstUpConv/DWC_AWChan/SLAVE_AADDR[26]:D
  Delay (ns):              0.148
  Slack (ns):              0.071
  Arrival (ns):            3.800
  Required (ns):           3.729
  Operating Conditions: fast_hv_lt

Path 45
  From: CLOCKS_AND_RESETS_0/RESET_FIC_0_CLK/CORERESET_0/dff_1[0]:CLK
  To:   CLOCKS_AND_RESETS_0/RESET_FIC_0_CLK/CORERESET_0/dff_2[0]:D
  Delay (ns):              0.148
  Slack (ns):              0.071
  Arrival (ns):            3.814
  Required (ns):           3.743
  Operating Conditions: fast_hv_lt

Path 46
  From: FIC_3_PERIPHERALS_0/PWM/corepwm_C0_0/genblk3.corepwm_reg_if/psh_period_reg[27]:CLK
  To:   FIC_3_PERIPHERALS_0/PWM/corepwm_C0_0/genblk3.corepwm_reg_if/period_reg_Z[27]:D
  Delay (ns):              0.150
  Slack (ns):              0.072
  Arrival (ns):            4.209
  Required (ns):           4.137
  Operating Conditions: fast_hv_lt

Path 47
  From: FIC_0_PERIPHERALS_0/security_core_0/sbox/y_lo_r0[2][3]:CLK
  To:   FIC_0_PERIPHERALS_0/security_core_0/sbox/y_lo_r1[2][3]:D
  Delay (ns):              0.145
  Slack (ns):              0.072
  Arrival (ns):            3.783
  Required (ns):           3.711
  Operating Conditions: fast_hv_lt

Path 48
  From: FIC_0_PERIPHERALS_0/security_core_0/hash_block_9[24]:CLK
  To:   FIC_0_PERIPHERALS_0/security_core_0/hash_block_10[24]:D
  Delay (ns):              0.149
  Slack (ns):              0.072
  Arrival (ns):            3.802
  Required (ns):           3.730
  Operating Conditions: fast_hv_lt

Path 49
  From: FIC_0_PERIPHERALS_0/security_core_0/hash_block_6[2]:CLK
  To:   FIC_0_PERIPHERALS_0/security_core_0/hash_block_7[2]:D
  Delay (ns):              0.149
  Slack (ns):              0.072
  Arrival (ns):            3.828
  Required (ns):           3.756
  Operating Conditions: fast_hv_lt

Path 50
  From: FIC_0_PERIPHERALS_0/security_core_0/hash_block_6[13]:CLK
  To:   FIC_0_PERIPHERALS_0/security_core_0/hash_block_7[13]:D
  Delay (ns):              0.149
  Slack (ns):              0.072
  Arrival (ns):            3.808
  Required (ns):           3.736
  Operating Conditions: fast_hv_lt

Path 51
  From: FIC_0_PERIPHERALS_0/security_core_0/hash_block_5[23]:CLK
  To:   FIC_0_PERIPHERALS_0/security_core_0/hash_block_6[23]:D
  Delay (ns):              0.149
  Slack (ns):              0.072
  Arrival (ns):            3.824
  Required (ns):           3.752
  Operating Conditions: fast_hv_lt

Path 52
  From: FIC_0_PERIPHERALS_0/security_core_0/hash_block_5[14]:CLK
  To:   FIC_0_PERIPHERALS_0/security_core_0/hash_core/buffer[174]:D
  Delay (ns):              0.149
  Slack (ns):              0.072
  Arrival (ns):            3.827
  Required (ns):           3.755
  Operating Conditions: fast_hv_lt

Path 53
  From: FIC_0_PERIPHERALS_0/security_core_0/hash_block_5[13]:CLK
  To:   FIC_0_PERIPHERALS_0/security_core_0/hash_block_6[13]:D
  Delay (ns):              0.149
  Slack (ns):              0.072
  Arrival (ns):            3.808
  Required (ns):           3.736
  Operating Conditions: fast_hv_lt

Path 54
  From: FIC_0_PERIPHERALS_0/security_core_0/hash_block_15[30]:CLK
  To:   FIC_0_PERIPHERALS_0/security_core_0/hash_core/buffer[510]:D
  Delay (ns):              0.150
  Slack (ns):              0.072
  Arrival (ns):            3.808
  Required (ns):           3.736
  Operating Conditions: fast_hv_lt

Path 55
  From: FIC_0_PERIPHERALS_0/security_core_0/hash_block_13[23]:CLK
  To:   FIC_0_PERIPHERALS_0/security_core_0/hash_block_14[23]:D
  Delay (ns):              0.149
  Slack (ns):              0.072
  Arrival (ns):            3.825
  Required (ns):           3.753
  Operating Conditions: fast_hv_lt

Path 56
  From: FIC_0_PERIPHERALS_0/security_core_0/hash_block_12[11]:CLK
  To:   FIC_0_PERIPHERALS_0/security_core_0/hash_core/buffer[395]:D
  Delay (ns):              0.149
  Slack (ns):              0.072
  Arrival (ns):            3.806
  Required (ns):           3.734
  Operating Conditions: fast_hv_lt

Path 57
  From: FIC_0_PERIPHERALS_0/security_core_0/hash_block_10[2]:CLK
  To:   FIC_0_PERIPHERALS_0/security_core_0/hash_block_11[2]:D
  Delay (ns):              0.150
  Slack (ns):              0.072
  Arrival (ns):            3.828
  Required (ns):           3.756
  Operating Conditions: fast_hv_lt

Path 58
  From: FIC_0_PERIPHERALS_0/security_core_0/hash_block_7[0]:CLK
  To:   FIC_0_PERIPHERALS_0/security_core_0/hash_block_8[0]:D
  Delay (ns):              0.150
  Slack (ns):              0.073
  Arrival (ns):            3.826
  Required (ns):           3.753
  Operating Conditions: fast_hv_lt

Path 59
  From: FIC_0_PERIPHERALS_0/security_core_0/hash_block_3[23]:CLK
  To:   FIC_0_PERIPHERALS_0/security_core_0/hash_block_4[23]:D
  Delay (ns):              0.150
  Slack (ns):              0.073
  Arrival (ns):            3.825
  Required (ns):           3.752
  Operating Conditions: fast_hv_lt

Path 60
  From: FIC_0_PERIPHERALS_0/security_core_0/hash_block_3[11]:CLK
  To:   FIC_0_PERIPHERALS_0/security_core_0/hash_block_4[11]:D
  Delay (ns):              0.150
  Slack (ns):              0.073
  Arrival (ns):            3.824
  Required (ns):           3.751
  Operating Conditions: fast_hv_lt

Path 61
  From: FIC_0_PERIPHERALS_0/security_core_0/hash_block_1[7]:CLK
  To:   FIC_0_PERIPHERALS_0/security_core_0/hash_block_2[7]:D
  Delay (ns):              0.150
  Slack (ns):              0.073
  Arrival (ns):            3.828
  Required (ns):           3.755
  Operating Conditions: fast_hv_lt

Path 62
  From: FIC_0_PERIPHERALS_0/FIC0_INITIATOR_inst_0/FIC0_INITIATOR_0/SlvConvertor_loop[0].slvcnv/slvdwc/genblk1.DownConverter_inst/readWidthConv/DWC_DownConv_preCalcCmdFifoWrCtrl_inst/sizeCnt_comb_pre_Z[4]:CLK
  To:   FIC_0_PERIPHERALS_0/FIC0_INITIATOR_inst_0/FIC0_INITIATOR_0/SlvConvertor_loop[0].slvcnv/slvdwc/genblk1.DownConverter_inst/readWidthConv/rdCmdFifoWriteCtrl/sizeCnt_reg[4]:D
  Delay (ns):              0.150
  Slack (ns):              0.073
  Arrival (ns):            3.809
  Required (ns):           3.736
  Operating Conditions: fast_hv_lt

Path 63
  From: FIC_0_PERIPHERALS_0/FIC0_INITIATOR_inst_0/FIC0_INITIATOR_0/MstConvertor_loop[0].mstrconv/rgsl/genblk1.awrs/sDat[33]:CLK
  To:   FIC_0_PERIPHERALS_0/FIC0_INITIATOR_inst_0/FIC0_INITIATOR_0/axicb/cb.awcon/trgmx/slaveAADDR[2]:D
  Delay (ns):              0.151
  Slack (ns):              0.073
  Arrival (ns):            3.832
  Required (ns):           3.759
  Operating Conditions: fast_hv_lt

Path 64
  From: CLOCKS_AND_RESETS_0/RESET_FIC_3_CLK/CORERESET_0/dff_9[0]:CLK
  To:   CLOCKS_AND_RESETS_0/RESET_FIC_3_CLK/CORERESET_0/dff_10[0]:D
  Delay (ns):              0.150
  Slack (ns):              0.073
  Arrival (ns):            4.222
  Required (ns):           4.149
  Operating Conditions: fast_hv_lt

Path 65
  From: CLOCKS_AND_RESETS_0/RESET_FIC_0_CLK/CORERESET_0/dff_11[0]:CLK
  To:   CLOCKS_AND_RESETS_0/RESET_FIC_0_CLK/CORERESET_0/dff_12[0]:D
  Delay (ns):              0.150
  Slack (ns):              0.073
  Arrival (ns):            3.811
  Required (ns):           3.738
  Operating Conditions: fast_hv_lt

Path 66
  From: FIC_3_PERIPHERALS_0/SPI_FOR_7_SEG_0/SPI_FOR_7_SEG_0/USPI/UCC/msrxs_strobe:CLK
  To:   FIC_3_PERIPHERALS_0/SPI_FOR_7_SEG_0/SPI_FOR_7_SEG_0/USPI/UCC/SYNC1_msrxp_strobe:D
  Delay (ns):              0.148
  Slack (ns):              0.074
  Arrival (ns):            4.198
  Required (ns):           4.124
  Operating Conditions: fast_hv_lt

Path 67
  From: FIC_3_PERIPHERALS_0/CoreUARTapb_C0_0/CoreUARTapb_C0_0/uUART/make_RX/rx_shift[4]:CLK
  To:   FIC_3_PERIPHERALS_0/CoreUARTapb_C0_0/CoreUARTapb_C0_0/uUART/make_RX/rx_shift[3]:D
  Delay (ns):              0.151
  Slack (ns):              0.074
  Arrival (ns):            4.221
  Required (ns):           4.147
  Operating Conditions: fast_hv_lt

Path 68
  From: FIC_0_PERIPHERALS_0/security_core_0/sbox/y_lo_r2[0][1]:CLK
  To:   FIC_0_PERIPHERALS_0/security_core_0/sbox/y_lo_r3[0][1]:D
  Delay (ns):              0.148
  Slack (ns):              0.074
  Arrival (ns):            3.782
  Required (ns):           3.708
  Operating Conditions: fast_hv_lt

Path 69
  From: FIC_0_PERIPHERALS_0/security_core_0/sbox/y_lo_r1[1][1]:CLK
  To:   FIC_0_PERIPHERALS_0/security_core_0/sbox/y_lo_r2[1][1]:D
  Delay (ns):              0.148
  Slack (ns):              0.074
  Arrival (ns):            3.782
  Required (ns):           3.708
  Operating Conditions: fast_hv_lt

Path 70
  From: FIC_0_PERIPHERALS_0/security_core_0/hash_block_9[22]:CLK
  To:   FIC_0_PERIPHERALS_0/security_core_0/hash_block_10[22]:D
  Delay (ns):              0.151
  Slack (ns):              0.074
  Arrival (ns):            3.800
  Required (ns):           3.726
  Operating Conditions: fast_hv_lt

Path 71
  From: FIC_0_PERIPHERALS_0/security_core_0/hash_block_7[27]:CLK
  To:   FIC_0_PERIPHERALS_0/security_core_0/hash_block_8[27]:D
  Delay (ns):              0.151
  Slack (ns):              0.074
  Arrival (ns):            3.807
  Required (ns):           3.733
  Operating Conditions: fast_hv_lt

Path 72
  From: FIC_0_PERIPHERALS_0/security_core_0/hash_block_6[16]:CLK
  To:   FIC_0_PERIPHERALS_0/security_core_0/hash_core/buffer[208]:D
  Delay (ns):              0.151
  Slack (ns):              0.074
  Arrival (ns):            3.808
  Required (ns):           3.734
  Operating Conditions: fast_hv_lt

Path 73
  From: FIC_0_PERIPHERALS_0/security_core_0/hash_block_5[7]:CLK
  To:   FIC_0_PERIPHERALS_0/security_core_0/hash_block_6[7]:D
  Delay (ns):              0.151
  Slack (ns):              0.074
  Arrival (ns):            3.830
  Required (ns):           3.756
  Operating Conditions: fast_hv_lt

Path 74
  From: FIC_0_PERIPHERALS_0/security_core_0/hash_block_15[1]:CLK
  To:   FIC_0_PERIPHERALS_0/security_core_0/hash_core/buffer[481]:D
  Delay (ns):              0.148
  Slack (ns):              0.074
  Arrival (ns):            3.804
  Required (ns):           3.730
  Operating Conditions: fast_hv_lt

Path 75
  From: FIC_0_PERIPHERALS_0/security_core_0/hash_block_12[3]:CLK
  To:   FIC_0_PERIPHERALS_0/security_core_0/hash_core/buffer[387]:D
  Delay (ns):              0.151
  Slack (ns):              0.074
  Arrival (ns):            3.829
  Required (ns):           3.755
  Operating Conditions: fast_hv_lt

Path 76
  From: FIC_0_PERIPHERALS_0/FIC0_INITIATOR_inst_0/FIC0_INITIATOR_0/SlvConvertor_loop[1].slvcnv/rgsl/genblk4.wrs/sDat[25]:CLK
  To:   FIC_0_PERIPHERALS_0/MSS_LSRAM_inst_0/COREAXI4SRAM_0/genblk1.genblk1.U_MSS_LSRAM_COREAXI4SRAM_0_CoreAXI4SRAM_MAINCTRL/genblk1.wdata_sc_r[15]:D
  Delay (ns):              0.152
  Slack (ns):              0.074
  Arrival (ns):            3.813
  Required (ns):           3.739
  Operating Conditions: fast_hv_lt

Path 77
  From: FIC_0_PERIPHERALS_0/DMA_INITIATOR_inst_0/DMA_INITIATOR_0/MstConvertor_loop[0].mstrconv/mstrDWC/genblk1.MstUpConv/DWC_UpConv_preCalcAChannel_ar_inst/MASTER_AADDR_out[12]:CLK
  To:   FIC_0_PERIPHERALS_0/DMA_INITIATOR_inst_0/DMA_INITIATOR_0/MstConvertor_loop[0].mstrconv/mstrDWC/genblk1.MstUpConv/DWC_ARChan/SLAVE_AADDR[12]:D
  Delay (ns):              0.148
  Slack (ns):              0.074
  Arrival (ns):            3.812
  Required (ns):           3.738
  Operating Conditions: fast_hv_lt

Path 78
  From: FIC_0_PERIPHERALS_0/DMA_CONTROLLER_inst_0/DMA_CONTROLLER_0/U_memoryMapDMACache/rdEn_f1:CLK
  To:   FIC_0_PERIPHERALS_0/DMA_CONTROLLER_inst_0/DMA_CONTROLLER_0/U_memoryMapDMACache/rdEn_f2:D
  Delay (ns):              0.151
  Slack (ns):              0.074
  Arrival (ns):            3.811
  Required (ns):           3.737
  Operating Conditions: fast_hv_lt

Path 79
  From: FIC_3_PERIPHERALS_0/CoreUARTapb_C0_0/CoreUARTapb_C0_0/uUART/make_RX/rx_shift[2]:CLK
  To:   FIC_3_PERIPHERALS_0/CoreUARTapb_C0_0/CoreUARTapb_C0_0/uUART/make_RX/rx_byte_Z[2]:D
  Delay (ns):              0.152
  Slack (ns):              0.075
  Arrival (ns):            4.222
  Required (ns):           4.147
  Operating Conditions: fast_hv_lt

Path 80
  From: FIC_0_PERIPHERALS_0/security_core_0/sbox/y_hi_r2[2][2]:CLK
  To:   FIC_0_PERIPHERALS_0/security_core_0/sbox/y_hi_r3[2][2]:D
  Delay (ns):              0.149
  Slack (ns):              0.075
  Arrival (ns):            3.812
  Required (ns):           3.737
  Operating Conditions: fast_hv_lt

Path 81
  From: FIC_0_PERIPHERALS_0/security_core_0/hash_block_2[26]:CLK
  To:   FIC_0_PERIPHERALS_0/security_core_0/hash_block_3[26]:D
  Delay (ns):              0.152
  Slack (ns):              0.075
  Arrival (ns):            3.830
  Required (ns):           3.755
  Operating Conditions: fast_hv_lt

Path 82
  From: FIC_0_PERIPHERALS_0/security_core_0/hash_block_2[1]:CLK
  To:   FIC_0_PERIPHERALS_0/security_core_0/hash_block_3[1]:D
  Delay (ns):              0.149
  Slack (ns):              0.075
  Arrival (ns):            3.798
  Required (ns):           3.723
  Operating Conditions: fast_hv_lt

Path 83
  From: FIC_0_PERIPHERALS_0/security_core_0/hash_block_1[21]:CLK
  To:   FIC_0_PERIPHERALS_0/security_core_0/hash_core/buffer[53]:D
  Delay (ns):              0.153
  Slack (ns):              0.075
  Arrival (ns):            3.805
  Required (ns):           3.730
  Operating Conditions: fast_hv_lt

Path 84
  From: FIC_0_PERIPHERALS_0/security_core_0/hash_block_14[11]:CLK
  To:   FIC_0_PERIPHERALS_0/security_core_0/hash_block_15[11]:D
  Delay (ns):              0.152
  Slack (ns):              0.075
  Arrival (ns):            3.809
  Required (ns):           3.734
  Operating Conditions: fast_hv_lt

Path 85
  From: FIC_0_PERIPHERALS_0/security_core_0/hash_block_10[22]:CLK
  To:   FIC_0_PERIPHERALS_0/security_core_0/hash_block_11[22]:D
  Delay (ns):              0.152
  Slack (ns):              0.075
  Arrival (ns):            3.801
  Required (ns):           3.726
  Operating Conditions: fast_hv_lt

Path 86
  From: FIC_0_PERIPHERALS_0/FIC0_INITIATOR_inst_0/FIC0_INITIATOR_0/SlvConvertor_loop[2].slvcnv/slvdwc/genblk1.DownConverter_inst/readWidthConv/genblk1.widthConvrd/MASTER_RDATA[51]:CLK
  To:   FIC_0_PERIPHERALS_0/FIC0_INITIATOR_inst_0/FIC0_INITIATOR_0/SlvConvertor_loop[2].slvcnv/rgsl/genblk3.rrs/holdDat[55]:D
  Delay (ns):              0.152
  Slack (ns):              0.075
  Arrival (ns):            3.835
  Required (ns):           3.760
  Operating Conditions: fast_hv_lt

Path 87
  From: FIC_0_PERIPHERALS_0/DMA_CONTROLLER_inst_0/DMA_CONTROLLER_0/U_AXI4INITIATORDMACtrl/AWADDRReg[9]:CLK
  To:   FIC_0_PERIPHERALS_0/DMA_INITIATOR_inst_0/DMA_INITIATOR_0/MstConvertor_loop[0].mstrconv/mstrDWC/genblk1.MstUpConv/DWC_UpConv_preCalcAChannel_aw_inst/MASTER_AADDR_out[9]:D
  Delay (ns):              0.149
  Slack (ns):              0.075
  Arrival (ns):            3.804
  Required (ns):           3.729
  Operating Conditions: fast_hv_lt

Path 88
  From: FIC_0_PERIPHERALS_0/DMA_CONTROLLER_inst_0/DMA_CONTROLLER_0/U_AXI4INITIATORDMACtrl/ARADDRReg[8]:CLK
  To:   FIC_0_PERIPHERALS_0/DMA_INITIATOR_inst_0/DMA_INITIATOR_0/MstConvertor_loop[0].mstrconv/mstrDWC/genblk1.MstUpConv/DWC_UpConv_preCalcAChannel_ar_inst/MASTER_AADDR_out[8]:D
  Delay (ns):              0.149
  Slack (ns):              0.075
  Arrival (ns):            3.818
  Required (ns):           3.743
  Operating Conditions: fast_hv_lt

Path 89
  From: FIC_0_PERIPHERALS_0/security_core_0/sbox/y_hi_r1[0][0]:CLK
  To:   FIC_0_PERIPHERALS_0/security_core_0/sbox/y_hi_r2[0][0]:D
  Delay (ns):              0.144
  Slack (ns):              0.076
  Arrival (ns):            3.801
  Required (ns):           3.725
  Operating Conditions: fast_hv_lt

Path 90
  From: FIC_0_PERIPHERALS_0/security_core_0/hash_block_9[1]:CLK
  To:   FIC_0_PERIPHERALS_0/security_core_0/hash_block_10[1]:D
  Delay (ns):              0.150
  Slack (ns):              0.076
  Arrival (ns):            3.806
  Required (ns):           3.730
  Operating Conditions: fast_hv_lt

Path 91
  From: FIC_0_PERIPHERALS_0/security_core_0/hash_block_8[29]:CLK
  To:   FIC_0_PERIPHERALS_0/security_core_0/hash_block_9[29]:D
  Delay (ns):              0.150
  Slack (ns):              0.076
  Arrival (ns):            3.794
  Required (ns):           3.718
  Operating Conditions: fast_hv_lt

Path 92
  From: FIC_0_PERIPHERALS_0/security_core_0/hash_block_7[2]:CLK
  To:   FIC_0_PERIPHERALS_0/security_core_0/hash_block_8[2]:D
  Delay (ns):              0.154
  Slack (ns):              0.076
  Arrival (ns):            3.832
  Required (ns):           3.756
  Operating Conditions: fast_hv_lt

Path 93
  From: FIC_0_PERIPHERALS_0/security_core_0/hash_block_6[13]:CLK
  To:   FIC_0_PERIPHERALS_0/security_core_0/hash_core/buffer[205]:D
  Delay (ns):              0.153
  Slack (ns):              0.076
  Arrival (ns):            3.812
  Required (ns):           3.736
  Operating Conditions: fast_hv_lt

Path 94
  From: FIC_0_PERIPHERALS_0/security_core_0/hash_block_5[26]:CLK
  To:   FIC_0_PERIPHERALS_0/security_core_0/hash_block_6[26]:D
  Delay (ns):              0.153
  Slack (ns):              0.076
  Arrival (ns):            3.805
  Required (ns):           3.729
  Operating Conditions: fast_hv_lt

Path 95
  From: FIC_0_PERIPHERALS_0/security_core_0/hash_block_15[21]:CLK
  To:   FIC_0_PERIPHERALS_0/security_core_0/hash_core/buffer[501]:D
  Delay (ns):              0.144
  Slack (ns):              0.076
  Arrival (ns):            3.799
  Required (ns):           3.723
  Operating Conditions: fast_hv_lt

Path 96
  From: FIC_0_PERIPHERALS_0/FIC0_INITIATOR_inst_0/FIC0_INITIATOR_0/SlvConvertor_loop[0].slvcnv/slvdwc/genblk1.DownConverter_inst/writeWidthConv/DWC_DownConv_preCalcCmdFifoWrCtrl_inst/WrapLogLen_comb_pre[2]:CLK
  To:   FIC_0_PERIPHERALS_0/FIC0_INITIATOR_inst_0/FIC0_INITIATOR_0/SlvConvertor_loop[0].slvcnv/slvdwc/genblk1.DownConverter_inst/writeWidthConv/wrCmdFifoWriteCtrl/WrapLogLen_reg[2]:D
  Delay (ns):              0.150
  Slack (ns):              0.076
  Arrival (ns):            3.803
  Required (ns):           3.727
  Operating Conditions: fast_hv_lt

Path 97
  From: FIC_0_PERIPHERALS_0/DMA_INITIATOR_inst_0/DMA_INITIATOR_0/MstConvertor_loop[0].mstrconv/mstrDWC/genblk1.MstUpConv/DWC_UpConv_preCalcAChannel_ar_inst/MASTER_AADDR_out[21]:CLK
  To:   FIC_0_PERIPHERALS_0/DMA_INITIATOR_inst_0/DMA_INITIATOR_0/MstConvertor_loop[0].mstrconv/mstrDWC/genblk1.MstUpConv/DWC_ARChan/SLAVE_AADDR[21]:D
  Delay (ns):              0.144
  Slack (ns):              0.076
  Arrival (ns):            3.814
  Required (ns):           3.738
  Operating Conditions: fast_hv_lt

Path 98
  From: FIC_0_PERIPHERALS_0/DMA_INITIATOR_inst_0/DMA_INITIATOR_0/MstConvertor_loop[0].mstrconv/mstrDWC/genblk1.MstUpConv/DWC_AWChan/SLAVE_AADDR[7]:CLK
  To:   FIC_0_PERIPHERALS_0/DMA_INITIATOR_inst_0/DMA_INITIATOR_0/MstConvertor_loop[0].mstrconv/rgsl/genblk1.awrs/holdDat[38]:D
  Delay (ns):              0.150
  Slack (ns):              0.076
  Arrival (ns):            3.797
  Required (ns):           3.721
  Operating Conditions: fast_hv_lt

Path 99
  From: FIC_0_PERIPHERALS_0/DMA_INITIATOR_inst_0/DMA_INITIATOR_0/MstConvertor_loop[0].mstrconv/mstrDWC/genblk1.MstUpConv/DWC_UpConv_preCalcAChannel_ar_inst/MASTER_AADDR_out[22]:CLK
  To:   FIC_0_PERIPHERALS_0/DMA_INITIATOR_inst_0/DMA_INITIATOR_0/MstConvertor_loop[0].mstrconv/mstrDWC/genblk1.MstUpConv/DWC_ARChan/SLAVE_AADDR[22]:D
  Delay (ns):              0.151
  Slack (ns):              0.077
  Arrival (ns):            3.815
  Required (ns):           3.738
  Operating Conditions: fast_hv_lt

Path 100
  From: FIC_0_PERIPHERALS_0/DMA_INITIATOR_inst_0/DMA_INITIATOR_0/MstConvertor_loop[0].mstrconv/mstrDWC/genblk1.MstUpConv/DWC_UpConv_preCalcAChannel_ar_inst/MASTER_AADDR_out[11]:CLK
  To:   FIC_0_PERIPHERALS_0/DMA_INITIATOR_inst_0/DMA_INITIATOR_0/MstConvertor_loop[0].mstrconv/mstrDWC/genblk1.MstUpConv/DWC_ARChan/SLAVE_AADDR[11]:D
  Delay (ns):              0.151
  Slack (ns):              0.077
  Arrival (ns):            3.821
  Required (ns):           3.744
  Operating Conditions: fast_hv_lt

