Timing Violation Report Min Delay Analysis

SmartTime Version 2025.2
Microchip Technology Inc. - Microchip Libero Software Release 2025.2 (Version 2025.2.0.14)
Date: Mon Mar 23 10:44:00 2026


Design: MPFS_DISCOVERY_KIT
Family: PolarFireSoC
Die: MPFS095T
Package: FCSG325
Temperature Range: 0 - 100 C
Voltage Range: 0.97 - 1.03 V
Speed Grade: -1
Design State: Post-Layout
Data source: Production
Multi Corner Report Operating Conditions: slow_lv_lt,fast_hv_lt,slow_lv_ht


Path 1
  From: FIC_0_PERIPHERALS_0/security_core_0/hash_block_9[12]:CLK
  To:   FIC_0_PERIPHERALS_0/security_core_0/hash_block_10[12]:D
  Delay (ns):              0.291
  Slack (ns):              0.033
  Arrival (ns):            5.533
  Required (ns):           5.500
  Operating Conditions: slow_lv_lt

Path 2
  From: FIC_0_PERIPHERALS_0/FIC0_INITIATOR_inst_0/FIC0_INITIATOR_0/axicb/cb.arcon/trgmx/slaveAID[3]:CLK
  To:   FIC_0_PERIPHERALS_0/FIC0_INITIATOR_inst_0/FIC0_INITIATOR_0/axicb/cb.derr/readID[3]:D
  Delay (ns):              0.293
  Slack (ns):              0.046
  Arrival (ns):            5.534
  Required (ns):           5.488
  Operating Conditions: slow_lv_lt

Path 3
  From: FIC_0_PERIPHERALS_0/security_core_0/hash_block_14[30]:CLK
  To:   FIC_0_PERIPHERALS_0/security_core_0/hash_core/buffer[478]:D
  Delay (ns):              0.310
  Slack (ns):              0.049
  Arrival (ns):            5.552
  Required (ns):           5.503
  Operating Conditions: slow_lv_lt

Path 4
  From: FIC_0_PERIPHERALS_0/FIC0_INITIATOR_inst_0/FIC0_INITIATOR_0/axicb/cb.arcon/trgmx/slaveAID[0]:CLK
  To:   FIC_0_PERIPHERALS_0/FIC0_INITIATOR_inst_0/FIC0_INITIATOR_0/axicb/cb.derr/readID[0]:D
  Delay (ns):              0.303
  Slack (ns):              0.056
  Arrival (ns):            5.544
  Required (ns):           5.488
  Operating Conditions: slow_lv_lt

Path 5
  From: FIC_0_PERIPHERALS_0/FIC0_INITIATOR_inst_0/FIC0_INITIATOR_0/SlvConvertor_loop[0].slvcnv/slvdwc/genblk1.DownConverter_inst/readWidthConv/genblk1.widthConvrd/MASTER_RDATA[5]:CLK
  To:   FIC_0_PERIPHERALS_0/FIC0_INITIATOR_inst_0/FIC0_INITIATOR_0/SlvConvertor_loop[0].slvcnv/rgsl/genblk3.rrs/holdDat[9]:D
  Delay (ns):              0.313
  Slack (ns):              0.062
  Arrival (ns):            5.554
  Required (ns):           5.492
  Operating Conditions: slow_lv_lt

Path 6
  From: FIC_0_PERIPHERALS_0/DMA_INITIATOR_inst_0/DMA_INITIATOR_0/MstConvertor_loop[0].mstrconv/mstrDWC/genblk1.MstUpConv/DWC_UpConv_preCalcAChannel_ar_inst/MASTER_AADDR_out[31]:CLK
  To:   FIC_0_PERIPHERALS_0/DMA_INITIATOR_inst_0/DMA_INITIATOR_0/MstConvertor_loop[0].mstrconv/mstrDWC/genblk1.MstUpConv/DWC_ARChan/SLAVE_AADDR[31]:D
  Delay (ns):              0.143
  Slack (ns):              0.066
  Arrival (ns):            3.802
  Required (ns):           3.736
  Operating Conditions: fast_hv_lt

Path 7
  From: FIC_0_PERIPHERALS_0/DMA_INITIATOR_inst_0/DMA_INITIATOR_0/MstConvertor_loop[0].mstrconv/mstrDWC/genblk1.MstUpConv/DWC_UpConv_preCalcAChannel_ar_inst/MASTER_AADDR_out[21]:CLK
  To:   FIC_0_PERIPHERALS_0/DMA_INITIATOR_inst_0/DMA_INITIATOR_0/MstConvertor_loop[0].mstrconv/mstrDWC/genblk1.MstUpConv/DWC_ARChan/SLAVE_AADDR[21]:D
  Delay (ns):              0.143
  Slack (ns):              0.066
  Arrival (ns):            3.806
  Required (ns):           3.740
  Operating Conditions: fast_hv_lt

Path 8
  From: FIC_3_PERIPHERALS_0/SPI_FOR_7_SEG_0/SPI_FOR_7_SEG_0/USPI/UCC/ssel_rx_q1:CLK
  To:   FIC_3_PERIPHERALS_0/SPI_FOR_7_SEG_0/SPI_FOR_7_SEG_0/USPI/UCC/ssel_rx_q2:D
  Delay (ns):              0.144
  Slack (ns):              0.067
  Arrival (ns):            4.222
  Required (ns):           4.155
  Operating Conditions: fast_hv_lt

Path 9
  From: FIC_0_PERIPHERALS_0/security_core_0/sbox/t_hi_r0[1][1]:CLK
  To:   FIC_0_PERIPHERALS_0/security_core_0/sbox/t_hi_r1[1][1]:D
  Delay (ns):              0.144
  Slack (ns):              0.067
  Arrival (ns):            3.797
  Required (ns):           3.730
  Operating Conditions: fast_hv_lt

Path 10
  From: FIC_0_PERIPHERALS_0/security_core_0/sbox/y_lo_r3[2][0]:CLK
  To:   FIC_0_PERIPHERALS_0/security_core_0/sbox/y_lo_r4[2][0]:D
  Delay (ns):              0.145
  Slack (ns):              0.068
  Arrival (ns):            3.792
  Required (ns):           3.724
  Operating Conditions: fast_hv_lt

Path 11
  From: FIC_0_PERIPHERALS_0/FIC0_INITIATOR_inst_0/FIC0_INITIATOR_0/arst_aclk_sync/sysReset_f1:CLK
  To:   FIC_0_PERIPHERALS_0/FIC0_INITIATOR_inst_0/FIC0_INITIATOR_0/arst_aclk_sync/sysReset:D
  Delay (ns):              0.144
  Slack (ns):              0.068
  Arrival (ns):            3.783
  Required (ns):           3.715
  Operating Conditions: fast_hv_lt

Path 12
  From: FIC_0_PERIPHERALS_0/DMA_INITIATOR_inst_0/DMA_INITIATOR_0/arst_aclk_sync/sysReset_f1:CLK
  To:   FIC_0_PERIPHERALS_0/DMA_INITIATOR_inst_0/DMA_INITIATOR_0/arst_aclk_sync/sysReset:D
  Delay (ns):              0.144
  Slack (ns):              0.068
  Arrival (ns):            3.783
  Required (ns):           3.715
  Operating Conditions: fast_hv_lt

Path 13
  From: FIC_0_PERIPHERALS_0/DMA_INITIATOR_inst_0/DMA_INITIATOR_0/MstConvertor_loop[0].mstrconv/mstrDWC/genblk1.MstUpConv/DWC_UpConv_preCalcAChannel_ar_inst/MASTER_AADDR_out[24]:CLK
  To:   FIC_0_PERIPHERALS_0/DMA_INITIATOR_inst_0/DMA_INITIATOR_0/MstConvertor_loop[0].mstrconv/mstrDWC/genblk1.MstUpConv/DWC_ARChan/SLAVE_AADDR[24]:D
  Delay (ns):              0.217
  Slack (ns):              0.068
  Arrival (ns):            5.472
  Required (ns):           5.404
  Operating Conditions: slow_lv_lt

Path 14
  From: FIC_0_PERIPHERALS_0/DMA_INITIATOR_inst_0/DMA_INITIATOR_0/MstConvertor_loop[0].mstrconv/mstrDWC/genblk1.MstUpConv/DWC_UpConv_preCalcAChannel_ar_inst/MASTER_AADDR_out[10]:CLK
  To:   FIC_0_PERIPHERALS_0/DMA_INITIATOR_inst_0/DMA_INITIATOR_0/MstConvertor_loop[0].mstrconv/mstrDWC/genblk1.MstUpConv/DWC_ARChan/SLAVE_AADDR[10]:D
  Delay (ns):              0.217
  Slack (ns):              0.068
  Arrival (ns):            5.469
  Required (ns):           5.401
  Operating Conditions: slow_lv_lt

Path 15
  From: FIC_0_PERIPHERALS_0/security_core_0/hash_block_1[27]:CLK
  To:   FIC_0_PERIPHERALS_0/security_core_0/hash_block_2[27]:D
  Delay (ns):              0.146
  Slack (ns):              0.069
  Arrival (ns):            3.798
  Required (ns):           3.729
  Operating Conditions: fast_hv_lt

Path 16
  From: FIC_0_PERIPHERALS_0/security_core_0/hash_block_12[26]:CLK
  To:   FIC_0_PERIPHERALS_0/security_core_0/hash_core/buffer[410]:D
  Delay (ns):              0.146
  Slack (ns):              0.069
  Arrival (ns):            3.823
  Required (ns):           3.754
  Operating Conditions: fast_hv_lt

Path 17
  From: FIC_0_PERIPHERALS_0/security_core_0/hash_block_11[7]:CLK
  To:   FIC_0_PERIPHERALS_0/security_core_0/hash_core/buffer[359]:D
  Delay (ns):              0.146
  Slack (ns):              0.069
  Arrival (ns):            3.805
  Required (ns):           3.736
  Operating Conditions: fast_hv_lt

Path 18
  From: FIC_0_PERIPHERALS_0/security_core_0/hash_block_10[11]:CLK
  To:   FIC_0_PERIPHERALS_0/security_core_0/hash_block_11[11]:D
  Delay (ns):              0.146
  Slack (ns):              0.069
  Arrival (ns):            3.825
  Required (ns):           3.756
  Operating Conditions: fast_hv_lt

Path 19
  From: FIC_0_PERIPHERALS_0/security_core_0/hash_block_7[0]:CLK
  To:   FIC_0_PERIPHERALS_0/security_core_0/hash_block_8[0]:D
  Delay (ns):              0.148
  Slack (ns):              0.070
  Arrival (ns):            3.808
  Required (ns):           3.738
  Operating Conditions: fast_hv_lt

Path 20
  From: FIC_0_PERIPHERALS_0/security_core_0/hash_block_10[8]:CLK
  To:   FIC_0_PERIPHERALS_0/security_core_0/hash_block_11[8]:D
  Delay (ns):              0.147
  Slack (ns):              0.070
  Arrival (ns):            3.809
  Required (ns):           3.739
  Operating Conditions: fast_hv_lt

Path 21
  From: FIC_0_PERIPHERALS_0/FIC0_INITIATOR_inst_0/FIC0_INITIATOR_0/MstConvertor_loop[0].mstrconv/rgsl/genblk1.awrs/sDat[36]:CLK
  To:   FIC_0_PERIPHERALS_0/FIC0_INITIATOR_inst_0/FIC0_INITIATOR_0/axicb/cb.awcon/trgmx/slaveAADDR[5]:D
  Delay (ns):              0.147
  Slack (ns):              0.070
  Arrival (ns):            3.812
  Required (ns):           3.742
  Operating Conditions: fast_hv_lt

Path 22
  From: FIC_0_PERIPHERALS_0/DMA_INITIATOR_inst_0/DMA_INITIATOR_0/MstConvertor_loop[0].mstrconv/mstrDWC/genblk1.MstUpConv/DWC_UpConv_preCalcAChannel_ar_inst/MASTER_AADDR_out[19]:CLK
  To:   FIC_0_PERIPHERALS_0/DMA_INITIATOR_inst_0/DMA_INITIATOR_0/MstConvertor_loop[0].mstrconv/mstrDWC/genblk1.MstUpConv/DWC_ARChan/SLAVE_AADDR[19]:D
  Delay (ns):              0.147
  Slack (ns):              0.070
  Arrival (ns):            3.806
  Required (ns):           3.736
  Operating Conditions: fast_hv_lt

Path 23
  From: FIC_0_PERIPHERALS_0/security_core_0/rng/trng_acc_0/seed_o_0[6]:CLK
  To:   FIC_0_PERIPHERALS_0/security_core_0/rng/trng_acc_0/seed_o_1[6]:D
  Delay (ns):              0.148
  Slack (ns):              0.071
  Arrival (ns):            3.825
  Required (ns):           3.754
  Operating Conditions: fast_hv_lt

Path 24
  From: FIC_0_PERIPHERALS_0/security_core_0/rng/neoTRNG_0/entropy_cell_gen.2.neoTRNG_cell_inst/sreg_2[0]:CLK
  To:   FIC_0_PERIPHERALS_0/security_core_0/rng/neoTRNG_0/entropy_cell_gen.2.neoTRNG_cell_inst/sreg_3[0]:D
  Delay (ns):              0.148
  Slack (ns):              0.071
  Arrival (ns):            3.799
  Required (ns):           3.728
  Operating Conditions: fast_hv_lt

Path 25
  From: FIC_0_PERIPHERALS_0/security_core_0/hash_block_5[23]:CLK
  To:   FIC_0_PERIPHERALS_0/security_core_0/hash_block_6[23]:D
  Delay (ns):              0.148
  Slack (ns):              0.071
  Arrival (ns):            3.800
  Required (ns):           3.729
  Operating Conditions: fast_hv_lt

Path 26
  From: FIC_0_PERIPHERALS_0/security_core_0/hash_block_15[7]:CLK
  To:   FIC_0_PERIPHERALS_0/security_core_0/hash_core/buffer[487]:D
  Delay (ns):              0.148
  Slack (ns):              0.071
  Arrival (ns):            3.807
  Required (ns):           3.736
  Operating Conditions: fast_hv_lt

Path 27
  From: FIC_0_PERIPHERALS_0/security_core_0/hash_block_14[26]:CLK
  To:   FIC_0_PERIPHERALS_0/security_core_0/hash_core/buffer[474]:D
  Delay (ns):              0.148
  Slack (ns):              0.071
  Arrival (ns):            3.825
  Required (ns):           3.754
  Operating Conditions: fast_hv_lt

Path 28
  From: FIC_0_PERIPHERALS_0/security_core_0/hash_block_13[26]:CLK
  To:   FIC_0_PERIPHERALS_0/security_core_0/hash_block_14[26]:D
  Delay (ns):              0.148
  Slack (ns):              0.071
  Arrival (ns):            3.825
  Required (ns):           3.754
  Operating Conditions: fast_hv_lt

Path 29
  From: FIC_0_PERIPHERALS_0/security_core_0/hash_block_12[4]:CLK
  To:   FIC_0_PERIPHERALS_0/security_core_0/hash_block_13[4]:D
  Delay (ns):              0.148
  Slack (ns):              0.071
  Arrival (ns):            3.806
  Required (ns):           3.735
  Operating Conditions: fast_hv_lt

Path 30
  From: FIC_0_PERIPHERALS_0/security_core_0/hash_block_11[23]:CLK
  To:   FIC_0_PERIPHERALS_0/security_core_0/hash_core/buffer[375]:D
  Delay (ns):              0.148
  Slack (ns):              0.071
  Arrival (ns):            3.806
  Required (ns):           3.735
  Operating Conditions: fast_hv_lt

Path 31
  From: FIC_0_PERIPHERALS_0/DMA_INITIATOR_inst_0/DMA_INITIATOR_0/MstConvertor_loop[0].mstrconv/mstrDWC/genblk1.MstUpConv/DWC_UpConv_preCalcAChannel_ar_inst/MASTER_AADDR_out[23]:CLK
  To:   FIC_0_PERIPHERALS_0/DMA_INITIATOR_inst_0/DMA_INITIATOR_0/MstConvertor_loop[0].mstrconv/mstrDWC/genblk1.MstUpConv/DWC_ARChan/SLAVE_AADDR[23]:D
  Delay (ns):              0.148
  Slack (ns):              0.071
  Arrival (ns):            3.807
  Required (ns):           3.736
  Operating Conditions: fast_hv_lt

Path 32
  From: FIC_0_PERIPHERALS_0/security_core_0/sbox/y_hi_r3[0][2]:CLK
  To:   FIC_0_PERIPHERALS_0/security_core_0/sbox/y_hi_r4[0][2]:D
  Delay (ns):              0.145
  Slack (ns):              0.072
  Arrival (ns):            3.788
  Required (ns):           3.716
  Operating Conditions: fast_hv_lt

Path 33
  From: FIC_0_PERIPHERALS_0/security_core_0/hash_block_4[23]:CLK
  To:   FIC_0_PERIPHERALS_0/security_core_0/hash_block_5[23]:D
  Delay (ns):              0.148
  Slack (ns):              0.072
  Arrival (ns):            3.801
  Required (ns):           3.729
  Operating Conditions: fast_hv_lt

Path 34
  From: FIC_0_PERIPHERALS_0/security_core_0/hash_block_4[14]:CLK
  To:   FIC_0_PERIPHERALS_0/security_core_0/hash_block_5[14]:D
  Delay (ns):              0.149
  Slack (ns):              0.072
  Arrival (ns):            3.814
  Required (ns):           3.742
  Operating Conditions: fast_hv_lt

Path 35
  From: FIC_0_PERIPHERALS_0/security_core_0/hash_block_3[14]:CLK
  To:   FIC_0_PERIPHERALS_0/security_core_0/hash_block_4[14]:D
  Delay (ns):              0.221
  Slack (ns):              0.072
  Arrival (ns):            5.477
  Required (ns):           5.405
  Operating Conditions: slow_lv_lt

Path 36
  From: FIC_0_PERIPHERALS_0/security_core_0/hash_block_2[19]:CLK
  To:   FIC_0_PERIPHERALS_0/security_core_0/hash_block_3[19]:D
  Delay (ns):              0.149
  Slack (ns):              0.072
  Arrival (ns):            3.809
  Required (ns):           3.737
  Operating Conditions: fast_hv_lt

Path 37
  From: FIC_0_PERIPHERALS_0/security_core_0/hash_block_13[7]:CLK
  To:   FIC_0_PERIPHERALS_0/security_core_0/hash_core/buffer[423]:D
  Delay (ns):              0.149
  Slack (ns):              0.072
  Arrival (ns):            3.808
  Required (ns):           3.736
  Operating Conditions: fast_hv_lt

Path 38
  From: FIC_0_PERIPHERALS_0/DMA_INITIATOR_inst_0/DMA_INITIATOR_0/MstConvertor_loop[0].mstrconv/mstrDWC/genblk1.MstUpConv/DWC_UpConv_preCalcAChannel_aw_inst/MASTER_AADDR_out[10]:CLK
  To:   FIC_0_PERIPHERALS_0/DMA_INITIATOR_inst_0/DMA_INITIATOR_0/MstConvertor_loop[0].mstrconv/mstrDWC/genblk1.MstUpConv/DWC_AWChan/SLAVE_AADDR[10]:D
  Delay (ns):              0.221
  Slack (ns):              0.072
  Arrival (ns):            5.463
  Required (ns):           5.391
  Operating Conditions: slow_lv_lt

Path 39
  From: FIC_0_PERIPHERALS_0/security_core_0/sbox/y_hi_r0[0][2]:CLK
  To:   FIC_0_PERIPHERALS_0/security_core_0/sbox/y_hi_r1[0][2]:D
  Delay (ns):              0.150
  Slack (ns):              0.073
  Arrival (ns):            3.816
  Required (ns):           3.743
  Operating Conditions: fast_hv_lt

Path 40
  From: FIC_0_PERIPHERALS_0/security_core_0/hash_block_7[19]:CLK
  To:   FIC_0_PERIPHERALS_0/security_core_0/hash_block_8[19]:D
  Delay (ns):              0.151
  Slack (ns):              0.073
  Arrival (ns):            3.810
  Required (ns):           3.737
  Operating Conditions: fast_hv_lt

Path 41
  From: FIC_0_PERIPHERALS_0/security_core_0/hash_block_6[14]:CLK
  To:   FIC_0_PERIPHERALS_0/security_core_0/hash_block_7[14]:D
  Delay (ns):              0.150
  Slack (ns):              0.073
  Arrival (ns):            3.815
  Required (ns):           3.742
  Operating Conditions: fast_hv_lt

Path 42
  From: FIC_0_PERIPHERALS_0/security_core_0/hash_block_4[5]:CLK
  To:   FIC_0_PERIPHERALS_0/security_core_0/hash_block_5[5]:D
  Delay (ns):              0.150
  Slack (ns):              0.073
  Arrival (ns):            3.825
  Required (ns):           3.752
  Operating Conditions: fast_hv_lt

Path 43
  From: FIC_0_PERIPHERALS_0/security_core_0/hash_block_2[30]:CLK
  To:   FIC_0_PERIPHERALS_0/security_core_0/hash_block_3[30]:D
  Delay (ns):              0.150
  Slack (ns):              0.073
  Arrival (ns):            3.826
  Required (ns):           3.753
  Operating Conditions: fast_hv_lt

Path 44
  From: FIC_0_PERIPHERALS_0/security_core_0/hash_block_12[22]:CLK
  To:   FIC_0_PERIPHERALS_0/security_core_0/hash_block_13[22]:D
  Delay (ns):              0.150
  Slack (ns):              0.073
  Arrival (ns):            3.828
  Required (ns):           3.755
  Operating Conditions: fast_hv_lt

Path 45
  From: FIC_0_PERIPHERALS_0/DMA_INITIATOR_inst_0/DMA_INITIATOR_0/MstConvertor_loop[0].mstrconv/mstrDWC/genblk1.MstUpConv/DWC_UpConv_preCalcAChannel_aw_inst/MASTER_AADDR_out[6]:CLK
  To:   FIC_0_PERIPHERALS_0/DMA_INITIATOR_inst_0/DMA_INITIATOR_0/MstConvertor_loop[0].mstrconv/mstrDWC/genblk1.MstUpConv/DWC_AWChan/SLAVE_AADDR[6]:D
  Delay (ns):              0.151
  Slack (ns):              0.073
  Arrival (ns):            3.802
  Required (ns):           3.729
  Operating Conditions: fast_hv_lt

Path 46
  From: FIC_0_PERIPHERALS_0/DMA_INITIATOR_inst_0/DMA_INITIATOR_0/MstConvertor_loop[0].mstrconv/mstrDWC/genblk1.MstUpConv/DWC_UpConv_preCalcAChannel_ar_inst/MASTER_AADDR_out[15]:CLK
  To:   FIC_0_PERIPHERALS_0/DMA_INITIATOR_inst_0/DMA_INITIATOR_0/MstConvertor_loop[0].mstrconv/mstrDWC/genblk1.MstUpConv/DWC_ARChan/SLAVE_AADDR[15]:D
  Delay (ns):              0.150
  Slack (ns):              0.073
  Arrival (ns):            3.813
  Required (ns):           3.740
  Operating Conditions: fast_hv_lt

Path 47
  From: FIC_3_PERIPHERALS_0/PWM/corepwm_C0_0/genblk3.corepwm_reg_if/psh_prescale_reg[15]:CLK
  To:   FIC_3_PERIPHERALS_0/PWM/corepwm_C0_0/genblk3.corepwm_reg_if/prescale_reg_Z[15]:D
  Delay (ns):              0.148
  Slack (ns):              0.074
  Arrival (ns):            4.197
  Required (ns):           4.123
  Operating Conditions: fast_hv_lt

Path 48
  From: FIC_0_PERIPHERALS_0/security_core_0/rng/trng_acc_0/seed_o_3[6]:CLK
  To:   FIC_0_PERIPHERALS_0/security_core_0/rng/trng_acc_0/seed_o_4[6]:D
  Delay (ns):              0.151
  Slack (ns):              0.074
  Arrival (ns):            3.828
  Required (ns):           3.754
  Operating Conditions: fast_hv_lt

Path 49
  From: FIC_0_PERIPHERALS_0/security_core_0/rng/neoTRNG_0/entropy_cell_gen.0.neoTRNG_cell_inst/sync[0]:CLK
  To:   FIC_0_PERIPHERALS_0/security_core_0/rng/neoTRNG_0/entropy_cell_gen.0.neoTRNG_cell_inst/sync[1]:D
  Delay (ns):              0.148
  Slack (ns):              0.074
  Arrival (ns):            3.821
  Required (ns):           3.747
  Operating Conditions: fast_hv_lt

Path 50
  From: FIC_0_PERIPHERALS_0/security_core_0/hash_block_9[18]:CLK
  To:   FIC_0_PERIPHERALS_0/security_core_0/hash_block_10[18]:D
  Delay (ns):              0.151
  Slack (ns):              0.074
  Arrival (ns):            3.825
  Required (ns):           3.751
  Operating Conditions: fast_hv_lt

Path 51
  From: FIC_0_PERIPHERALS_0/security_core_0/hash_block_8[0]:CLK
  To:   FIC_0_PERIPHERALS_0/security_core_0/hash_block_9[0]:D
  Delay (ns):              0.151
  Slack (ns):              0.074
  Arrival (ns):            3.812
  Required (ns):           3.738
  Operating Conditions: fast_hv_lt

Path 52
  From: FIC_0_PERIPHERALS_0/security_core_0/hash_block_5[30]:CLK
  To:   FIC_0_PERIPHERALS_0/security_core_0/hash_core/buffer[190]:D
  Delay (ns):              0.151
  Slack (ns):              0.074
  Arrival (ns):            3.827
  Required (ns):           3.753
  Operating Conditions: fast_hv_lt

Path 53
  From: FIC_0_PERIPHERALS_0/security_core_0/hash_block_5[30]:CLK
  To:   FIC_0_PERIPHERALS_0/security_core_0/hash_block_6[30]:D
  Delay (ns):              0.151
  Slack (ns):              0.074
  Arrival (ns):            3.827
  Required (ns):           3.753
  Operating Conditions: fast_hv_lt

Path 54
  From: FIC_0_PERIPHERALS_0/security_core_0/hash_block_5[0]:CLK
  To:   FIC_0_PERIPHERALS_0/security_core_0/hash_block_6[0]:D
  Delay (ns):              0.151
  Slack (ns):              0.074
  Arrival (ns):            3.812
  Required (ns):           3.738
  Operating Conditions: fast_hv_lt

Path 55
  From: FIC_0_PERIPHERALS_0/security_core_0/hash_block_2[23]:CLK
  To:   FIC_0_PERIPHERALS_0/security_core_0/hash_block_3[23]:D
  Delay (ns):              0.151
  Slack (ns):              0.074
  Arrival (ns):            3.803
  Required (ns):           3.729
  Operating Conditions: fast_hv_lt

Path 56
  From: FIC_0_PERIPHERALS_0/security_core_0/hash_block_1[14]:CLK
  To:   FIC_0_PERIPHERALS_0/security_core_0/hash_block_2[14]:D
  Delay (ns):              0.152
  Slack (ns):              0.074
  Arrival (ns):            3.816
  Required (ns):           3.742
  Operating Conditions: fast_hv_lt

Path 57
  From: FIC_0_PERIPHERALS_0/security_core_0/hash_block_12[14]:CLK
  To:   FIC_0_PERIPHERALS_0/security_core_0/hash_block_13[14]:D
  Delay (ns):              0.151
  Slack (ns):              0.074
  Arrival (ns):            3.830
  Required (ns):           3.756
  Operating Conditions: fast_hv_lt

Path 58
  From: FIC_0_PERIPHERALS_0/security_core_0/hash_block_10[25]:CLK
  To:   FIC_0_PERIPHERALS_0/security_core_0/hash_block_11[25]:D
  Delay (ns):              0.151
  Slack (ns):              0.074
  Arrival (ns):            3.803
  Required (ns):           3.729
  Operating Conditions: fast_hv_lt

Path 59
  From: FIC_0_PERIPHERALS_0/FIC0_INITIATOR_inst_0/FIC0_INITIATOR_0/SlvConvertor_loop[2].slvcnv/slvdwc/genblk1.DownConverter_inst/readWidthConv/genblk1.widthConvrd/MASTER_RDATA[35]:CLK
  To:   FIC_0_PERIPHERALS_0/FIC0_INITIATOR_inst_0/FIC0_INITIATOR_0/SlvConvertor_loop[2].slvcnv/rgsl/genblk3.rrs/holdDat[39]:D
  Delay (ns):              0.151
  Slack (ns):              0.074
  Arrival (ns):            3.811
  Required (ns):           3.737
  Operating Conditions: fast_hv_lt

Path 60
  From: FIC_0_PERIPHERALS_0/FIC0_INITIATOR_inst_0/FIC0_INITIATOR_0/MstConvertor_loop[0].mstrconv/rgsl/genblk2.arrs/sDat[33]:CLK
  To:   FIC_0_PERIPHERALS_0/FIC0_INITIATOR_inst_0/FIC0_INITIATOR_0/axicb/cb.arcon/trgmx/slaveAADDR[2]:D
  Delay (ns):              0.151
  Slack (ns):              0.074
  Arrival (ns):            3.818
  Required (ns):           3.744
  Operating Conditions: fast_hv_lt

Path 61
  From: FIC_0_PERIPHERALS_0/FIC0_INITIATOR_inst_0/FIC0_INITIATOR_0/MstConvertor_loop[0].mstrconv/rgsl/genblk1.awrs/sDat[35]:CLK
  To:   FIC_0_PERIPHERALS_0/FIC0_INITIATOR_inst_0/FIC0_INITIATOR_0/axicb/cb.awcon/trgmx/slaveAADDR[4]:D
  Delay (ns):              0.151
  Slack (ns):              0.074
  Arrival (ns):            3.816
  Required (ns):           3.742
  Operating Conditions: fast_hv_lt

Path 62
  From: FIC_0_PERIPHERALS_0/DMA_INITIATOR_inst_0/DMA_INITIATOR_0/MstConvertor_loop[0].mstrconv/mstrDWC/genblk1.MstUpConv/DWC_UpConv_preCalcAChannel_aw_inst/MASTER_AADDR_out[4]:CLK
  To:   FIC_0_PERIPHERALS_0/DMA_INITIATOR_inst_0/DMA_INITIATOR_0/MstConvertor_loop[0].mstrconv/mstrDWC/genblk1.MstUpConv/DWC_AWChan/SLAVE_AADDR[4]:D
  Delay (ns):              0.151
  Slack (ns):              0.074
  Arrival (ns):            3.803
  Required (ns):           3.729
  Operating Conditions: fast_hv_lt

Path 63
  From: FIC_0_PERIPHERALS_0/DMA_INITIATOR_inst_0/DMA_INITIATOR_0/MstConvertor_loop[0].mstrconv/mstrDWC/genblk1.MstUpConv/DWC_UpConv_preCalcAChannel_ar_inst/MASTER_AADDR_out[30]:CLK
  To:   FIC_0_PERIPHERALS_0/DMA_INITIATOR_inst_0/DMA_INITIATOR_0/MstConvertor_loop[0].mstrconv/mstrDWC/genblk1.MstUpConv/DWC_ARChan/SLAVE_AADDR[30]:D
  Delay (ns):              0.148
  Slack (ns):              0.074
  Arrival (ns):            3.825
  Required (ns):           3.751
  Operating Conditions: fast_hv_lt

Path 64
  From: FIC_0_PERIPHERALS_0/security_core_0/hash_block_9[19]:CLK
  To:   FIC_0_PERIPHERALS_0/security_core_0/hash_block_10[19]:D
  Delay (ns):              0.149
  Slack (ns):              0.075
  Arrival (ns):            3.791
  Required (ns):           3.716
  Operating Conditions: fast_hv_lt

Path 65
  From: FIC_0_PERIPHERALS_0/security_core_0/hash_block_9[18]:CLK
  To:   FIC_0_PERIPHERALS_0/security_core_0/hash_core/buffer[306]:D
  Delay (ns):              0.151
  Slack (ns):              0.075
  Arrival (ns):            3.825
  Required (ns):           3.750
  Operating Conditions: fast_hv_lt

Path 66
  From: FIC_0_PERIPHERALS_0/security_core_0/hash_block_8[24]:CLK
  To:   FIC_0_PERIPHERALS_0/security_core_0/hash_block_9[24]:D
  Delay (ns):              0.152
  Slack (ns):              0.075
  Arrival (ns):            3.806
  Required (ns):           3.731
  Operating Conditions: fast_hv_lt

Path 67
  From: FIC_0_PERIPHERALS_0/security_core_0/hash_block_8[11]:CLK
  To:   FIC_0_PERIPHERALS_0/security_core_0/hash_block_9[11]:D
  Delay (ns):              0.153
  Slack (ns):              0.075
  Arrival (ns):            3.831
  Required (ns):           3.756
  Operating Conditions: fast_hv_lt

Path 68
  From: FIC_0_PERIPHERALS_0/security_core_0/hash_block_6[19]:CLK
  To:   FIC_0_PERIPHERALS_0/security_core_0/hash_block_7[19]:D
  Delay (ns):              0.152
  Slack (ns):              0.075
  Arrival (ns):            3.812
  Required (ns):           3.737
  Operating Conditions: fast_hv_lt

Path 69
  From: FIC_0_PERIPHERALS_0/security_core_0/hash_block_1[5]:CLK
  To:   FIC_0_PERIPHERALS_0/security_core_0/hash_block_2[5]:D
  Delay (ns):              0.151
  Slack (ns):              0.075
  Arrival (ns):            3.809
  Required (ns):           3.734
  Operating Conditions: fast_hv_lt

Path 70
  From: FIC_0_PERIPHERALS_0/security_core_0/hash_block_11[5]:CLK
  To:   FIC_0_PERIPHERALS_0/security_core_0/hash_block_12[5]:D
  Delay (ns):              0.149
  Slack (ns):              0.075
  Arrival (ns):            3.792
  Required (ns):           3.717
  Operating Conditions: fast_hv_lt

Path 71
  From: FIC_0_PERIPHERALS_0/security_core_0/hash_block_10[7]:CLK
  To:   FIC_0_PERIPHERALS_0/security_core_0/hash_block_11[7]:D
  Delay (ns):              0.152
  Slack (ns):              0.075
  Arrival (ns):            3.811
  Required (ns):           3.736
  Operating Conditions: fast_hv_lt

Path 72
  From: CLOCKS_AND_RESETS_0/RESET_FIC_3_CLK/CORERESET_0/dff_9[0]:CLK
  To:   CLOCKS_AND_RESETS_0/RESET_FIC_3_CLK/CORERESET_0/dff_10[0]:D
  Delay (ns):              0.149
  Slack (ns):              0.075
  Arrival (ns):            4.219
  Required (ns):           4.144
  Operating Conditions: fast_hv_lt

Path 73
  From: CLOCKS_AND_RESETS_0/RESET_FIC_0_CLK/CORERESET_0/dff_3[0]:CLK
  To:   CLOCKS_AND_RESETS_0/RESET_FIC_0_CLK/CORERESET_0/dff_4[0]:D
  Delay (ns):              0.149
  Slack (ns):              0.075
  Arrival (ns):            3.828
  Required (ns):           3.753
  Operating Conditions: fast_hv_lt

Path 74
  From: FIC_3_PERIPHERALS_0/PWM/corepwm_C0_0/genblk3.corepwm_reg_if/psh_period_reg[7]:CLK
  To:   FIC_3_PERIPHERALS_0/PWM/corepwm_C0_0/genblk3.corepwm_reg_if/period_reg_Z[7]:D
  Delay (ns):              0.150
  Slack (ns):              0.076
  Arrival (ns):            4.223
  Required (ns):           4.147
  Operating Conditions: fast_hv_lt

Path 75
  From: FIC_0_PERIPHERALS_0/security_core_0/rng/trng_acc_0/seed_o_4[6]:CLK
  To:   FIC_0_PERIPHERALS_0/security_core_0/rng/trng_acc_0/seed_o_5[6]:D
  Delay (ns):              0.153
  Slack (ns):              0.076
  Arrival (ns):            3.830
  Required (ns):           3.754
  Operating Conditions: fast_hv_lt

Path 76
  From: FIC_0_PERIPHERALS_0/security_core_0/rng/neoTRNG_0/entropy_cell_gen.2.neoTRNG_cell_inst/sreg_4[0]:CLK
  To:   FIC_0_PERIPHERALS_0/security_core_0/rng/neoTRNG_0/entropy_cell_gen.2.neoTRNG_cell_inst/sreg_5[0]:D
  Delay (ns):              0.153
  Slack (ns):              0.076
  Arrival (ns):            3.804
  Required (ns):           3.728
  Operating Conditions: fast_hv_lt

Path 77
  From: FIC_0_PERIPHERALS_0/security_core_0/hash_block_9[21]:CLK
  To:   FIC_0_PERIPHERALS_0/security_core_0/hash_block_10[21]:D
  Delay (ns):              0.150
  Slack (ns):              0.076
  Arrival (ns):            3.804
  Required (ns):           3.728
  Operating Conditions: fast_hv_lt

Path 78
  From: FIC_0_PERIPHERALS_0/security_core_0/hash_block_3[31]:CLK
  To:   FIC_0_PERIPHERALS_0/security_core_0/hash_block_4[31]:D
  Delay (ns):              0.150
  Slack (ns):              0.076
  Arrival (ns):            3.818
  Required (ns):           3.742
  Operating Conditions: fast_hv_lt

Path 79
  From: FIC_0_PERIPHERALS_0/security_core_0/hash_block_11[24]:CLK
  To:   FIC_0_PERIPHERALS_0/security_core_0/hash_block_12[24]:D
  Delay (ns):              0.154
  Slack (ns):              0.076
  Arrival (ns):            3.807
  Required (ns):           3.731
  Operating Conditions: fast_hv_lt

Path 80
  From: FIC_0_PERIPHERALS_0/security_core_0/hash_block_11[20]:CLK
  To:   FIC_0_PERIPHERALS_0/security_core_0/hash_block_12[20]:D
  Delay (ns):              0.150
  Slack (ns):              0.076
  Arrival (ns):            3.790
  Required (ns):           3.714
  Operating Conditions: fast_hv_lt

Path 81
  From: FIC_0_PERIPHERALS_0/security_core_0/hash_block_11[18]:CLK
  To:   FIC_0_PERIPHERALS_0/security_core_0/hash_block_12[18]:D
  Delay (ns):              0.153
  Slack (ns):              0.076
  Arrival (ns):            3.827
  Required (ns):           3.751
  Operating Conditions: fast_hv_lt

Path 82
  From: FIC_0_PERIPHERALS_0/security_core_0/hash_block_10[24]:CLK
  To:   FIC_0_PERIPHERALS_0/security_core_0/hash_block_11[24]:D
  Delay (ns):              0.153
  Slack (ns):              0.076
  Arrival (ns):            3.807
  Required (ns):           3.731
  Operating Conditions: fast_hv_lt

Path 83
  From: FIC_0_PERIPHERALS_0/FIC0_INITIATOR_inst_0/FIC0_INITIATOR_0/SlvConvertor_loop[2].slvcnv/slvdwc/genblk1.DownConverter_inst/readWidthConv/DWC_DownConv_preCalcCmdFifoWrCtrl_inst/sizeCnt_comb_pre_Z[5]:CLK
  To:   FIC_0_PERIPHERALS_0/FIC0_INITIATOR_inst_0/FIC0_INITIATOR_0/SlvConvertor_loop[2].slvcnv/slvdwc/genblk1.DownConverter_inst/readWidthConv/rdCmdFifoWriteCtrl/sizeCnt_reg[5]:D
  Delay (ns):              0.153
  Slack (ns):              0.076
  Arrival (ns):            3.826
  Required (ns):           3.750
  Operating Conditions: fast_hv_lt

Path 84
  From: FIC_0_PERIPHERALS_0/FIC0_INITIATOR_inst_0/FIC0_INITIATOR_0/SlvConvertor_loop[1].slvcnv/rgsl/genblk4.wrs/sDat[41]:CLK
  To:   FIC_0_PERIPHERALS_0/MSS_LSRAM_inst_0/COREAXI4SRAM_0/genblk1.genblk1.U_MSS_LSRAM_COREAXI4SRAM_0_CoreAXI4SRAM_MAINCTRL/genblk1.wdata_sc_r[31]:D
  Delay (ns):              0.153
  Slack (ns):              0.076
  Arrival (ns):            3.834
  Required (ns):           3.758
  Operating Conditions: fast_hv_lt

Path 85
  From: FIC_0_PERIPHERALS_0/DMA_INITIATOR_inst_0/DMA_INITIATOR_0/MstConvertor_loop[0].mstrconv/mstrDWC/genblk1.MstUpConv/DWC_UpConv_preCalcAChannel_aw_inst/MASTER_AADDR_out[9]:CLK
  To:   FIC_0_PERIPHERALS_0/DMA_INITIATOR_inst_0/DMA_INITIATOR_0/MstConvertor_loop[0].mstrconv/mstrDWC/genblk1.MstUpConv/DWC_AWChan/SLAVE_AADDR[9]:D
  Delay (ns):              0.153
  Slack (ns):              0.076
  Arrival (ns):            3.805
  Required (ns):           3.729
  Operating Conditions: fast_hv_lt

Path 86
  From: FIC_0_PERIPHERALS_0/DMA_CONTROLLER_inst_0/DMA_CONTROLLER_0/U_AXI4INITIATORDMACtrl/ARADDRReg[27]:CLK
  To:   FIC_0_PERIPHERALS_0/DMA_INITIATOR_inst_0/DMA_INITIATOR_0/MstConvertor_loop[0].mstrconv/mstrDWC/genblk1.MstUpConv/DWC_UpConv_preCalcAChannel_ar_inst/MASTER_AADDR_out[27]:D
  Delay (ns):              0.150
  Slack (ns):              0.076
  Arrival (ns):            3.825
  Required (ns):           3.749
  Operating Conditions: fast_hv_lt

Path 87
  From: CLOCKS_AND_RESETS_0/RESET_FIC_0_CLK/CORERESET_0/dff_13[0]:CLK
  To:   CLOCKS_AND_RESETS_0/RESET_FIC_0_CLK/CORERESET_0/dff_14[0]:D
  Delay (ns):              0.149
  Slack (ns):              0.076
  Arrival (ns):            3.801
  Required (ns):           3.725
  Operating Conditions: fast_hv_lt

Path 88
  From: FIC_0_PERIPHERALS_0/security_core_0/hash_block_4[30]:CLK
  To:   FIC_0_PERIPHERALS_0/security_core_0/hash_block_5[30]:D
  Delay (ns):              0.154
  Slack (ns):              0.077
  Arrival (ns):            3.830
  Required (ns):           3.753
  Operating Conditions: fast_hv_lt

Path 89
  From: FIC_0_PERIPHERALS_0/security_core_0/hash_block_3[15]:CLK
  To:   FIC_0_PERIPHERALS_0/security_core_0/hash_block_4[15]:D
  Delay (ns):              0.151
  Slack (ns):              0.077
  Arrival (ns):            3.831
  Required (ns):           3.754
  Operating Conditions: fast_hv_lt

Path 90
  From: FIC_0_PERIPHERALS_0/security_core_0/hash_block_2[14]:CLK
  To:   FIC_0_PERIPHERALS_0/security_core_0/hash_block_3[14]:D
  Delay (ns):              0.154
  Slack (ns):              0.077
  Arrival (ns):            3.819
  Required (ns):           3.742
  Operating Conditions: fast_hv_lt

Path 91
  From: FIC_0_PERIPHERALS_0/security_core_0/hash_block_15[31]:CLK
  To:   FIC_0_PERIPHERALS_0/security_core_0/hash_core/buffer[511]:D
  Delay (ns):              0.151
  Slack (ns):              0.077
  Arrival (ns):            3.822
  Required (ns):           3.745
  Operating Conditions: fast_hv_lt

Path 92
  From: FIC_0_PERIPHERALS_0/security_core_0/hash_block_13[0]:CLK
  To:   FIC_0_PERIPHERALS_0/security_core_0/hash_block_14[0]:D
  Delay (ns):              0.151
  Slack (ns):              0.077
  Arrival (ns):            3.822
  Required (ns):           3.745
  Operating Conditions: fast_hv_lt

Path 93
  From: FIC_0_PERIPHERALS_0/security_core_0/hash_block_12[7]:CLK
  To:   FIC_0_PERIPHERALS_0/security_core_0/hash_block_13[7]:D
  Delay (ns):              0.154
  Slack (ns):              0.077
  Arrival (ns):            3.813
  Required (ns):           3.736
  Operating Conditions: fast_hv_lt

Path 94
  From: FIC_0_PERIPHERALS_0/security_core_0/hash_block_12[6]:CLK
  To:   FIC_0_PERIPHERALS_0/security_core_0/hash_block_13[6]:D
  Delay (ns):              0.150
  Slack (ns):              0.077
  Arrival (ns):            3.824
  Required (ns):           3.747
  Operating Conditions: fast_hv_lt

Path 95
  From: FIC_0_PERIPHERALS_0/security_core_0/hash_block_11[26]:CLK
  To:   FIC_0_PERIPHERALS_0/security_core_0/hash_block_12[26]:D
  Delay (ns):              0.154
  Slack (ns):              0.077
  Arrival (ns):            3.831
  Required (ns):           3.754
  Operating Conditions: fast_hv_lt

Path 96
  From: FIC_0_PERIPHERALS_0/FIC0_INITIATOR_inst_0/FIC0_INITIATOR_0/SlvConvertor_loop[2].slvcnv/slvdwc/genblk1.DownConverter_inst/writeWidthConv/DWC_DownConv_preCalcCmdFifoWrCtrl_inst/sizeMax_pre_Z[1]:CLK
  To:   FIC_0_PERIPHERALS_0/FIC0_INITIATOR_inst_0/FIC0_INITIATOR_0/SlvConvertor_loop[2].slvcnv/slvdwc/genblk1.DownConverter_inst/writeWidthConv/wrCmdFifoWriteCtrl/SizeMax_reg[1]:D
  Delay (ns):              0.154
  Slack (ns):              0.077
  Arrival (ns):            3.811
  Required (ns):           3.734
  Operating Conditions: fast_hv_lt

Path 97
  From: FIC_0_PERIPHERALS_0/FIC0_INITIATOR_inst_0/FIC0_INITIATOR_0/SlvConvertor_loop[2].slvcnv/slvdwc/genblk1.DownConverter_inst/readWidthConv/DWC_DownConv_preCalcCmdFifoWrCtrl_inst/MASTER_AID_out[5]:CLK
  To:   FIC_0_PERIPHERALS_0/FIC0_INITIATOR_inst_0/FIC0_INITIATOR_0/SlvConvertor_loop[2].slvcnv/slvdwc/genblk1.DownConverter_inst/readWidthConv/rdCmdFifoWriteCtrl/MASTER_AID_reg[5]:D
  Delay (ns):              0.154
  Slack (ns):              0.077
  Arrival (ns):            3.829
  Required (ns):           3.752
  Operating Conditions: fast_hv_lt

Path 98
  From: FIC_0_PERIPHERALS_0/FIC0_INITIATOR_inst_0/FIC0_INITIATOR_0/SlvConvertor_loop[0].slvcnv/slvdwc/genblk1.DownConverter_inst/readWidthConv/DWC_DownConv_preCalcCmdFifoWrCtrl_inst/sizeCnt_comb_pre_Z[3]:CLK
  To:   FIC_0_PERIPHERALS_0/FIC0_INITIATOR_inst_0/FIC0_INITIATOR_0/SlvConvertor_loop[0].slvcnv/slvdwc/genblk1.DownConverter_inst/readWidthConv/rdCmdFifoWriteCtrl/sizeCnt_reg[3]:D
  Delay (ns):              0.151
  Slack (ns):              0.077
  Arrival (ns):            3.821
  Required (ns):           3.744
  Operating Conditions: fast_hv_lt

Path 99
  From: FIC_0_PERIPHERALS_0/DMA_INITIATOR_inst_0/DMA_INITIATOR_0/MstConvertor_loop[0].mstrconv/mstrDWC/genblk1.MstUpConv/DWC_UpConv_preCalcAChannel_aw_inst/MASTER_AADDR_out[15]:CLK
  To:   FIC_0_PERIPHERALS_0/DMA_INITIATOR_inst_0/DMA_INITIATOR_0/MstConvertor_loop[0].mstrconv/mstrDWC/genblk1.MstUpConv/DWC_AWChan/SLAVE_AADDR[15]:D
  Delay (ns):              0.151
  Slack (ns):              0.077
  Arrival (ns):            3.793
  Required (ns):           3.716
  Operating Conditions: fast_hv_lt

Path 100
  From: CLOCKS_AND_RESETS_0/RESET_FIC_3_CLK/CORERESET_0/dff_13[0]:CLK
  To:   CLOCKS_AND_RESETS_0/RESET_FIC_3_CLK/CORERESET_0/dff_14[0]:D
  Delay (ns):              0.150
  Slack (ns):              0.077
  Arrival (ns):            4.216
  Required (ns):           4.139
  Operating Conditions: fast_hv_lt

