Timing Violation Report Min Delay Analysis

SmartTime Version 2025.2
Microchip Technology Inc. - Microchip Libero Software Release 2025.2 (Version 2025.2.0.14)
Date: Sun Mar 22 23:01:08 2026


Design: MPFS_DISCOVERY_KIT
Family: PolarFireSoC
Die: MPFS095T
Package: FCSG325
Temperature Range: 0 - 100 C
Voltage Range: 0.97 - 1.03 V
Speed Grade: -1
Design State: Post-Layout
Data source: Production
Multi Corner Report Operating Conditions: slow_lv_lt,fast_hv_lt,slow_lv_ht


Path 1
  From: FIC_0_PERIPHERALS_0/security_core_0/sbox/y_hi_r1[0][2]:CLK
  To:   FIC_0_PERIPHERALS_0/security_core_0/sbox/y_hi_r2[0][2]:D
  Delay (ns):              0.276
  Slack (ns):              0.019
  Arrival (ns):            5.509
  Required (ns):           5.490
  Operating Conditions: slow_lv_lt

Path 2
  From: FIC_0_PERIPHERALS_0/FIC0_INITIATOR_inst_0/FIC0_INITIATOR_0/SlvConvertor_loop[0].slvcnv/slvdwc/genblk1.DownConverter_inst/readWidthConv/genblk1.widthConvrd/MASTER_RDATA[29]:CLK
  To:   FIC_0_PERIPHERALS_0/FIC0_INITIATOR_inst_0/FIC0_INITIATOR_0/SlvConvertor_loop[0].slvcnv/rgsl/genblk3.rrs/holdDat[33]:D
  Delay (ns):              0.295
  Slack (ns):              0.028
  Arrival (ns):            5.762
  Required (ns):           5.734
  Operating Conditions: slow_lv_ht

Path 3
  From: FIC_0_PERIPHERALS_0/security_core_0/hash_block_15[20]:CLK
  To:   FIC_0_PERIPHERALS_0/security_core_0/hash_core/buffer[500]:D
  Delay (ns):              0.283
  Slack (ns):              0.030
  Arrival (ns):            5.536
  Required (ns):           5.506
  Operating Conditions: slow_lv_lt

Path 4
  From: FIC_0_PERIPHERALS_0/DMA_INITIATOR_inst_0/DMA_INITIATOR_0/MstConvertor_loop[0].mstrconv/mstrDWC/genblk1.MstUpConv/DWC_UpConv_preCalcAChannel_aw_inst/sizeDiff_pre[0]:CLK
  To:   FIC_0_PERIPHERALS_0/DMA_INITIATOR_inst_0/DMA_INITIATOR_0/MstConvertor_loop[0].mstrconv/mstrDWC/genblk1.MstUpConv/DWC_AWChan/sizeDiff_reg[0]:D
  Delay (ns):              0.305
  Slack (ns):              0.059
  Arrival (ns):            5.552
  Required (ns):           5.493
  Operating Conditions: slow_lv_lt

Path 5
  From: FIC_0_PERIPHERALS_0/FIC0_INITIATOR_inst_0/FIC0_INITIATOR_0/MstConvertor_loop[0].mstrconv/rgsl/genblk2.arrs/sDat[27]:CLK
  To:   FIC_0_PERIPHERALS_0/FIC0_INITIATOR_inst_0/FIC0_INITIATOR_0/axicb/cb.arcon/trgmx/slaveALEN[4]:D
  Delay (ns):              0.143
  Slack (ns):              0.066
  Arrival (ns):            3.808
  Required (ns):           3.742
  Operating Conditions: fast_hv_lt

Path 6
  From: FIC_0_PERIPHERALS_0/security_core_0/hash_block_15[6]:CLK
  To:   FIC_0_PERIPHERALS_0/security_core_0/hash_core/buffer[486]:D
  Delay (ns):              0.144
  Slack (ns):              0.067
  Arrival (ns):            3.799
  Required (ns):           3.732
  Operating Conditions: fast_hv_lt

Path 7
  From: FIC_0_PERIPHERALS_0/security_core_0/hash_block_15[3]:CLK
  To:   FIC_0_PERIPHERALS_0/security_core_0/hash_core/buffer[483]:D
  Delay (ns):              0.144
  Slack (ns):              0.067
  Arrival (ns):            3.826
  Required (ns):           3.759
  Operating Conditions: fast_hv_lt

Path 8
  From: FIC_3_PERIPHERALS_0/SPI_FOR_7_SEG_0/SPI_FOR_7_SEG_0/USPI/UCC/clock_rx_q1:CLK
  To:   FIC_3_PERIPHERALS_0/SPI_FOR_7_SEG_0/SPI_FOR_7_SEG_0/USPI/UCC/clock_rx_q2:D
  Delay (ns):              0.145
  Slack (ns):              0.068
  Arrival (ns):            4.204
  Required (ns):           4.136
  Operating Conditions: fast_hv_lt

Path 9
  From: FIC_0_PERIPHERALS_0/security_core_0/sbox/y_hi_r0[1][3]:CLK
  To:   FIC_0_PERIPHERALS_0/security_core_0/sbox/y_hi_r1[1][3]:D
  Delay (ns):              0.217
  Slack (ns):              0.068
  Arrival (ns):            5.477
  Required (ns):           5.409
  Operating Conditions: slow_lv_lt

Path 10
  From: FIC_0_PERIPHERALS_0/FIC0_INITIATOR_inst_0/FIC0_INITIATOR_0/arst_aclk_sync/sysReset_f1:CLK
  To:   FIC_0_PERIPHERALS_0/FIC0_INITIATOR_inst_0/FIC0_INITIATOR_0/arst_aclk_sync/sysReset:D
  Delay (ns):              0.144
  Slack (ns):              0.068
  Arrival (ns):            3.790
  Required (ns):           3.722
  Operating Conditions: fast_hv_lt

Path 11
  From: FIC_0_PERIPHERALS_0/security_core_0/sbox/y_lo_r0[1][3]:CLK
  To:   FIC_0_PERIPHERALS_0/security_core_0/sbox/y_lo_r1[1][3]:D
  Delay (ns):              0.218
  Slack (ns):              0.069
  Arrival (ns):            5.476
  Required (ns):           5.407
  Operating Conditions: slow_lv_lt

Path 12
  From: FIC_0_PERIPHERALS_0/security_core_0/hash_block_5[11]:CLK
  To:   FIC_0_PERIPHERALS_0/security_core_0/hash_block_6[11]:D
  Delay (ns):              0.146
  Slack (ns):              0.069
  Arrival (ns):            3.822
  Required (ns):           3.753
  Operating Conditions: fast_hv_lt

Path 13
  From: FIC_0_PERIPHERALS_0/security_core_0/hash_block_13[3]:CLK
  To:   FIC_0_PERIPHERALS_0/security_core_0/hash_core/buffer[419]:D
  Delay (ns):              0.146
  Slack (ns):              0.069
  Arrival (ns):            3.828
  Required (ns):           3.759
  Operating Conditions: fast_hv_lt

Path 14
  From: FIC_0_PERIPHERALS_0/security_core_0/hash_block_13[0]:CLK
  To:   FIC_0_PERIPHERALS_0/security_core_0/hash_block_14[0]:D
  Delay (ns):              0.146
  Slack (ns):              0.069
  Arrival (ns):            3.807
  Required (ns):           3.738
  Operating Conditions: fast_hv_lt

Path 15
  From: FIC_0_PERIPHERALS_0/security_core_0/hash_block_11[21]:CLK
  To:   FIC_0_PERIPHERALS_0/security_core_0/hash_core/buffer[373]:D
  Delay (ns):              0.146
  Slack (ns):              0.069
  Arrival (ns):            3.795
  Required (ns):           3.726
  Operating Conditions: fast_hv_lt

Path 16
  From: FIC_0_PERIPHERALS_0/security_core_0/hash_block_10[13]:CLK
  To:   FIC_0_PERIPHERALS_0/security_core_0/hash_block_11[13]:D
  Delay (ns):              0.146
  Slack (ns):              0.069
  Arrival (ns):            3.805
  Required (ns):           3.736
  Operating Conditions: fast_hv_lt

Path 17
  From: FIC_0_PERIPHERALS_0/DMA_CONTROLLER_inst_0/DMA_CONTROLLER_0/U_AXI4INITIATORDMACtrl/ARADDRReg[12]:CLK
  To:   FIC_0_PERIPHERALS_0/DMA_INITIATOR_inst_0/DMA_INITIATOR_0/MstConvertor_loop[0].mstrconv/mstrDWC/genblk1.MstUpConv/DWC_UpConv_preCalcAChannel_ar_inst/MASTER_AADDR_out[12]:D
  Delay (ns):              0.218
  Slack (ns):              0.069
  Arrival (ns):            5.473
  Required (ns):           5.404
  Operating Conditions: slow_lv_lt

Path 18
  From: FIC_0_PERIPHERALS_0/security_core_0/hash_block_14[2]:CLK
  To:   FIC_0_PERIPHERALS_0/security_core_0/hash_block_15[2]:D
  Delay (ns):              0.147
  Slack (ns):              0.070
  Arrival (ns):            3.823
  Required (ns):           3.753
  Operating Conditions: fast_hv_lt

Path 19
  From: FIC_0_PERIPHERALS_0/security_core_0/hash_block_12[7]:CLK
  To:   FIC_0_PERIPHERALS_0/security_core_0/hash_core/buffer[391]:D
  Delay (ns):              0.148
  Slack (ns):              0.070
  Arrival (ns):            3.813
  Required (ns):           3.743
  Operating Conditions: fast_hv_lt

Path 20
  From: FIC_0_PERIPHERALS_0/security_core_0/hash_block_3[0]:CLK
  To:   FIC_0_PERIPHERALS_0/security_core_0/hash_core/buffer[96]:D
  Delay (ns):              0.148
  Slack (ns):              0.071
  Arrival (ns):            3.799
  Required (ns):           3.728
  Operating Conditions: fast_hv_lt

Path 21
  From: FIC_0_PERIPHERALS_0/security_core_0/hash_block_1[21]:CLK
  To:   FIC_0_PERIPHERALS_0/security_core_0/hash_block_2[21]:D
  Delay (ns):              0.148
  Slack (ns):              0.071
  Arrival (ns):            3.807
  Required (ns):           3.736
  Operating Conditions: fast_hv_lt

Path 22
  From: FIC_0_PERIPHERALS_0/security_core_0/hash_block_13[5]:CLK
  To:   FIC_0_PERIPHERALS_0/security_core_0/hash_block_14[5]:D
  Delay (ns):              0.148
  Slack (ns):              0.071
  Arrival (ns):            3.824
  Required (ns):           3.753
  Operating Conditions: fast_hv_lt

Path 23
  From: FIC_0_PERIPHERALS_0/security_core_0/hash_block_12[0]:CLK
  To:   FIC_0_PERIPHERALS_0/security_core_0/hash_block_13[0]:D
  Delay (ns):              0.148
  Slack (ns):              0.071
  Arrival (ns):            3.809
  Required (ns):           3.738
  Operating Conditions: fast_hv_lt

Path 24
  From: FIC_0_PERIPHERALS_0/FIC0_INITIATOR_inst_0/FIC0_INITIATOR_0/SlvConvertor_loop[2].slvcnv/slvdwc/genblk1.DownConverter_inst/readWidthConv/genblk1.caxi4interconnect_DWC_DownConv_Hold_Reg_Rd/sizeMax_extend_Z[1]:CLK
  To:   FIC_0_PERIPHERALS_0/FIC0_INITIATOR_inst_0/FIC0_INITIATOR_0/SlvConvertor_loop[2].slvcnv/slvdwc/genblk1.DownConverter_inst/readWidthConv/genblk1.widthConvrd/sizeMax_extend_reg[1]:D
  Delay (ns):              0.148
  Slack (ns):              0.071
  Arrival (ns):            3.813
  Required (ns):           3.742
  Operating Conditions: fast_hv_lt

Path 25
  From: FIC_0_PERIPHERALS_0/DMA_INITIATOR_inst_0/DMA_INITIATOR_0/arst_aclk_sync/sysReset_f1:CLK
  To:   FIC_0_PERIPHERALS_0/DMA_INITIATOR_inst_0/DMA_INITIATOR_0/arst_aclk_sync/sysReset:D
  Delay (ns):              0.147
  Slack (ns):              0.071
  Arrival (ns):            3.793
  Required (ns):           3.722
  Operating Conditions: fast_hv_lt

Path 26
  From: FIC_0_PERIPHERALS_0/security_core_0/sbox/y_lo_r2[1][2]:CLK
  To:   FIC_0_PERIPHERALS_0/security_core_0/sbox/y_lo_r3[1][2]:D
  Delay (ns):              0.149
  Slack (ns):              0.072
  Arrival (ns):            3.786
  Required (ns):           3.714
  Operating Conditions: fast_hv_lt

Path 27
  From: FIC_0_PERIPHERALS_0/security_core_0/sbox/y_lo_r2[1][1]:CLK
  To:   FIC_0_PERIPHERALS_0/security_core_0/sbox/y_lo_r3[1][1]:D
  Delay (ns):              0.149
  Slack (ns):              0.072
  Arrival (ns):            3.811
  Required (ns):           3.739
  Operating Conditions: fast_hv_lt

Path 28
  From: FIC_0_PERIPHERALS_0/security_core_0/rng/trng_acc_0/seed_o_3[5]:CLK
  To:   FIC_0_PERIPHERALS_0/security_core_0/rng/trng_acc_0/seed_o_4[5]:D
  Delay (ns):              0.149
  Slack (ns):              0.072
  Arrival (ns):            3.793
  Required (ns):           3.721
  Operating Conditions: fast_hv_lt

Path 29
  From: FIC_0_PERIPHERALS_0/security_core_0/hash_block_4[18]:CLK
  To:   FIC_0_PERIPHERALS_0/security_core_0/hash_block_5[18]:D
  Delay (ns):              0.149
  Slack (ns):              0.072
  Arrival (ns):            3.805
  Required (ns):           3.733
  Operating Conditions: fast_hv_lt

Path 30
  From: FIC_0_PERIPHERALS_0/security_core_0/hash_block_1[26]:CLK
  To:   FIC_0_PERIPHERALS_0/security_core_0/hash_block_2[26]:D
  Delay (ns):              0.149
  Slack (ns):              0.072
  Arrival (ns):            3.827
  Required (ns):           3.755
  Operating Conditions: fast_hv_lt

Path 31
  From: FIC_0_PERIPHERALS_0/security_core_0/hash_block_15[14]:CLK
  To:   FIC_0_PERIPHERALS_0/security_core_0/hash_core/buffer[494]:D
  Delay (ns):              0.149
  Slack (ns):              0.072
  Arrival (ns):            3.802
  Required (ns):           3.730
  Operating Conditions: fast_hv_lt

Path 32
  From: FIC_0_PERIPHERALS_0/security_core_0/hash_block_12[13]:CLK
  To:   FIC_0_PERIPHERALS_0/security_core_0/hash_core/buffer[397]:D
  Delay (ns):              0.150
  Slack (ns):              0.072
  Arrival (ns):            3.808
  Required (ns):           3.736
  Operating Conditions: fast_hv_lt

Path 33
  From: FIC_0_PERIPHERALS_0/FIC0_INITIATOR_inst_0/FIC0_INITIATOR_0/SlvConvertor_loop[2].slvcnv/slvdwc/genblk1.DownConverter_inst/readWidthConv/DWC_DownConv_preCalcCmdFifoWrCtrl_inst/MASTER_AID_out[6]:CLK
  To:   FIC_0_PERIPHERALS_0/FIC0_INITIATOR_inst_0/FIC0_INITIATOR_0/SlvConvertor_loop[2].slvcnv/slvdwc/genblk1.DownConverter_inst/readWidthConv/rdCmdFifoWriteCtrl/MASTER_AID_reg[6]:D
  Delay (ns):              0.149
  Slack (ns):              0.072
  Arrival (ns):            3.827
  Required (ns):           3.755
  Operating Conditions: fast_hv_lt

Path 34
  From: FIC_0_PERIPHERALS_0/security_core_0/hash_block_14[3]:CLK
  To:   FIC_0_PERIPHERALS_0/security_core_0/hash_block_15[3]:D
  Delay (ns):              0.150
  Slack (ns):              0.073
  Arrival (ns):            3.832
  Required (ns):           3.759
  Operating Conditions: fast_hv_lt

Path 35
  From: FIC_0_PERIPHERALS_0/FIC0_INITIATOR_inst_0/FIC0_INITIATOR_0/SlvConvertor_loop[0].slvcnv/rgsl/genblk4.wrs/sDat[67]:CLK
  To:   FIC_0_PERIPHERALS_0/FIC0_INITIATOR_inst_0/FIC0_INITIATOR_0/SlvConvertor_loop[0].slvcnv/slvdwc/genblk1.DownConverter_inst/writeWidthConv/widthConvwr/MASTER_WDATA_reg[57]:D
  Delay (ns):              0.151
  Slack (ns):              0.073
  Arrival (ns):            3.836
  Required (ns):           3.763
  Operating Conditions: fast_hv_lt

Path 36
  From: FIC_0_PERIPHERALS_0/security_core_0/sbox/y_lo_r0[1][2]:CLK
  To:   FIC_0_PERIPHERALS_0/security_core_0/sbox/y_lo_r1[1][2]:D
  Delay (ns):              0.151
  Slack (ns):              0.074
  Arrival (ns):            3.788
  Required (ns):           3.714
  Operating Conditions: fast_hv_lt

Path 37
  From: FIC_0_PERIPHERALS_0/security_core_0/sbox/y_hi_r2[0][3]:CLK
  To:   FIC_0_PERIPHERALS_0/security_core_0/sbox/y_hi_r3[0][3]:D
  Delay (ns):              0.148
  Slack (ns):              0.074
  Arrival (ns):            3.812
  Required (ns):           3.738
  Operating Conditions: fast_hv_lt

Path 38
  From: FIC_0_PERIPHERALS_0/security_core_0/sbox/t_lo_r0[2][1]:CLK
  To:   FIC_0_PERIPHERALS_0/security_core_0/sbox/t_lo_r1[2][1]:D
  Delay (ns):              0.151
  Slack (ns):              0.074
  Arrival (ns):            3.789
  Required (ns):           3.715
  Operating Conditions: fast_hv_lt

Path 39
  From: FIC_0_PERIPHERALS_0/security_core_0/hash_core/buffer[340]:CLK
  To:   FIC_0_PERIPHERALS_0/security_core_0/hash_core/W[5][20]:D
  Delay (ns):              0.229
  Slack (ns):              0.074
  Arrival (ns):            3.888
  Required (ns):           3.814
  Operating Conditions: fast_hv_lt

Path 40
  From: FIC_0_PERIPHERALS_0/security_core_0/hash_block_13[21]:CLK
  To:   FIC_0_PERIPHERALS_0/security_core_0/hash_block_14[21]:D
  Delay (ns):              0.151
  Slack (ns):              0.074
  Arrival (ns):            3.800
  Required (ns):           3.726
  Operating Conditions: fast_hv_lt

Path 41
  From: FIC_0_PERIPHERALS_0/security_core_0/hash_block_11[0]:CLK
  To:   FIC_0_PERIPHERALS_0/security_core_0/hash_core/buffer[352]:D
  Delay (ns):              0.151
  Slack (ns):              0.074
  Arrival (ns):            3.812
  Required (ns):           3.738
  Operating Conditions: fast_hv_lt

Path 42
  From: CLOCKS_AND_RESETS_0/RESET_FIC_0_CLK/CORERESET_0/dff_7[0]:CLK
  To:   CLOCKS_AND_RESETS_0/RESET_FIC_0_CLK/CORERESET_0/dff_8[0]:D
  Delay (ns):              0.148
  Slack (ns):              0.074
  Arrival (ns):            3.802
  Required (ns):           3.728
  Operating Conditions: fast_hv_lt

Path 43
  From: FIC_0_PERIPHERALS_0/security_core_0/sbox/y_hi_r1[2][0]:CLK
  To:   FIC_0_PERIPHERALS_0/security_core_0/sbox/y_hi_r2[2][0]:D
  Delay (ns):              0.150
  Slack (ns):              0.075
  Arrival (ns):            3.781
  Required (ns):           3.706
  Operating Conditions: fast_hv_lt

Path 44
  From: FIC_0_PERIPHERALS_0/security_core_0/hash_block_7[7]:CLK
  To:   FIC_0_PERIPHERALS_0/security_core_0/hash_block_8[7]:D
  Delay (ns):              0.153
  Slack (ns):              0.075
  Arrival (ns):            3.818
  Required (ns):           3.743
  Operating Conditions: fast_hv_lt

Path 45
  From: FIC_0_PERIPHERALS_0/security_core_0/hash_block_2[16]:CLK
  To:   FIC_0_PERIPHERALS_0/security_core_0/hash_core/buffer[80]:D
  Delay (ns):              0.152
  Slack (ns):              0.075
  Arrival (ns):            3.812
  Required (ns):           3.737
  Operating Conditions: fast_hv_lt

Path 46
  From: FIC_0_PERIPHERALS_0/security_core_0/hash_block_13[15]:CLK
  To:   FIC_0_PERIPHERALS_0/security_core_0/hash_core/buffer[431]:D
  Delay (ns):              0.152
  Slack (ns):              0.075
  Arrival (ns):            3.807
  Required (ns):           3.732
  Operating Conditions: fast_hv_lt

Path 47
  From: FIC_0_PERIPHERALS_0/FIC0_INITIATOR_inst_0/FIC0_INITIATOR_0/SlvConvertor_loop[2].slvcnv/slvdwc/genblk1.DownConverter_inst/readWidthConv/DWC_DownConv_preCalcCmdFifoWrCtrl_inst/MASTER_AID_out[4]:CLK
  To:   FIC_0_PERIPHERALS_0/FIC0_INITIATOR_inst_0/FIC0_INITIATOR_0/SlvConvertor_loop[2].slvcnv/slvdwc/genblk1.DownConverter_inst/readWidthConv/rdCmdFifoWriteCtrl/MASTER_AID_reg[4]:D
  Delay (ns):              0.152
  Slack (ns):              0.075
  Arrival (ns):            3.830
  Required (ns):           3.755
  Operating Conditions: fast_hv_lt

Path 48
  From: FIC_0_PERIPHERALS_0/DMA_INITIATOR_inst_0/DMA_INITIATOR_0/MstConvertor_loop[0].mstrconv/mstrDWC/genblk1.MstUpConv/DWC_UpConv_preCalcAChannel_aw_inst/MASTER_AADDR_out[22]:CLK
  To:   FIC_0_PERIPHERALS_0/DMA_INITIATOR_inst_0/DMA_INITIATOR_0/MstConvertor_loop[0].mstrconv/mstrDWC/genblk1.MstUpConv/DWC_AWChan/SLAVE_AADDR[22]:D
  Delay (ns):              0.149
  Slack (ns):              0.075
  Arrival (ns):            3.822
  Required (ns):           3.747
  Operating Conditions: fast_hv_lt

Path 49
  From: FIC_3_PERIPHERALS_0/SPI_FOR_7_SEG_0/SPI_FOR_7_SEG_0/USPI/UCC/clock_rx_q2:CLK
  To:   FIC_3_PERIPHERALS_0/SPI_FOR_7_SEG_0/SPI_FOR_7_SEG_0/USPI/UCC/clock_rx_q3:D
  Delay (ns):              0.153
  Slack (ns):              0.076
  Arrival (ns):            4.212
  Required (ns):           4.136
  Operating Conditions: fast_hv_lt

Path 50
  From: FIC_3_PERIPHERALS_0/PWM/corepwm_C0_0/genblk3.corepwm_reg_if/psh_prescale_reg[17]:CLK
  To:   FIC_3_PERIPHERALS_0/PWM/corepwm_C0_0/genblk3.corepwm_reg_if/prescale_reg_Z[17]:D
  Delay (ns):              0.150
  Slack (ns):              0.076
  Arrival (ns):            4.209
  Required (ns):           4.133
  Operating Conditions: fast_hv_lt

Path 51
  From: FIC_0_PERIPHERALS_0/security_core_0/sbox/y_hi_r3[0][1]:CLK
  To:   FIC_0_PERIPHERALS_0/security_core_0/sbox/y_hi_r4[0][1]:D
  Delay (ns):              0.150
  Slack (ns):              0.076
  Arrival (ns):            3.786
  Required (ns):           3.710
  Operating Conditions: fast_hv_lt

Path 52
  From: FIC_0_PERIPHERALS_0/security_core_0/hash_block_5[21]:CLK
  To:   FIC_0_PERIPHERALS_0/security_core_0/hash_block_6[21]:D
  Delay (ns):              0.153
  Slack (ns):              0.076
  Arrival (ns):            3.832
  Required (ns):           3.756
  Operating Conditions: fast_hv_lt

Path 53
  From: FIC_0_PERIPHERALS_0/security_core_0/hash_block_4[25]:CLK
  To:   FIC_0_PERIPHERALS_0/security_core_0/hash_block_5[25]:D
  Delay (ns):              0.150
  Slack (ns):              0.076
  Arrival (ns):            3.827
  Required (ns):           3.751
  Operating Conditions: fast_hv_lt

Path 54
  From: FIC_0_PERIPHERALS_0/security_core_0/hash_block_14[19]:CLK
  To:   FIC_0_PERIPHERALS_0/security_core_0/hash_block_15[19]:D
  Delay (ns):              0.153
  Slack (ns):              0.076
  Arrival (ns):            3.815
  Required (ns):           3.739
  Operating Conditions: fast_hv_lt

Path 55
  From: FIC_0_PERIPHERALS_0/security_core_0/hash_block_13[14]:CLK
  To:   FIC_0_PERIPHERALS_0/security_core_0/hash_block_14[14]:D
  Delay (ns):              0.153
  Slack (ns):              0.076
  Arrival (ns):            3.806
  Required (ns):           3.730
  Operating Conditions: fast_hv_lt

Path 56
  From: FIC_0_PERIPHERALS_0/security_core_0/hash_block_12[31]:CLK
  To:   FIC_0_PERIPHERALS_0/security_core_0/hash_block_13[31]:D
  Delay (ns):              0.150
  Slack (ns):              0.076
  Arrival (ns):            3.801
  Required (ns):           3.725
  Operating Conditions: fast_hv_lt

Path 57
  From: FIC_0_PERIPHERALS_0/FIC0_INITIATOR_inst_0/FIC0_INITIATOR_0/SlvConvertor_loop[0].slvcnv/slvdwc/genblk1.DownConverter_inst/readWidthConv/DWC_DownConv_preCalcCmdFifoWrCtrl_inst/sizeCnt_comb_pre_Z[1]:CLK
  To:   FIC_0_PERIPHERALS_0/FIC0_INITIATOR_inst_0/FIC0_INITIATOR_0/SlvConvertor_loop[0].slvcnv/slvdwc/genblk1.DownConverter_inst/readWidthConv/rdCmdFifoWriteCtrl/sizeCnt_reg[1]:D
  Delay (ns):              0.150
  Slack (ns):              0.076
  Arrival (ns):            3.822
  Required (ns):           3.746
  Operating Conditions: fast_hv_lt

Path 58
  From: FIC_0_PERIPHERALS_0/DMA_INITIATOR_inst_0/DMA_INITIATOR_0/MstConvertor_loop[0].mstrconv/mstrDWC/genblk1.MstUpConv/DWC_UpConv_preCalcAChannel_aw_inst/MASTER_AADDR_out[11]:CLK
  To:   FIC_0_PERIPHERALS_0/DMA_INITIATOR_inst_0/DMA_INITIATOR_0/MstConvertor_loop[0].mstrconv/mstrDWC/genblk1.MstUpConv/DWC_AWChan/SLAVE_AADDR[11]:D
  Delay (ns):              0.150
  Slack (ns):              0.076
  Arrival (ns):            3.823
  Required (ns):           3.747
  Operating Conditions: fast_hv_lt

Path 59
  From: CLOCKS_AND_RESETS_0/RESET_FIC_0_CLK/CORERESET_0/dff_13[0]:CLK
  To:   CLOCKS_AND_RESETS_0/RESET_FIC_0_CLK/CORERESET_0/dff_14[0]:D
  Delay (ns):              0.150
  Slack (ns):              0.076
  Arrival (ns):            3.798
  Required (ns):           3.722
  Operating Conditions: fast_hv_lt

Path 60
  From: CLOCKS_AND_RESETS_0/RESET_FIC_0_CLK/CORERESET_0/dff_10[0]:CLK
  To:   CLOCKS_AND_RESETS_0/RESET_FIC_0_CLK/CORERESET_0/dff_11[0]:D
  Delay (ns):              0.150
  Slack (ns):              0.076
  Arrival (ns):            3.804
  Required (ns):           3.728
  Operating Conditions: fast_hv_lt

Path 61
  From: FIC_3_PERIPHERALS_0/SPI_FOR_7_SEG_0/SPI_FOR_7_SEG_0/USPI/UCC/ssel_rx_q1:CLK
  To:   FIC_3_PERIPHERALS_0/SPI_FOR_7_SEG_0/SPI_FOR_7_SEG_0/USPI/UCC/ssel_rx_q2:D
  Delay (ns):              0.150
  Slack (ns):              0.077
  Arrival (ns):            4.218
  Required (ns):           4.141
  Operating Conditions: fast_hv_lt

Path 62
  From: FIC_0_PERIPHERALS_0/security_core_0/sbox/y_lo_r0[1][1]:CLK
  To:   FIC_0_PERIPHERALS_0/security_core_0/sbox/y_lo_r1[1][1]:D
  Delay (ns):              0.154
  Slack (ns):              0.077
  Arrival (ns):            3.816
  Required (ns):           3.739
  Operating Conditions: fast_hv_lt

Path 63
  From: FIC_0_PERIPHERALS_0/security_core_0/sbox/y_hi_r1[1][1]:CLK
  To:   FIC_0_PERIPHERALS_0/security_core_0/sbox/y_hi_r2[1][1]:D
  Delay (ns):              0.152
  Slack (ns):              0.077
  Arrival (ns):            3.791
  Required (ns):           3.714
  Operating Conditions: fast_hv_lt

Path 64
  From: FIC_0_PERIPHERALS_0/security_core_0/rng/trng_acc_0/seed_o_4[6]:CLK
  To:   FIC_0_PERIPHERALS_0/security_core_0/rng/trng_acc_0/seed_o_5[6]:D
  Delay (ns):              0.151
  Slack (ns):              0.077
  Arrival (ns):            3.796
  Required (ns):           3.719
  Operating Conditions: fast_hv_lt

Path 65
  From: FIC_0_PERIPHERALS_0/security_core_0/hash_block_7[14]:CLK
  To:   FIC_0_PERIPHERALS_0/security_core_0/hash_block_8[14]:D
  Delay (ns):              0.154
  Slack (ns):              0.077
  Arrival (ns):            3.801
  Required (ns):           3.724
  Operating Conditions: fast_hv_lt

Path 66
  From: FIC_0_PERIPHERALS_0/security_core_0/hash_block_5[28]:CLK
  To:   FIC_0_PERIPHERALS_0/security_core_0/hash_block_6[28]:D
  Delay (ns):              0.151
  Slack (ns):              0.077
  Arrival (ns):            3.815
  Required (ns):           3.738
  Operating Conditions: fast_hv_lt

Path 67
  From: FIC_0_PERIPHERALS_0/security_core_0/hash_block_5[17]:CLK
  To:   FIC_0_PERIPHERALS_0/security_core_0/hash_block_6[17]:D
  Delay (ns):              0.151
  Slack (ns):              0.077
  Arrival (ns):            3.811
  Required (ns):           3.734
  Operating Conditions: fast_hv_lt

Path 68
  From: FIC_0_PERIPHERALS_0/security_core_0/hash_block_4[26]:CLK
  To:   FIC_0_PERIPHERALS_0/security_core_0/hash_core/buffer[154]:D
  Delay (ns):              0.154
  Slack (ns):              0.077
  Arrival (ns):            3.832
  Required (ns):           3.755
  Operating Conditions: fast_hv_lt

Path 69
  From: FIC_0_PERIPHERALS_0/security_core_0/hash_block_3[17]:CLK
  To:   FIC_0_PERIPHERALS_0/security_core_0/hash_block_4[17]:D
  Delay (ns):              0.151
  Slack (ns):              0.077
  Arrival (ns):            3.811
  Required (ns):           3.734
  Operating Conditions: fast_hv_lt

Path 70
  From: FIC_0_PERIPHERALS_0/security_core_0/hash_block_13[28]:CLK
  To:   FIC_0_PERIPHERALS_0/security_core_0/hash_block_14[28]:D
  Delay (ns):              0.150
  Slack (ns):              0.077
  Arrival (ns):            3.821
  Required (ns):           3.744
  Operating Conditions: fast_hv_lt

Path 71
  From: FIC_0_PERIPHERALS_0/security_core_0/hash_block_12[3]:CLK
  To:   FIC_0_PERIPHERALS_0/security_core_0/hash_block_13[3]:D
  Delay (ns):              0.154
  Slack (ns):              0.077
  Arrival (ns):            3.836
  Required (ns):           3.759
  Operating Conditions: fast_hv_lt

Path 72
  From: FIC_0_PERIPHERALS_0/security_core_0/hash_block_12[26]:CLK
  To:   FIC_0_PERIPHERALS_0/security_core_0/hash_core/buffer[410]:D
  Delay (ns):              0.151
  Slack (ns):              0.077
  Arrival (ns):            3.795
  Required (ns):           3.718
  Operating Conditions: fast_hv_lt

Path 73
  From: FIC_0_PERIPHERALS_0/security_core_0/hash_block_12[15]:CLK
  To:   FIC_0_PERIPHERALS_0/security_core_0/hash_core/buffer[399]:D
  Delay (ns):              0.154
  Slack (ns):              0.077
  Arrival (ns):            3.809
  Required (ns):           3.732
  Operating Conditions: fast_hv_lt

Path 74
  From: FIC_0_PERIPHERALS_0/security_core_0/hash_block_11[18]:CLK
  To:   FIC_0_PERIPHERALS_0/security_core_0/hash_block_12[18]:D
  Delay (ns):              0.154
  Slack (ns):              0.077
  Arrival (ns):            3.810
  Required (ns):           3.733
  Operating Conditions: fast_hv_lt

Path 75
  From: FIC_0_PERIPHERALS_0/security_core_0/hash_block_10[18]:CLK
  To:   FIC_0_PERIPHERALS_0/security_core_0/hash_block_11[18]:D
  Delay (ns):              0.154
  Slack (ns):              0.077
  Arrival (ns):            3.810
  Required (ns):           3.733
  Operating Conditions: fast_hv_lt

Path 76
  From: FIC_0_PERIPHERALS_0/security_core_0/hash_block_10[17]:CLK
  To:   FIC_0_PERIPHERALS_0/security_core_0/hash_block_11[17]:D
  Delay (ns):              0.151
  Slack (ns):              0.077
  Arrival (ns):            3.809
  Required (ns):           3.732
  Operating Conditions: fast_hv_lt

Path 77
  From: FIC_0_PERIPHERALS_0/DMA_INITIATOR_inst_0/DMA_INITIATOR_0/MstConvertor_loop[0].mstrconv/rgsl/genblk3.rrs/holdDat[11]:CLK
  To:   FIC_0_PERIPHERALS_0/DMA_INITIATOR_inst_0/DMA_INITIATOR_0/MstConvertor_loop[0].mstrconv/rgsl/genblk3.rrs/sDat[11]:D
  Delay (ns):              0.229
  Slack (ns):              0.077
  Arrival (ns):            3.876
  Required (ns):           3.799
  Operating Conditions: fast_hv_lt

Path 78
  From: FIC_0_PERIPHERALS_0/DMA_INITIATOR_inst_0/DMA_INITIATOR_0/MstConvertor_loop[0].mstrconv/mstrDWC/genblk1.MstUpConv/DWC_UpConv_preCalcAChannel_aw_inst/MASTER_AADDR_out[31]:CLK
  To:   FIC_0_PERIPHERALS_0/DMA_INITIATOR_inst_0/DMA_INITIATOR_0/MstConvertor_loop[0].mstrconv/mstrDWC/genblk1.MstUpConv/DWC_AWChan/SLAVE_AADDR[31]:D
  Delay (ns):              0.151
  Slack (ns):              0.077
  Arrival (ns):            3.823
  Required (ns):           3.746
  Operating Conditions: fast_hv_lt

Path 79
  From: FIC_0_PERIPHERALS_0/DMA_CONTROLLER_inst_0/DMA_CONTROLLER_0/U_AXI4INITIATORDMACtrl/ARADDRReg[21]:CLK
  To:   FIC_0_PERIPHERALS_0/DMA_INITIATOR_inst_0/DMA_INITIATOR_0/MstConvertor_loop[0].mstrconv/mstrDWC/genblk1.MstUpConv/DWC_UpConv_preCalcAChannel_ar_inst/MASTER_AADDR_out[21]:D
  Delay (ns):              0.151
  Slack (ns):              0.077
  Arrival (ns):            3.802
  Required (ns):           3.725
  Operating Conditions: fast_hv_lt

Path 80
  From: CLOCKS_AND_RESETS_0/RESET_FIC_3_CLK/CORERESET_0/dff_2[0]:CLK
  To:   CLOCKS_AND_RESETS_0/RESET_FIC_3_CLK/CORERESET_0/dff_3[0]:D
  Delay (ns):              0.151
  Slack (ns):              0.077
  Arrival (ns):            4.214
  Required (ns):           4.137
  Operating Conditions: fast_hv_lt

Path 81
  From: CLOCKS_AND_RESETS_0/RESET_FIC_0_CLK/CORERESET_0/dff_9[0]:CLK
  To:   CLOCKS_AND_RESETS_0/RESET_FIC_0_CLK/CORERESET_0/dff_10[0]:D
  Delay (ns):              0.151
  Slack (ns):              0.077
  Arrival (ns):            3.805
  Required (ns):           3.728
  Operating Conditions: fast_hv_lt

Path 82
  From: CLOCKS_AND_RESETS_0/RESET_FIC_0_CLK/CORERESET_0/dff_2[0]:CLK
  To:   CLOCKS_AND_RESETS_0/RESET_FIC_0_CLK/CORERESET_0/dff_3[0]:D
  Delay (ns):              0.151
  Slack (ns):              0.077
  Arrival (ns):            3.805
  Required (ns):           3.728
  Operating Conditions: fast_hv_lt

Path 83
  From: CLOCKS_AND_RESETS_0/RESET_FIC_0_CLK/CORERESET_0/dff_1[0]:CLK
  To:   CLOCKS_AND_RESETS_0/RESET_FIC_0_CLK/CORERESET_0/dff_2[0]:D
  Delay (ns):              0.151
  Slack (ns):              0.077
  Arrival (ns):            3.805
  Required (ns):           3.728
  Operating Conditions: fast_hv_lt

Path 84
  From: FIC_0_PERIPHERALS_0/security_core_0/sbox/y_hi_r1[0][1]:CLK
  To:   FIC_0_PERIPHERALS_0/security_core_0/sbox/y_hi_r2[0][1]:D
  Delay (ns):              0.152
  Slack (ns):              0.078
  Arrival (ns):            3.788
  Required (ns):           3.710
  Operating Conditions: fast_hv_lt

Path 85
  From: FIC_0_PERIPHERALS_0/security_core_0/rng/trivium_0/C[0][18]:CLK
  To:   FIC_0_PERIPHERALS_0/security_core_0/rng/trivium_0/C[1][18]:D
  Delay (ns):              0.154
  Slack (ns):              0.078
  Arrival (ns):            3.793
  Required (ns):           3.715
  Operating Conditions: fast_hv_lt

Path 86
  From: FIC_0_PERIPHERALS_0/security_core_0/rng/neoTRNG_0/entropy_cell_gen.1.neoTRNG_cell_inst/sreg_4[0]:CLK
  To:   FIC_0_PERIPHERALS_0/security_core_0/rng/neoTRNG_0/entropy_cell_gen.1.neoTRNG_cell_inst/sreg_5[0]:D
  Delay (ns):              0.152
  Slack (ns):              0.078
  Arrival (ns):            3.798
  Required (ns):           3.720
  Operating Conditions: fast_hv_lt

Path 87
  From: FIC_0_PERIPHERALS_0/security_core_0/rng/neoTRNG_0/entropy_cell_gen.0.neoTRNG_cell_inst/sync[0]:CLK
  To:   FIC_0_PERIPHERALS_0/security_core_0/rng/neoTRNG_0/entropy_cell_gen.0.neoTRNG_cell_inst/sync[1]:D
  Delay (ns):              0.152
  Slack (ns):              0.078
  Arrival (ns):            3.790
  Required (ns):           3.712
  Operating Conditions: fast_hv_lt

Path 88
  From: FIC_0_PERIPHERALS_0/security_core_0/hash_block_1[31]:CLK
  To:   FIC_0_PERIPHERALS_0/security_core_0/hash_block_2[31]:D
  Delay (ns):              0.155
  Slack (ns):              0.078
  Arrival (ns):            3.829
  Required (ns):           3.751
  Operating Conditions: fast_hv_lt

Path 89
  From: FIC_0_PERIPHERALS_0/security_core_0/hash_block_14[16]:CLK
  To:   FIC_0_PERIPHERALS_0/security_core_0/hash_block_15[16]:D
  Delay (ns):              0.152
  Slack (ns):              0.078
  Arrival (ns):            3.807
  Required (ns):           3.729
  Operating Conditions: fast_hv_lt

Path 90
  From: FIC_0_PERIPHERALS_0/security_core_0/hash_block_14[11]:CLK
  To:   FIC_0_PERIPHERALS_0/security_core_0/hash_block_15[11]:D
  Delay (ns):              0.155
  Slack (ns):              0.078
  Arrival (ns):            3.810
  Required (ns):           3.732
  Operating Conditions: fast_hv_lt

Path 91
  From: FIC_0_PERIPHERALS_0/security_core_0/hash_block_12[21]:CLK
  To:   FIC_0_PERIPHERALS_0/security_core_0/hash_block_13[21]:D
  Delay (ns):              0.155
  Slack (ns):              0.078
  Arrival (ns):            3.804
  Required (ns):           3.726
  Operating Conditions: fast_hv_lt

Path 92
  From: CLOCKS_AND_RESETS_0/RESET_FIC_0_CLK/CORERESET_0/dff_0[0]:CLK
  To:   CLOCKS_AND_RESETS_0/RESET_FIC_0_CLK/CORERESET_0/dff_1[0]:D
  Delay (ns):              0.152
  Slack (ns):              0.078
  Arrival (ns):            3.806
  Required (ns):           3.728
  Operating Conditions: fast_hv_lt

Path 93
  From: FIC_0_PERIPHERALS_0/security_core_0/hash_block_13[21]:CLK
  To:   FIC_0_PERIPHERALS_0/security_core_0/hash_core/buffer[437]:D
  Delay (ns):              0.155
  Slack (ns):              0.079
  Arrival (ns):            3.804
  Required (ns):           3.725
  Operating Conditions: fast_hv_lt

Path 94
  From: FIC_0_PERIPHERALS_0/security_core_0/hash_block_13[10]:CLK
  To:   FIC_0_PERIPHERALS_0/security_core_0/hash_block_14[10]:D
  Delay (ns):              0.156
  Slack (ns):              0.079
  Arrival (ns):            3.804
  Required (ns):           3.725
  Operating Conditions: fast_hv_lt

Path 95
  From: FIC_0_PERIPHERALS_0/security_core_0/hash_block_10[28]:CLK
  To:   FIC_0_PERIPHERALS_0/security_core_0/hash_block_11[28]:D
  Delay (ns):              0.153
  Slack (ns):              0.079
  Arrival (ns):            3.824
  Required (ns):           3.745
  Operating Conditions: fast_hv_lt

Path 96
  From: FIC_0_PERIPHERALS_0/FIC0_INITIATOR_inst_0/FIC0_INITIATOR_0/SlvConvertor_loop[0].slvcnv/slvdwc/genblk1.DownConverter_inst/readWidthConv/DWC_DownConv_preCalcCmdFifoWrCtrl_inst/sizeCnt_comb_pre_Z[4]:CLK
  To:   FIC_0_PERIPHERALS_0/FIC0_INITIATOR_inst_0/FIC0_INITIATOR_0/SlvConvertor_loop[0].slvcnv/slvdwc/genblk1.DownConverter_inst/readWidthConv/rdCmdFifoWriteCtrl/sizeCnt_reg[4]:D
  Delay (ns):              0.153
  Slack (ns):              0.079
  Arrival (ns):            3.823
  Required (ns):           3.744
  Operating Conditions: fast_hv_lt

Path 97
  From: FIC_0_PERIPHERALS_0/DMA_INITIATOR_inst_0/DMA_INITIATOR_0/SlvConvertor_loop[0].slvcnv/rgsl/genblk3.rrs/sDat[41]:CLK
  To:   FIC_0_PERIPHERALS_0/DMA_INITIATOR_inst_0/DMA_INITIATOR_0/MstConvertor_loop[0].mstrconv/rgsl/genblk3.rrs/holdDat[41]:D
  Delay (ns):              0.153
  Slack (ns):              0.079
  Arrival (ns):            3.817
  Required (ns):           3.738
  Operating Conditions: fast_hv_lt

Path 98
  From: FIC_0_PERIPHERALS_0/DMA_INITIATOR_inst_0/DMA_INITIATOR_0/MstConvertor_loop[0].mstrconv/mstrDWC/genblk1.MstUpConv/DWC_UpConv_preCalcAChannel_aw_inst/MASTER_AADDR_out[27]:CLK
  To:   FIC_0_PERIPHERALS_0/DMA_INITIATOR_inst_0/DMA_INITIATOR_0/MstConvertor_loop[0].mstrconv/mstrDWC/genblk1.MstUpConv/DWC_AWChan/SLAVE_AADDR[27]:D
  Delay (ns):              0.153
  Slack (ns):              0.079
  Arrival (ns):            3.825
  Required (ns):           3.746
  Operating Conditions: fast_hv_lt

Path 99
  From: FIC_0_PERIPHERALS_0/DMA_INITIATOR_inst_0/DMA_INITIATOR_0/MstConvertor_loop[0].mstrconv/mstrDWC/genblk1.MstUpConv/DWC_UpConv_preCalcAChannel_aw_inst/MASTER_AADDR_out[21]:CLK
  To:   FIC_0_PERIPHERALS_0/DMA_INITIATOR_inst_0/DMA_INITIATOR_0/MstConvertor_loop[0].mstrconv/mstrDWC/genblk1.MstUpConv/DWC_AWChan/SLAVE_AADDR[21]:D
  Delay (ns):              0.153
  Slack (ns):              0.079
  Arrival (ns):            3.825
  Required (ns):           3.746
  Operating Conditions: fast_hv_lt

Path 100
  From: CLOCKS_AND_RESETS_0/RESET_FIC_0_CLK/CORERESET_0/dff_3[0]:CLK
  To:   CLOCKS_AND_RESETS_0/RESET_FIC_0_CLK/CORERESET_0/dff_4[0]:D
  Delay (ns):              0.153
  Slack (ns):              0.079
  Arrival (ns):            3.807
  Required (ns):           3.728
  Operating Conditions: fast_hv_lt

