Timing Violation Report Min Delay Analysis

SmartTime Version 2025.2
Microchip Technology Inc. - Microchip Libero Software Release 2025.2 (Version 2025.2.0.14)
Date: Mon Mar 16 01:23:55 2026


Design: MPFS_DISCOVERY_KIT
Family: PolarFireSoC
Die: MPFS095T
Package: FCSG325
Temperature Range: 0 - 100 C
Voltage Range: 0.97 - 1.03 V
Speed Grade: -1
Design State: Post-Layout
Data source: Production
Multi Corner Report Operating Conditions: slow_lv_lt,fast_hv_lt,slow_lv_ht


Path 1
  From: FIC_0_PERIPHERALS_0/security_core_0/rng/trivium_0/C[0][20]:CLK
  To:   FIC_0_PERIPHERALS_0/security_core_0/rng/trivium_0/C[1][20]:D
  Delay (ns):              0.315
  Slack (ns):              0.058
  Arrival (ns):            5.544
  Required (ns):           5.486
  Operating Conditions: slow_lv_lt

Path 2
  From: FIC_0_PERIPHERALS_0/DMA_INITIATOR_inst_0/DMA_INITIATOR_0/MstConvertor_loop[0].mstrconv/mstrDWC/genblk1.MstUpConv/DWC_RChan/genblk1.RChan_Ctrl/MASTER_RLAST:CLK
  To:   FIC_0_PERIPHERALS_0/DMA_INITIATOR_inst_0/DMA_INITIATOR_0/MstConvertor_loop[0].mstrconv/mstrDWC/genblk1.MstUpConv/DWC_RChan/genblk1.RChan_Ctrl/master_beat_cnt[7]:SLn
  Delay (ns):              0.274
  Slack (ns):              0.064
  Arrival (ns):            5.488
  Required (ns):           5.424
  Operating Conditions: slow_lv_lt

Path 3
  From: FIC_0_PERIPHERALS_0/security_core_0/sbox/y_hi_r1[0][0]:CLK
  To:   FIC_0_PERIPHERALS_0/security_core_0/sbox/y_hi_r2[0][0]:D
  Delay (ns):              0.144
  Slack (ns):              0.067
  Arrival (ns):            3.798
  Required (ns):           3.731
  Operating Conditions: fast_hv_lt

Path 4
  From: CLOCKS_AND_RESETS_0/RESET_FIC_3_CLK/CORERESET_0/dff_4[0]:CLK
  To:   CLOCKS_AND_RESETS_0/RESET_FIC_3_CLK/CORERESET_0/dff_5[0]:D
  Delay (ns):              0.144
  Slack (ns):              0.067
  Arrival (ns):            4.206
  Required (ns):           4.139
  Operating Conditions: fast_hv_lt

Path 5
  From: FIC_0_PERIPHERALS_0/DMA_INITIATOR_inst_0/DMA_INITIATOR_0/SlvConvertor_loop[0].slvcnv/rgsl/genblk5.brs/sDat[1]:CLK
  To:   FIC_0_PERIPHERALS_0/DMA_INITIATOR_inst_0/DMA_INITIATOR_0/MstConvertor_loop[0].mstrconv/rgsl/genblk5.brs/holdDat[1]:D
  Delay (ns):              0.145
  Slack (ns):              0.068
  Arrival (ns):            3.789
  Required (ns):           3.721
  Operating Conditions: fast_hv_lt

Path 6
  From: FIC_3_PERIPHERALS_0/PWM/corepwm_C0_0/genblk3.corepwm_reg_if/psh_period_reg[13]:CLK
  To:   FIC_3_PERIPHERALS_0/PWM/corepwm_C0_0/genblk3.corepwm_reg_if/period_reg_Z[13]:D
  Delay (ns):              0.219
  Slack (ns):              0.071
  Arrival (ns):            6.094
  Required (ns):           6.023
  Operating Conditions: slow_lv_lt

Path 7
  From: FIC_0_PERIPHERALS_0/security_core_0/rng/neoTRNG_0/entropy_cell_gen.2.neoTRNG_cell_inst/sync[0]:CLK
  To:   FIC_0_PERIPHERALS_0/security_core_0/rng/neoTRNG_0/entropy_cell_gen.2.neoTRNG_cell_inst/sync[1]:D
  Delay (ns):              0.148
  Slack (ns):              0.071
  Arrival (ns):            3.826
  Required (ns):           3.755
  Operating Conditions: fast_hv_lt

Path 8
  From: FIC_0_PERIPHERALS_0/DMA_INITIATOR_inst_0/DMA_INITIATOR_0/MstConvertor_loop[0].mstrconv/mstrDWC/genblk1.MstUpConv/DWC_UpConv_preCalcAChannel_ar_inst/MASTER_AADDR_out[16]:CLK
  To:   FIC_0_PERIPHERALS_0/DMA_INITIATOR_inst_0/DMA_INITIATOR_0/MstConvertor_loop[0].mstrconv/mstrDWC/genblk1.MstUpConv/DWC_ARChan/SLAVE_AADDR[16]:D
  Delay (ns):              0.220
  Slack (ns):              0.071
  Arrival (ns):            5.448
  Required (ns):           5.377
  Operating Conditions: slow_lv_lt

Path 9
  From: FIC_3_PERIPHERALS_0/CoreUARTapb_C0_0/CoreUARTapb_C0_0/uUART/make_RX/rx_shift[0]:CLK
  To:   FIC_3_PERIPHERALS_0/CoreUARTapb_C0_0/CoreUARTapb_C0_0/uUART/make_RX/rx_byte_Z[0]:D
  Delay (ns):              0.149
  Slack (ns):              0.072
  Arrival (ns):            4.211
  Required (ns):           4.139
  Operating Conditions: fast_hv_lt

Path 10
  From: FIC_0_PERIPHERALS_0/FIC0_INITIATOR_inst_0/FIC0_INITIATOR_0/SlvConvertor_loop[0].slvcnv/slvdwc/genblk1.DownConverter_inst/writeWidthConv/caxi4interconnect_DWC_DownConv_Hold_Reg_Wr/DWC_DownConv_hold_data_out[0]:CLK
  To:   FIC_0_PERIPHERALS_0/FIC0_INITIATOR_inst_0/FIC0_INITIATOR_0/SlvConvertor_loop[0].slvcnv/slvdwc/genblk1.DownConverter_inst/writeWidthConv/widthConvwr/lastTx_reg:D
  Delay (ns):              0.149
  Slack (ns):              0.072
  Arrival (ns):            3.793
  Required (ns):           3.721
  Operating Conditions: fast_hv_lt

Path 11
  From: FIC_0_PERIPHERALS_0/DMA_INITIATOR_inst_0/DMA_INITIATOR_0/MstConvertor_loop[0].mstrconv/mstrDWC/genblk1.MstUpConv/DWC_UpConv_preCalcAChannel_ar_inst/MASTER_AADDR_out[13]:CLK
  To:   FIC_0_PERIPHERALS_0/DMA_INITIATOR_inst_0/DMA_INITIATOR_0/MstConvertor_loop[0].mstrconv/mstrDWC/genblk1.MstUpConv/DWC_ARChan/SLAVE_AADDR[13]:D
  Delay (ns):              0.150
  Slack (ns):              0.072
  Arrival (ns):            3.798
  Required (ns):           3.726
  Operating Conditions: fast_hv_lt

Path 12
  From: FIC_0_PERIPHERALS_0/security_core_0/sbox/y_hi_r2[2][2]:CLK
  To:   FIC_0_PERIPHERALS_0/security_core_0/sbox/y_hi_r3[2][2]:D
  Delay (ns):              0.150
  Slack (ns):              0.073
  Arrival (ns):            3.804
  Required (ns):           3.731
  Operating Conditions: fast_hv_lt

Path 13
  From: FIC_0_PERIPHERALS_0/FIC0_INITIATOR_inst_0/FIC0_INITIATOR_0/SlvConvertor_loop[0].slvcnv/slvdwc/genblk1.DownConverter_inst/readWidthConv/DWC_DownConv_preCalcCmdFifoWrCtrl_inst/WrapLogLen_comb_pre[0]:CLK
  To:   FIC_0_PERIPHERALS_0/FIC0_INITIATOR_inst_0/FIC0_INITIATOR_0/SlvConvertor_loop[0].slvcnv/slvdwc/genblk1.DownConverter_inst/readWidthConv/rdCmdFifoWriteCtrl/WrapLogLen_reg[0]:D
  Delay (ns):              0.150
  Slack (ns):              0.073
  Arrival (ns):            3.783
  Required (ns):           3.710
  Operating Conditions: fast_hv_lt

Path 14
  From: FIC_0_PERIPHERALS_0/DMA_CONTROLLER_inst_0/DMA_CONTROLLER_0/U_AXI4INITIATORDMACtrl/ARADDRReg[25]:CLK
  To:   FIC_0_PERIPHERALS_0/DMA_INITIATOR_inst_0/DMA_INITIATOR_0/MstConvertor_loop[0].mstrconv/mstrDWC/genblk1.MstUpConv/DWC_UpConv_preCalcAChannel_ar_inst/MASTER_AADDR_out[25]:D
  Delay (ns):              0.150
  Slack (ns):              0.073
  Arrival (ns):            3.799
  Required (ns):           3.726
  Operating Conditions: fast_hv_lt

Path 15
  From: CLOCKS_AND_RESETS_0/RESET_FIC_3_CLK/CORERESET_0/dff_8[0]:CLK
  To:   CLOCKS_AND_RESETS_0/RESET_FIC_3_CLK/CORERESET_0/dff_9[0]:D
  Delay (ns):              0.222
  Slack (ns):              0.073
  Arrival (ns):            6.087
  Required (ns):           6.014
  Operating Conditions: slow_lv_lt

Path 16
  From: FIC_3_PERIPHERALS_0/SPI_FOR_7_SEG_0/SPI_FOR_7_SEG_0/USPI/UTXF/fifo_mem_q[0][0]:CLK
  To:   FIC_3_PERIPHERALS_0/SPI_FOR_7_SEG_0/SPI_FOR_7_SEG_0/USPI/UCC/mtx_datahold[0]:D
  Delay (ns):              0.151
  Slack (ns):              0.074
  Arrival (ns):            4.215
  Required (ns):           4.141
  Operating Conditions: fast_hv_lt

Path 17
  From: FIC_3_PERIPHERALS_0/CoreUARTapb_C0_0/CoreUARTapb_C0_0/uUART/make_RX/rx_shift[1]:CLK
  To:   FIC_3_PERIPHERALS_0/CoreUARTapb_C0_0/CoreUARTapb_C0_0/uUART/make_RX/rx_byte_Z[1]:D
  Delay (ns):              0.152
  Slack (ns):              0.075
  Arrival (ns):            4.214
  Required (ns):           4.139
  Operating Conditions: fast_hv_lt

Path 18
  From: FIC_0_PERIPHERALS_0/DMA_CONTROLLER_inst_0/DMA_CONTROLLER_0/U_AXI4INITIATORDMACtrl/ARADDRReg[27]:CLK
  To:   FIC_0_PERIPHERALS_0/DMA_INITIATOR_inst_0/DMA_INITIATOR_0/MstConvertor_loop[0].mstrconv/mstrDWC/genblk1.MstUpConv/DWC_UpConv_preCalcAChannel_ar_inst/MASTER_AADDR_out[27]:D
  Delay (ns):              0.149
  Slack (ns):              0.075
  Arrival (ns):            3.810
  Required (ns):           3.735
  Operating Conditions: fast_hv_lt

Path 19
  From: CLOCKS_AND_RESETS_0/RESET_FIC_3_CLK/CORERESET_0/dff_0[0]:CLK
  To:   CLOCKS_AND_RESETS_0/RESET_FIC_3_CLK/CORERESET_0/dff_1[0]:D
  Delay (ns):              0.152
  Slack (ns):              0.075
  Arrival (ns):            4.214
  Required (ns):           4.139
  Operating Conditions: fast_hv_lt

Path 20
  From: FIC_0_PERIPHERALS_0/security_core_0/rng/neoTRNG_0/entropy_cell_gen.2.neoTRNG_cell_inst/sreg_5[0]:CLK
  To:   FIC_0_PERIPHERALS_0/security_core_0/rng/neoTRNG_0/entropy_cell_gen.2.neoTRNG_cell_inst/sreg_6[0]:D
  Delay (ns):              0.150
  Slack (ns):              0.076
  Arrival (ns):            3.825
  Required (ns):           3.749
  Operating Conditions: fast_hv_lt

Path 21
  From: FIC_0_PERIPHERALS_0/FIC0_INITIATOR_inst_0/FIC0_INITIATOR_0/SlvConvertor_loop[1].slvcnv/rgsl/genblk4.wrs/sDat[31]:CLK
  To:   FIC_0_PERIPHERALS_0/MSS_LSRAM_inst_0/COREAXI4SRAM_0/genblk1.genblk1.U_MSS_LSRAM_COREAXI4SRAM_0_CoreAXI4SRAM_MAINCTRL/genblk1.wdata_sc_r[21]:D
  Delay (ns):              0.153
  Slack (ns):              0.076
  Arrival (ns):            3.797
  Required (ns):           3.721
  Operating Conditions: fast_hv_lt

Path 22
  From: FIC_0_PERIPHERALS_0/security_core_0/sbox/y_r[2][7]:CLK
  To:   FIC_0_PERIPHERALS_0/security_core_0/sbox/y_hi_r0[2][3]:D
  Delay (ns):              0.151
  Slack (ns):              0.077
  Arrival (ns):            3.805
  Required (ns):           3.728
  Operating Conditions: fast_hv_lt

Path 23
  From: FIC_0_PERIPHERALS_0/security_core_0/rng/trng_acc_0/seed_o_6[4]:CLK
  To:   FIC_0_PERIPHERALS_0/security_core_0/rng/trng_acc_0/seed_o_7[4]:D
  Delay (ns):              0.154
  Slack (ns):              0.077
  Arrival (ns):            3.808
  Required (ns):           3.731
  Operating Conditions: fast_hv_lt

Path 24
  From: FIC_0_PERIPHERALS_0/security_core_0/rng/trng_acc_0/seed_o_5[4]:CLK
  To:   FIC_0_PERIPHERALS_0/security_core_0/rng/trng_acc_0/seed_o_6[4]:D
  Delay (ns):              0.155
  Slack (ns):              0.077
  Arrival (ns):            3.808
  Required (ns):           3.731
  Operating Conditions: fast_hv_lt

Path 25
  From: FIC_0_PERIPHERALS_0/security_core_0/rng/trng_acc_0/seed_o_4[7]:CLK
  To:   FIC_0_PERIPHERALS_0/security_core_0/rng/trng_acc_0/seed_o_5[7]:D
  Delay (ns):              0.155
  Slack (ns):              0.077
  Arrival (ns):            3.828
  Required (ns):           3.751
  Operating Conditions: fast_hv_lt

Path 26
  From: FIC_0_PERIPHERALS_0/security_core_0/rng/trng_acc_0/seed_o_4[0]:CLK
  To:   FIC_0_PERIPHERALS_0/security_core_0/rng/trng_acc_0/seed_o_5[0]:D
  Delay (ns):              0.154
  Slack (ns):              0.077
  Arrival (ns):            3.807
  Required (ns):           3.730
  Operating Conditions: fast_hv_lt

Path 27
  From: FIC_0_PERIPHERALS_0/FIC0_INITIATOR_inst_0/FIC0_INITIATOR_0/SlvConvertor_loop[1].slvcnv/rgsl/genblk4.wrs/sDat[32]:CLK
  To:   FIC_0_PERIPHERALS_0/MSS_LSRAM_inst_0/COREAXI4SRAM_0/genblk1.genblk1.U_MSS_LSRAM_COREAXI4SRAM_0_CoreAXI4SRAM_MAINCTRL/genblk1.wdata_sc_r[22]:D
  Delay (ns):              0.154
  Slack (ns):              0.077
  Arrival (ns):            3.798
  Required (ns):           3.721
  Operating Conditions: fast_hv_lt

Path 28
  From: FIC_0_PERIPHERALS_0/FIC0_INITIATOR_inst_0/FIC0_INITIATOR_0/SlvConvertor_loop[0].slvcnv/slvdwc/genblk1.DownConverter_inst/readWidthConv/DWC_DownConv_preCalcCmdFifoWrCtrl_inst/sizeCnt_comb_pre_Z[0]:CLK
  To:   FIC_0_PERIPHERALS_0/FIC0_INITIATOR_inst_0/FIC0_INITIATOR_0/SlvConvertor_loop[0].slvcnv/slvdwc/genblk1.DownConverter_inst/readWidthConv/rdCmdFifoWriteCtrl/sizeCnt_reg[0]:D
  Delay (ns):              0.187
  Slack (ns):              0.077
  Arrival (ns):            3.840
  Required (ns):           3.763
  Operating Conditions: fast_hv_lt

Path 29
  From: FIC_0_PERIPHERALS_0/security_core_0/rng/trivium_0/C[0][3]:CLK
  To:   FIC_0_PERIPHERALS_0/security_core_0/rng/trivium_0/C[1][3]:D
  Delay (ns):              0.154
  Slack (ns):              0.078
  Arrival (ns):            3.805
  Required (ns):           3.727
  Operating Conditions: fast_hv_lt

Path 30
  From: FIC_0_PERIPHERALS_0/DMA_INITIATOR_inst_0/DMA_INITIATOR_0/MstConvertor_loop[0].mstrconv/mstrDWC/genblk1.MstUpConv/DWC_UpConv_preCalcAChannel_ar_inst/MASTER_AADDR_out[6]:CLK
  To:   FIC_0_PERIPHERALS_0/DMA_INITIATOR_inst_0/DMA_INITIATOR_0/MstConvertor_loop[0].mstrconv/mstrDWC/genblk1.MstUpConv/DWC_ARChan/SLAVE_AADDR[6]:D
  Delay (ns):              0.155
  Slack (ns):              0.078
  Arrival (ns):            3.804
  Required (ns):           3.726
  Operating Conditions: fast_hv_lt

Path 31
  From: CLOCKS_AND_RESETS_0/RESET_FIC_3_CLK/CORERESET_0/dff_5[0]:CLK
  To:   CLOCKS_AND_RESETS_0/RESET_FIC_3_CLK/CORERESET_0/dff_6[0]:D
  Delay (ns):              0.155
  Slack (ns):              0.078
  Arrival (ns):            4.217
  Required (ns):           4.139
  Operating Conditions: fast_hv_lt

Path 32
  From: CLOCKS_AND_RESETS_0/RESET_FIC_3_CLK/CORERESET_0/dff_1[0]:CLK
  To:   CLOCKS_AND_RESETS_0/RESET_FIC_3_CLK/CORERESET_0/dff_2[0]:D
  Delay (ns):              0.155
  Slack (ns):              0.078
  Arrival (ns):            4.217
  Required (ns):           4.139
  Operating Conditions: fast_hv_lt

Path 33
  From: FIC_3_PERIPHERALS_0/SPI_FOR_7_SEG_0/SPI_FOR_7_SEG_0/USPI/UCC/SYNC1_stxp_dataerr:CLK
  To:   FIC_3_PERIPHERALS_0/SPI_FOR_7_SEG_0/SPI_FOR_7_SEG_0/USPI/UCC/SYNC2_stxp_dataerr:D
  Delay (ns):              0.153
  Slack (ns):              0.079
  Arrival (ns):            4.230
  Required (ns):           4.151
  Operating Conditions: fast_hv_lt

Path 34
  From: FIC_3_PERIPHERALS_0/PWM/corepwm_C0_0/genblk3.corepwm_reg_if/psh_period_reg[14]:CLK
  To:   FIC_3_PERIPHERALS_0/PWM/corepwm_C0_0/genblk3.corepwm_reg_if/period_reg_Z[14]:D
  Delay (ns):              0.156
  Slack (ns):              0.079
  Arrival (ns):            4.235
  Required (ns):           4.156
  Operating Conditions: fast_hv_lt

Path 35
  From: FIC_3_PERIPHERALS_0/CoreUARTapb_C0_0/CoreUARTapb_C0_0/uUART/make_RX/rx_shift[1]:CLK
  To:   FIC_3_PERIPHERALS_0/CoreUARTapb_C0_0/CoreUARTapb_C0_0/uUART/make_RX/rx_shift[0]:D
  Delay (ns):              0.156
  Slack (ns):              0.079
  Arrival (ns):            4.218
  Required (ns):           4.139
  Operating Conditions: fast_hv_lt

Path 36
  From: FIC_0_PERIPHERALS_0/security_core_0/sbox/y_hi_r3[2][3]:CLK
  To:   FIC_0_PERIPHERALS_0/security_core_0/sbox/y_hi_r4[2][3]:D
  Delay (ns):              0.153
  Slack (ns):              0.079
  Arrival (ns):            3.801
  Required (ns):           3.722
  Operating Conditions: fast_hv_lt

Path 37
  From: FIC_0_PERIPHERALS_0/security_core_0/sbox/y_hi_r1[2][2]:CLK
  To:   FIC_0_PERIPHERALS_0/security_core_0/sbox/y_hi_r2[2][2]:D
  Delay (ns):              0.155
  Slack (ns):              0.079
  Arrival (ns):            3.810
  Required (ns):           3.731
  Operating Conditions: fast_hv_lt

Path 38
  From: FIC_0_PERIPHERALS_0/DMA_INITIATOR_inst_0/DMA_INITIATOR_0/MstConvertor_loop[0].mstrconv/mstrDWC/genblk1.MstUpConv/DWC_UpConv_preCalcAChannel_ar_inst/MASTER_AADDR_out[26]:CLK
  To:   FIC_0_PERIPHERALS_0/DMA_INITIATOR_inst_0/DMA_INITIATOR_0/MstConvertor_loop[0].mstrconv/mstrDWC/genblk1.MstUpConv/DWC_ARChan/SLAVE_AADDR[26]:D
  Delay (ns):              0.156
  Slack (ns):              0.079
  Arrival (ns):            3.805
  Required (ns):           3.726
  Operating Conditions: fast_hv_lt

Path 39
  From: FIC_0_PERIPHERALS_0/DMA_INITIATOR_inst_0/DMA_INITIATOR_0/MstConvertor_loop[0].mstrconv/mstrDWC/genblk1.MstUpConv/DWC_UpConv_preCalcAChannel_ar_inst/MASTER_AADDR_out[15]:CLK
  To:   FIC_0_PERIPHERALS_0/DMA_INITIATOR_inst_0/DMA_INITIATOR_0/MstConvertor_loop[0].mstrconv/mstrDWC/genblk1.MstUpConv/DWC_ARChan/SLAVE_AADDR[15]:D
  Delay (ns):              0.156
  Slack (ns):              0.079
  Arrival (ns):            3.805
  Required (ns):           3.726
  Operating Conditions: fast_hv_lt

Path 40
  From: CLOCKS_AND_RESETS_0/RESET_FIC_0_CLK/CORERESET_0/dff_2[0]:CLK
  To:   CLOCKS_AND_RESETS_0/RESET_FIC_0_CLK/CORERESET_0/dff_3[0]:D
  Delay (ns):              0.156
  Slack (ns):              0.079
  Arrival (ns):            3.816
  Required (ns):           3.737
  Operating Conditions: fast_hv_lt

Path 41
  From: FIC_3_PERIPHERALS_0/PWM/corepwm_C0_0/genblk3.corepwm_reg_if/psh_prescale_reg[3]:CLK
  To:   FIC_3_PERIPHERALS_0/PWM/corepwm_C0_0/genblk3.corepwm_reg_if/prescale_reg_Z[3]:D
  Delay (ns):              0.148
  Slack (ns):              0.080
  Arrival (ns):            4.200
  Required (ns):           4.120
  Operating Conditions: fast_hv_lt

Path 42
  From: FIC_0_PERIPHERALS_0/security_core_0/sbox/y_lo_r1[2][1]:CLK
  To:   FIC_0_PERIPHERALS_0/security_core_0/sbox/y_lo_r2[2][1]:D
  Delay (ns):              0.154
  Slack (ns):              0.080
  Arrival (ns):            3.804
  Required (ns):           3.724
  Operating Conditions: fast_hv_lt

Path 43
  From: FIC_0_PERIPHERALS_0/security_core_0/sbox/y_hi_r2[0][0]:CLK
  To:   FIC_0_PERIPHERALS_0/security_core_0/sbox/y_hi_r3[0][0]:D
  Delay (ns):              0.157
  Slack (ns):              0.080
  Arrival (ns):            3.811
  Required (ns):           3.731
  Operating Conditions: fast_hv_lt

Path 44
  From: FIC_0_PERIPHERALS_0/FIC0_INITIATOR_inst_0/FIC0_INITIATOR_0/SlvConvertor_loop[0].slvcnv/slvdwc/genblk1.DownConverter_inst/readWidthConv/DWC_DownConv_preCalcCmdFifoWrCtrl_inst/fixed_burst_pre:CLK
  To:   FIC_0_PERIPHERALS_0/FIC0_INITIATOR_inst_0/FIC0_INITIATOR_0/SlvConvertor_loop[0].slvcnv/slvdwc/genblk1.DownConverter_inst/readWidthConv/rdCmdFifoWriteCtrl/fixed_burst_reg:D
  Delay (ns):              0.154
  Slack (ns):              0.080
  Arrival (ns):            3.801
  Required (ns):           3.721
  Operating Conditions: fast_hv_lt

Path 45
  From: FIC_0_PERIPHERALS_0/DMA_INITIATOR_inst_0/DMA_INITIATOR_0/MstConvertor_loop[0].mstrconv/mstrDWC/genblk1.MstUpConv/DWC_UpConv_preCalcAChannel_aw_inst/MASTER_AADDR_out[12]:CLK
  To:   FIC_0_PERIPHERALS_0/DMA_INITIATOR_inst_0/DMA_INITIATOR_0/MstConvertor_loop[0].mstrconv/mstrDWC/genblk1.MstUpConv/DWC_AWChan/SLAVE_AADDR[12]:D
  Delay (ns):              0.154
  Slack (ns):              0.080
  Arrival (ns):            3.818
  Required (ns):           3.738
  Operating Conditions: fast_hv_lt

Path 46
  From: FIC_0_PERIPHERALS_0/DMA_INITIATOR_inst_0/DMA_INITIATOR_0/MstConvertor_loop[0].mstrconv/mstrDWC/genblk1.MstUpConv/DWC_UpConv_preCalcAChannel_aw_inst/MASTER_AADDR_out[10]:CLK
  To:   FIC_0_PERIPHERALS_0/DMA_INITIATOR_inst_0/DMA_INITIATOR_0/MstConvertor_loop[0].mstrconv/mstrDWC/genblk1.MstUpConv/DWC_AWChan/SLAVE_AADDR[10]:D
  Delay (ns):              0.148
  Slack (ns):              0.080
  Arrival (ns):            3.788
  Required (ns):           3.708
  Operating Conditions: fast_hv_lt

Path 47
  From: FIC_0_PERIPHERALS_0/DMA_INITIATOR_inst_0/DMA_INITIATOR_0/MstConvertor_loop[0].mstrconv/mstrDWC/genblk1.MstUpConv/DWC_UpConv_preCalcAChannel_ar_inst/MASTER_AADDR_out[19]:CLK
  To:   FIC_0_PERIPHERALS_0/DMA_INITIATOR_inst_0/DMA_INITIATOR_0/MstConvertor_loop[0].mstrconv/mstrDWC/genblk1.MstUpConv/DWC_ARChan/SLAVE_AADDR[19]:D
  Delay (ns):              0.157
  Slack (ns):              0.080
  Arrival (ns):            3.806
  Required (ns):           3.726
  Operating Conditions: fast_hv_lt

Path 48
  From: CLOCKS_AND_RESETS_0/RESET_FIC_0_CLK/CORERESET_0/dff_5[0]:CLK
  To:   CLOCKS_AND_RESETS_0/RESET_FIC_0_CLK/CORERESET_0/dff_6[0]:D
  Delay (ns):              0.157
  Slack (ns):              0.080
  Arrival (ns):            3.817
  Required (ns):           3.737
  Operating Conditions: fast_hv_lt

Path 49
  From: FIC_3_PERIPHERALS_0/CoreUARTapb_C0_0/CoreUARTapb_C0_0/uUART/make_RX/rx_shift[3]:CLK
  To:   FIC_3_PERIPHERALS_0/CoreUARTapb_C0_0/CoreUARTapb_C0_0/uUART/make_RX/rx_shift[2]:D
  Delay (ns):              0.158
  Slack (ns):              0.081
  Arrival (ns):            4.220
  Required (ns):           4.139
  Operating Conditions: fast_hv_lt

Path 50
  From: FIC_3_PERIPHERALS_0/CoreUARTapb_C0_0/CoreUARTapb_C0_0/uUART/make_RX/rx_shift[3]:CLK
  To:   FIC_3_PERIPHERALS_0/CoreUARTapb_C0_0/CoreUARTapb_C0_0/uUART/make_RX/rx_byte_Z[3]:D
  Delay (ns):              0.158
  Slack (ns):              0.081
  Arrival (ns):            4.220
  Required (ns):           4.139
  Operating Conditions: fast_hv_lt

Path 51
  From: FIC_0_PERIPHERALS_0/security_core_0/rng/trng_acc_0/seed_o_5[7]:CLK
  To:   FIC_0_PERIPHERALS_0/security_core_0/rng/trng_acc_0/seed_o_6[7]:D
  Delay (ns):              0.158
  Slack (ns):              0.081
  Arrival (ns):            3.832
  Required (ns):           3.751
  Operating Conditions: fast_hv_lt

Path 52
  From: FIC_0_PERIPHERALS_0/FIC0_INITIATOR_inst_0/FIC0_INITIATOR_0/MstConvertor_loop[0].mstrconv/rgsl/genblk2.arrs/sDat[18]:CLK
  To:   FIC_0_PERIPHERALS_0/FIC0_INITIATOR_inst_0/FIC0_INITIATOR_0/axicb/cb.arcon/trgmx/slaveABURST[0]:D
  Delay (ns):              0.155
  Slack (ns):              0.081
  Arrival (ns):            3.790
  Required (ns):           3.709
  Operating Conditions: fast_hv_lt

Path 53
  From: FIC_0_PERIPHERALS_0/DMA_INITIATOR_inst_0/DMA_INITIATOR_0/arst_aclk_sync/sysReset_f1:CLK
  To:   FIC_0_PERIPHERALS_0/DMA_INITIATOR_inst_0/DMA_INITIATOR_0/arst_aclk_sync/sysReset:D
  Delay (ns):              0.156
  Slack (ns):              0.081
  Arrival (ns):            3.799
  Required (ns):           3.718
  Operating Conditions: fast_hv_lt

Path 54
  From: FIC_0_PERIPHERALS_0/DMA_CONTROLLER_inst_0/DMA_CONTROLLER_0/U_AXI4INITIATORDMACtrl/AWADDRReg[22]:CLK
  To:   FIC_0_PERIPHERALS_0/DMA_INITIATOR_inst_0/DMA_INITIATOR_0/MstConvertor_loop[0].mstrconv/mstrDWC/genblk1.MstUpConv/DWC_UpConv_preCalcAChannel_aw_inst/MASTER_AADDR_out[22]:D
  Delay (ns):              0.155
  Slack (ns):              0.081
  Arrival (ns):            3.819
  Required (ns):           3.738
  Operating Conditions: fast_hv_lt

Path 55
  From: CLOCKS_AND_RESETS_0/RESET_FIC_3_CLK/CORERESET_0/dff_3[0]:CLK
  To:   CLOCKS_AND_RESETS_0/RESET_FIC_3_CLK/CORERESET_0/dff_4[0]:D
  Delay (ns):              0.158
  Slack (ns):              0.081
  Arrival (ns):            4.220
  Required (ns):           4.139
  Operating Conditions: fast_hv_lt

Path 56
  From: CLOCKS_AND_RESETS_0/RESET_FIC_0_CLK/CORERESET_0/dff_9[0]:CLK
  To:   CLOCKS_AND_RESETS_0/RESET_FIC_0_CLK/CORERESET_0/dff_10[0]:D
  Delay (ns):              0.158
  Slack (ns):              0.081
  Arrival (ns):            3.818
  Required (ns):           3.737
  Operating Conditions: fast_hv_lt

Path 57
  From: FIC_3_PERIPHERALS_0/PWM/corepwm_C0_0/genblk3.corepwm_reg_if/psh_prescale_reg[18]:CLK
  To:   FIC_3_PERIPHERALS_0/PWM/corepwm_C0_0/genblk3.corepwm_reg_if/prescale_reg_Z[18]:D
  Delay (ns):              0.159
  Slack (ns):              0.082
  Arrival (ns):            4.234
  Required (ns):           4.152
  Operating Conditions: fast_hv_lt

Path 58
  From: FIC_3_PERIPHERALS_0/CoreUARTapb_C0_0/CoreUARTapb_C0_0/uUART/make_RX/rx_shift[6]:CLK
  To:   FIC_3_PERIPHERALS_0/CoreUARTapb_C0_0/CoreUARTapb_C0_0/uUART/make_RX/rx_byte_Z[6]:D
  Delay (ns):              0.156
  Slack (ns):              0.082
  Arrival (ns):            4.211
  Required (ns):           4.129
  Operating Conditions: fast_hv_lt

Path 59
  From: FIC_0_PERIPHERALS_0/FIC0_INITIATOR_inst_0/FIC0_INITIATOR_0/SlvConvertor_loop[1].slvcnv/rgsl/genblk4.wrs/sDat[47]:CLK
  To:   FIC_0_PERIPHERALS_0/MSS_LSRAM_inst_0/COREAXI4SRAM_0/genblk1.genblk1.U_MSS_LSRAM_COREAXI4SRAM_0_CoreAXI4SRAM_MAINCTRL/genblk1.wdata_sc_r[37]:D
  Delay (ns):              0.150
  Slack (ns):              0.082
  Arrival (ns):            3.811
  Required (ns):           3.729
  Operating Conditions: fast_hv_lt

Path 60
  From: FIC_0_PERIPHERALS_0/FIC0_INITIATOR_inst_0/FIC0_INITIATOR_0/SlvConvertor_loop[0].slvcnv/slvdwc/genblk1.DownConverter_inst/readWidthConv/DWC_DownConv_preCalcCmdFifoWrCtrl_inst/sizeCnt_comb_pre_Z[2]:CLK
  To:   FIC_0_PERIPHERALS_0/FIC0_INITIATOR_inst_0/FIC0_INITIATOR_0/SlvConvertor_loop[0].slvcnv/slvdwc/genblk1.DownConverter_inst/readWidthConv/rdCmdFifoWriteCtrl/sizeCnt_reg[2]:D
  Delay (ns):              0.159
  Slack (ns):              0.082
  Arrival (ns):            3.815
  Required (ns):           3.733
  Operating Conditions: fast_hv_lt

Path 61
  From: FIC_0_PERIPHERALS_0/FIC0_INITIATOR_inst_0/FIC0_INITIATOR_0/MstConvertor_loop[0].mstrconv/rgsl/genblk1.awrs/sDat[20]:CLK
  To:   FIC_0_PERIPHERALS_0/FIC0_INITIATOR_inst_0/FIC0_INITIATOR_0/axicb/cb.awcon/trgmx/slaveASIZE[0]:D
  Delay (ns):              0.290
  Slack (ns):              0.082
  Arrival (ns):            5.534
  Required (ns):           5.452
  Operating Conditions: slow_lv_lt

Path 62
  From: CLOCKS_AND_RESETS_0/RESET_FIC_0_CLK/CORERESET_0/dff_3[0]:CLK
  To:   CLOCKS_AND_RESETS_0/RESET_FIC_0_CLK/CORERESET_0/dff_4[0]:D
  Delay (ns):              0.159
  Slack (ns):              0.082
  Arrival (ns):            3.819
  Required (ns):           3.737
  Operating Conditions: fast_hv_lt

Path 63
  From: FIC_0_PERIPHERALS_0/security_core_0/rng/trng_acc_0/seed_o_3[1]:CLK
  To:   FIC_0_PERIPHERALS_0/security_core_0/rng/trng_acc_0/seed_o_4[1]:D
  Delay (ns):              0.157
  Slack (ns):              0.083
  Arrival (ns):            3.815
  Required (ns):           3.732
  Operating Conditions: fast_hv_lt

Path 64
  From: FIC_0_PERIPHERALS_0/FIC0_INITIATOR_inst_0/FIC0_INITIATOR_0/axicb/cb.arcon/trgmx/slaveAID[5]:CLK
  To:   FIC_0_PERIPHERALS_0/FIC0_INITIATOR_inst_0/FIC0_INITIATOR_0/axicb/cb.derr/readID[5]:D
  Delay (ns):              0.157
  Slack (ns):              0.083
  Arrival (ns):            3.790
  Required (ns):           3.707
  Operating Conditions: fast_hv_lt

Path 65
  From: FIC_0_PERIPHERALS_0/DMA_INITIATOR_inst_0/DMA_INITIATOR_0/MstConvertor_loop[0].mstrconv/mstrDWC/genblk1.MstUpConv/DWC_UpConv_preCalcAChannel_aw_inst/MASTER_AADDR_out[4]:CLK
  To:   FIC_0_PERIPHERALS_0/DMA_INITIATOR_inst_0/DMA_INITIATOR_0/MstConvertor_loop[0].mstrconv/mstrDWC/genblk1.MstUpConv/DWC_AWChan/SLAVE_AADDR[4]:D
  Delay (ns):              0.157
  Slack (ns):              0.083
  Arrival (ns):            3.797
  Required (ns):           3.714
  Operating Conditions: fast_hv_lt

Path 66
  From: FIC_0_PERIPHERALS_0/DMA_INITIATOR_inst_0/DMA_INITIATOR_0/MstConvertor_loop[0].mstrconv/mstrDWC/genblk1.MstUpConv/DWC_ARChan/SLAVE_AADDR[28]:CLK
  To:   FIC_0_PERIPHERALS_0/DMA_INITIATOR_inst_0/DMA_INITIATOR_0/MstConvertor_loop[0].mstrconv/rgsl/genblk2.arrs/holdDat[59]:D
  Delay (ns):              0.158
  Slack (ns):              0.083
  Arrival (ns):            3.797
  Required (ns):           3.714
  Operating Conditions: fast_hv_lt

Path 67
  From: FIC_3_PERIPHERALS_0/PWM/corepwm_C0_0/genblk3.corepwm_reg_if/psh_period_reg[4]:CLK
  To:   FIC_3_PERIPHERALS_0/PWM/corepwm_C0_0/genblk3.corepwm_reg_if/period_reg_Z[4]:D
  Delay (ns):              0.161
  Slack (ns):              0.084
  Arrival (ns):            4.240
  Required (ns):           4.156
  Operating Conditions: fast_hv_lt

Path 68
  From: FIC_0_PERIPHERALS_0/security_core_0/sbox/y_lo_r0[2][0]:CLK
  To:   FIC_0_PERIPHERALS_0/security_core_0/sbox/y_lo_r1[2][0]:D
  Delay (ns):              0.161
  Slack (ns):              0.084
  Arrival (ns):            3.815
  Required (ns):           3.731
  Operating Conditions: fast_hv_lt

Path 69
  From: FIC_0_PERIPHERALS_0/security_core_0/rng/trng_acc_0/seed_o_4[5]:CLK
  To:   FIC_0_PERIPHERALS_0/security_core_0/rng/trng_acc_0/seed_o_5[5]:D
  Delay (ns):              0.161
  Slack (ns):              0.084
  Arrival (ns):            3.814
  Required (ns):           3.730
  Operating Conditions: fast_hv_lt

Path 70
  From: FIC_0_PERIPHERALS_0/security_core_0/rng/trng_acc_0/seed_o_2[0]:CLK
  To:   FIC_0_PERIPHERALS_0/security_core_0/rng/trng_acc_0/seed_o_3[0]:D
  Delay (ns):              0.152
  Slack (ns):              0.084
  Arrival (ns):            3.800
  Required (ns):           3.716
  Operating Conditions: fast_hv_lt

Path 71
  From: FIC_0_PERIPHERALS_0/security_core_0/rng/trivium_0/C[0][4]:CLK
  To:   FIC_0_PERIPHERALS_0/security_core_0/rng/trivium_0/C[1][4]:D
  Delay (ns):              0.158
  Slack (ns):              0.084
  Arrival (ns):            3.812
  Required (ns):           3.728
  Operating Conditions: fast_hv_lt

Path 72
  From: FIC_0_PERIPHERALS_0/security_core_0/rng/trivium_0/C[0][36]:CLK
  To:   FIC_0_PERIPHERALS_0/security_core_0/rng/trivium_0/C[1][36]:D
  Delay (ns):              0.158
  Slack (ns):              0.084
  Arrival (ns):            3.832
  Required (ns):           3.748
  Operating Conditions: fast_hv_lt

Path 73
  From: FIC_0_PERIPHERALS_0/security_core_0/rng/neoTRNG_0/entropy_cell_gen.1.neoTRNG_cell_inst/sync[0]:CLK
  To:   FIC_0_PERIPHERALS_0/security_core_0/rng/neoTRNG_0/entropy_cell_gen.1.neoTRNG_cell_inst/sync[1]:D
  Delay (ns):              0.161
  Slack (ns):              0.084
  Arrival (ns):            3.839
  Required (ns):           3.755
  Operating Conditions: fast_hv_lt

Path 74
  From: FIC_0_PERIPHERALS_0/FIC0_INITIATOR_inst_0/FIC0_INITIATOR_0/SlvConvertor_loop[0].slvcnv/slvdwc/genblk1.DownConverter_inst/readWidthConv/DWC_DownConv_preCalcCmdFifoWrCtrl_inst/WrapLogLen_comb_pre[1]:CLK
  To:   FIC_0_PERIPHERALS_0/FIC0_INITIATOR_inst_0/FIC0_INITIATOR_0/SlvConvertor_loop[0].slvcnv/slvdwc/genblk1.DownConverter_inst/readWidthConv/rdCmdFifoWriteCtrl/WrapLogLen_reg[1]:D
  Delay (ns):              0.160
  Slack (ns):              0.084
  Arrival (ns):            3.793
  Required (ns):           3.709
  Operating Conditions: fast_hv_lt

Path 75
  From: FIC_0_PERIPHERALS_0/FIC0_INITIATOR_inst_0/FIC0_INITIATOR_0/SlvConvertor_loop[0].slvcnv/slvdwc/genblk1.DownConverter_inst/readWidthConv/DWC_DownConv_preCalcCmdFifoWrCtrl_inst/MASTER_ASIZE_out[0]:CLK
  To:   FIC_0_PERIPHERALS_0/FIC0_INITIATOR_inst_0/FIC0_INITIATOR_0/SlvConvertor_loop[0].slvcnv/slvdwc/genblk1.DownConverter_inst/readWidthConv/rdCmdFifoWriteCtrl/MASTER_ASIZE_reg[0]:D
  Delay (ns):              0.161
  Slack (ns):              0.084
  Arrival (ns):            3.794
  Required (ns):           3.710
  Operating Conditions: fast_hv_lt

Path 76
  From: FIC_0_PERIPHERALS_0/FIC0_INITIATOR_inst_0/FIC0_INITIATOR_0/MstConvertor_loop[0].mstrconv/rgsl/genblk2.arrs/sDat[74]:CLK
  To:   FIC_0_PERIPHERALS_0/FIC0_INITIATOR_inst_0/FIC0_INITIATOR_0/axicb/cb.arcon/mstctrlBlk[0].mstctrl/trnscon/genblk3[3].openTransVec[3][11]:D
  Delay (ns):              0.158
  Slack (ns):              0.084
  Arrival (ns):            3.801
  Required (ns):           3.717
  Operating Conditions: fast_hv_lt

Path 77
  From: FIC_0_PERIPHERALS_0/FIC0_INITIATOR_inst_0/FIC0_INITIATOR_0/MstConvertor_loop[0].mstrconv/rgsl/genblk1.awrs/sDat[27]:CLK
  To:   FIC_0_PERIPHERALS_0/FIC0_INITIATOR_inst_0/FIC0_INITIATOR_0/axicb/cb.awcon/trgmx/slaveALEN[4]:D
  Delay (ns):              0.158
  Slack (ns):              0.084
  Arrival (ns):            3.797
  Required (ns):           3.713
  Operating Conditions: fast_hv_lt

Path 78
  From: FIC_0_PERIPHERALS_0/DMA_INITIATOR_inst_0/DMA_INITIATOR_0/MstConvertor_loop[0].mstrconv/mstrDWC/genblk1.MstUpConv/DWC_UpConv_preCalcAChannel_aw_inst/MASTER_AADDR_out[26]:CLK
  To:   FIC_0_PERIPHERALS_0/DMA_INITIATOR_inst_0/DMA_INITIATOR_0/MstConvertor_loop[0].mstrconv/mstrDWC/genblk1.MstUpConv/DWC_AWChan/SLAVE_AADDR[26]:D
  Delay (ns):              0.158
  Slack (ns):              0.084
  Arrival (ns):            3.794
  Required (ns):           3.710
  Operating Conditions: fast_hv_lt

Path 79
  From: FIC_0_PERIPHERALS_0/DMA_CONTROLLER_inst_0/DMA_CONTROLLER_0/U_AXI4INITIATORDMACtrl/ARADDRReg[12]:CLK
  To:   FIC_0_PERIPHERALS_0/DMA_INITIATOR_inst_0/DMA_INITIATOR_0/MstConvertor_loop[0].mstrconv/mstrDWC/genblk1.MstUpConv/DWC_UpConv_preCalcAChannel_ar_inst/MASTER_AADDR_out[12]:D
  Delay (ns):              0.158
  Slack (ns):              0.084
  Arrival (ns):            3.806
  Required (ns):           3.722
  Operating Conditions: fast_hv_lt

Path 80
  From: CLOCKS_AND_RESETS_0/RESET_FIC_3_CLK/CORERESET_0/dff_7[0]:CLK
  To:   CLOCKS_AND_RESETS_0/RESET_FIC_3_CLK/CORERESET_0/dff_8[0]:D
  Delay (ns):              0.161
  Slack (ns):              0.084
  Arrival (ns):            4.223
  Required (ns):           4.139
  Operating Conditions: fast_hv_lt

Path 81
  From: CLOCKS_AND_RESETS_0/RESET_FIC_0_CLK/CORERESET_0/dff_0[0]:CLK
  To:   CLOCKS_AND_RESETS_0/RESET_FIC_0_CLK/CORERESET_0/dff_1[0]:D
  Delay (ns):              0.161
  Slack (ns):              0.084
  Arrival (ns):            3.821
  Required (ns):           3.737
  Operating Conditions: fast_hv_lt

Path 82
  From: FIC_3_PERIPHERALS_0/SPI_FOR_7_SEG_0/SPI_FOR_7_SEG_0/USPI/UCC/SYNC2_msrxp_pktsel:CLK
  To:   FIC_3_PERIPHERALS_0/SPI_FOR_7_SEG_0/SPI_FOR_7_SEG_0/USPI/UCC/SYNC3_msrxp_pktsel:D
  Delay (ns):              0.162
  Slack (ns):              0.085
  Arrival (ns):            4.239
  Required (ns):           4.154
  Operating Conditions: fast_hv_lt

Path 83
  From: FIC_3_PERIPHERALS_0/PWM/corepwm_C0_0/genblk3.corepwm_reg_if/psh_period_reg[28]:CLK
  To:   FIC_3_PERIPHERALS_0/PWM/corepwm_C0_0/genblk3.corepwm_reg_if/period_reg_Z[28]:D
  Delay (ns):              0.159
  Slack (ns):              0.085
  Arrival (ns):            4.230
  Required (ns):           4.145
  Operating Conditions: fast_hv_lt

Path 84
  From: FIC_0_PERIPHERALS_0/security_core_0/sbox/t_r[0][0]:CLK
  To:   FIC_0_PERIPHERALS_0/security_core_0/sbox/t_lo_r0[0][0]:D
  Delay (ns):              0.162
  Slack (ns):              0.085
  Arrival (ns):            3.816
  Required (ns):           3.731
  Operating Conditions: fast_hv_lt

Path 85
  From: FIC_0_PERIPHERALS_0/security_core_0/sbox/t_lo_r0[1][1]:CLK
  To:   FIC_0_PERIPHERALS_0/security_core_0/sbox/t_lo_r1[1][1]:D
  Delay (ns):              0.161
  Slack (ns):              0.085
  Arrival (ns):            3.817
  Required (ns):           3.732
  Operating Conditions: fast_hv_lt

Path 86
  From: FIC_0_PERIPHERALS_0/security_core_0/rng/trng_acc_0/seed_o_1[2]:CLK
  To:   FIC_0_PERIPHERALS_0/security_core_0/rng/trng_acc_0/seed_o_2[2]:D
  Delay (ns):              0.152
  Slack (ns):              0.085
  Arrival (ns):            3.794
  Required (ns):           3.709
  Operating Conditions: fast_hv_lt

Path 87
  From: FIC_0_PERIPHERALS_0/FIC0_INITIATOR_inst_0/FIC0_INITIATOR_0/SlvConvertor_loop[1].slvcnv/rgsl/genblk4.wrs/sDat[51]:CLK
  To:   FIC_0_PERIPHERALS_0/MSS_LSRAM_inst_0/COREAXI4SRAM_0/genblk1.genblk1.U_MSS_LSRAM_COREAXI4SRAM_0_CoreAXI4SRAM_MAINCTRL/genblk1.wdata_sc_r[41]:D
  Delay (ns):              0.159
  Slack (ns):              0.085
  Arrival (ns):            3.799
  Required (ns):           3.714
  Operating Conditions: fast_hv_lt

Path 88
  From: FIC_0_PERIPHERALS_0/DMA_CONTROLLER_inst_0/DMA_CONTROLLER_0/U_AXI4INITIATORDMACtrl/dscrptrData_AXI4INITIATORCtrl_Z[14]:CLK
  To:   FIC_0_PERIPHERALS_0/DMA_CONTROLLER_inst_0/DMA_CONTROLLER_0/U_DMAController/extDscrptrFetchFSM_inst/dscrptrDataReg[14]:D
  Delay (ns):              0.231
  Slack (ns):              0.085
  Arrival (ns):            3.884
  Required (ns):           3.799
  Operating Conditions: fast_hv_lt

Path 89
  From: FIC_0_PERIPHERALS_0/DMA_CONTROLLER_inst_0/DMA_CONTROLLER_0/U_AXI4INITIATORDMACtrl/AWADDRReg[9]:CLK
  To:   FIC_0_PERIPHERALS_0/DMA_INITIATOR_inst_0/DMA_INITIATOR_0/MstConvertor_loop[0].mstrconv/mstrDWC/genblk1.MstUpConv/DWC_UpConv_preCalcAChannel_aw_inst/MASTER_AADDR_out[9]:D
  Delay (ns):              0.162
  Slack (ns):              0.085
  Arrival (ns):            3.822
  Required (ns):           3.737
  Operating Conditions: fast_hv_lt

Path 90
  From: FIC_0_PERIPHERALS_0/DMA_CONTROLLER_inst_0/DMA_CONTROLLER_0/U_AXI4INITIATORDMACtrl/AWADDRReg[30]:CLK
  To:   FIC_0_PERIPHERALS_0/DMA_INITIATOR_inst_0/DMA_INITIATOR_0/MstConvertor_loop[0].mstrconv/mstrDWC/genblk1.MstUpConv/DWC_UpConv_preCalcAChannel_aw_inst/MASTER_AADDR_out[30]:D
  Delay (ns):              0.161
  Slack (ns):              0.085
  Arrival (ns):            3.824
  Required (ns):           3.739
  Operating Conditions: fast_hv_lt

Path 91
  From: FIC_3_PERIPHERALS_0/PWM/corepwm_C0_0/genblk3.corepwm_reg_if/psh_period_reg[19]:CLK
  To:   FIC_3_PERIPHERALS_0/PWM/corepwm_C0_0/genblk3.corepwm_reg_if/period_reg_Z[19]:D
  Delay (ns):              0.160
  Slack (ns):              0.086
  Arrival (ns):            4.230
  Required (ns):           4.144
  Operating Conditions: fast_hv_lt

Path 92
  From: FIC_3_PERIPHERALS_0/CORE_I2C_C0_0_WRAPPER_1/COREI2C_C0_0/COREI2C_C0_0/I2C_NUM_GENERATION[0].ui2c/SDAI_ff_reg[2]:CLK
  To:   FIC_3_PERIPHERALS_0/CORE_I2C_C0_0_WRAPPER_1/COREI2C_C0_0/COREI2C_C0_0/I2C_NUM_GENERATION[0].ui2c/SDAInt:D
  Delay (ns):              0.162
  Slack (ns):              0.086
  Arrival (ns):            4.227
  Required (ns):           4.141
  Operating Conditions: fast_hv_lt

Path 93
  From: FIC_0_PERIPHERALS_0/security_core_0/rng/trng_acc_0/seed_o_3[5]:CLK
  To:   FIC_0_PERIPHERALS_0/security_core_0/rng/trng_acc_0/seed_o_4[5]:D
  Delay (ns):              0.163
  Slack (ns):              0.086
  Arrival (ns):            3.816
  Required (ns):           3.730
  Operating Conditions: fast_hv_lt

Path 94
  From: FIC_0_PERIPHERALS_0/FIC0_INITIATOR_inst_0/FIC0_INITIATOR_0/SlvConvertor_loop[1].slvcnv/rgsl/genblk4.wrs/sDat[45]:CLK
  To:   FIC_0_PERIPHERALS_0/MSS_LSRAM_inst_0/COREAXI4SRAM_0/genblk1.genblk1.U_MSS_LSRAM_COREAXI4SRAM_0_CoreAXI4SRAM_MAINCTRL/genblk1.wdata_sc_r[35]:D
  Delay (ns):              0.160
  Slack (ns):              0.086
  Arrival (ns):            3.807
  Required (ns):           3.721
  Operating Conditions: fast_hv_lt

Path 95
  From: FIC_0_PERIPHERALS_0/FIC0_INITIATOR_inst_0/FIC0_INITIATOR_0/SlvConvertor_loop[1].slvcnv/rgsl/genblk4.wrs/sDat[15]:CLK
  To:   FIC_0_PERIPHERALS_0/MSS_LSRAM_inst_0/COREAXI4SRAM_0/genblk1.genblk1.U_MSS_LSRAM_COREAXI4SRAM_0_CoreAXI4SRAM_MAINCTRL/genblk1.wdata_sc_r[5]:D
  Delay (ns):              0.163
  Slack (ns):              0.086
  Arrival (ns):            3.807
  Required (ns):           3.721
  Operating Conditions: fast_hv_lt

Path 96
  From: FIC_0_PERIPHERALS_0/FIC0_INITIATOR_inst_0/FIC0_INITIATOR_0/SlvConvertor_loop[1].slvcnv/rgsl/genblk1.awrs/sDat[19]:CLK
  To:   FIC_0_PERIPHERALS_0/MSS_LSRAM_inst_0/COREAXI4SRAM_0/U_MSS_LSRAM_COREAXI4SRAM_0_CoreAXI4SRAM_SLVIF/AWBURST_slvif_Z[1]:D
  Delay (ns):              0.160
  Slack (ns):              0.086
  Arrival (ns):            3.814
  Required (ns):           3.728
  Operating Conditions: fast_hv_lt

Path 97
  From: FIC_0_PERIPHERALS_0/DMA_INITIATOR_inst_0/DMA_INITIATOR_0/MstConvertor_loop[0].mstrconv/mstrDWC/genblk1.MstUpConv/DWC_ARChan/SLAVE_AADDR[25]:CLK
  To:   FIC_0_PERIPHERALS_0/DMA_INITIATOR_inst_0/DMA_INITIATOR_0/MstConvertor_loop[0].mstrconv/rgsl/genblk2.arrs/holdDat[56]:D
  Delay (ns):              0.163
  Slack (ns):              0.086
  Arrival (ns):            3.802
  Required (ns):           3.716
  Operating Conditions: fast_hv_lt

Path 98
  From: FIC_0_PERIPHERALS_0/DMA_CONTROLLER_inst_0/DMA_CONTROLLER_0/U_intController/genblk1.U_INT_0_QUEUE/reqForStaReg:CLK
  To:   FIC_0_PERIPHERALS_0/DMA_CONTROLLER_inst_0/DMA_CONTROLLER_0/U_intController/genblk1.U_INT_0_QUEUE/reqForStaReg_2:D
  Delay (ns):              0.159
  Slack (ns):              0.086
  Arrival (ns):            3.808
  Required (ns):           3.722
  Operating Conditions: fast_hv_lt

Path 99
  From: FIC_0_PERIPHERALS_0/DMA_CONTROLLER_inst_0/DMA_CONTROLLER_0/U_bufferDescriptors/currRdState[9]:CLK
  To:   FIC_0_PERIPHERALS_0/DMA_CONTROLLER_inst_0/DMA_CONTROLLER_0/U_bufferDescriptors/currRdState[13]:D
  Delay (ns):              0.163
  Slack (ns):              0.086
  Arrival (ns):            3.810
  Required (ns):           3.724
  Operating Conditions: fast_hv_lt

Path 100
  From: FIC_0_PERIPHERALS_0/DMA_CONTROLLER_inst_0/DMA_CONTROLLER_0/U_AXI4INITIATORDMACtrl/ARADDRReg[26]:CLK
  To:   FIC_0_PERIPHERALS_0/DMA_INITIATOR_inst_0/DMA_INITIATOR_0/MstConvertor_loop[0].mstrconv/mstrDWC/genblk1.MstUpConv/DWC_UpConv_preCalcAChannel_ar_inst/MASTER_AADDR_out[26]:D
  Delay (ns):              0.163
  Slack (ns):              0.086
  Arrival (ns):            3.812
  Required (ns):           3.726
  Operating Conditions: fast_hv_lt

