Timing Violation Report Min Delay Analysis

SmartTime Version 2025.2
Microchip Technology Inc. - Microchip Libero Software Release 2025.2 (Version 2025.2.0.14)
Date: Fri Feb 27 16:03:50 2026


Design: MPFS_DISCOVERY_KIT
Family: PolarFireSoC
Die: MPFS095T
Package: FCSG325
Temperature Range: 0 - 100 C
Voltage Range: 0.97 - 1.03 V
Speed Grade: -1
Design State: Post-Layout
Data source: Production
Multi Corner Report Operating Conditions: slow_lv_lt,fast_hv_lt,slow_lv_ht


Path 1
  From: FIC_0_PERIPHERALS_0/FIC0_INITIATOR_inst_0/FIC0_INITIATOR_0/SlvConvertor_loop[0].slvcnv/slvdwc/genblk1.DownConverter_inst/writeWidthConv/DWC_DownConv_preCalcCmdFifoWrCtrl_inst/mask_addr_pre_1[2]:CLK
  To:   FIC_0_PERIPHERALS_0/FIC0_INITIATOR_inst_0/FIC0_INITIATOR_0/SlvConvertor_loop[0].slvcnv/slvdwc/genblk1.DownConverter_inst/writeWidthConv/wrCmdFifoWriteCtrl/mask_addr_reg[2]:D
  Delay (ns):              0.283
  Slack (ns):              0.036
  Arrival (ns):            5.516
  Required (ns):           5.480
  Operating Conditions: slow_lv_lt

Path 2
  From: FIC_3_PERIPHERALS_0/SPI_FOR_7_SEG_0/SPI_FOR_7_SEG_0/USPI/UCC/clock_rx_q1:CLK
  To:   FIC_3_PERIPHERALS_0/SPI_FOR_7_SEG_0/SPI_FOR_7_SEG_0/USPI/UCC/clock_rx_q2:D
  Delay (ns):              0.143
  Slack (ns):              0.066
  Arrival (ns):            4.206
  Required (ns):           4.140
  Operating Conditions: fast_hv_lt

Path 3
  From: FIC_0_PERIPHERALS_0/DMA_CONTROLLER_inst_0/DMA_CONTROLLER_0/U_AXI4INITIATORDMACtrl/ARADDRReg[25]:CLK
  To:   FIC_0_PERIPHERALS_0/DMA_INITIATOR_inst_0/DMA_INITIATOR_0/MstConvertor_loop[0].mstrconv/mstrDWC/genblk1.MstUpConv/DWC_UpConv_preCalcAChannel_ar_inst/MASTER_AADDR_out[25]:D
  Delay (ns):              0.145
  Slack (ns):              0.068
  Arrival (ns):            3.807
  Required (ns):           3.739
  Operating Conditions: fast_hv_lt

Path 4
  From: FIC_3_PERIPHERALS_0/PWM/corepwm_C0_0/genblk3.corepwm_reg_if/psh_prescale_reg[25]:CLK
  To:   FIC_3_PERIPHERALS_0/PWM/corepwm_C0_0/genblk3.corepwm_reg_if/prescale_reg_Z[25]:D
  Delay (ns):              0.219
  Slack (ns):              0.070
  Arrival (ns):            6.078
  Required (ns):           6.008
  Operating Conditions: slow_lv_lt

Path 5
  From: FIC_0_PERIPHERALS_0/DMA_CONTROLLER_inst_0/DMA_CONTROLLER_0/U_AXI4INITIATORDMACtrl/AWADDRReg[24]:CLK
  To:   FIC_0_PERIPHERALS_0/DMA_INITIATOR_inst_0/DMA_INITIATOR_0/MstConvertor_loop[0].mstrconv/mstrDWC/genblk1.MstUpConv/DWC_UpConv_preCalcAChannel_aw_inst/MASTER_AADDR_out[24]:D
  Delay (ns):              0.147
  Slack (ns):              0.070
  Arrival (ns):            3.793
  Required (ns):           3.723
  Operating Conditions: fast_hv_lt

Path 6
  From: FIC_0_PERIPHERALS_0/security_core_0/rng/trivium_0/C[0][8]:CLK
  To:   FIC_0_PERIPHERALS_0/security_core_0/rng/trivium_0/C[1][8]:D
  Delay (ns):              0.148
  Slack (ns):              0.071
  Arrival (ns):            3.814
  Required (ns):           3.743
  Operating Conditions: fast_hv_lt

Path 7
  From: FIC_0_PERIPHERALS_0/security_core_0/key_reg[2][206]:CLK
  To:   FIC_0_PERIPHERALS_0/security_core_0/key_reg[2][238]:D
  Delay (ns):              0.148
  Slack (ns):              0.071
  Arrival (ns):            3.785
  Required (ns):           3.714
  Operating Conditions: fast_hv_lt

Path 8
  From: FIC_0_PERIPHERALS_0/security_core_0/key_reg[2][205]:CLK
  To:   FIC_0_PERIPHERALS_0/security_core_0/key_reg[2][237]:D
  Delay (ns):              0.148
  Slack (ns):              0.071
  Arrival (ns):            3.804
  Required (ns):           3.733
  Operating Conditions: fast_hv_lt

Path 9
  From: FIC_0_PERIPHERALS_0/security_core_0/key_reg[2][174]:CLK
  To:   FIC_0_PERIPHERALS_0/security_core_0/key_reg[2][206]:D
  Delay (ns):              0.148
  Slack (ns):              0.071
  Arrival (ns):            3.785
  Required (ns):           3.714
  Operating Conditions: fast_hv_lt

Path 10
  From: FIC_0_PERIPHERALS_0/DMA_INITIATOR_inst_0/DMA_INITIATOR_0/MstConvertor_loop[0].mstrconv/mstrDWC/genblk1.MstUpConv/DWC_UpConv_preCalcAChannel_aw_inst/MASTER_AADDR_out[17]:CLK
  To:   FIC_0_PERIPHERALS_0/DMA_INITIATOR_inst_0/DMA_INITIATOR_0/MstConvertor_loop[0].mstrconv/mstrDWC/genblk1.MstUpConv/DWC_AWChan/SLAVE_AADDR[17]:D
  Delay (ns):              0.148
  Slack (ns):              0.071
  Arrival (ns):            3.789
  Required (ns):           3.718
  Operating Conditions: fast_hv_lt

Path 11
  From: FIC_3_PERIPHERALS_0/PWM/corepwm_C0_0/genblk3.corepwm_reg_if/psh_prescale_reg[2]:CLK
  To:   FIC_3_PERIPHERALS_0/PWM/corepwm_C0_0/genblk3.corepwm_reg_if/prescale_reg_Z[2]:D
  Delay (ns):              0.221
  Slack (ns):              0.072
  Arrival (ns):            6.079
  Required (ns):           6.007
  Operating Conditions: slow_lv_lt

Path 12
  From: FIC_3_PERIPHERALS_0/CoreUARTapb_C0_0/CoreUARTapb_C0_0/uUART/make_RX/rx_shift[5]:CLK
  To:   FIC_3_PERIPHERALS_0/CoreUARTapb_C0_0/CoreUARTapb_C0_0/uUART/make_RX/rx_shift[4]:D
  Delay (ns):              0.149
  Slack (ns):              0.072
  Arrival (ns):            4.225
  Required (ns):           4.153
  Operating Conditions: fast_hv_lt

Path 13
  From: FIC_0_PERIPHERALS_0/FIC0_INITIATOR_inst_0/FIC0_INITIATOR_0/SlvConvertor_loop[1].slvcnv/rgsl/genblk4.wrs/sDat[65]:CLK
  To:   FIC_0_PERIPHERALS_0/MSS_LSRAM_inst_0/COREAXI4SRAM_0/genblk1.genblk1.U_MSS_LSRAM_COREAXI4SRAM_0_CoreAXI4SRAM_MAINCTRL/genblk1.wdata_sc_r[55]:D
  Delay (ns):              0.149
  Slack (ns):              0.072
  Arrival (ns):            3.788
  Required (ns):           3.716
  Operating Conditions: fast_hv_lt

Path 14
  From: FIC_0_PERIPHERALS_0/DMA_CONTROLLER_inst_0/DMA_CONTROLLER_0/U_AXI4INITIATORDMACtrl/ARADDRReg[14]:CLK
  To:   FIC_0_PERIPHERALS_0/DMA_INITIATOR_inst_0/DMA_INITIATOR_0/MstConvertor_loop[0].mstrconv/mstrDWC/genblk1.MstUpConv/DWC_UpConv_preCalcAChannel_ar_inst/MASTER_AADDR_out[14]:D
  Delay (ns):              0.149
  Slack (ns):              0.072
  Arrival (ns):            3.807
  Required (ns):           3.735
  Operating Conditions: fast_hv_lt

Path 15
  From: FIC_3_PERIPHERALS_0/PWM/corepwm_C0_0/genblk3.corepwm_reg_if/psh_prescale_reg[21]:CLK
  To:   FIC_3_PERIPHERALS_0/PWM/corepwm_C0_0/genblk3.corepwm_reg_if/prescale_reg_Z[21]:D
  Delay (ns):              0.150
  Slack (ns):              0.073
  Arrival (ns):            4.208
  Required (ns):           4.135
  Operating Conditions: fast_hv_lt

Path 16
  From: FIC_0_PERIPHERALS_0/security_core_0/key_reg[2][100]:CLK
  To:   FIC_0_PERIPHERALS_0/security_core_0/key_reg[2][132]:D
  Delay (ns):              0.150
  Slack (ns):              0.073
  Arrival (ns):            3.814
  Required (ns):           3.741
  Operating Conditions: fast_hv_lt

Path 17
  From: FIC_0_PERIPHERALS_0/security_core_0/sbox/y_hi_r1[2][1]:CLK
  To:   FIC_0_PERIPHERALS_0/security_core_0/sbox/y_hi_r2[2][1]:D
  Delay (ns):              0.151
  Slack (ns):              0.074
  Arrival (ns):            3.804
  Required (ns):           3.730
  Operating Conditions: fast_hv_lt

Path 18
  From: FIC_0_PERIPHERALS_0/FIC0_INITIATOR_inst_0/FIC0_INITIATOR_0/SlvConvertor_loop[0].slvcnv/slvdwc/genblk1.DownConverter_inst/readWidthConv/DWC_DownConv_preCalcCmdFifoWrCtrl_inst/sizeMax_pre_Z[4]:CLK
  To:   FIC_0_PERIPHERALS_0/FIC0_INITIATOR_inst_0/FIC0_INITIATOR_0/SlvConvertor_loop[0].slvcnv/slvdwc/genblk1.DownConverter_inst/readWidthConv/rdCmdFifoWriteCtrl/SizeMax_reg[4]:D
  Delay (ns):              0.151
  Slack (ns):              0.074
  Arrival (ns):            3.788
  Required (ns):           3.714
  Operating Conditions: fast_hv_lt

Path 19
  From: FIC_0_PERIPHERALS_0/DMA_INITIATOR_inst_0/DMA_INITIATOR_0/MstConvertor_loop[0].mstrconv/mstrDWC/genblk1.MstUpConv/DWC_ARChan/SLAVE_AADDR[29]:CLK
  To:   FIC_0_PERIPHERALS_0/DMA_INITIATOR_inst_0/DMA_INITIATOR_0/MstConvertor_loop[0].mstrconv/rgsl/genblk2.arrs/holdDat[60]:D
  Delay (ns):              0.151
  Slack (ns):              0.074
  Arrival (ns):            3.796
  Required (ns):           3.722
  Operating Conditions: fast_hv_lt

Path 20
  From: FIC_0_PERIPHERALS_0/DMA_INITIATOR_inst_0/DMA_INITIATOR_0/MstConvertor_loop[0].mstrconv/mstrDWC/genblk1.MstUpConv/DWC_ARChan/SLAVE_AADDR[21]:CLK
  To:   FIC_0_PERIPHERALS_0/DMA_INITIATOR_inst_0/DMA_INITIATOR_0/MstConvertor_loop[0].mstrconv/rgsl/genblk2.arrs/holdDat[52]:D
  Delay (ns):              0.151
  Slack (ns):              0.074
  Arrival (ns):            3.796
  Required (ns):           3.722
  Operating Conditions: fast_hv_lt

Path 21
  From: FIC_3_PERIPHERALS_0/PWM/corepwm_C0_0/genblk3.corepwm_reg_if/psh_period_reg[13]:CLK
  To:   FIC_3_PERIPHERALS_0/PWM/corepwm_C0_0/genblk3.corepwm_reg_if/period_reg_Z[13]:D
  Delay (ns):              0.149
  Slack (ns):              0.075
  Arrival (ns):            4.197
  Required (ns):           4.122
  Operating Conditions: fast_hv_lt

Path 22
  From: FIC_0_PERIPHERALS_0/security_core_0/key_reg[2][193]:CLK
  To:   FIC_0_PERIPHERALS_0/security_core_0/key_reg[2][225]:D
  Delay (ns):              0.152
  Slack (ns):              0.075
  Arrival (ns):            3.803
  Required (ns):           3.728
  Operating Conditions: fast_hv_lt

Path 23
  From: FIC_0_PERIPHERALS_0/FIC0_INITIATOR_inst_0/FIC0_INITIATOR_0/SlvConvertor_loop[2].slvcnv/slvdwc/genblk1.DownConverter_inst/writeWidthConv/DWC_DownConv_preCalcCmdFifoWrCtrl_inst/sizeMax_pre_Z[5]:CLK
  To:   FIC_0_PERIPHERALS_0/FIC0_INITIATOR_inst_0/FIC0_INITIATOR_0/SlvConvertor_loop[2].slvcnv/slvdwc/genblk1.DownConverter_inst/writeWidthConv/wrCmdFifoWriteCtrl/SizeMax_reg[5]:D
  Delay (ns):              0.152
  Slack (ns):              0.075
  Arrival (ns):            3.802
  Required (ns):           3.727
  Operating Conditions: fast_hv_lt

Path 24
  From: FIC_0_PERIPHERALS_0/FIC0_INITIATOR_inst_0/FIC0_INITIATOR_0/MstConvertor_loop[0].mstrconv/rgsl/genblk2.arrs/sDat[19]:CLK
  To:   FIC_0_PERIPHERALS_0/FIC0_INITIATOR_inst_0/FIC0_INITIATOR_0/axicb/cb.arcon/trgmx/slaveABURST[1]:D
  Delay (ns):              0.149
  Slack (ns):              0.075
  Arrival (ns):            3.777
  Required (ns):           3.702
  Operating Conditions: fast_hv_lt

Path 25
  From: FIC_0_PERIPHERALS_0/DMA_INITIATOR_inst_0/DMA_INITIATOR_0/MstConvertor_loop[0].mstrconv/mstrDWC/genblk1.MstUpConv/DWC_UpConv_preCalcAChannel_aw_inst/MASTER_AADDR_out[5]:CLK
  To:   FIC_0_PERIPHERALS_0/DMA_INITIATOR_inst_0/DMA_INITIATOR_0/MstConvertor_loop[0].mstrconv/mstrDWC/genblk1.MstUpConv/DWC_AWChan/SLAVE_AADDR[5]:D
  Delay (ns):              0.149
  Slack (ns):              0.075
  Arrival (ns):            3.789
  Required (ns):           3.714
  Operating Conditions: fast_hv_lt

Path 26
  From: FIC_0_PERIPHERALS_0/DMA_CONTROLLER_inst_0/DMA_CONTROLLER_0/U_AXI4INITIATORDMACtrl/ARADDRReg[17]:CLK
  To:   FIC_0_PERIPHERALS_0/DMA_INITIATOR_inst_0/DMA_INITIATOR_0/MstConvertor_loop[0].mstrconv/mstrDWC/genblk1.MstUpConv/DWC_UpConv_preCalcAChannel_ar_inst/MASTER_AADDR_out[17]:D
  Delay (ns):              0.149
  Slack (ns):              0.075
  Arrival (ns):            3.811
  Required (ns):           3.736
  Operating Conditions: fast_hv_lt

Path 27
  From: FIC_3_PERIPHERALS_0/PWM/corepwm_C0_0/genblk3.corepwm_reg_if/psh_prescale_reg[5]:CLK
  To:   FIC_3_PERIPHERALS_0/PWM/corepwm_C0_0/genblk3.corepwm_reg_if/prescale_reg_Z[5]:D
  Delay (ns):              0.150
  Slack (ns):              0.076
  Arrival (ns):            4.206
  Required (ns):           4.130
  Operating Conditions: fast_hv_lt

Path 28
  From: FIC_3_PERIPHERALS_0/PWM/corepwm_C0_0/genblk3.corepwm_reg_if/psh_prescale_reg[29]:CLK
  To:   FIC_3_PERIPHERALS_0/PWM/corepwm_C0_0/genblk3.corepwm_reg_if/prescale_reg_Z[29]:D
  Delay (ns):              0.150
  Slack (ns):              0.076
  Arrival (ns):            4.221
  Required (ns):           4.145
  Operating Conditions: fast_hv_lt

Path 29
  From: FIC_0_PERIPHERALS_0/security_core_0/key_reg[2][102]:CLK
  To:   FIC_0_PERIPHERALS_0/security_core_0/key_reg[2][134]:D
  Delay (ns):              0.153
  Slack (ns):              0.076
  Arrival (ns):            3.809
  Required (ns):           3.733
  Operating Conditions: fast_hv_lt

Path 30
  From: FIC_0_PERIPHERALS_0/FIC0_INITIATOR_inst_0/FIC0_INITIATOR_0/SlvConvertor_loop[1].slvcnv/rgsl/genblk4.wrs/sDat[40]:CLK
  To:   FIC_0_PERIPHERALS_0/MSS_LSRAM_inst_0/COREAXI4SRAM_0/genblk1.genblk1.U_MSS_LSRAM_COREAXI4SRAM_0_CoreAXI4SRAM_MAINCTRL/genblk1.wdata_sc_r[30]:D
  Delay (ns):              0.153
  Slack (ns):              0.076
  Arrival (ns):            3.798
  Required (ns):           3.722
  Operating Conditions: fast_hv_lt

Path 31
  From: FIC_0_PERIPHERALS_0/FIC0_INITIATOR_inst_0/FIC0_INITIATOR_0/SlvConvertor_loop[0].slvcnv/slvdwc/genblk1.DownConverter_inst/writeWidthConv/caxi4interconnect_DWC_DownConv_Hold_Reg_Wr/DWC_DownConv_hold_data_out[0]:CLK
  To:   FIC_0_PERIPHERALS_0/FIC0_INITIATOR_inst_0/FIC0_INITIATOR_0/SlvConvertor_loop[0].slvcnv/slvdwc/genblk1.DownConverter_inst/writeWidthConv/widthConvwr/lastTx_reg:D
  Delay (ns):              0.150
  Slack (ns):              0.076
  Arrival (ns):            3.802
  Required (ns):           3.726
  Operating Conditions: fast_hv_lt

Path 32
  From: FIC_0_PERIPHERALS_0/DMA_INITIATOR_inst_0/DMA_INITIATOR_0/MstConvertor_loop[0].mstrconv/mstrDWC/genblk1.MstUpConv/DWC_UpConv_preCalcAChannel_aw_inst/MASTER_AADDR_out[7]:CLK
  To:   FIC_0_PERIPHERALS_0/DMA_INITIATOR_inst_0/DMA_INITIATOR_0/MstConvertor_loop[0].mstrconv/mstrDWC/genblk1.MstUpConv/DWC_AWChan/SLAVE_AADDR[7]:D
  Delay (ns):              0.150
  Slack (ns):              0.076
  Arrival (ns):            3.790
  Required (ns):           3.714
  Operating Conditions: fast_hv_lt

Path 33
  From: CLOCKS_AND_RESETS_0/RESET_FIC_0_CLK/CORERESET_0/dff_6[0]:CLK
  To:   CLOCKS_AND_RESETS_0/RESET_FIC_0_CLK/CORERESET_0/dff_7[0]:D
  Delay (ns):              0.150
  Slack (ns):              0.076
  Arrival (ns):            3.803
  Required (ns):           3.727
  Operating Conditions: fast_hv_lt

Path 34
  From: FIC_3_PERIPHERALS_0/SPI_FOR_7_SEG_0/SPI_FOR_7_SEG_0/USPI/UCC/SYNC1_stxp_dataerr:CLK
  To:   FIC_3_PERIPHERALS_0/SPI_FOR_7_SEG_0/SPI_FOR_7_SEG_0/USPI/UCC/SYNC2_stxp_dataerr:D
  Delay (ns):              0.150
  Slack (ns):              0.077
  Arrival (ns):            4.195
  Required (ns):           4.118
  Operating Conditions: fast_hv_lt

Path 35
  From: FIC_0_PERIPHERALS_0/security_core_0/rng/trng_acc_0/seed_o_5[2]:CLK
  To:   FIC_0_PERIPHERALS_0/security_core_0/rng/trng_acc_0/seed_o_6[2]:D
  Delay (ns):              0.154
  Slack (ns):              0.077
  Arrival (ns):            3.809
  Required (ns):           3.732
  Operating Conditions: fast_hv_lt

Path 36
  From: FIC_0_PERIPHERALS_0/FIC0_INITIATOR_inst_0/FIC0_INITIATOR_0/SlvConvertor_loop[1].slvcnv/rgsl/genblk4.wrs/sDat[62]:CLK
  To:   FIC_0_PERIPHERALS_0/MSS_LSRAM_inst_0/COREAXI4SRAM_0/genblk1.genblk1.U_MSS_LSRAM_COREAXI4SRAM_0_CoreAXI4SRAM_MAINCTRL/genblk1.wdata_sc_r[52]:D
  Delay (ns):              0.154
  Slack (ns):              0.077
  Arrival (ns):            3.793
  Required (ns):           3.716
  Operating Conditions: fast_hv_lt

Path 37
  From: FIC_0_PERIPHERALS_0/FIC0_INITIATOR_inst_0/FIC0_INITIATOR_0/SlvConvertor_loop[0].slvcnv/slvdwc/genblk1.DownConverter_inst/readWidthConv/DWC_DownConv_preCalcCmdFifoWrCtrl_inst/sizeMax_pre_Z[5]:CLK
  To:   FIC_0_PERIPHERALS_0/FIC0_INITIATOR_inst_0/FIC0_INITIATOR_0/SlvConvertor_loop[0].slvcnv/slvdwc/genblk1.DownConverter_inst/readWidthConv/rdCmdFifoWriteCtrl/SizeMax_reg[5]:D
  Delay (ns):              0.154
  Slack (ns):              0.077
  Arrival (ns):            3.791
  Required (ns):           3.714
  Operating Conditions: fast_hv_lt

Path 38
  From: FIC_0_PERIPHERALS_0/DMA_INITIATOR_inst_0/DMA_INITIATOR_0/SlvConvertor_loop[0].slvcnv/rgsl/genblk3.rrs/sDat[23]:CLK
  To:   FIC_0_PERIPHERALS_0/DMA_INITIATOR_inst_0/DMA_INITIATOR_0/MstConvertor_loop[0].mstrconv/rgsl/genblk3.rrs/holdDat[23]:D
  Delay (ns):              0.155
  Slack (ns):              0.077
  Arrival (ns):            3.789
  Required (ns):           3.712
  Operating Conditions: fast_hv_lt

Path 39
  From: FIC_0_PERIPHERALS_0/DMA_INITIATOR_inst_0/DMA_INITIATOR_0/MstConvertor_loop[0].mstrconv/mstrDWC/genblk1.MstUpConv/DWC_UpConv_preCalcAChannel_aw_inst/MASTER_AADDR_out[16]:CLK
  To:   FIC_0_PERIPHERALS_0/DMA_INITIATOR_inst_0/DMA_INITIATOR_0/MstConvertor_loop[0].mstrconv/mstrDWC/genblk1.MstUpConv/DWC_AWChan/SLAVE_AADDR[16]:D
  Delay (ns):              0.151
  Slack (ns):              0.077
  Arrival (ns):            3.799
  Required (ns):           3.722
  Operating Conditions: fast_hv_lt

Path 40
  From: FIC_0_PERIPHERALS_0/security_core_0/sbox/y_lo_r2[2][2]:CLK
  To:   FIC_0_PERIPHERALS_0/security_core_0/sbox/y_lo_r3[2][2]:D
  Delay (ns):              0.151
  Slack (ns):              0.078
  Arrival (ns):            3.796
  Required (ns):           3.718
  Operating Conditions: fast_hv_lt

Path 41
  From: FIC_0_PERIPHERALS_0/security_core_0/rng/trng_acc_0/seed_o_5[4]:CLK
  To:   FIC_0_PERIPHERALS_0/security_core_0/rng/trng_acc_0/seed_o_6[4]:D
  Delay (ns):              0.155
  Slack (ns):              0.078
  Arrival (ns):            3.804
  Required (ns):           3.726
  Operating Conditions: fast_hv_lt

Path 42
  From: FIC_0_PERIPHERALS_0/security_core_0/rng/neoTRNG_0/entropy_cell_gen.1.neoTRNG_cell_inst/sreg_5[0]:CLK
  To:   FIC_0_PERIPHERALS_0/security_core_0/rng/neoTRNG_0/entropy_cell_gen.1.neoTRNG_cell_inst/sreg_6[0]:D
  Delay (ns):              0.152
  Slack (ns):              0.078
  Arrival (ns):            3.827
  Required (ns):           3.749
  Operating Conditions: fast_hv_lt

Path 43
  From: FIC_0_PERIPHERALS_0/security_core_0/rng/neoTRNG_0/entropy_cell_gen.1.neoTRNG_cell_inst/sreg_4[0]:CLK
  To:   FIC_0_PERIPHERALS_0/security_core_0/rng/neoTRNG_0/entropy_cell_gen.1.neoTRNG_cell_inst/sreg_5[0]:D
  Delay (ns):              0.152
  Slack (ns):              0.078
  Arrival (ns):            3.827
  Required (ns):           3.749
  Operating Conditions: fast_hv_lt

Path 44
  From: FIC_0_PERIPHERALS_0/security_core_0/key_reg[2][28]:CLK
  To:   FIC_0_PERIPHERALS_0/security_core_0/key_reg[2][60]:D
  Delay (ns):              0.146
  Slack (ns):              0.078
  Arrival (ns):            3.810
  Required (ns):           3.732
  Operating Conditions: fast_hv_lt

Path 45
  From: FIC_0_PERIPHERALS_0/DMA_CONTROLLER_inst_0/DMA_CONTROLLER_0/U_AXI4INITIATORDMACtrl/ARADDRReg[12]:CLK
  To:   FIC_0_PERIPHERALS_0/DMA_INITIATOR_inst_0/DMA_INITIATOR_0/MstConvertor_loop[0].mstrconv/mstrDWC/genblk1.MstUpConv/DWC_UpConv_preCalcAChannel_ar_inst/MASTER_AADDR_out[12]:D
  Delay (ns):              0.152
  Slack (ns):              0.078
  Arrival (ns):            3.794
  Required (ns):           3.716
  Operating Conditions: fast_hv_lt

Path 46
  From: FIC_3_PERIPHERALS_0/PWM/corepwm_C0_0/genblk3.corepwm_reg_if/psh_period_reg[26]:CLK
  To:   FIC_3_PERIPHERALS_0/PWM/corepwm_C0_0/genblk3.corepwm_reg_if/period_reg_Z[26]:D
  Delay (ns):              0.156
  Slack (ns):              0.079
  Arrival (ns):            4.214
  Required (ns):           4.135
  Operating Conditions: fast_hv_lt

Path 47
  From: FIC_3_PERIPHERALS_0/PWM/corepwm_C0_0/genblk3.corepwm_reg_if/psh_period_reg[19]:CLK
  To:   FIC_3_PERIPHERALS_0/PWM/corepwm_C0_0/genblk3.corepwm_reg_if/period_reg_Z[19]:D
  Delay (ns):              0.156
  Slack (ns):              0.079
  Arrival (ns):            4.214
  Required (ns):           4.135
  Operating Conditions: fast_hv_lt

Path 48
  From: FIC_0_PERIPHERALS_0/security_core_0/rng/trivium_0/C[0][16]:CLK
  To:   FIC_0_PERIPHERALS_0/security_core_0/rng/trivium_0/C[1][16]:D
  Delay (ns):              0.153
  Slack (ns):              0.079
  Arrival (ns):            3.796
  Required (ns):           3.717
  Operating Conditions: fast_hv_lt

Path 49
  From: FIC_0_PERIPHERALS_0/security_core_0/key_reg[2][187]:CLK
  To:   FIC_0_PERIPHERALS_0/security_core_0/key_reg[2][219]:D
  Delay (ns):              0.146
  Slack (ns):              0.079
  Arrival (ns):            3.790
  Required (ns):           3.711
  Operating Conditions: fast_hv_lt

Path 50
  From: FIC_0_PERIPHERALS_0/FIC0_INITIATOR_inst_0/FIC0_INITIATOR_0/SlvConvertor_loop[0].slvcnv/slvdwc/genblk1.DownConverter_inst/writeWidthConv/DWC_DownConv_preCalcCmdFifoWrCtrl_inst/MASTER_AID_out[5]:CLK
  To:   FIC_0_PERIPHERALS_0/FIC0_INITIATOR_inst_0/FIC0_INITIATOR_0/SlvConvertor_loop[0].slvcnv/slvdwc/genblk1.DownConverter_inst/writeWidthConv/wrCmdFifoWriteCtrl/MASTER_AID_reg[5]:D
  Delay (ns):              0.156
  Slack (ns):              0.079
  Arrival (ns):            3.820
  Required (ns):           3.741
  Operating Conditions: fast_hv_lt

Path 51
  From: FIC_0_PERIPHERALS_0/FIC0_INITIATOR_inst_0/FIC0_INITIATOR_0/SlvConvertor_loop[0].slvcnv/slvdwc/genblk1.DownConverter_inst/writeWidthConv/DWC_DownConv_preCalcCmdFifoWrCtrl_inst/MASTER_AID_out[2]:CLK
  To:   FIC_0_PERIPHERALS_0/FIC0_INITIATOR_inst_0/FIC0_INITIATOR_0/SlvConvertor_loop[0].slvcnv/slvdwc/genblk1.DownConverter_inst/writeWidthConv/wrCmdFifoWriteCtrl/MASTER_AID_reg[2]:D
  Delay (ns):              0.156
  Slack (ns):              0.079
  Arrival (ns):            3.820
  Required (ns):           3.741
  Operating Conditions: fast_hv_lt

Path 52
  From: FIC_0_PERIPHERALS_0/DMA_INITIATOR_inst_0/DMA_INITIATOR_0/SlvConvertor_loop[0].slvcnv/rgsl/genblk3.rrs/sDat[58]:CLK
  To:   FIC_0_PERIPHERALS_0/DMA_INITIATOR_inst_0/DMA_INITIATOR_0/MstConvertor_loop[0].mstrconv/rgsl/genblk3.rrs/holdDat[58]:D
  Delay (ns):              0.153
  Slack (ns):              0.079
  Arrival (ns):            3.799
  Required (ns):           3.720
  Operating Conditions: fast_hv_lt

Path 53
  From: FIC_0_PERIPHERALS_0/DMA_INITIATOR_inst_0/DMA_INITIATOR_0/MstConvertor_loop[0].mstrconv/mstrDWC/genblk1.MstUpConv/DWC_UpConv_preCalcAChannel_aw_inst/MASTER_AADDR_out[23]:CLK
  To:   FIC_0_PERIPHERALS_0/DMA_INITIATOR_inst_0/DMA_INITIATOR_0/MstConvertor_loop[0].mstrconv/mstrDWC/genblk1.MstUpConv/DWC_AWChan/SLAVE_AADDR[23]:D
  Delay (ns):              0.153
  Slack (ns):              0.079
  Arrival (ns):            3.790
  Required (ns):           3.711
  Operating Conditions: fast_hv_lt

Path 54
  From: FIC_0_PERIPHERALS_0/DMA_CONTROLLER_inst_0/DMA_CONTROLLER_0/U_AXI4INITIATORDMACtrl/ARADDRReg[22]:CLK
  To:   FIC_0_PERIPHERALS_0/DMA_INITIATOR_inst_0/DMA_INITIATOR_0/MstConvertor_loop[0].mstrconv/mstrDWC/genblk1.MstUpConv/DWC_UpConv_preCalcAChannel_ar_inst/MASTER_AADDR_out[22]:D
  Delay (ns):              0.153
  Slack (ns):              0.079
  Arrival (ns):            3.813
  Required (ns):           3.734
  Operating Conditions: fast_hv_lt

Path 55
  From: FIC_0_PERIPHERALS_0/DMA_CONTROLLER_inst_0/DMA_CONTROLLER_0/U_AXI4INITIATORDMACtrl/ARADDRReg[15]:CLK
  To:   FIC_0_PERIPHERALS_0/DMA_INITIATOR_inst_0/DMA_INITIATOR_0/MstConvertor_loop[0].mstrconv/mstrDWC/genblk1.MstUpConv/DWC_UpConv_preCalcAChannel_ar_inst/MASTER_AADDR_out[15]:D
  Delay (ns):              0.153
  Slack (ns):              0.079
  Arrival (ns):            3.815
  Required (ns):           3.736
  Operating Conditions: fast_hv_lt

Path 56
  From: FIC_0_PERIPHERALS_0/DMA_CONTROLLER_inst_0/DMA_CONTROLLER_0/U_AXI4INITIATORDMACtrl/ARADDRReg[11]:CLK
  To:   FIC_0_PERIPHERALS_0/DMA_INITIATOR_inst_0/DMA_INITIATOR_0/MstConvertor_loop[0].mstrconv/mstrDWC/genblk1.MstUpConv/DWC_UpConv_preCalcAChannel_ar_inst/MASTER_AADDR_out[11]:D
  Delay (ns):              0.156
  Slack (ns):              0.079
  Arrival (ns):            3.804
  Required (ns):           3.725
  Operating Conditions: fast_hv_lt

Path 57
  From: CLOCKS_AND_RESETS_0/RESET_FIC_3_CLK/CORERESET_0/dff_12[0]:CLK
  To:   CLOCKS_AND_RESETS_0/RESET_FIC_3_CLK/CORERESET_0/dff_13[0]:D
  Delay (ns):              0.156
  Slack (ns):              0.079
  Arrival (ns):            4.219
  Required (ns):           4.140
  Operating Conditions: fast_hv_lt

Path 58
  From: CLOCKS_AND_RESETS_0/RESET_FIC_0_CLK/CORERESET_0/dff_7[0]:CLK
  To:   CLOCKS_AND_RESETS_0/RESET_FIC_0_CLK/CORERESET_0/dff_8[0]:D
  Delay (ns):              0.153
  Slack (ns):              0.079
  Arrival (ns):            3.806
  Required (ns):           3.727
  Operating Conditions: fast_hv_lt

Path 59
  From: FIC_3_PERIPHERALS_0/PWM/corepwm_C0_0/genblk3.corepwm_reg_if/psh_prescale_reg[17]:CLK
  To:   FIC_3_PERIPHERALS_0/PWM/corepwm_C0_0/genblk3.corepwm_reg_if/prescale_reg_Z[17]:D
  Delay (ns):              0.157
  Slack (ns):              0.080
  Arrival (ns):            4.214
  Required (ns):           4.134
  Operating Conditions: fast_hv_lt

Path 60
  From: FIC_3_PERIPHERALS_0/PWM/corepwm_C0_0/genblk3.corepwm_reg_if/psh_period_reg[29]:CLK
  To:   FIC_3_PERIPHERALS_0/PWM/corepwm_C0_0/genblk3.corepwm_reg_if/period_reg_Z[29]:D
  Delay (ns):              0.154
  Slack (ns):              0.080
  Arrival (ns):            4.225
  Required (ns):           4.145
  Operating Conditions: fast_hv_lt

Path 61
  From: FIC_3_PERIPHERALS_0/CoreUARTapb_C0_0/CoreUARTapb_C0_0/uUART/make_RX/clear_parity_en:CLK
  To:   FIC_3_PERIPHERALS_0/CoreUARTapb_C0_0/CoreUARTapb_C0_0/uUART/clear_parity_reg0:D
  Delay (ns):              0.156
  Slack (ns):              0.080
  Arrival (ns):            4.230
  Required (ns):           4.150
  Operating Conditions: fast_hv_lt

Path 62
  From: FIC_0_PERIPHERALS_0/security_core_0/sbox/y_r[2][1]:CLK
  To:   FIC_0_PERIPHERALS_0/security_core_0/sbox/y_lo_r0[2][1]:D
  Delay (ns):              0.157
  Slack (ns):              0.080
  Arrival (ns):            3.810
  Required (ns):           3.730
  Operating Conditions: fast_hv_lt

Path 63
  From: FIC_0_PERIPHERALS_0/security_core_0/sbox/y_lo_r0[2][3]:CLK
  To:   FIC_0_PERIPHERALS_0/security_core_0/sbox/y_lo_r1[2][3]:D
  Delay (ns):              0.157
  Slack (ns):              0.080
  Arrival (ns):            3.810
  Required (ns):           3.730
  Operating Conditions: fast_hv_lt

Path 64
  From: FIC_0_PERIPHERALS_0/security_core_0/rng/trivium_0/z_Z[38]:CLK
  To:   FIC_0_PERIPHERALS_0/security_core_0/sbox/mul0/FF[5][2]:D
  Delay (ns):              0.148
  Slack (ns):              0.080
  Arrival (ns):            3.790
  Required (ns):           3.710
  Operating Conditions: fast_hv_lt

Path 65
  From: FIC_0_PERIPHERALS_0/security_core_0/key_reg[2][96]:CLK
  To:   FIC_0_PERIPHERALS_0/security_core_0/key_reg[2][128]:D
  Delay (ns):              0.154
  Slack (ns):              0.080
  Arrival (ns):            3.814
  Required (ns):           3.734
  Operating Conditions: fast_hv_lt

Path 66
  From: FIC_0_PERIPHERALS_0/security_core_0/key_reg[2][59]:CLK
  To:   FIC_0_PERIPHERALS_0/security_core_0/key_reg[2][91]:D
  Delay (ns):              0.147
  Slack (ns):              0.080
  Arrival (ns):            3.792
  Required (ns):           3.712
  Operating Conditions: fast_hv_lt

Path 67
  From: FIC_0_PERIPHERALS_0/security_core_0/key_reg[2][58]:CLK
  To:   FIC_0_PERIPHERALS_0/security_core_0/key_reg[2][90]:D
  Delay (ns):              0.155
  Slack (ns):              0.080
  Arrival (ns):            3.806
  Required (ns):           3.726
  Operating Conditions: fast_hv_lt

Path 68
  From: FIC_0_PERIPHERALS_0/security_core_0/key_reg[2][12]:CLK
  To:   FIC_0_PERIPHERALS_0/security_core_0/key_reg[2][44]:D
  Delay (ns):              0.154
  Slack (ns):              0.080
  Arrival (ns):            3.799
  Required (ns):           3.719
  Operating Conditions: fast_hv_lt

Path 69
  From: FIC_0_PERIPHERALS_0/FIC0_INITIATOR_inst_0/FIC0_INITIATOR_0/axicb/cb.arcon/trgmx/genblk4.destPort[1]:CLK
  To:   FIC_0_PERIPHERALS_0/FIC0_INITIATOR_inst_0/FIC0_INITIATOR_0/axicb/cb.rDCon/SD.rdcon/rdFif.rdFif/genblk1.DPFF/mem_SD.rdcon.rdFif.rdFif.genblk1.DPFF.mem_ram22_[1]:D
  Delay (ns):              0.158
  Slack (ns):              0.080
  Arrival (ns):            3.791
  Required (ns):           3.711
  Operating Conditions: fast_hv_lt

Path 70
  From: FIC_0_PERIPHERALS_0/FIC0_INITIATOR_inst_0/FIC0_INITIATOR_0/SlvConvertor_loop[1].slvcnv/rgsl/genblk4.wrs/sDat[71]:CLK
  To:   FIC_0_PERIPHERALS_0/MSS_LSRAM_inst_0/COREAXI4SRAM_0/genblk1.genblk1.U_MSS_LSRAM_COREAXI4SRAM_0_CoreAXI4SRAM_MAINCTRL/genblk1.wdata_sc_r[61]:D
  Delay (ns):              0.154
  Slack (ns):              0.080
  Arrival (ns):            3.794
  Required (ns):           3.714
  Operating Conditions: fast_hv_lt

Path 71
  From: FIC_0_PERIPHERALS_0/FIC0_INITIATOR_inst_0/FIC0_INITIATOR_0/SlvConvertor_loop[1].slvcnv/rgsl/genblk1.awrs/sDat[18]:CLK
  To:   FIC_0_PERIPHERALS_0/MSS_LSRAM_inst_0/COREAXI4SRAM_0/U_MSS_LSRAM_COREAXI4SRAM_0_CoreAXI4SRAM_SLVIF/AWBURST_slvif_Z[0]:D
  Delay (ns):              0.157
  Slack (ns):              0.080
  Arrival (ns):            3.802
  Required (ns):           3.722
  Operating Conditions: fast_hv_lt

Path 72
  From: FIC_0_PERIPHERALS_0/FIC0_INITIATOR_inst_0/FIC0_INITIATOR_0/MstConvertor_loop[0].mstrconv/rgsl/genblk2.arrs/sDat[20]:CLK
  To:   FIC_0_PERIPHERALS_0/FIC0_INITIATOR_inst_0/FIC0_INITIATOR_0/axicb/cb.arcon/trgmx/slaveASIZE[0]:D
  Delay (ns):              0.148
  Slack (ns):              0.080
  Arrival (ns):            3.792
  Required (ns):           3.712
  Operating Conditions: fast_hv_lt

Path 73
  From: FIC_0_PERIPHERALS_0/DMA_INITIATOR_inst_0/DMA_INITIATOR_0/MstConvertor_loop[0].mstrconv/mstrDWC/genblk1.MstUpConv/DWC_UpConv_preCalcAChannel_aw_inst/MASTER_AADDR_out[9]:CLK
  To:   FIC_0_PERIPHERALS_0/DMA_INITIATOR_inst_0/DMA_INITIATOR_0/MstConvertor_loop[0].mstrconv/mstrDWC/genblk1.MstUpConv/DWC_AWChan/SLAVE_AADDR[9]:D
  Delay (ns):              0.148
  Slack (ns):              0.080
  Arrival (ns):            3.788
  Required (ns):           3.708
  Operating Conditions: fast_hv_lt

Path 74
  From: FIC_3_PERIPHERALS_0/SPI_FOR_7_SEG_0/SPI_FOR_7_SEG_0/USPI/UCC/SYNC1_msrxp_pktsel:CLK
  To:   FIC_3_PERIPHERALS_0/SPI_FOR_7_SEG_0/SPI_FOR_7_SEG_0/USPI/UCC/SYNC2_msrxp_pktsel:D
  Delay (ns):              0.158
  Slack (ns):              0.081
  Arrival (ns):            4.221
  Required (ns):           4.140
  Operating Conditions: fast_hv_lt

Path 75
  From: FIC_3_PERIPHERALS_0/CoreUARTapb_C0_0/CoreUARTapb_C0_0/uUART/make_RX/rx_shift[4]:CLK
  To:   FIC_3_PERIPHERALS_0/CoreUARTapb_C0_0/CoreUARTapb_C0_0/uUART/make_RX/rx_shift[3]:D
  Delay (ns):              0.159
  Slack (ns):              0.081
  Arrival (ns):            4.234
  Required (ns):           4.153
  Operating Conditions: fast_hv_lt

Path 76
  From: FIC_0_PERIPHERALS_0/security_core_0/rng/trng_acc_0/seed_o_2[3]:CLK
  To:   FIC_0_PERIPHERALS_0/security_core_0/rng/trng_acc_0/seed_o_3[3]:D
  Delay (ns):              0.155
  Slack (ns):              0.081
  Arrival (ns):            3.818
  Required (ns):           3.737
  Operating Conditions: fast_hv_lt

Path 77
  From: FIC_0_PERIPHERALS_0/security_core_0/key_reg[2][95]:CLK
  To:   FIC_0_PERIPHERALS_0/security_core_0/key_reg[2][127]:D
  Delay (ns):              0.155
  Slack (ns):              0.081
  Arrival (ns):            3.797
  Required (ns):           3.716
  Operating Conditions: fast_hv_lt

Path 78
  From: FIC_0_PERIPHERALS_0/security_core_0/key_reg[2][52]:CLK
  To:   FIC_0_PERIPHERALS_0/security_core_0/key_reg[2][84]:D
  Delay (ns):              0.154
  Slack (ns):              0.081
  Arrival (ns):            3.809
  Required (ns):           3.728
  Operating Conditions: fast_hv_lt

Path 79
  From: FIC_0_PERIPHERALS_0/security_core_0/key_reg[2][188]:CLK
  To:   FIC_0_PERIPHERALS_0/security_core_0/key_reg[2][220]:D
  Delay (ns):              0.155
  Slack (ns):              0.081
  Arrival (ns):            3.815
  Required (ns):           3.734
  Operating Conditions: fast_hv_lt

Path 80
  From: FIC_0_PERIPHERALS_0/security_core_0/key_reg[2][163]:CLK
  To:   FIC_0_PERIPHERALS_0/security_core_0/key_reg[2][195]:D
  Delay (ns):              0.154
  Slack (ns):              0.081
  Arrival (ns):            3.815
  Required (ns):           3.734
  Operating Conditions: fast_hv_lt

Path 81
  From: FIC_0_PERIPHERALS_0/FIC0_INITIATOR_inst_0/FIC0_INITIATOR_0/arst_aclk_sync/sysReset_f1:CLK
  To:   FIC_0_PERIPHERALS_0/FIC0_INITIATOR_inst_0/FIC0_INITIATOR_0/arst_aclk_sync/sysReset:D
  Delay (ns):              0.156
  Slack (ns):              0.081
  Arrival (ns):            3.814
  Required (ns):           3.733
  Operating Conditions: fast_hv_lt

Path 82
  From: FIC_0_PERIPHERALS_0/DMA_INITIATOR_inst_0/DMA_INITIATOR_0/MstConvertor_loop[0].mstrconv/mstrDWC/genblk1.MstUpConv/DWC_UpConv_preCalcAChannel_aw_inst/MASTER_AADDR_out[25]:CLK
  To:   FIC_0_PERIPHERALS_0/DMA_INITIATOR_inst_0/DMA_INITIATOR_0/MstConvertor_loop[0].mstrconv/mstrDWC/genblk1.MstUpConv/DWC_AWChan/SLAVE_AADDR[25]:D
  Delay (ns):              0.155
  Slack (ns):              0.081
  Arrival (ns):            3.803
  Required (ns):           3.722
  Operating Conditions: fast_hv_lt

Path 83
  From: FIC_0_PERIPHERALS_0/DMA_CONTROLLER_inst_0/DMA_CONTROLLER_0/U_AXI4INITIATORDMACtrl/ARADDRReg[20]:CLK
  To:   FIC_0_PERIPHERALS_0/DMA_INITIATOR_inst_0/DMA_INITIATOR_0/MstConvertor_loop[0].mstrconv/mstrDWC/genblk1.MstUpConv/DWC_UpConv_preCalcAChannel_ar_inst/MASTER_AADDR_out[20]:D
  Delay (ns):              0.158
  Slack (ns):              0.081
  Arrival (ns):            3.806
  Required (ns):           3.725
  Operating Conditions: fast_hv_lt

Path 84
  From: FIC_3_PERIPHERALS_0/CoreUARTapb_C0_0/CoreUARTapb_C0_0/uUART/make_RX/rx_shift[2]:CLK
  To:   FIC_3_PERIPHERALS_0/CoreUARTapb_C0_0/CoreUARTapb_C0_0/uUART/make_RX/rx_shift[1]:D
  Delay (ns):              0.159
  Slack (ns):              0.082
  Arrival (ns):            4.235
  Required (ns):           4.153
  Operating Conditions: fast_hv_lt

Path 85
  From: FIC_3_PERIPHERALS_0/CoreUARTapb_C0_0/CoreUARTapb_C0_0/uUART/make_RX/rx_shift[2]:CLK
  To:   FIC_3_PERIPHERALS_0/CoreUARTapb_C0_0/CoreUARTapb_C0_0/uUART/make_RX/rx_byte_Z[2]:D
  Delay (ns):              0.159
  Slack (ns):              0.082
  Arrival (ns):            4.235
  Required (ns):           4.153
  Operating Conditions: fast_hv_lt

Path 86
  From: FIC_0_PERIPHERALS_0/security_core_0/sbox/y_lo_r2[2][1]:CLK
  To:   FIC_0_PERIPHERALS_0/security_core_0/sbox/y_lo_r3[2][1]:D
  Delay (ns):              0.150
  Slack (ns):              0.082
  Arrival (ns):            3.806
  Required (ns):           3.724
  Operating Conditions: fast_hv_lt

Path 87
  From: FIC_0_PERIPHERALS_0/security_core_0/rng/trng_acc_0/seed_o_6[5]:CLK
  To:   FIC_0_PERIPHERALS_0/security_core_0/rng/trng_acc_0/seed_o_7[5]:D
  Delay (ns):              0.159
  Slack (ns):              0.082
  Arrival (ns):            3.816
  Required (ns):           3.734
  Operating Conditions: fast_hv_lt

Path 88
  From: FIC_0_PERIPHERALS_0/security_core_0/rng/trivium_0/C[0][9]:CLK
  To:   FIC_0_PERIPHERALS_0/security_core_0/rng/trivium_0/C[1][9]:D
  Delay (ns):              0.159
  Slack (ns):              0.082
  Arrival (ns):            3.819
  Required (ns):           3.737
  Operating Conditions: fast_hv_lt

Path 89
  From: FIC_0_PERIPHERALS_0/security_core_0/rng/trivium_0/C[0][5]:CLK
  To:   FIC_0_PERIPHERALS_0/security_core_0/rng/trivium_0/C[1][5]:D
  Delay (ns):              0.155
  Slack (ns):              0.082
  Arrival (ns):            3.819
  Required (ns):           3.737
  Operating Conditions: fast_hv_lt

Path 90
  From: FIC_0_PERIPHERALS_0/security_core_0/rng/neoTRNG_0/entropy_cell_gen.2.neoTRNG_cell_inst/sreg_4[0]:CLK
  To:   FIC_0_PERIPHERALS_0/security_core_0/rng/neoTRNG_0/entropy_cell_gen.2.neoTRNG_cell_inst/sreg_5[0]:D
  Delay (ns):              0.156
  Slack (ns):              0.082
  Arrival (ns):            3.831
  Required (ns):           3.749
  Operating Conditions: fast_hv_lt

Path 91
  From: FIC_0_PERIPHERALS_0/security_core_0/key_reg[2][198]:CLK
  To:   FIC_0_PERIPHERALS_0/security_core_0/key_reg[2][230]:D
  Delay (ns):              0.159
  Slack (ns):              0.082
  Arrival (ns):            3.815
  Required (ns):           3.733
  Operating Conditions: fast_hv_lt

Path 92
  From: FIC_0_PERIPHERALS_0/security_core_0/key_reg[2][135]:CLK
  To:   FIC_0_PERIPHERALS_0/security_core_0/key_reg[2][167]:D
  Delay (ns):              0.159
  Slack (ns):              0.082
  Arrival (ns):            3.801
  Required (ns):           3.719
  Operating Conditions: fast_hv_lt

Path 93
  From: FIC_0_PERIPHERALS_0/FIC0_INITIATOR_inst_0/FIC0_INITIATOR_0/SlvConvertor_loop[1].slvcnv/rgsl/genblk4.wrs/sDat[50]:CLK
  To:   FIC_0_PERIPHERALS_0/MSS_LSRAM_inst_0/COREAXI4SRAM_0/genblk1.genblk1.U_MSS_LSRAM_COREAXI4SRAM_0_CoreAXI4SRAM_MAINCTRL/genblk1.wdata_sc_r[40]:D
  Delay (ns):              0.159
  Slack (ns):              0.082
  Arrival (ns):            3.804
  Required (ns):           3.722
  Operating Conditions: fast_hv_lt

Path 94
  From: FIC_0_PERIPHERALS_0/FIC0_INITIATOR_inst_0/FIC0_INITIATOR_0/SlvConvertor_loop[1].slvcnv/rgsl/genblk4.wrs/sDat[46]:CLK
  To:   FIC_0_PERIPHERALS_0/MSS_LSRAM_inst_0/COREAXI4SRAM_0/genblk1.genblk1.U_MSS_LSRAM_COREAXI4SRAM_0_CoreAXI4SRAM_MAINCTRL/genblk1.wdata_sc_r[36]:D
  Delay (ns):              0.159
  Slack (ns):              0.082
  Arrival (ns):            3.798
  Required (ns):           3.716
  Operating Conditions: fast_hv_lt

Path 95
  From: FIC_0_PERIPHERALS_0/DMA_INITIATOR_inst_0/DMA_INITIATOR_0/SlvConvertor_loop[0].slvcnv/rgsl/genblk3.rrs/sDat[27]:CLK
  To:   FIC_0_PERIPHERALS_0/DMA_INITIATOR_inst_0/DMA_INITIATOR_0/MstConvertor_loop[0].mstrconv/rgsl/genblk3.rrs/holdDat[27]:D
  Delay (ns):              0.159
  Slack (ns):              0.082
  Arrival (ns):            3.794
  Required (ns):           3.712
  Operating Conditions: fast_hv_lt

Path 96
  From: FIC_0_PERIPHERALS_0/DMA_INITIATOR_inst_0/DMA_INITIATOR_0/MstConvertor_loop[0].mstrconv/mstrDWC/genblk1.MstUpConv/DWC_UpConv_preCalcAChannel_aw_inst/MASTER_AADDR_out[3]:CLK
  To:   FIC_0_PERIPHERALS_0/DMA_INITIATOR_inst_0/DMA_INITIATOR_0/MstConvertor_loop[0].mstrconv/mstrDWC/genblk1.MstUpConv/DWC_AWChan/SLAVE_AADDR[3]:D
  Delay (ns):              0.150
  Slack (ns):              0.082
  Arrival (ns):            3.790
  Required (ns):           3.708
  Operating Conditions: fast_hv_lt

Path 97
  From: FIC_0_PERIPHERALS_0/DMA_INITIATOR_inst_0/DMA_INITIATOR_0/MstConvertor_loop[0].mstrconv/mstrDWC/genblk1.MstUpConv/DWC_ARChan/SLAVE_AADDR[9]:CLK
  To:   FIC_0_PERIPHERALS_0/DMA_INITIATOR_inst_0/DMA_INITIATOR_0/MstConvertor_loop[0].mstrconv/rgsl/genblk2.arrs/holdDat[40]:D
  Delay (ns):              0.159
  Slack (ns):              0.082
  Arrival (ns):            3.803
  Required (ns):           3.721
  Operating Conditions: fast_hv_lt

Path 98
  From: FIC_0_PERIPHERALS_0/DMA_INITIATOR_inst_0/DMA_INITIATOR_0/MstConvertor_loop[0].mstrconv/mstrDWC/genblk1.MstUpConv/DWC_ARChan/SLAVE_AADDR[27]:CLK
  To:   FIC_0_PERIPHERALS_0/DMA_INITIATOR_inst_0/DMA_INITIATOR_0/MstConvertor_loop[0].mstrconv/rgsl/genblk2.arrs/holdDat[58]:D
  Delay (ns):              0.159
  Slack (ns):              0.082
  Arrival (ns):            3.804
  Required (ns):           3.722
  Operating Conditions: fast_hv_lt

Path 99
  From: FIC_0_PERIPHERALS_0/DMA_INITIATOR_inst_0/DMA_INITIATOR_0/MstConvertor_loop[0].mstrconv/mstrDWC/genblk1.MstUpConv/DWC_ARChan/SLAVE_AADDR[12]:CLK
  To:   FIC_0_PERIPHERALS_0/DMA_INITIATOR_inst_0/DMA_INITIATOR_0/MstConvertor_loop[0].mstrconv/rgsl/genblk2.arrs/holdDat[43]:D
  Delay (ns):              0.159
  Slack (ns):              0.082
  Arrival (ns):            3.805
  Required (ns):           3.723
  Operating Conditions: fast_hv_lt

Path 100
  From: FIC_0_PERIPHERALS_0/DMA_CONTROLLER_inst_0/DMA_CONTROLLER_0/U_AXI4INITIATORDMACtrl/AWADDRReg[26]:CLK
  To:   FIC_0_PERIPHERALS_0/DMA_INITIATOR_inst_0/DMA_INITIATOR_0/MstConvertor_loop[0].mstrconv/mstrDWC/genblk1.MstUpConv/DWC_UpConv_preCalcAChannel_aw_inst/MASTER_AADDR_out[26]:D
  Delay (ns):              0.159
  Slack (ns):              0.082
  Arrival (ns):            3.805
  Required (ns):           3.723
  Operating Conditions: fast_hv_lt

