Timing Violation Report Max Delay Analysis

SmartTime Version 2025.2
Microchip Technology Inc. - Microchip Libero Software Release 2025.2 (Version 2025.2.0.14)
Date: Sun Mar 22 23:10:10 2026


Design: MPFS_DISCOVERY_KIT
Family: PolarFireSoC
Die: MPFS095T
Package: FCSG325
Temperature Range: 0 - 100 C
Voltage Range: 0.97 - 1.03 V
Speed Grade: -1
Design State: Post-Layout
Data source: Production
Multi Corner Report Operating Conditions: slow_lv_lt,fast_hv_lt,slow_lv_ht


Path 1
  From: FIC_0_PERIPHERALS_0/security_core_0/hash_core/t_fast[2]:CLK
  To:   FIC_0_PERIPHERALS_0/security_core_0/hash_core/a[31]:D
  Delay (ns):              7.893
  Slack (ns):             -0.116
  Arrival (ns):           13.976
  Required (ns):          13.860
  Operating Conditions: slow_lv_ht

Path 2
  From: FIC_0_PERIPHERALS_0/security_core_0/hash_core/t_Z[5]:CLK
  To:   FIC_0_PERIPHERALS_0/security_core_0/hash_core/a[31]:D
  Delay (ns):              7.814
  Slack (ns):             -0.037
  Arrival (ns):           13.897
  Required (ns):          13.860
  Operating Conditions: slow_lv_ht

Path 3
  From: FIC_0_PERIPHERALS_0/security_core_0/hash_core/t_fast[1]:CLK
  To:   FIC_0_PERIPHERALS_0/security_core_0/hash_core/a[31]:D
  Delay (ns):              7.790
  Slack (ns):             -0.013
  Arrival (ns):           13.873
  Required (ns):          13.860
  Operating Conditions: slow_lv_ht

Path 4
  From: FIC_0_PERIPHERALS_0/security_core_0/hash_core/t_Z[5]:CLK
  To:   FIC_0_PERIPHERALS_0/security_core_0/hash_core/a[29]:D
  Delay (ns):              7.761
  Slack (ns):              0.012
  Arrival (ns):           13.844
  Required (ns):          13.856
  Operating Conditions: slow_lv_ht

Path 5
  From: FIC_0_PERIPHERALS_0/security_core_0/hash_core/t_Z[3]:CLK
  To:   FIC_0_PERIPHERALS_0/security_core_0/hash_core/a[31]:D
  Delay (ns):              7.782
  Slack (ns):              0.012
  Arrival (ns):           13.848
  Required (ns):          13.860
  Operating Conditions: slow_lv_ht

Path 6
  From: FIC_0_PERIPHERALS_0/security_core_0/hash_core/t_Z[5]:CLK
  To:   FIC_0_PERIPHERALS_0/security_core_0/hash_core/a[28]:D
  Delay (ns):              7.750
  Slack (ns):              0.027
  Arrival (ns):           13.833
  Required (ns):          13.860
  Operating Conditions: slow_lv_ht

Path 7
  From: FIC_0_PERIPHERALS_0/security_core_0/hash_core/t_fast[2]:CLK
  To:   FIC_0_PERIPHERALS_0/security_core_0/hash_core/a[30]:D
  Delay (ns):              7.730
  Slack (ns):              0.047
  Arrival (ns):           13.813
  Required (ns):          13.860
  Operating Conditions: slow_lv_ht

Path 8
  From: FIC_0_PERIPHERALS_0/security_core_0/hash_core/t_Z[5]:CLK
  To:   FIC_0_PERIPHERALS_0/security_core_0/hash_core/a[30]:D
  Delay (ns):              7.725
  Slack (ns):              0.052
  Arrival (ns):           13.808
  Required (ns):          13.860
  Operating Conditions: slow_lv_ht

Path 9
  From: FIC_0_PERIPHERALS_0/security_core_0/hash_core/t_Z[4]:CLK
  To:   FIC_0_PERIPHERALS_0/security_core_0/hash_core/a[31]:D
  Delay (ns):              7.717
  Slack (ns):              0.061
  Arrival (ns):           13.799
  Required (ns):          13.860
  Operating Conditions: slow_lv_ht

Path 10
  From: FIC_0_PERIPHERALS_0/security_core_0/hash_core/t_Z[3]:CLK
  To:   FIC_0_PERIPHERALS_0/security_core_0/hash_core/a[29]:D
  Delay (ns):              7.729
  Slack (ns):              0.061
  Arrival (ns):           13.795
  Required (ns):          13.856
  Operating Conditions: slow_lv_ht

Path 11
  From: FIC_0_PERIPHERALS_0/security_core_0/hash_core/t_fast[2]:CLK
  To:   FIC_0_PERIPHERALS_0/security_core_0/hash_core/a[29]:D
  Delay (ns):              7.698
  Slack (ns):              0.075
  Arrival (ns):           13.781
  Required (ns):          13.856
  Operating Conditions: slow_lv_ht

Path 12
  From: FIC_0_PERIPHERALS_0/security_core_0/hash_core/t_Z[3]:CLK
  To:   FIC_0_PERIPHERALS_0/security_core_0/hash_core/a[28]:D
  Delay (ns):              7.718
  Slack (ns):              0.076
  Arrival (ns):           13.784
  Required (ns):          13.860
  Operating Conditions: slow_lv_ht

Path 13
  From: FIC_0_PERIPHERALS_0/security_core_0/hash_core/t_Z[5]:CLK
  To:   FIC_0_PERIPHERALS_0/security_core_0/hash_core/a[26]:D
  Delay (ns):              7.680
  Slack (ns):              0.093
  Arrival (ns):           13.763
  Required (ns):          13.856
  Operating Conditions: slow_lv_ht

Path 14
  From: FIC_0_PERIPHERALS_0/security_core_0/hash_core/t_fast[1]:CLK
  To:   FIC_0_PERIPHERALS_0/security_core_0/hash_core/a[29]:D
  Delay (ns):              7.676
  Slack (ns):              0.097
  Arrival (ns):           13.759
  Required (ns):          13.856
  Operating Conditions: slow_lv_ht

Path 15
  From: FIC_0_PERIPHERALS_0/security_core_0/hash_core/t_Z[3]:CLK
  To:   FIC_0_PERIPHERALS_0/security_core_0/hash_core/a[30]:D
  Delay (ns):              7.693
  Slack (ns):              0.101
  Arrival (ns):           13.759
  Required (ns):          13.860
  Operating Conditions: slow_lv_ht

Path 16
  From: FIC_0_PERIPHERALS_0/security_core_0/hash_core/t_fast[2]:CLK
  To:   FIC_0_PERIPHERALS_0/security_core_0/hash_core/a[28]:D
  Delay (ns):              7.670
  Slack (ns):              0.107
  Arrival (ns):           13.753
  Required (ns):          13.860
  Operating Conditions: slow_lv_ht

Path 17
  From: FIC_0_PERIPHERALS_0/security_core_0/hash_core/t_fast[1]:CLK
  To:   FIC_0_PERIPHERALS_0/security_core_0/hash_core/a[28]:D
  Delay (ns):              7.665
  Slack (ns):              0.112
  Arrival (ns):           13.748
  Required (ns):          13.860
  Operating Conditions: slow_lv_ht

Path 18
  From: FIC_0_PERIPHERALS_0/security_core_0/hash_core/t_Z[5]:CLK
  To:   FIC_0_PERIPHERALS_0/security_core_0/hash_core/a[27]:D
  Delay (ns):              7.661
  Slack (ns):              0.112
  Arrival (ns):           13.744
  Required (ns):          13.856
  Operating Conditions: slow_lv_ht

Path 19
  From: FIC_0_PERIPHERALS_0/security_core_0/hash_core/t_fast[1]:CLK
  To:   FIC_0_PERIPHERALS_0/security_core_0/hash_core/a[30]:D
  Delay (ns):              7.640
  Slack (ns):              0.137
  Arrival (ns):           13.723
  Required (ns):          13.860
  Operating Conditions: slow_lv_ht

Path 20
  From: FIC_0_PERIPHERALS_0/security_core_0/hash_core/t_Z[3]:CLK
  To:   FIC_0_PERIPHERALS_0/security_core_0/hash_core/a[26]:D
  Delay (ns):              7.648
  Slack (ns):              0.142
  Arrival (ns):           13.714
  Required (ns):          13.856
  Operating Conditions: slow_lv_ht

Path 21
  From: FIC_0_PERIPHERALS_0/security_core_0/hash_core/t_Z[4]:CLK
  To:   FIC_0_PERIPHERALS_0/security_core_0/hash_core/a[29]:D
  Delay (ns):              7.621
  Slack (ns):              0.153
  Arrival (ns):           13.703
  Required (ns):          13.856
  Operating Conditions: slow_lv_ht

Path 22
  From: FIC_0_PERIPHERALS_0/security_core_0/hash_core/t_Z[3]:CLK
  To:   FIC_0_PERIPHERALS_0/security_core_0/hash_core/a[27]:D
  Delay (ns):              7.629
  Slack (ns):              0.161
  Arrival (ns):           13.695
  Required (ns):          13.856
  Operating Conditions: slow_lv_ht

Path 23
  From: FIC_0_PERIPHERALS_0/security_core_0/hash_core/t_Z[4]:CLK
  To:   FIC_0_PERIPHERALS_0/security_core_0/hash_core/a[28]:D
  Delay (ns):              7.610
  Slack (ns):              0.168
  Arrival (ns):           13.692
  Required (ns):          13.860
  Operating Conditions: slow_lv_ht

Path 24
  From: FIC_0_PERIPHERALS_0/security_core_0/hash_core/t_fast[2]:CLK
  To:   FIC_0_PERIPHERALS_0/security_core_0/hash_core/a[26]:D
  Delay (ns):              7.600
  Slack (ns):              0.173
  Arrival (ns):           13.683
  Required (ns):          13.856
  Operating Conditions: slow_lv_ht

Path 25
  From: FIC_0_PERIPHERALS_0/security_core_0/hash_core/t_fast[1]:CLK
  To:   FIC_0_PERIPHERALS_0/security_core_0/hash_core/a[26]:D
  Delay (ns):              7.595
  Slack (ns):              0.178
  Arrival (ns):           13.678
  Required (ns):          13.856
  Operating Conditions: slow_lv_ht

Path 26
  From: FIC_0_PERIPHERALS_0/security_core_0/hash_core/t_fast[2]:CLK
  To:   FIC_0_PERIPHERALS_0/security_core_0/hash_core/a[25]:D
  Delay (ns):              7.588
  Slack (ns):              0.185
  Arrival (ns):           13.671
  Required (ns):          13.856
  Operating Conditions: slow_lv_ht

Path 27
  From: FIC_0_PERIPHERALS_0/security_core_0/hash_core/t_fast[2]:CLK
  To:   FIC_0_PERIPHERALS_0/security_core_0/hash_core/a[27]:D
  Delay (ns):              7.581
  Slack (ns):              0.192
  Arrival (ns):           13.664
  Required (ns):          13.856
  Operating Conditions: slow_lv_ht

Path 28
  From: FIC_0_PERIPHERALS_0/security_core_0/hash_core/t_Z[4]:CLK
  To:   FIC_0_PERIPHERALS_0/security_core_0/hash_core/a[30]:D
  Delay (ns):              7.585
  Slack (ns):              0.193
  Arrival (ns):           13.667
  Required (ns):          13.860
  Operating Conditions: slow_lv_ht

Path 29
  From: FIC_0_PERIPHERALS_0/security_core_0/hash_core/t_fast[1]:CLK
  To:   FIC_0_PERIPHERALS_0/security_core_0/hash_core/a[27]:D
  Delay (ns):              7.576
  Slack (ns):              0.197
  Arrival (ns):           13.659
  Required (ns):          13.856
  Operating Conditions: slow_lv_ht

Path 30
  From: FIC_0_PERIPHERALS_0/security_core_0/hash_core/t_fast[2]:CLK
  To:   FIC_0_PERIPHERALS_0/security_core_0/hash_core/a[22]:D
  Delay (ns):              7.571
  Slack (ns):              0.203
  Arrival (ns):           13.654
  Required (ns):          13.857
  Operating Conditions: slow_lv_ht

Path 31
  From: FIC_0_PERIPHERALS_0/security_core_0/hash_core/t_fast[2]:CLK
  To:   FIC_0_PERIPHERALS_0/security_core_0/hash_core/a[23]:D
  Delay (ns):              7.563
  Slack (ns):              0.211
  Arrival (ns):           13.646
  Required (ns):          13.857
  Operating Conditions: slow_lv_ht

Path 32
  From: FIC_0_PERIPHERALS_0/security_core_0/hash_core/t_Z[4]:CLK
  To:   FIC_0_PERIPHERALS_0/security_core_0/hash_core/a[26]:D
  Delay (ns):              7.540
  Slack (ns):              0.234
  Arrival (ns):           13.622
  Required (ns):          13.856
  Operating Conditions: slow_lv_ht

Path 33
  From: FIC_0_PERIPHERALS_0/security_core_0/hash_core/t_Z[4]:CLK
  To:   FIC_0_PERIPHERALS_0/security_core_0/hash_core/a[27]:D
  Delay (ns):              7.521
  Slack (ns):              0.253
  Arrival (ns):           13.603
  Required (ns):          13.856
  Operating Conditions: slow_lv_ht

Path 34
  From: FIC_0_PERIPHERALS_0/security_core_0/hash_core/t_fast[2]:CLK
  To:   FIC_0_PERIPHERALS_0/security_core_0/hash_core/a[24]:D
  Delay (ns):              7.515
  Slack (ns):              0.258
  Arrival (ns):           13.598
  Required (ns):          13.856
  Operating Conditions: slow_lv_ht

Path 35
  From: FIC_0_PERIPHERALS_0/security_core_0/hash_core/t_Z[5]:CLK
  To:   FIC_0_PERIPHERALS_0/security_core_0/hash_core/a[25]:D
  Delay (ns):              7.514
  Slack (ns):              0.259
  Arrival (ns):           13.597
  Required (ns):          13.856
  Operating Conditions: slow_lv_ht

Path 36
  From: FIC_0_PERIPHERALS_0/security_core_0/hash_core/t_Z[5]:CLK
  To:   FIC_0_PERIPHERALS_0/security_core_0/hash_core/a[22]:D
  Delay (ns):              7.490
  Slack (ns):              0.284
  Arrival (ns):           13.573
  Required (ns):          13.857
  Operating Conditions: slow_lv_ht

Path 37
  From: FIC_0_PERIPHERALS_0/security_core_0/hash_core/t_fast[1]:CLK
  To:   FIC_0_PERIPHERALS_0/security_core_0/hash_core/a[25]:D
  Delay (ns):              7.483
  Slack (ns):              0.290
  Arrival (ns):           13.566
  Required (ns):          13.856
  Operating Conditions: slow_lv_ht

Path 38
  From: FIC_0_PERIPHERALS_0/security_core_0/hash_core/t_Z[5]:CLK
  To:   FIC_0_PERIPHERALS_0/security_core_0/hash_core/a[23]:D
  Delay (ns):              7.482
  Slack (ns):              0.292
  Arrival (ns):           13.565
  Required (ns):          13.857
  Operating Conditions: slow_lv_ht

Path 39
  From: FIC_0_PERIPHERALS_0/security_core_0/hash_core/t_fast[2]:CLK
  To:   FIC_0_PERIPHERALS_0/security_core_0/hash_core/a[20]:D
  Delay (ns):              7.478
  Slack (ns):              0.296
  Arrival (ns):           13.561
  Required (ns):          13.857
  Operating Conditions: slow_lv_ht

Path 40
  From: FIC_0_PERIPHERALS_0/security_core_0/hash_core/t_fast[2]:CLK
  To:   FIC_0_PERIPHERALS_0/security_core_0/hash_core/a[19]:D
  Delay (ns):              7.476
  Slack (ns):              0.298
  Arrival (ns):           13.559
  Required (ns):          13.857
  Operating Conditions: slow_lv_ht

Path 41
  From: FIC_0_PERIPHERALS_0/security_core_0/hash_core/t_fast[1]:CLK
  To:   FIC_0_PERIPHERALS_0/security_core_0/hash_core/a[22]:D
  Delay (ns):              7.466
  Slack (ns):              0.308
  Arrival (ns):           13.549
  Required (ns):          13.857
  Operating Conditions: slow_lv_ht

Path 42
  From: FIC_0_PERIPHERALS_0/security_core_0/hash_core/t_Z[3]:CLK
  To:   FIC_0_PERIPHERALS_0/security_core_0/hash_core/a[25]:D
  Delay (ns):              7.482
  Slack (ns):              0.308
  Arrival (ns):           13.548
  Required (ns):          13.856
  Operating Conditions: slow_lv_ht

Path 43
  From: FIC_0_PERIPHERALS_0/security_core_0/hash_core/t_fast[2]:CLK
  To:   FIC_0_PERIPHERALS_0/security_core_0/hash_core/a[17]:D
  Delay (ns):              7.466
  Slack (ns):              0.310
  Arrival (ns):           13.549
  Required (ns):          13.859
  Operating Conditions: slow_lv_ht

Path 44
  From: FIC_0_PERIPHERALS_0/security_core_0/hash_core/t_fast[2]:CLK
  To:   FIC_0_PERIPHERALS_0/security_core_0/hash_core/a[21]:D
  Delay (ns):              7.462
  Slack (ns):              0.312
  Arrival (ns):           13.545
  Required (ns):          13.857
  Operating Conditions: slow_lv_ht

Path 45
  From: FIC_0_PERIPHERALS_0/security_core_0/hash_core/e[4]:CLK
  To:   FIC_0_PERIPHERALS_0/security_core_0/hash_core/a[31]:D
  Delay (ns):              7.483
  Slack (ns):              0.312
  Arrival (ns):           13.548
  Required (ns):          13.860
  Operating Conditions: slow_lv_ht

Path 46
  From: FIC_0_PERIPHERALS_0/security_core_0/hash_core/t_fast[1]:CLK
  To:   FIC_0_PERIPHERALS_0/security_core_0/hash_core/a[23]:D
  Delay (ns):              7.458
  Slack (ns):              0.316
  Arrival (ns):           13.541
  Required (ns):          13.857
  Operating Conditions: slow_lv_ht

Path 47
  From: FIC_0_PERIPHERALS_0/security_core_0/hash_core/t_fast[2]:CLK
  To:   FIC_0_PERIPHERALS_0/security_core_0/hash_core/a[16]:D
  Delay (ns):              7.459
  Slack (ns):              0.317
  Arrival (ns):           13.542
  Required (ns):          13.859
  Operating Conditions: slow_lv_ht

Path 48
  From: FIC_0_PERIPHERALS_0/security_core_0/hash_core/e[0]:CLK
  To:   FIC_0_PERIPHERALS_0/security_core_0/hash_core/a[31]:D
  Delay (ns):              7.468
  Slack (ns):              0.325
  Arrival (ns):           13.535
  Required (ns):          13.860
  Operating Conditions: slow_lv_ht

Path 49
  From: FIC_0_PERIPHERALS_0/security_core_0/hash_core/t_fast[2]:CLK
  To:   FIC_0_PERIPHERALS_0/security_core_0/hash_core/a[7]:D
  Delay (ns):              7.442
  Slack (ns):              0.332
  Arrival (ns):           13.525
  Required (ns):          13.857
  Operating Conditions: slow_lv_ht

Path 50
  From: FIC_0_PERIPHERALS_0/security_core_0/hash_core/t_Z[3]:CLK
  To:   FIC_0_PERIPHERALS_0/security_core_0/hash_core/a[22]:D
  Delay (ns):              7.458
  Slack (ns):              0.333
  Arrival (ns):           13.524
  Required (ns):          13.857
  Operating Conditions: slow_lv_ht

Path 51
  From: FIC_0_PERIPHERALS_0/security_core_0/hash_core/t_Z[5]:CLK
  To:   FIC_0_PERIPHERALS_0/security_core_0/hash_core/a[24]:D
  Delay (ns):              7.432
  Slack (ns):              0.341
  Arrival (ns):           13.515
  Required (ns):          13.856
  Operating Conditions: slow_lv_ht

Path 52
  From: FIC_0_PERIPHERALS_0/security_core_0/hash_core/t_Z[3]:CLK
  To:   FIC_0_PERIPHERALS_0/security_core_0/hash_core/a[23]:D
  Delay (ns):              7.450
  Slack (ns):              0.341
  Arrival (ns):           13.516
  Required (ns):          13.857
  Operating Conditions: slow_lv_ht

Path 53
  From: FIC_0_PERIPHERALS_0/security_core_0/hash_core/t_Z[4]:CLK
  To:   FIC_0_PERIPHERALS_0/security_core_0/hash_core/a[25]:D
  Delay (ns):              7.425
  Slack (ns):              0.349
  Arrival (ns):           13.507
  Required (ns):          13.856
  Operating Conditions: slow_lv_ht

Path 54
  From: FIC_0_PERIPHERALS_0/security_core_0/hash_core/t_fast[2]:CLK
  To:   FIC_0_PERIPHERALS_0/security_core_0/hash_core/a[18]:D
  Delay (ns):              7.416
  Slack (ns):              0.358
  Arrival (ns):           13.499
  Required (ns):          13.857
  Operating Conditions: slow_lv_ht

Path 55
  From: FIC_0_PERIPHERALS_0/security_core_0/hash_core/e[4]:CLK
  To:   FIC_0_PERIPHERALS_0/security_core_0/hash_core/a[29]:D
  Delay (ns):              7.430
  Slack (ns):              0.361
  Arrival (ns):           13.495
  Required (ns):          13.856
  Operating Conditions: slow_lv_ht

Path 56
  From: FIC_0_PERIPHERALS_0/security_core_0/hash_core/g[1]:CLK
  To:   FIC_0_PERIPHERALS_0/security_core_0/hash_core/a[31]:D
  Delay (ns):              7.466
  Slack (ns):              0.362
  Arrival (ns):           13.563
  Required (ns):          13.925
  Operating Conditions: slow_lv_ht

Path 57
  From: FIC_0_PERIPHERALS_0/security_core_0/hash_core/t_fast[1]:CLK
  To:   FIC_0_PERIPHERALS_0/security_core_0/hash_core/a[24]:D
  Delay (ns):              7.410
  Slack (ns):              0.363
  Arrival (ns):           13.493
  Required (ns):          13.856
  Operating Conditions: slow_lv_ht

Path 58
  From: FIC_0_PERIPHERALS_0/security_core_0/hash_core/e[9]:CLK
  To:   FIC_0_PERIPHERALS_0/security_core_0/hash_core/a[31]:D
  Delay (ns):              7.428
  Slack (ns):              0.365
  Arrival (ns):           13.495
  Required (ns):          13.860
  Operating Conditions: slow_lv_ht

Path 59
  From: FIC_0_PERIPHERALS_0/security_core_0/hash_core/t_Z[4]:CLK
  To:   FIC_0_PERIPHERALS_0/security_core_0/hash_core/a[22]:D
  Delay (ns):              7.409
  Slack (ns):              0.366
  Arrival (ns):           13.491
  Required (ns):          13.857
  Operating Conditions: slow_lv_ht

Path 60
  From: FIC_0_PERIPHERALS_0/security_core_0/hash_core/g[10]:CLK
  To:   FIC_0_PERIPHERALS_0/security_core_0/hash_core/a[31]:D
  Delay (ns):              7.422
  Slack (ns):              0.372
  Arrival (ns):           13.488
  Required (ns):          13.860
  Operating Conditions: slow_lv_ht

Path 61
  From: FIC_0_PERIPHERALS_0/security_core_0/hash_core/t_Z[5]:CLK
  To:   FIC_0_PERIPHERALS_0/security_core_0/hash_core/a[20]:D
  Delay (ns):              7.401
  Slack (ns):              0.373
  Arrival (ns):           13.484
  Required (ns):          13.857
  Operating Conditions: slow_lv_ht

Path 62
  From: FIC_0_PERIPHERALS_0/security_core_0/hash_core/t_Z[4]:CLK
  To:   FIC_0_PERIPHERALS_0/security_core_0/hash_core/a[23]:D
  Delay (ns):              7.401
  Slack (ns):              0.374
  Arrival (ns):           13.483
  Required (ns):          13.857
  Operating Conditions: slow_lv_ht

Path 63
  From: FIC_0_PERIPHERALS_0/security_core_0/hash_core/e[0]:CLK
  To:   FIC_0_PERIPHERALS_0/security_core_0/hash_core/a[29]:D
  Delay (ns):              7.415
  Slack (ns):              0.374
  Arrival (ns):           13.482
  Required (ns):          13.856
  Operating Conditions: slow_lv_ht

Path 64
  From: FIC_0_PERIPHERALS_0/security_core_0/hash_core/e[4]:CLK
  To:   FIC_0_PERIPHERALS_0/security_core_0/hash_core/a[28]:D
  Delay (ns):              7.419
  Slack (ns):              0.376
  Arrival (ns):           13.484
  Required (ns):          13.860
  Operating Conditions: slow_lv_ht

Path 65
  From: FIC_0_PERIPHERALS_0/security_core_0/hash_core/f[4]:CLK
  To:   FIC_0_PERIPHERALS_0/security_core_0/hash_core/a[31]:D
  Delay (ns):              7.413
  Slack (ns):              0.381
  Arrival (ns):           13.479
  Required (ns):          13.860
  Operating Conditions: slow_lv_ht

Path 66
  From: FIC_0_PERIPHERALS_0/security_core_0/hash_core/e[0]:CLK
  To:   FIC_0_PERIPHERALS_0/security_core_0/hash_core/a[28]:D
  Delay (ns):              7.404
  Slack (ns):              0.389
  Arrival (ns):           13.471
  Required (ns):          13.860
  Operating Conditions: slow_lv_ht

Path 67
  From: FIC_0_PERIPHERALS_0/security_core_0/hash_core/t_Z[3]:CLK
  To:   FIC_0_PERIPHERALS_0/security_core_0/hash_core/a[24]:D
  Delay (ns):              7.400
  Slack (ns):              0.390
  Arrival (ns):           13.466
  Required (ns):          13.856
  Operating Conditions: slow_lv_ht

Path 68
  From: FIC_0_PERIPHERALS_0/security_core_0/hash_core/f[2]:CLK
  To:   FIC_0_PERIPHERALS_0/security_core_0/hash_core/a[31]:D
  Delay (ns):              7.412
  Slack (ns):              0.390
  Arrival (ns):           13.470
  Required (ns):          13.860
  Operating Conditions: slow_lv_ht

Path 69
  From: FIC_0_PERIPHERALS_0/security_core_0/hash_core/t_Z[5]:CLK
  To:   FIC_0_PERIPHERALS_0/security_core_0/hash_core/a[21]:D
  Delay (ns):              7.382
  Slack (ns):              0.392
  Arrival (ns):           13.465
  Required (ns):          13.857
  Operating Conditions: slow_lv_ht

Path 70
  From: FIC_0_PERIPHERALS_0/security_core_0/hash_core/g[2]:CLK
  To:   FIC_0_PERIPHERALS_0/security_core_0/hash_core/a[31]:D
  Delay (ns):              7.408
  Slack (ns):              0.394
  Arrival (ns):           13.466
  Required (ns):          13.860
  Operating Conditions: slow_lv_ht

Path 71
  From: FIC_0_PERIPHERALS_0/security_core_0/hash_core/t_fast[2]:CLK
  To:   FIC_0_PERIPHERALS_0/security_core_0/hash_core/e[28]:D
  Delay (ns):              7.403
  Slack (ns):              0.395
  Arrival (ns):           13.486
  Required (ns):          13.881
  Operating Conditions: slow_lv_ht

Path 72
  From: FIC_0_PERIPHERALS_0/security_core_0/hash_core/t_fast[2]:CLK
  To:   FIC_0_PERIPHERALS_0/security_core_0/hash_core/a[13]:D
  Delay (ns):              7.376
  Slack (ns):              0.400
  Arrival (ns):           13.459
  Required (ns):          13.859
  Operating Conditions: slow_lv_ht

Path 73
  From: FIC_0_PERIPHERALS_0/security_core_0/hash_core/t_fast[1]:CLK
  To:   FIC_0_PERIPHERALS_0/security_core_0/hash_core/a[20]:D
  Delay (ns):              7.373
  Slack (ns):              0.401
  Arrival (ns):           13.456
  Required (ns):          13.857
  Operating Conditions: slow_lv_ht

Path 74
  From: FIC_0_PERIPHERALS_0/security_core_0/hash_core/e[4]:CLK
  To:   FIC_0_PERIPHERALS_0/security_core_0/hash_core/a[30]:D
  Delay (ns):              7.394
  Slack (ns):              0.401
  Arrival (ns):           13.459
  Required (ns):          13.860
  Operating Conditions: slow_lv_ht

Path 75
  From: FIC_0_PERIPHERALS_0/security_core_0/hash_core/t_fast[1]:CLK
  To:   FIC_0_PERIPHERALS_0/security_core_0/hash_core/a[19]:D
  Delay (ns):              7.371
  Slack (ns):              0.403
  Arrival (ns):           13.454
  Required (ns):          13.857
  Operating Conditions: slow_lv_ht

Path 76
  From: FIC_0_PERIPHERALS_0/security_core_0/hash_core/g[7]:CLK
  To:   FIC_0_PERIPHERALS_0/security_core_0/hash_core/a[31]:D
  Delay (ns):              7.424
  Slack (ns):              0.405
  Arrival (ns):           13.520
  Required (ns):          13.925
  Operating Conditions: slow_lv_ht

Path 77
  From: FIC_0_PERIPHERALS_0/security_core_0/hash_core/t_fast[2]:CLK
  To:   FIC_0_PERIPHERALS_0/security_core_0/hash_core/a[14]:D
  Delay (ns):              7.368
  Slack (ns):              0.408
  Arrival (ns):           13.451
  Required (ns):          13.859
  Operating Conditions: slow_lv_ht

Path 78
  From: FIC_0_PERIPHERALS_0/security_core_0/hash_core/f[0]:CLK
  To:   FIC_0_PERIPHERALS_0/security_core_0/hash_core/a[31]:D
  Delay (ns):              7.384
  Slack (ns):              0.409
  Arrival (ns):           13.451
  Required (ns):          13.860
  Operating Conditions: slow_lv_ht

Path 79
  From: FIC_0_PERIPHERALS_0/security_core_0/hash_core/g[1]:CLK
  To:   FIC_0_PERIPHERALS_0/security_core_0/hash_core/a[29]:D
  Delay (ns):              7.413
  Slack (ns):              0.411
  Arrival (ns):           13.510
  Required (ns):          13.921
  Operating Conditions: slow_lv_ht

Path 80
  From: FIC_0_PERIPHERALS_0/security_core_0/hash_core/e[2]:CLK
  To:   FIC_0_PERIPHERALS_0/security_core_0/hash_core/a[31]:D
  Delay (ns):              7.391
  Slack (ns):              0.411
  Arrival (ns):           13.449
  Required (ns):          13.860
  Operating Conditions: slow_lv_ht

Path 81
  From: FIC_0_PERIPHERALS_0/security_core_0/hash_core/f[1]:CLK
  To:   FIC_0_PERIPHERALS_0/security_core_0/hash_core/a[31]:D
  Delay (ns):              7.415
  Slack (ns):              0.412
  Arrival (ns):           13.513
  Required (ns):          13.925
  Operating Conditions: slow_lv_ht

Path 82
  From: FIC_0_PERIPHERALS_0/security_core_0/hash_core/e[9]:CLK
  To:   FIC_0_PERIPHERALS_0/security_core_0/hash_core/a[29]:D
  Delay (ns):              7.375
  Slack (ns):              0.414
  Arrival (ns):           13.442
  Required (ns):          13.856
  Operating Conditions: slow_lv_ht

Path 83
  From: FIC_0_PERIPHERALS_0/security_core_0/hash_core/e[0]:CLK
  To:   FIC_0_PERIPHERALS_0/security_core_0/hash_core/a[30]:D
  Delay (ns):              7.379
  Slack (ns):              0.414
  Arrival (ns):           13.446
  Required (ns):          13.860
  Operating Conditions: slow_lv_ht

Path 84
  From: FIC_0_PERIPHERALS_0/security_core_0/hash_core/t_fast[1]:CLK
  To:   FIC_0_PERIPHERALS_0/security_core_0/hash_core/a[17]:D
  Delay (ns):              7.361
  Slack (ns):              0.415
  Arrival (ns):           13.444
  Required (ns):          13.859
  Operating Conditions: slow_lv_ht

Path 85
  From: FIC_0_PERIPHERALS_0/security_core_0/hash_core/t_fast[1]:CLK
  To:   FIC_0_PERIPHERALS_0/security_core_0/hash_core/a[21]:D
  Delay (ns):              7.357
  Slack (ns):              0.417
  Arrival (ns):           13.440
  Required (ns):          13.857
  Operating Conditions: slow_lv_ht

Path 86
  From: FIC_0_PERIPHERALS_0/security_core_0/hash_core/g[10]:CLK
  To:   FIC_0_PERIPHERALS_0/security_core_0/hash_core/a[29]:D
  Delay (ns):              7.369
  Slack (ns):              0.421
  Arrival (ns):           13.435
  Required (ns):          13.856
  Operating Conditions: slow_lv_ht

Path 87
  From: FIC_0_PERIPHERALS_0/security_core_0/hash_core/t_fast[1]:CLK
  To:   FIC_0_PERIPHERALS_0/security_core_0/hash_core/a[16]:D
  Delay (ns):              7.354
  Slack (ns):              0.422
  Arrival (ns):           13.437
  Required (ns):          13.859
  Operating Conditions: slow_lv_ht

Path 88
  From: FIC_0_PERIPHERALS_0/security_core_0/hash_core/t_Z[4]:CLK
  To:   FIC_0_PERIPHERALS_0/security_core_0/hash_core/a[24]:D
  Delay (ns):              7.352
  Slack (ns):              0.422
  Arrival (ns):           13.434
  Required (ns):          13.856
  Operating Conditions: slow_lv_ht

Path 89
  From: FIC_0_PERIPHERALS_0/security_core_0/hash_core/t_Z[3]:CLK
  To:   FIC_0_PERIPHERALS_0/security_core_0/hash_core/a[20]:D
  Delay (ns):              7.369
  Slack (ns):              0.422
  Arrival (ns):           13.435
  Required (ns):          13.857
  Operating Conditions: slow_lv_ht

Path 90
  From: FIC_0_PERIPHERALS_0/security_core_0/hash_core/t_fast[2]:CLK
  To:   FIC_0_PERIPHERALS_0/security_core_0/hash_core/a[10]:D
  Delay (ns):              7.349
  Slack (ns):              0.424
  Arrival (ns):           13.432
  Required (ns):          13.856
  Operating Conditions: slow_lv_ht

Path 91
  From: FIC_0_PERIPHERALS_0/security_core_0/hash_core/g[1]:CLK
  To:   FIC_0_PERIPHERALS_0/security_core_0/hash_core/a[28]:D
  Delay (ns):              7.402
  Slack (ns):              0.426
  Arrival (ns):           13.499
  Required (ns):          13.925
  Operating Conditions: slow_lv_ht

Path 92
  From: FIC_0_PERIPHERALS_0/security_core_0/hash_core/t_fast[2]:CLK
  To:   FIC_0_PERIPHERALS_0/security_core_0/hash_core/a[15]:D
  Delay (ns):              7.349
  Slack (ns):              0.428
  Arrival (ns):           13.432
  Required (ns):          13.860
  Operating Conditions: slow_lv_ht

Path 93
  From: FIC_0_PERIPHERALS_0/security_core_0/hash_core/e[9]:CLK
  To:   FIC_0_PERIPHERALS_0/security_core_0/hash_core/a[28]:D
  Delay (ns):              7.364
  Slack (ns):              0.429
  Arrival (ns):           13.431
  Required (ns):          13.860
  Operating Conditions: slow_lv_ht

Path 94
  From: FIC_0_PERIPHERALS_0/security_core_0/hash_core/f[4]:CLK
  To:   FIC_0_PERIPHERALS_0/security_core_0/hash_core/a[29]:D
  Delay (ns):              7.360
  Slack (ns):              0.430
  Arrival (ns):           13.426
  Required (ns):          13.856
  Operating Conditions: slow_lv_ht

Path 95
  From: FIC_0_PERIPHERALS_0/security_core_0/hash_core/t_fast[2]:CLK
  To:   FIC_0_PERIPHERALS_0/security_core_0/hash_core/a[11]:D
  Delay (ns):              7.341
  Slack (ns):              0.432
  Arrival (ns):           13.424
  Required (ns):          13.856
  Operating Conditions: slow_lv_ht

Path 96
  From: FIC_0_PERIPHERALS_0/security_core_0/hash_core/f[10]:CLK
  To:   FIC_0_PERIPHERALS_0/security_core_0/hash_core/a[31]:D
  Delay (ns):              7.361
  Slack (ns):              0.432
  Arrival (ns):           13.428
  Required (ns):          13.860
  Operating Conditions: slow_lv_ht

Path 97
  From: FIC_0_PERIPHERALS_0/security_core_0/hash_core/g[10]:CLK
  To:   FIC_0_PERIPHERALS_0/security_core_0/hash_core/a[28]:D
  Delay (ns):              7.358
  Slack (ns):              0.436
  Arrival (ns):           13.424
  Required (ns):          13.860
  Operating Conditions: slow_lv_ht

Path 98
  From: FIC_0_PERIPHERALS_0/security_core_0/hash_core/t_fast[1]:CLK
  To:   FIC_0_PERIPHERALS_0/security_core_0/hash_core/a[7]:D
  Delay (ns):              7.337
  Slack (ns):              0.437
  Arrival (ns):           13.420
  Required (ns):          13.857
  Operating Conditions: slow_lv_ht

Path 99
  From: FIC_0_PERIPHERALS_0/security_core_0/hash_core/f[2]:CLK
  To:   FIC_0_PERIPHERALS_0/security_core_0/hash_core/a[29]:D
  Delay (ns):              7.359
  Slack (ns):              0.439
  Arrival (ns):           13.417
  Required (ns):          13.856
  Operating Conditions: slow_lv_ht

Path 100
  From: FIC_0_PERIPHERALS_0/security_core_0/hash_core/f[8]:CLK
  To:   FIC_0_PERIPHERALS_0/security_core_0/hash_core/a[31]:D
  Delay (ns):              7.358
  Slack (ns):              0.441
  Arrival (ns):           13.419
  Required (ns):          13.860
  Operating Conditions: slow_lv_ht

