Timing Violation Report Max Delay Analysis

SmartTime Version 2025.2
Microchip Technology Inc. - Microchip Libero Software Release 2025.2 (Version 2025.2.0.14)
Date: Fri Feb 27 16:03:50 2026


Design: MPFS_DISCOVERY_KIT
Family: PolarFireSoC
Die: MPFS095T
Package: FCSG325
Temperature Range: 0 - 100 C
Voltage Range: 0.97 - 1.03 V
Speed Grade: -1
Design State: Post-Layout
Data source: Production
Multi Corner Report Operating Conditions: slow_lv_lt,fast_hv_lt,slow_lv_ht


Path 1
  From: FIC_0_PERIPHERALS_0/FIC0_INITIATOR_inst_0/FIC0_INITIATOR_0/SlvConvertor_loop[0].slvcnv/slvProtConv/genblk1.u_AXILtePC/SlvPCWr/wrLenFif/genblk1.DPRam/mem_mem_0_0/INST_RAM1K20_IP:A_CLK
  To:   FIC_0_PERIPHERALS_0/FIC0_INITIATOR_inst_0/FIC0_INITIATOR_0/SlvConvertor_loop[0].slvcnv/slvProtConv/genblk1.u_AXILtePC/SlvPCWr/countResp[6]:EN
  Delay (ns):              3.989
  Slack (ns):              3.522
  Arrival (ns):           10.228
  Required (ns):          13.750
  Operating Conditions: slow_lv_ht

Path 2
  From: FIC_0_PERIPHERALS_0/FIC0_INITIATOR_inst_0/FIC0_INITIATOR_0/SlvConvertor_loop[0].slvcnv/slvProtConv/genblk1.u_AXILtePC/SlvPCWr/wrLenFif/genblk1.DPRam/mem_mem_0_0/INST_RAM1K20_IP:A_CLK
  To:   FIC_0_PERIPHERALS_0/FIC0_INITIATOR_inst_0/FIC0_INITIATOR_0/SlvConvertor_loop[0].slvcnv/slvProtConv/genblk1.u_AXILtePC/SlvPCWr/currStateResp[0]:EN
  Delay (ns):              3.905
  Slack (ns):              3.605
  Arrival (ns):           10.144
  Required (ns):          13.749
  Operating Conditions: slow_lv_ht

Path 3
  From: FIC_0_PERIPHERALS_0/security_core_0/dec/t[1]:CLK
  To:   FIC_0_PERIPHERALS_0/security_core_0/dec/s[2][105]:D
  Delay (ns):              4.133
  Slack (ns):              3.646
  Arrival (ns):           10.186
  Required (ns):          13.832
  Operating Conditions: slow_lv_ht

Path 4
  From: FIC_0_PERIPHERALS_0/security_core_0/dec/t[1]:CLK
  To:   FIC_0_PERIPHERALS_0/security_core_0/dec/s[2][109]:D
  Delay (ns):              4.099
  Slack (ns):              3.683
  Arrival (ns):           10.152
  Required (ns):          13.835
  Operating Conditions: slow_lv_ht

Path 5
  From: FIC_0_PERIPHERALS_0/security_core_0/dec/t[1]:CLK
  To:   FIC_0_PERIPHERALS_0/security_core_0/dec/s[2][108]:D
  Delay (ns):              4.089
  Slack (ns):              3.691
  Arrival (ns):           10.142
  Required (ns):          13.833
  Operating Conditions: slow_lv_ht

Path 6
  From: FIC_0_PERIPHERALS_0/FIC0_INITIATOR_inst_0/FIC0_INITIATOR_0/SlvConvertor_loop[0].slvcnv/slvProtConv/genblk1.u_AXILtePC/SlvPCWr/wrLenFif/genblk1.DPRam/mem_mem_0_0/INST_RAM1K20_IP:A_CLK
  To:   FIC_0_PERIPHERALS_0/FIC0_INITIATOR_inst_0/FIC0_INITIATOR_0/SlvConvertor_loop[0].slvcnv/slvProtConv/genblk1.u_AXILtePC/SlvPCWr/countResp[7]:EN
  Delay (ns):              3.788
  Slack (ns):              3.708
  Arrival (ns):           10.027
  Required (ns):          13.735
  Operating Conditions: slow_lv_ht

Path 7
  From: FIC_0_PERIPHERALS_0/FIC0_INITIATOR_inst_0/FIC0_INITIATOR_0/SlvConvertor_loop[0].slvcnv/slvProtConv/genblk1.u_AXILtePC/SlvPCWr/wrLenFif/genblk1.DPRam/mem_mem_0_0/INST_RAM1K20_IP:A_CLK
  To:   FIC_0_PERIPHERALS_0/FIC0_INITIATOR_inst_0/FIC0_INITIATOR_0/SlvConvertor_loop[0].slvcnv/slvProtConv/genblk1.u_AXILtePC/SlvPCWr/countResp[5]:EN
  Delay (ns):              3.788
  Slack (ns):              3.708
  Arrival (ns):           10.027
  Required (ns):          13.735
  Operating Conditions: slow_lv_ht

Path 8
  From: FIC_0_PERIPHERALS_0/FIC0_INITIATOR_inst_0/FIC0_INITIATOR_0/SlvConvertor_loop[0].slvcnv/slvProtConv/genblk1.u_AXILtePC/SlvPCWr/wrLenFif/genblk1.DPRam/mem_mem_0_0/INST_RAM1K20_IP:A_CLK
  To:   FIC_0_PERIPHERALS_0/FIC0_INITIATOR_inst_0/FIC0_INITIATOR_0/SlvConvertor_loop[0].slvcnv/slvProtConv/genblk1.u_AXILtePC/SlvPCWr/countResp[3]:EN
  Delay (ns):              3.788
  Slack (ns):              3.708
  Arrival (ns):           10.027
  Required (ns):          13.735
  Operating Conditions: slow_lv_ht

Path 9
  From: FIC_0_PERIPHERALS_0/FIC0_INITIATOR_inst_0/FIC0_INITIATOR_0/SlvConvertor_loop[0].slvcnv/slvProtConv/genblk1.u_AXILtePC/SlvPCWr/wrLenFif/genblk1.DPRam/mem_mem_0_0/INST_RAM1K20_IP:A_CLK
  To:   FIC_0_PERIPHERALS_0/FIC0_INITIATOR_inst_0/FIC0_INITIATOR_0/SlvConvertor_loop[0].slvcnv/slvProtConv/genblk1.u_AXILtePC/SlvPCWr/countResp[1]:EN
  Delay (ns):              3.788
  Slack (ns):              3.708
  Arrival (ns):           10.027
  Required (ns):          13.735
  Operating Conditions: slow_lv_ht

Path 10
  From: FIC_0_PERIPHERALS_0/FIC0_INITIATOR_inst_0/FIC0_INITIATOR_0/SlvConvertor_loop[0].slvcnv/slvProtConv/genblk1.u_AXILtePC/SlvPCWr/wrLenFif/genblk1.DPRam/mem_mem_0_0/INST_RAM1K20_IP:A_CLK
  To:   FIC_0_PERIPHERALS_0/FIC0_INITIATOR_inst_0/FIC0_INITIATOR_0/SlvConvertor_loop[0].slvcnv/slvProtConv/genblk1.u_AXILtePC/SlvPCWr/countResp[4]:EN
  Delay (ns):              3.787
  Slack (ns):              3.709
  Arrival (ns):           10.026
  Required (ns):          13.735
  Operating Conditions: slow_lv_ht

Path 11
  From: FIC_0_PERIPHERALS_0/FIC0_INITIATOR_inst_0/FIC0_INITIATOR_0/SlvConvertor_loop[0].slvcnv/slvProtConv/genblk1.u_AXILtePC/SlvPCWr/wrLenFif/genblk1.DPRam/mem_mem_0_0/INST_RAM1K20_IP:A_CLK
  To:   FIC_0_PERIPHERALS_0/FIC0_INITIATOR_inst_0/FIC0_INITIATOR_0/SlvConvertor_loop[0].slvcnv/slvProtConv/genblk1.u_AXILtePC/SlvPCWr/countResp[2]:EN
  Delay (ns):              3.787
  Slack (ns):              3.709
  Arrival (ns):           10.026
  Required (ns):          13.735
  Operating Conditions: slow_lv_ht

Path 12
  From: FIC_0_PERIPHERALS_0/FIC0_INITIATOR_inst_0/FIC0_INITIATOR_0/SlvConvertor_loop[0].slvcnv/slvProtConv/genblk1.u_AXILtePC/SlvPCWr/wrLenFif/genblk1.DPRam/mem_mem_0_0/INST_RAM1K20_IP:A_CLK
  To:   FIC_0_PERIPHERALS_0/FIC0_INITIATOR_inst_0/FIC0_INITIATOR_0/SlvConvertor_loop[0].slvcnv/slvProtConv/genblk1.u_AXILtePC/SlvPCWr/countResp[0]:EN
  Delay (ns):              3.787
  Slack (ns):              3.709
  Arrival (ns):           10.026
  Required (ns):          13.735
  Operating Conditions: slow_lv_ht

Path 13
  From: FIC_0_PERIPHERALS_0/DMA_CONTROLLER_inst_0/DMA_CONTROLLER_0/U_AXI4INITIATORDMACtrl/dstNumOfBytesInRdReg[4]:CLK
  To:   FIC_0_PERIPHERALS_0/DMA_CONTROLLER_inst_0/DMA_CONTROLLER_0/U_AXI4INITIATORDMACtrl/AWLENReg[0]:D
  Delay (ns):              4.088
  Slack (ns):              3.713
  Arrival (ns):           10.150
  Required (ns):          13.863
  Operating Conditions: slow_lv_ht

Path 14
  From: FIC_0_PERIPHERALS_0/security_core_0/dec/t[1]:CLK
  To:   FIC_0_PERIPHERALS_0/security_core_0/dec/s[2][83]:D
  Delay (ns):              4.093
  Slack (ns):              3.717
  Arrival (ns):           10.146
  Required (ns):          13.863
  Operating Conditions: slow_lv_ht

Path 15
  From: FIC_0_PERIPHERALS_0/FIC0_INITIATOR_inst_0/FIC0_INITIATOR_0/MstConvertor_loop[0].mstrconv/rgsl/genblk1.awrs/sDat[65]:CLK
  To:   FIC_0_PERIPHERALS_0/FIC0_INITIATOR_inst_0/FIC0_INITIATOR_0/MstConvertor_loop[0].mstrconv/rgsl/genblk1.awrs/sDat[25]:EN
  Delay (ns):              3.991
  Slack (ns):              3.717
  Arrival (ns):           10.053
  Required (ns):          13.770
  Operating Conditions: slow_lv_ht

Path 16
  From: FIC_0_PERIPHERALS_0/FIC0_INITIATOR_inst_0/FIC0_INITIATOR_0/MstConvertor_loop[0].mstrconv/rgsl/genblk1.awrs/sDat[65]:CLK
  To:   FIC_0_PERIPHERALS_0/FIC0_INITIATOR_inst_0/FIC0_INITIATOR_0/MstConvertor_loop[0].mstrconv/rgsl/genblk1.awrs/sDat[18]:EN
  Delay (ns):              3.991
  Slack (ns):              3.717
  Arrival (ns):           10.053
  Required (ns):          13.770
  Operating Conditions: slow_lv_ht

Path 17
  From: FIC_0_PERIPHERALS_0/FIC0_INITIATOR_inst_0/FIC0_INITIATOR_0/MstConvertor_loop[0].mstrconv/rgsl/genblk1.awrs/sDat[65]:CLK
  To:   FIC_0_PERIPHERALS_0/FIC0_INITIATOR_inst_0/FIC0_INITIATOR_0/MstConvertor_loop[0].mstrconv/rgsl/genblk1.awrs/sDat[24]:EN
  Delay (ns):              3.990
  Slack (ns):              3.718
  Arrival (ns):           10.052
  Required (ns):          13.770
  Operating Conditions: slow_lv_ht

Path 18
  From: FIC_0_PERIPHERALS_0/DMA_CONTROLLER_inst_0/DMA_CONTROLLER_0/U_AXI4INITIATORDMACtrl/dstNumOfBytesInRdReg[4]:CLK
  To:   FIC_0_PERIPHERALS_0/DMA_CONTROLLER_inst_0/DMA_CONTROLLER_0/U_AXI4INITIATORDMACtrl/AWLENReg[5]:D
  Delay (ns):              4.080
  Slack (ns):              3.721
  Arrival (ns):           10.142
  Required (ns):          13.863
  Operating Conditions: slow_lv_ht

Path 19
  From: FIC_0_PERIPHERALS_0/DMA_CONTROLLER_inst_0/DMA_CONTROLLER_0/U_DMAController/DMATranCtrl/intErrorCtrl_inst/rdCache1Sel_rep:CLK
  To:   FIC_0_PERIPHERALS_0/DMA_CONTROLLER_inst_0/DMA_CONTROLLER_0/U_DMAController/DMATranCtrl/rdTranQueue_inst/reqCnt_Z[1]:D
  Delay (ns):              4.075
  Slack (ns):              3.731
  Arrival (ns):           10.130
  Required (ns):          13.861
  Operating Conditions: slow_lv_ht

Path 20
  From: FIC_0_PERIPHERALS_0/security_core_0/dec/t[1]:CLK
  To:   FIC_0_PERIPHERALS_0/security_core_0/dec/s[2][84]:D
  Delay (ns):              4.073
  Slack (ns):              3.760
  Arrival (ns):           10.126
  Required (ns):          13.886
  Operating Conditions: slow_lv_ht

Path 21
  From: FIC_0_PERIPHERALS_0/security_core_0/dec/t[1]:CLK
  To:   FIC_0_PERIPHERALS_0/security_core_0/dec/s[2][28]:D
  Delay (ns):              4.081
  Slack (ns):              3.762
  Arrival (ns):           10.134
  Required (ns):          13.896
  Operating Conditions: slow_lv_ht

Path 22
  From: MSS_WRAPPER_0/MPFS_DISCOVERY_KIT_MSS_0/I_MSS:FIC_3_PCLK
  To:   MSS_WRAPPER_0/MPFS_DISCOVERY_KIT_MSS_0/I_MSS:FIC_3_APB_M_PRDATA[1]
  Delay (ns):              6.154
  Slack (ns):              3.768
  Arrival (ns):           13.168
  Required (ns):          16.936
  Operating Conditions: slow_lv_ht

Path 23
  From: FIC_0_PERIPHERALS_0/FIC0_INITIATOR_inst_0/FIC0_INITIATOR_0/MstConvertor_loop[0].mstrconv/rgsl/genblk1.awrs/sDat[72]:CLK
  To:   FIC_0_PERIPHERALS_0/FIC0_INITIATOR_inst_0/FIC0_INITIATOR_0/MstConvertor_loop[0].mstrconv/rgsl/genblk1.awrs/sDat[25]:EN
  Delay (ns):              3.933
  Slack (ns):              3.772
  Arrival (ns):            9.998
  Required (ns):          13.770
  Operating Conditions: slow_lv_ht

Path 24
  From: FIC_0_PERIPHERALS_0/FIC0_INITIATOR_inst_0/FIC0_INITIATOR_0/MstConvertor_loop[0].mstrconv/rgsl/genblk1.awrs/sDat[72]:CLK
  To:   FIC_0_PERIPHERALS_0/FIC0_INITIATOR_inst_0/FIC0_INITIATOR_0/MstConvertor_loop[0].mstrconv/rgsl/genblk1.awrs/sDat[18]:EN
  Delay (ns):              3.933
  Slack (ns):              3.772
  Arrival (ns):            9.998
  Required (ns):          13.770
  Operating Conditions: slow_lv_ht

Path 25
  From: FIC_0_PERIPHERALS_0/FIC0_INITIATOR_inst_0/FIC0_INITIATOR_0/MstConvertor_loop[0].mstrconv/rgsl/genblk1.awrs/sDat[72]:CLK
  To:   FIC_0_PERIPHERALS_0/FIC0_INITIATOR_inst_0/FIC0_INITIATOR_0/MstConvertor_loop[0].mstrconv/rgsl/genblk1.awrs/sDat[24]:EN
  Delay (ns):              3.932
  Slack (ns):              3.773
  Arrival (ns):            9.997
  Required (ns):          13.770
  Operating Conditions: slow_lv_ht

Path 26
  From: FIC_0_PERIPHERALS_0/security_core_0/dec/t[1]:CLK
  To:   FIC_0_PERIPHERALS_0/security_core_0/dec/byte_i[2][4]:D
  Delay (ns):              4.058
  Slack (ns):              3.775
  Arrival (ns):           10.111
  Required (ns):          13.886
  Operating Conditions: slow_lv_ht

Path 27
  From: FIC_0_PERIPHERALS_0/security_core_0/dec/t[1]:CLK
  To:   FIC_0_PERIPHERALS_0/security_core_0/dec/s[2][112]:D
  Delay (ns):              4.025
  Slack (ns):              3.776
  Arrival (ns):           10.078
  Required (ns):          13.854
  Operating Conditions: slow_lv_ht

Path 28
  From: FIC_0_PERIPHERALS_0/security_core_0/dec/t[1]:CLK
  To:   FIC_0_PERIPHERALS_0/security_core_0/dec/s[2][21]:D
  Delay (ns):              4.004
  Slack (ns):              3.777
  Arrival (ns):           10.057
  Required (ns):          13.834
  Operating Conditions: slow_lv_ht

Path 29
  From: FIC_0_PERIPHERALS_0/security_core_0/dec/t[3]:CLK
  To:   FIC_0_PERIPHERALS_0/security_core_0/dec/s[2][105]:D
  Delay (ns):              4.000
  Slack (ns):              3.779
  Arrival (ns):           10.053
  Required (ns):          13.832
  Operating Conditions: slow_lv_ht

Path 30
  From: FIC_0_PERIPHERALS_0/security_core_0/dec/t[1]:CLK
  To:   FIC_0_PERIPHERALS_0/security_core_0/dec/s[2][68]:D
  Delay (ns):              3.997
  Slack (ns):              3.783
  Arrival (ns):           10.050
  Required (ns):          13.833
  Operating Conditions: slow_lv_ht

Path 31
  From: FIC_0_PERIPHERALS_0/security_core_0/dec/t[1]:CLK
  To:   FIC_0_PERIPHERALS_0/security_core_0/dec/s[2][97]:D
  Delay (ns):              4.008
  Slack (ns):              3.785
  Arrival (ns):           10.061
  Required (ns):          13.846
  Operating Conditions: slow_lv_ht

Path 32
  From: FIC_0_PERIPHERALS_0/security_core_0/dec/t[1]:CLK
  To:   FIC_0_PERIPHERALS_0/security_core_0/dec/s[2][36]:D
  Delay (ns):              4.053
  Slack (ns):              3.791
  Arrival (ns):           10.106
  Required (ns):          13.897
  Operating Conditions: slow_lv_ht

Path 33
  From: FIC_0_PERIPHERALS_0/FIC0_INITIATOR_inst_0/FIC0_INITIATOR_0/MstConvertor_loop[0].mstrconv/rgsl/genblk1.awrs/sDat[61]:CLK
  To:   FIC_0_PERIPHERALS_0/FIC0_INITIATOR_inst_0/FIC0_INITIATOR_0/MstConvertor_loop[0].mstrconv/rgsl/genblk1.awrs/sDat[25]:EN
  Delay (ns):              3.923
  Slack (ns):              3.793
  Arrival (ns):            9.977
  Required (ns):          13.770
  Operating Conditions: slow_lv_ht

Path 34
  From: FIC_0_PERIPHERALS_0/FIC0_INITIATOR_inst_0/FIC0_INITIATOR_0/MstConvertor_loop[0].mstrconv/rgsl/genblk1.awrs/sDat[61]:CLK
  To:   FIC_0_PERIPHERALS_0/FIC0_INITIATOR_inst_0/FIC0_INITIATOR_0/MstConvertor_loop[0].mstrconv/rgsl/genblk1.awrs/sDat[18]:EN
  Delay (ns):              3.923
  Slack (ns):              3.793
  Arrival (ns):            9.977
  Required (ns):          13.770
  Operating Conditions: slow_lv_ht

Path 35
  From: FIC_0_PERIPHERALS_0/FIC0_INITIATOR_inst_0/FIC0_INITIATOR_0/MstConvertor_loop[0].mstrconv/rgsl/genblk1.awrs/sDat[61]:CLK
  To:   FIC_0_PERIPHERALS_0/FIC0_INITIATOR_inst_0/FIC0_INITIATOR_0/MstConvertor_loop[0].mstrconv/rgsl/genblk1.awrs/sDat[24]:EN
  Delay (ns):              3.922
  Slack (ns):              3.794
  Arrival (ns):            9.976
  Required (ns):          13.770
  Operating Conditions: slow_lv_ht

Path 36
  From: FIC_0_PERIPHERALS_0/DMA_CONTROLLER_inst_0/DMA_CONTROLLER_0/U_AXI4INITIATORDMACtrl/dstNumOfBytesInRdReg[4]:CLK
  To:   FIC_0_PERIPHERALS_0/DMA_CONTROLLER_inst_0/DMA_CONTROLLER_0/U_AXI4INITIATORDMACtrl/AWLENReg[6]:D
  Delay (ns):              4.020
  Slack (ns):              3.796
  Arrival (ns):           10.082
  Required (ns):          13.878
  Operating Conditions: slow_lv_ht

Path 37
  From: FIC_0_PERIPHERALS_0/security_core_0/dec/t[1]:CLK
  To:   FIC_0_PERIPHERALS_0/security_core_0/dec/s[2][106]:D
  Delay (ns):              3.982
  Slack (ns):              3.798
  Arrival (ns):           10.035
  Required (ns):          13.833
  Operating Conditions: slow_lv_ht

Path 38
  From: FIC_0_PERIPHERALS_0/DMA_CONTROLLER_inst_0/DMA_CONTROLLER_0/U_AXI4INITIATORDMACtrl/dstNumOfBytesInRdReg[4]:CLK
  To:   FIC_0_PERIPHERALS_0/DMA_CONTROLLER_inst_0/DMA_CONTROLLER_0/U_AXI4INITIATORDMACtrl/AWLENReg[3]:D
  Delay (ns):              4.011
  Slack (ns):              3.806
  Arrival (ns):           10.073
  Required (ns):          13.879
  Operating Conditions: slow_lv_ht

Path 39
  From: FIC_0_PERIPHERALS_0/security_core_0/dec/t[1]:CLK
  To:   FIC_0_PERIPHERALS_0/security_core_0/dec/s[2][60]:D
  Delay (ns):              3.974
  Slack (ns):              3.807
  Arrival (ns):           10.027
  Required (ns):          13.834
  Operating Conditions: slow_lv_ht

Path 40
  From: FIC_0_PERIPHERALS_0/DMA_CONTROLLER_inst_0/DMA_CONTROLLER_0/U_AXI4INITIATORDMACtrl/dstNumOfBytesInRdReg[4]:CLK
  To:   FIC_0_PERIPHERALS_0/DMA_CONTROLLER_inst_0/DMA_CONTROLLER_0/U_AXI4INITIATORDMACtrl/beatsInWrBurst[3]:D
  Delay (ns):              4.010
  Slack (ns):              3.807
  Arrival (ns):           10.072
  Required (ns):          13.879
  Operating Conditions: slow_lv_ht

Path 41
  From: FIC_0_PERIPHERALS_0/DMA_CONTROLLER_inst_0/DMA_CONTROLLER_0/U_AXI4INITIATORDMACtrl/dstNumOfBytesInRdReg[4]:CLK
  To:   FIC_0_PERIPHERALS_0/DMA_CONTROLLER_inst_0/DMA_CONTROLLER_0/U_AXI4INITIATORDMACtrl/AWLENReg[4]:D
  Delay (ns):              3.997
  Slack (ns):              3.808
  Arrival (ns):           10.059
  Required (ns):          13.867
  Operating Conditions: slow_lv_ht

Path 42
  From: FIC_0_PERIPHERALS_0/security_core_0/dec/t[3]:CLK
  To:   FIC_0_PERIPHERALS_0/security_core_0/dec/s[2][109]:D
  Delay (ns):              3.966
  Slack (ns):              3.816
  Arrival (ns):           10.019
  Required (ns):          13.835
  Operating Conditions: slow_lv_ht

Path 43
  From: FIC_0_PERIPHERALS_0/security_core_0/dec/t[1]:CLK
  To:   FIC_0_PERIPHERALS_0/security_core_0/dec/s[2][101]:D
  Delay (ns):              3.980
  Slack (ns):              3.818
  Arrival (ns):           10.033
  Required (ns):          13.851
  Operating Conditions: slow_lv_ht

Path 44
  From: FIC_0_PERIPHERALS_0/security_core_0/dec/t[1]:CLK
  To:   FIC_0_PERIPHERALS_0/security_core_0/dec/s[2][69]:D
  Delay (ns):              3.960
  Slack (ns):              3.821
  Arrival (ns):           10.013
  Required (ns):          13.834
  Operating Conditions: slow_lv_ht

Path 45
  From: FIC_0_PERIPHERALS_0/security_core_0/dec/t[1]:CLK
  To:   FIC_0_PERIPHERALS_0/security_core_0/dec/s[2][4]:D
  Delay (ns):              4.013
  Slack (ns):              3.821
  Arrival (ns):           10.066
  Required (ns):          13.887
  Operating Conditions: slow_lv_ht

Path 46
  From: FIC_0_PERIPHERALS_0/security_core_0/dec/t[3]:CLK
  To:   FIC_0_PERIPHERALS_0/security_core_0/dec/s[2][108]:D
  Delay (ns):              3.956
  Slack (ns):              3.824
  Arrival (ns):           10.009
  Required (ns):          13.833
  Operating Conditions: slow_lv_ht

Path 47
  From: FIC_0_PERIPHERALS_0/security_core_0/dec/t[1]:CLK
  To:   FIC_0_PERIPHERALS_0/security_core_0/dec/s[2][43]:D
  Delay (ns):              4.008
  Slack (ns):              3.829
  Arrival (ns):           10.061
  Required (ns):          13.890
  Operating Conditions: slow_lv_ht

Path 48
  From: FIC_0_PERIPHERALS_0/security_core_0/dec/t[1]:CLK
  To:   FIC_0_PERIPHERALS_0/security_core_0/dec/s[2][37]:D
  Delay (ns):              3.995
  Slack (ns):              3.839
  Arrival (ns):           10.048
  Required (ns):          13.887
  Operating Conditions: slow_lv_ht

Path 49
  From: FIC_0_PERIPHERALS_0/security_core_0/dec/t[1]:CLK
  To:   FIC_0_PERIPHERALS_0/security_core_0/dec/s[2][117]:D
  Delay (ns):              3.994
  Slack (ns):              3.840
  Arrival (ns):           10.047
  Required (ns):          13.887
  Operating Conditions: slow_lv_ht

Path 50
  From: FIC_0_PERIPHERALS_0/security_core_0/dec/t[1]:CLK
  To:   FIC_0_PERIPHERALS_0/security_core_0/dec/s[2][119]:D
  Delay (ns):              4.002
  Slack (ns):              3.842
  Arrival (ns):           10.055
  Required (ns):          13.897
  Operating Conditions: slow_lv_ht

Path 51
  From: FIC_0_PERIPHERALS_0/security_core_0/dec/t[1]:CLK
  To:   FIC_0_PERIPHERALS_0/security_core_0/dec/s[2][123]:D
  Delay (ns):              3.997
  Slack (ns):              3.843
  Arrival (ns):           10.050
  Required (ns):          13.893
  Operating Conditions: slow_lv_ht

Path 52
  From: FIC_0_PERIPHERALS_0/security_core_0/dec/t[1]:CLK
  To:   FIC_0_PERIPHERALS_0/security_core_0/dec/s[2][1]:D
  Delay (ns):              3.985
  Slack (ns):              3.847
  Arrival (ns):           10.038
  Required (ns):          13.885
  Operating Conditions: slow_lv_ht

Path 53
  From: FIC_0_PERIPHERALS_0/security_core_0/dec/t[1]:CLK
  To:   FIC_0_PERIPHERALS_0/security_core_0/dec/byte_i[2][1]:D
  Delay (ns):              3.985
  Slack (ns):              3.847
  Arrival (ns):           10.038
  Required (ns):          13.885
  Operating Conditions: slow_lv_ht

Path 54
  From: FIC_0_PERIPHERALS_0/DMA_CONTROLLER_inst_0/DMA_CONTROLLER_0/U_AXI4INITIATORDMACtrl/wrByteCnt[1]:CLK
  To:   FIC_0_PERIPHERALS_0/DMA_CONTROLLER_inst_0/DMA_CONTROLLER_0/U_AXI4INITIATORDMACtrl/AWLENReg[0]:D
  Delay (ns):              3.946
  Slack (ns):              3.848
  Arrival (ns):           10.015
  Required (ns):          13.863
  Operating Conditions: slow_lv_ht

Path 55
  From: FIC_0_PERIPHERALS_0/security_core_0/dec/t[3]:CLK
  To:   FIC_0_PERIPHERALS_0/security_core_0/dec/s[2][83]:D
  Delay (ns):              3.960
  Slack (ns):              3.850
  Arrival (ns):           10.013
  Required (ns):          13.863
  Operating Conditions: slow_lv_ht

Path 56
  From: FIC_0_PERIPHERALS_0/security_core_0/dec/t[1]:CLK
  To:   FIC_0_PERIPHERALS_0/security_core_0/dec/s[2][87]:D
  Delay (ns):              3.984
  Slack (ns):              3.850
  Arrival (ns):           10.037
  Required (ns):          13.887
  Operating Conditions: slow_lv_ht

Path 57
  From: FIC_0_PERIPHERALS_0/security_core_0/dec/t[0]:CLK
  To:   FIC_0_PERIPHERALS_0/security_core_0/dec/s[2][105]:D
  Delay (ns):              3.925
  Slack (ns):              3.854
  Arrival (ns):            9.978
  Required (ns):          13.832
  Operating Conditions: slow_lv_ht

Path 58
  From: FIC_0_PERIPHERALS_0/DMA_CONTROLLER_inst_0/DMA_CONTROLLER_0/U_AXI4INITIATORDMACtrl/wrByteCnt[1]:CLK
  To:   FIC_0_PERIPHERALS_0/DMA_CONTROLLER_inst_0/DMA_CONTROLLER_0/U_AXI4INITIATORDMACtrl/AWLENReg[5]:D
  Delay (ns):              3.938
  Slack (ns):              3.856
  Arrival (ns):           10.007
  Required (ns):          13.863
  Operating Conditions: slow_lv_ht

Path 59
  From: FIC_0_PERIPHERALS_0/DMA_CONTROLLER_inst_0/DMA_CONTROLLER_0/U_AXI4INITIATORDMACtrl/dstNumOfBytesInRdReg[4]:CLK
  To:   FIC_0_PERIPHERALS_0/DMA_CONTROLLER_inst_0/DMA_CONTROLLER_0/U_AXI4INITIATORDMACtrl/beatsInWrBurst[2]:D
  Delay (ns):              3.958
  Slack (ns):              3.858
  Arrival (ns):           10.020
  Required (ns):          13.878
  Operating Conditions: slow_lv_ht

Path 60
  From: FIC_0_PERIPHERALS_0/FIC0_INITIATOR_inst_0/FIC0_INITIATOR_0/axicb/cb.awcon/mstctrlBlk[0].mstctrl/trnscon/genblk3[2].activeThreadMask[2]:CLK
  To:   FIC_0_PERIPHERALS_0/FIC0_INITIATOR_inst_0/FIC0_INITIATOR_0/MstConvertor_loop[0].mstrconv/rgsl/genblk1.awrs/sDat[25]:EN
  Delay (ns):              3.846
  Slack (ns):              3.859
  Arrival (ns):            9.911
  Required (ns):          13.770
  Operating Conditions: slow_lv_ht

Path 61
  From: FIC_0_PERIPHERALS_0/FIC0_INITIATOR_inst_0/FIC0_INITIATOR_0/axicb/cb.awcon/mstctrlBlk[0].mstctrl/trnscon/genblk3[2].activeThreadMask[2]:CLK
  To:   FIC_0_PERIPHERALS_0/FIC0_INITIATOR_inst_0/FIC0_INITIATOR_0/MstConvertor_loop[0].mstrconv/rgsl/genblk1.awrs/sDat[18]:EN
  Delay (ns):              3.846
  Slack (ns):              3.859
  Arrival (ns):            9.911
  Required (ns):          13.770
  Operating Conditions: slow_lv_ht

Path 62
  From: FIC_0_PERIPHERALS_0/FIC0_INITIATOR_inst_0/FIC0_INITIATOR_0/axicb/cb.awcon/mstctrlBlk[0].mstctrl/trnscon/genblk3[2].activeThreadMask[2]:CLK
  To:   FIC_0_PERIPHERALS_0/FIC0_INITIATOR_inst_0/FIC0_INITIATOR_0/MstConvertor_loop[0].mstrconv/rgsl/genblk1.awrs/sDat[24]:EN
  Delay (ns):              3.845
  Slack (ns):              3.860
  Arrival (ns):            9.910
  Required (ns):          13.770
  Operating Conditions: slow_lv_ht

Path 63
  From: FIC_0_PERIPHERALS_0/security_core_0/dec/t[1]:CLK
  To:   FIC_0_PERIPHERALS_0/security_core_0/dec/s[2][9]:D
  Delay (ns):              3.957
  Slack (ns):              3.861
  Arrival (ns):           10.010
  Required (ns):          13.871
  Operating Conditions: slow_lv_ht

Path 64
  From: FIC_0_PERIPHERALS_0/security_core_0/dec/t[1]:CLK
  To:   FIC_0_PERIPHERALS_0/security_core_0/dec/byte_i[2][7]:D
  Delay (ns):              3.972
  Slack (ns):              3.861
  Arrival (ns):           10.025
  Required (ns):          13.886
  Operating Conditions: slow_lv_ht

Path 65
  From: FIC_0_PERIPHERALS_0/security_core_0/dec/t[1]:CLK
  To:   FIC_0_PERIPHERALS_0/security_core_0/dec/s[2][92]:D
  Delay (ns):              3.954
  Slack (ns):              3.863
  Arrival (ns):           10.007
  Required (ns):          13.870
  Operating Conditions: slow_lv_ht

Path 66
  From: FIC_0_PERIPHERALS_0/security_core_0/dec/t[1]:CLK
  To:   FIC_0_PERIPHERALS_0/security_core_0/dec/s[2][126]:D
  Delay (ns):              3.970
  Slack (ns):              3.863
  Arrival (ns):           10.023
  Required (ns):          13.886
  Operating Conditions: slow_lv_ht

Path 67
  From: FIC_0_PERIPHERALS_0/DMA_CONTROLLER_inst_0/DMA_CONTROLLER_0/U_AXI4INITIATORDMACtrl/dstNumOfBytesInRdReg[4]:CLK
  To:   FIC_0_PERIPHERALS_0/DMA_CONTROLLER_inst_0/DMA_CONTROLLER_0/U_AXI4INITIATORDMACtrl/beatsInWrBurst[4]:D
  Delay (ns):              3.953
  Slack (ns):              3.863
  Arrival (ns):           10.015
  Required (ns):          13.878
  Operating Conditions: slow_lv_ht

Path 68
  From: FIC_0_PERIPHERALS_0/DMA_CONTROLLER_inst_0/DMA_CONTROLLER_0/U_DMAController/DMATranCtrl/numOfBytesInRdReg[0]_U_DMAController.DMATranCtrl.numOfBytesInRdReg[0]_ram1_[6]:CLK
  To:   FIC_0_PERIPHERALS_0/DMA_CONTROLLER_inst_0/DMA_CONTROLLER_0/U_DMAController/DMATranCtrl/rdTranQueue_inst/reqCnt_Z[1]:D
  Delay (ns):              3.941
  Slack (ns):              3.865
  Arrival (ns):            9.996
  Required (ns):          13.861
  Operating Conditions: slow_lv_ht

Path 69
  From: FIC_0_PERIPHERALS_0/DMA_CONTROLLER_inst_0/DMA_CONTROLLER_0/U_DMAController/DMATranCtrl/intErrorCtrl_inst/rdCache1Sel:CLK
  To:   FIC_0_PERIPHERALS_0/DMA_CONTROLLER_inst_0/DMA_CONTROLLER_0/U_DMAController/DMATranCtrl/rdTranQueue_inst/reqCnt_Z[1]:D
  Delay (ns):              3.925
  Slack (ns):              3.865
  Arrival (ns):            9.996
  Required (ns):          13.861
  Operating Conditions: slow_lv_ht

Path 70
  From: FIC_0_PERIPHERALS_0/security_core_0/dec/t[2]:CLK
  To:   FIC_0_PERIPHERALS_0/security_core_0/dec/s[2][105]:D
  Delay (ns):              3.912
  Slack (ns):              3.867
  Arrival (ns):            9.965
  Required (ns):          13.832
  Operating Conditions: slow_lv_ht

Path 71
  From: MSS_WRAPPER_0/MPFS_DISCOVERY_KIT_MSS_0/I_MSS:FIC_3_PCLK
  To:   MSS_WRAPPER_0/MPFS_DISCOVERY_KIT_MSS_0/I_MSS:FIC_3_APB_M_PRDATA[3]
  Delay (ns):              6.068
  Slack (ns):              3.870
  Arrival (ns):           13.082
  Required (ns):          16.952
  Operating Conditions: slow_lv_ht

Path 72
  From: FIC_0_PERIPHERALS_0/security_core_0/key_expansion/t_rep[5]:CLK
  To:   FIC_0_PERIPHERALS_0/security_core_0/key_expansion/w[2][7][10]:D
  Delay (ns):              3.901
  Slack (ns):              3.872
  Arrival (ns):            9.982
  Required (ns):          13.854
  Operating Conditions: slow_lv_ht

Path 73
  From: FIC_0_PERIPHERALS_0/FIC0_INITIATOR_inst_0/FIC0_INITIATOR_0/MstConvertor_loop[0].mstrconv/rgsl/genblk1.awrs/sDat[67]:CLK
  To:   FIC_0_PERIPHERALS_0/FIC0_INITIATOR_inst_0/FIC0_INITIATOR_0/MstConvertor_loop[0].mstrconv/rgsl/genblk1.awrs/sDat[25]:EN
  Delay (ns):              3.856
  Slack (ns):              3.872
  Arrival (ns):            9.923
  Required (ns):          13.795
  Operating Conditions: slow_lv_ht

Path 74
  From: FIC_0_PERIPHERALS_0/FIC0_INITIATOR_inst_0/FIC0_INITIATOR_0/MstConvertor_loop[0].mstrconv/rgsl/genblk1.awrs/sDat[67]:CLK
  To:   FIC_0_PERIPHERALS_0/FIC0_INITIATOR_inst_0/FIC0_INITIATOR_0/MstConvertor_loop[0].mstrconv/rgsl/genblk1.awrs/sDat[18]:EN
  Delay (ns):              3.856
  Slack (ns):              3.872
  Arrival (ns):            9.923
  Required (ns):          13.795
  Operating Conditions: slow_lv_ht

Path 75
  From: FIC_0_PERIPHERALS_0/FIC0_INITIATOR_inst_0/FIC0_INITIATOR_0/MstConvertor_loop[0].mstrconv/rgsl/genblk1.awrs/sDat[67]:CLK
  To:   FIC_0_PERIPHERALS_0/FIC0_INITIATOR_inst_0/FIC0_INITIATOR_0/MstConvertor_loop[0].mstrconv/rgsl/genblk1.awrs/sDat[24]:EN
  Delay (ns):              3.855
  Slack (ns):              3.873
  Arrival (ns):            9.922
  Required (ns):          13.795
  Operating Conditions: slow_lv_ht

Path 76
  From: FIC_0_PERIPHERALS_0/security_core_0/dec/t[1]:CLK
  To:   FIC_0_PERIPHERALS_0/security_core_0/dec/s[2][25]:D
  Delay (ns):              3.926
  Slack (ns):              3.874
  Arrival (ns):            9.979
  Required (ns):          13.853
  Operating Conditions: slow_lv_ht

Path 77
  From: FIC_0_PERIPHERALS_0/security_core_0/key_expansion/t_rep[5]:CLK
  To:   FIC_0_PERIPHERALS_0/security_core_0/key_expansion/w[2][6][10]:D
  Delay (ns):              3.898
  Slack (ns):              3.875
  Arrival (ns):            9.979
  Required (ns):          13.854
  Operating Conditions: slow_lv_ht

Path 78
  From: FIC_0_PERIPHERALS_0/DMA_CONTROLLER_inst_0/DMA_CONTROLLER_0/U_AXI4INITIATORDMACtrl/dstNumOfBytesInRdReg[15]:CLK
  To:   FIC_0_PERIPHERALS_0/DMA_CONTROLLER_inst_0/DMA_CONTROLLER_0/U_AXI4INITIATORDMACtrl/wrByteCnt[9]:D
  Delay (ns):              3.954
  Slack (ns):              3.878
  Arrival (ns):           10.016
  Required (ns):          13.894
  Operating Conditions: slow_lv_ht

Path 79
  From: FIC_0_PERIPHERALS_0/security_core_0/dec/t[1]:CLK
  To:   FIC_0_PERIPHERALS_0/security_core_0/dec/s[2][38]:D
  Delay (ns):              3.965
  Slack (ns):              3.879
  Arrival (ns):           10.018
  Required (ns):          13.897
  Operating Conditions: slow_lv_ht

Path 80
  From: FIC_0_PERIPHERALS_0/security_core_0/dec/t[1]:CLK
  To:   FIC_0_PERIPHERALS_0/security_core_0/dec/byte_i[2][5]:D
  Delay (ns):              3.950
  Slack (ns):              3.879
  Arrival (ns):           10.003
  Required (ns):          13.882
  Operating Conditions: slow_lv_ht

Path 81
  From: FIC_0_PERIPHERALS_0/DMA_CONTROLLER_inst_0/DMA_CONTROLLER_0/U_AXI4INITIATORDMACtrl/dstNumOfBytesInRdReg[7]:CLK
  To:   FIC_0_PERIPHERALS_0/DMA_CONTROLLER_inst_0/DMA_CONTROLLER_0/U_AXI4INITIATORDMACtrl/AWLENReg[0]:D
  Delay (ns):              3.922
  Slack (ns):              3.879
  Arrival (ns):            9.984
  Required (ns):          13.863
  Operating Conditions: slow_lv_ht

Path 82
  From: FIC_0_PERIPHERALS_0/DMA_CONTROLLER_inst_0/DMA_CONTROLLER_0/U_AXI4INITIATORDMACtrl/dstNumOfBytesInRdReg[15]:CLK
  To:   FIC_0_PERIPHERALS_0/DMA_CONTROLLER_inst_0/DMA_CONTROLLER_0/U_AXI4INITIATORDMACtrl/wrByteCnt[4]:D
  Delay (ns):              3.944
  Slack (ns):              3.881
  Arrival (ns):           10.006
  Required (ns):          13.887
  Operating Conditions: slow_lv_ht

Path 83
  From: FIC_0_PERIPHERALS_0/DMA_CONTROLLER_inst_0/DMA_CONTROLLER_0/U_AXI4INITIATORDMACtrl/wrByteCnt[0]:CLK
  To:   FIC_0_PERIPHERALS_0/DMA_CONTROLLER_inst_0/DMA_CONTROLLER_0/U_AXI4INITIATORDMACtrl/AWLENReg[0]:D
  Delay (ns):              3.912
  Slack (ns):              3.882
  Arrival (ns):            9.981
  Required (ns):          13.863
  Operating Conditions: slow_lv_ht

Path 84
  From: FIC_0_PERIPHERALS_0/security_core_0/key_expansion/t_rep[5]:CLK
  To:   FIC_0_PERIPHERALS_0/security_core_0/key_expansion/w[2][2][10]:D
  Delay (ns):              3.887
  Slack (ns):              3.886
  Arrival (ns):            9.968
  Required (ns):          13.854
  Operating Conditions: slow_lv_ht

Path 85
  From: FIC_0_PERIPHERALS_0/security_core_0/dec/t[1]:CLK
  To:   FIC_0_PERIPHERALS_0/security_core_0/dec/s[2][12]:D
  Delay (ns):              3.931
  Slack (ns):              3.886
  Arrival (ns):            9.984
  Required (ns):          13.870
  Operating Conditions: slow_lv_ht

Path 86
  From: MSS_WRAPPER_0/MPFS_DISCOVERY_KIT_MSS_0/I_MSS:FIC_3_PCLK
  To:   MSS_WRAPPER_0/MPFS_DISCOVERY_KIT_MSS_0/I_MSS:FIC_3_APB_M_PRDATA[4]
  Delay (ns):              6.036
  Slack (ns):              3.887
  Arrival (ns):           13.050
  Required (ns):          16.937
  Operating Conditions: slow_lv_ht

Path 87
  From: FIC_0_PERIPHERALS_0/security_core_0/key_expansion/t_rep[5]:CLK
  To:   FIC_0_PERIPHERALS_0/security_core_0/key_expansion/w[2][5][10]:D
  Delay (ns):              3.886
  Slack (ns):              3.887
  Arrival (ns):            9.967
  Required (ns):          13.854
  Operating Conditions: slow_lv_ht

Path 88
  From: FIC_0_PERIPHERALS_0/DMA_CONTROLLER_inst_0/DMA_CONTROLLER_0/U_AXI4INITIATORDMACtrl/dstNumOfBytesInRdReg[7]:CLK
  To:   FIC_0_PERIPHERALS_0/DMA_CONTROLLER_inst_0/DMA_CONTROLLER_0/U_AXI4INITIATORDMACtrl/AWLENReg[5]:D
  Delay (ns):              3.914
  Slack (ns):              3.887
  Arrival (ns):            9.976
  Required (ns):          13.863
  Operating Conditions: slow_lv_ht

Path 89
  From: FIC_0_PERIPHERALS_0/security_core_0/dec/t[3]:CLK
  To:   FIC_0_PERIPHERALS_0/security_core_0/dec/s[2][38]:D
  Delay (ns):              3.954
  Slack (ns):              3.890
  Arrival (ns):           10.007
  Required (ns):          13.897
  Operating Conditions: slow_lv_ht

Path 90
  From: FIC_0_PERIPHERALS_0/DMA_CONTROLLER_inst_0/DMA_CONTROLLER_0/U_AXI4INITIATORDMACtrl/wrByteCnt[0]:CLK
  To:   FIC_0_PERIPHERALS_0/DMA_CONTROLLER_inst_0/DMA_CONTROLLER_0/U_AXI4INITIATORDMACtrl/AWLENReg[5]:D
  Delay (ns):              3.904
  Slack (ns):              3.890
  Arrival (ns):            9.973
  Required (ns):          13.863
  Operating Conditions: slow_lv_ht

Path 91
  From: FIC_0_PERIPHERALS_0/security_core_0/dec/t[0]:CLK
  To:   FIC_0_PERIPHERALS_0/security_core_0/dec/s[2][109]:D
  Delay (ns):              3.891
  Slack (ns):              3.891
  Arrival (ns):            9.944
  Required (ns):          13.835
  Operating Conditions: slow_lv_ht

Path 92
  From: FIC_0_PERIPHERALS_0/security_core_0/dec/t[1]:CLK
  To:   FIC_0_PERIPHERALS_0/security_core_0/dec/s[2][42]:D
  Delay (ns):              3.940
  Slack (ns):              3.892
  Arrival (ns):            9.993
  Required (ns):          13.885
  Operating Conditions: slow_lv_ht

Path 93
  From: FIC_0_PERIPHERALS_0/security_core_0/dec/t[3]:CLK
  To:   FIC_0_PERIPHERALS_0/security_core_0/dec/s[2][84]:D
  Delay (ns):              3.940
  Slack (ns):              3.893
  Arrival (ns):            9.993
  Required (ns):          13.886
  Operating Conditions: slow_lv_ht

Path 94
  From: FIC_0_PERIPHERALS_0/security_core_0/dec/t[1]:CLK
  To:   FIC_0_PERIPHERALS_0/security_core_0/dec/s[2][6]:D
  Delay (ns):              3.940
  Slack (ns):              3.893
  Arrival (ns):            9.993
  Required (ns):          13.886
  Operating Conditions: slow_lv_ht

Path 95
  From: FIC_0_PERIPHERALS_0/security_core_0/dec/t[1]:CLK
  To:   FIC_0_PERIPHERALS_0/security_core_0/dec/s[2][14]:D
  Delay (ns):              3.913
  Slack (ns):              3.894
  Arrival (ns):            9.966
  Required (ns):          13.860
  Operating Conditions: slow_lv_ht

Path 96
  From: FIC_0_PERIPHERALS_0/security_core_0/dec/t[3]:CLK
  To:   FIC_0_PERIPHERALS_0/security_core_0/dec/s[2][28]:D
  Delay (ns):              3.948
  Slack (ns):              3.895
  Arrival (ns):           10.001
  Required (ns):          13.896
  Operating Conditions: slow_lv_ht

Path 97
  From: FIC_0_PERIPHERALS_0/security_core_0/dec/t[1]:CLK
  To:   FIC_0_PERIPHERALS_0/security_core_0/dec/s[2][73]:D
  Delay (ns):              3.903
  Slack (ns):              3.897
  Arrival (ns):            9.956
  Required (ns):          13.853
  Operating Conditions: slow_lv_ht

Path 98
  From: FIC_0_PERIPHERALS_0/DMA_CONTROLLER_inst_0/DMA_CONTROLLER_0/U_AXI4INITIATORDMACtrl/dstNumOfBytesInRdReg[4]:CLK
  To:   FIC_0_PERIPHERALS_0/DMA_CONTROLLER_inst_0/DMA_CONTROLLER_0/U_AXI4INITIATORDMACtrl/AWLENReg[2]:D
  Delay (ns):              3.908
  Slack (ns):              3.897
  Arrival (ns):            9.970
  Required (ns):          13.867
  Operating Conditions: slow_lv_ht

Path 99
  From: FIC_0_PERIPHERALS_0/security_core_0/dec/t[1]:CLK
  To:   FIC_0_PERIPHERALS_0/security_core_0/dec/s[2][77]:D
  Delay (ns):              3.904
  Slack (ns):              3.898
  Arrival (ns):            9.957
  Required (ns):          13.855
  Operating Conditions: slow_lv_ht

Path 100
  From: FIC_0_PERIPHERALS_0/security_core_0/dec/t[1]:CLK
  To:   FIC_0_PERIPHERALS_0/security_core_0/dec/s[2][19]:D
  Delay (ns):              3.883
  Slack (ns):              3.898
  Arrival (ns):            9.936
  Required (ns):          13.834
  Operating Conditions: slow_lv_ht

