Timing Violation Report Max Delay Analysis

SmartTime Version 2025.2
Microchip Technology Inc. - Microchip Libero Software Release 2025.2 (Version 2025.2.0.14)
Date: Fri Mar 13 00:14:25 2026


Design: MPFS_DISCOVERY_KIT
Family: PolarFireSoC
Die: MPFS095T
Package: FCSG325
Temperature Range: 0 - 100 C
Voltage Range: 0.97 - 1.03 V
Speed Grade: -1
Design State: Post-Layout
Data source: Production
Multi Corner Report Operating Conditions: slow_lv_lt,fast_hv_lt,slow_lv_ht


Path 1
  From: FIC_0_PERIPHERALS_0/FIC0_INITIATOR_inst_0/FIC0_INITIATOR_0/MstConvertor_loop[0].mstrconv/rgsl/genblk1.awrs/sDat[70]:CLK
  To:   FIC_0_PERIPHERALS_0/FIC0_INITIATOR_inst_0/FIC0_INITIATOR_0/MstConvertor_loop[0].mstrconv/rgsl/genblk1.awrs/sDat[55]:EN
  Delay (ns):              3.820
  Slack (ns):              3.842
  Arrival (ns):            9.890
  Required (ns):          13.732
  Operating Conditions: slow_lv_ht

Path 2
  From: FIC_0_PERIPHERALS_0/FIC0_INITIATOR_inst_0/FIC0_INITIATOR_0/MstConvertor_loop[0].mstrconv/rgsl/genblk1.awrs/sDat[70]:CLK
  To:   FIC_0_PERIPHERALS_0/FIC0_INITIATOR_inst_0/FIC0_INITIATOR_0/MstConvertor_loop[0].mstrconv/rgsl/genblk1.awrs/sDat[50]:EN
  Delay (ns):              3.820
  Slack (ns):              3.842
  Arrival (ns):            9.890
  Required (ns):          13.732
  Operating Conditions: slow_lv_ht

Path 3
  From: FIC_0_PERIPHERALS_0/FIC0_INITIATOR_inst_0/FIC0_INITIATOR_0/MstConvertor_loop[0].mstrconv/rgsl/genblk1.awrs/sDat[70]:CLK
  To:   FIC_0_PERIPHERALS_0/FIC0_INITIATOR_inst_0/FIC0_INITIATOR_0/MstConvertor_loop[0].mstrconv/rgsl/genblk1.awrs/sDat[49]:EN
  Delay (ns):              3.820
  Slack (ns):              3.842
  Arrival (ns):            9.890
  Required (ns):          13.732
  Operating Conditions: slow_lv_ht

Path 4
  From: FIC_0_PERIPHERALS_0/FIC0_INITIATOR_inst_0/FIC0_INITIATOR_0/MstConvertor_loop[0].mstrconv/rgsl/genblk1.awrs/sDat[70]:CLK
  To:   FIC_0_PERIPHERALS_0/FIC0_INITIATOR_inst_0/FIC0_INITIATOR_0/MstConvertor_loop[0].mstrconv/rgsl/genblk1.awrs/sDat[61]:EN
  Delay (ns):              3.819
  Slack (ns):              3.843
  Arrival (ns):            9.889
  Required (ns):          13.732
  Operating Conditions: slow_lv_ht

Path 5
  From: FIC_0_PERIPHERALS_0/FIC0_INITIATOR_inst_0/FIC0_INITIATOR_0/MstConvertor_loop[0].mstrconv/rgsl/genblk1.awrs/sDat[70]:CLK
  To:   FIC_0_PERIPHERALS_0/FIC0_INITIATOR_inst_0/FIC0_INITIATOR_0/MstConvertor_loop[0].mstrconv/rgsl/genblk1.awrs/sDat[51]:EN
  Delay (ns):              3.819
  Slack (ns):              3.843
  Arrival (ns):            9.889
  Required (ns):          13.732
  Operating Conditions: slow_lv_ht

Path 6
  From: FIC_0_PERIPHERALS_0/security_core_0/key_expansion/t[1]:CLK
  To:   FIC_0_PERIPHERALS_0/security_core_0/key_expansion/w[2][57][15]:D
  Delay (ns):              3.839
  Slack (ns):              3.898
  Arrival (ns):            9.921
  Required (ns):          13.819
  Operating Conditions: slow_lv_ht

Path 7
  From: FIC_0_PERIPHERALS_0/security_core_0/key_expansion/t[1]:CLK
  To:   FIC_0_PERIPHERALS_0/security_core_0/key_expansion/w[2][26][15]:D
  Delay (ns):              3.838
  Slack (ns):              3.899
  Arrival (ns):            9.920
  Required (ns):          13.819
  Operating Conditions: slow_lv_ht

Path 8
  From: FIC_0_PERIPHERALS_0/security_core_0/key_expansion/t[1]:CLK
  To:   FIC_0_PERIPHERALS_0/security_core_0/key_expansion/w[2][25][15]:D
  Delay (ns):              3.838
  Slack (ns):              3.899
  Arrival (ns):            9.920
  Required (ns):          13.819
  Operating Conditions: slow_lv_ht

Path 9
  From: FIC_0_PERIPHERALS_0/FIC0_INITIATOR_inst_0/FIC0_INITIATOR_0/MstConvertor_loop[0].mstrconv/rgsl/genblk1.awrs/sDat[70]:CLK
  To:   FIC_0_PERIPHERALS_0/FIC0_INITIATOR_inst_0/FIC0_INITIATOR_0/axicb/cb.awcon/trgmx/slaveAVALID[0]:D
  Delay (ns):              3.911
  Slack (ns):              3.901
  Arrival (ns):            9.981
  Required (ns):          13.882
  Operating Conditions: slow_lv_ht

Path 10
  From: FIC_0_PERIPHERALS_0/FIC0_INITIATOR_inst_0/FIC0_INITIATOR_0/MstConvertor_loop[0].mstrconv/rgsl/genblk1.awrs/sDat[69]:CLK
  To:   FIC_0_PERIPHERALS_0/FIC0_INITIATOR_inst_0/FIC0_INITIATOR_0/MstConvertor_loop[0].mstrconv/rgsl/genblk1.awrs/sDat[55]:EN
  Delay (ns):              3.764
  Slack (ns):              3.901
  Arrival (ns):            9.831
  Required (ns):          13.732
  Operating Conditions: slow_lv_ht

Path 11
  From: FIC_0_PERIPHERALS_0/FIC0_INITIATOR_inst_0/FIC0_INITIATOR_0/MstConvertor_loop[0].mstrconv/rgsl/genblk1.awrs/sDat[69]:CLK
  To:   FIC_0_PERIPHERALS_0/FIC0_INITIATOR_inst_0/FIC0_INITIATOR_0/MstConvertor_loop[0].mstrconv/rgsl/genblk1.awrs/sDat[50]:EN
  Delay (ns):              3.764
  Slack (ns):              3.901
  Arrival (ns):            9.831
  Required (ns):          13.732
  Operating Conditions: slow_lv_ht

Path 12
  From: FIC_0_PERIPHERALS_0/FIC0_INITIATOR_inst_0/FIC0_INITIATOR_0/MstConvertor_loop[0].mstrconv/rgsl/genblk1.awrs/sDat[69]:CLK
  To:   FIC_0_PERIPHERALS_0/FIC0_INITIATOR_inst_0/FIC0_INITIATOR_0/MstConvertor_loop[0].mstrconv/rgsl/genblk1.awrs/sDat[49]:EN
  Delay (ns):              3.764
  Slack (ns):              3.901
  Arrival (ns):            9.831
  Required (ns):          13.732
  Operating Conditions: slow_lv_ht

Path 13
  From: FIC_0_PERIPHERALS_0/FIC0_INITIATOR_inst_0/FIC0_INITIATOR_0/MstConvertor_loop[0].mstrconv/rgsl/genblk1.awrs/sDat[69]:CLK
  To:   FIC_0_PERIPHERALS_0/FIC0_INITIATOR_inst_0/FIC0_INITIATOR_0/MstConvertor_loop[0].mstrconv/rgsl/genblk1.awrs/sDat[61]:EN
  Delay (ns):              3.763
  Slack (ns):              3.902
  Arrival (ns):            9.830
  Required (ns):          13.732
  Operating Conditions: slow_lv_ht

Path 14
  From: FIC_0_PERIPHERALS_0/FIC0_INITIATOR_inst_0/FIC0_INITIATOR_0/MstConvertor_loop[0].mstrconv/rgsl/genblk1.awrs/sDat[69]:CLK
  To:   FIC_0_PERIPHERALS_0/FIC0_INITIATOR_inst_0/FIC0_INITIATOR_0/MstConvertor_loop[0].mstrconv/rgsl/genblk1.awrs/sDat[51]:EN
  Delay (ns):              3.763
  Slack (ns):              3.902
  Arrival (ns):            9.830
  Required (ns):          13.732
  Operating Conditions: slow_lv_ht

Path 15
  From: FIC_0_PERIPHERALS_0/DMA_CONTROLLER_inst_0/DMA_CONTROLLER_0/U_AXI4INITIATORDMACtrl/dstNumOfBytesInRdReg[1]:CLK
  To:   FIC_0_PERIPHERALS_0/DMA_CONTROLLER_inst_0/DMA_CONTROLLER_0/U_AXI4INITIATORDMACtrl/AWLENReg[3]:D
  Delay (ns):              3.849
  Slack (ns):              3.909
  Arrival (ns):            9.905
  Required (ns):          13.814
  Operating Conditions: slow_lv_ht

Path 16
  From: FIC_0_PERIPHERALS_0/security_core_0/dec/t[2]:CLK
  To:   FIC_0_PERIPHERALS_0/security_core_0/dec/s[2][74]:D
  Delay (ns):              3.892
  Slack (ns):              3.910
  Arrival (ns):            9.974
  Required (ns):          13.884
  Operating Conditions: slow_lv_ht

Path 17
  From: FIC_0_PERIPHERALS_0/FIC0_INITIATOR_inst_0/FIC0_INITIATOR_0/MstConvertor_loop[0].mstrconv/rgsl/genblk1.awrs/sDat[70]:CLK
  To:   FIC_0_PERIPHERALS_0/FIC0_INITIATOR_inst_0/FIC0_INITIATOR_0/axicb/cb.awcon/trgmx/slaveAVALID[2]:D
  Delay (ns):              3.889
  Slack (ns):              3.923
  Arrival (ns):            9.959
  Required (ns):          13.882
  Operating Conditions: slow_lv_ht

Path 18
  From: FIC_0_PERIPHERALS_0/security_core_0/key_expansion/t[1]:CLK
  To:   FIC_0_PERIPHERALS_0/security_core_0/key_expansion/w[2][58][15]:D
  Delay (ns):              3.803
  Slack (ns):              3.931
  Arrival (ns):            9.885
  Required (ns):          13.816
  Operating Conditions: slow_lv_ht

Path 19
  From: FIC_0_PERIPHERALS_0/FIC0_INITIATOR_inst_0/FIC0_INITIATOR_0/MstConvertor_loop[0].mstrconv/rgsl/genblk1.awrs/sDat[70]:CLK
  To:   FIC_0_PERIPHERALS_0/FIC0_INITIATOR_inst_0/FIC0_INITIATOR_0/MstConvertor_loop[0].mstrconv/rgsl/genblk1.awrs/sDat[65]:EN
  Delay (ns):              3.729
  Slack (ns):              3.931
  Arrival (ns):            9.799
  Required (ns):          13.730
  Operating Conditions: slow_lv_ht

Path 20
  From: FIC_0_PERIPHERALS_0/DMA_CONTROLLER_inst_0/DMA_CONTROLLER_0/U_AXI4INITIATORDMACtrl/dstNumOfBytesInRdReg[1]:CLK
  To:   FIC_0_PERIPHERALS_0/DMA_CONTROLLER_inst_0/DMA_CONTROLLER_0/U_AXI4INITIATORDMACtrl/AWLENReg[2]:D
  Delay (ns):              3.827
  Slack (ns):              3.931
  Arrival (ns):            9.883
  Required (ns):          13.814
  Operating Conditions: slow_lv_ht

Path 21
  From: FIC_0_PERIPHERALS_0/FIC0_INITIATOR_inst_0/FIC0_INITIATOR_0/SlvConvertor_loop[0].slvcnv/slvProtConv/genblk1.u_AXILtePC/SlvPCWr/wrLenFif/genblk1.DPRam/mem_mem_0_0/INST_RAM1K20_IP:A_CLK
  To:   FIC_0_PERIPHERALS_0/FIC0_INITIATOR_inst_0/FIC0_INITIATOR_0/SlvConvertor_loop[0].slvcnv/slvProtConv/genblk1.u_AXILtePC/SlvPCWr/countResp[6]:EN
  Delay (ns):              3.582
  Slack (ns):              3.936
  Arrival (ns):            9.821
  Required (ns):          13.757
  Operating Conditions: slow_lv_ht

Path 22
  From: FIC_0_PERIPHERALS_0/FIC0_INITIATOR_inst_0/FIC0_INITIATOR_0/SlvConvertor_loop[0].slvcnv/slvProtConv/genblk1.u_AXILtePC/SlvPCWr/wrLenFif/genblk1.DPRam/mem_mem_0_0/INST_RAM1K20_IP:A_CLK
  To:   FIC_0_PERIPHERALS_0/FIC0_INITIATOR_inst_0/FIC0_INITIATOR_0/SlvConvertor_loop[0].slvcnv/slvProtConv/genblk1.u_AXILtePC/SlvPCWr/countResp[4]:EN
  Delay (ns):              3.582
  Slack (ns):              3.936
  Arrival (ns):            9.821
  Required (ns):          13.757
  Operating Conditions: slow_lv_ht

Path 23
  From: FIC_0_PERIPHERALS_0/FIC0_INITIATOR_inst_0/FIC0_INITIATOR_0/SlvConvertor_loop[0].slvcnv/slvProtConv/genblk1.u_AXILtePC/SlvPCWr/wrLenFif/genblk1.DPRam/mem_mem_0_0/INST_RAM1K20_IP:A_CLK
  To:   FIC_0_PERIPHERALS_0/FIC0_INITIATOR_inst_0/FIC0_INITIATOR_0/SlvConvertor_loop[0].slvcnv/slvProtConv/genblk1.u_AXILtePC/SlvPCWr/countResp[2]:EN
  Delay (ns):              3.582
  Slack (ns):              3.936
  Arrival (ns):            9.821
  Required (ns):          13.757
  Operating Conditions: slow_lv_ht

Path 24
  From: FIC_0_PERIPHERALS_0/FIC0_INITIATOR_inst_0/FIC0_INITIATOR_0/SlvConvertor_loop[0].slvcnv/slvProtConv/genblk1.u_AXILtePC/SlvPCWr/wrLenFif/genblk1.DPRam/mem_mem_0_0/INST_RAM1K20_IP:A_CLK
  To:   FIC_0_PERIPHERALS_0/FIC0_INITIATOR_inst_0/FIC0_INITIATOR_0/SlvConvertor_loop[0].slvcnv/slvProtConv/genblk1.u_AXILtePC/SlvPCWr/countResp[1]:EN
  Delay (ns):              3.583
  Slack (ns):              3.936
  Arrival (ns):            9.822
  Required (ns):          13.758
  Operating Conditions: slow_lv_ht

Path 25
  From: FIC_0_PERIPHERALS_0/DMA_CONTROLLER_inst_0/DMA_CONTROLLER_0/U_AXI4INITIATORDMACtrl/wrByteCnt[2]:CLK
  To:   FIC_0_PERIPHERALS_0/DMA_CONTROLLER_inst_0/DMA_CONTROLLER_0/U_AXI4INITIATORDMACtrl/AWLENReg[3]:D
  Delay (ns):              3.818
  Slack (ns):              3.936
  Arrival (ns):            9.878
  Required (ns):          13.814
  Operating Conditions: slow_lv_ht

Path 26
  From: FIC_0_PERIPHERALS_0/FIC0_INITIATOR_inst_0/FIC0_INITIATOR_0/MstConvertor_loop[0].mstrconv/rgsl/genblk1.awrs/sDat[70]:CLK
  To:   FIC_0_PERIPHERALS_0/FIC0_INITIATOR_inst_0/FIC0_INITIATOR_0/MstConvertor_loop[0].mstrconv/rgsl/genblk1.awrs/sDat[60]:EN
  Delay (ns):              3.718
  Slack (ns):              3.942
  Arrival (ns):            9.788
  Required (ns):          13.730
  Operating Conditions: slow_lv_ht

Path 27
  From: FIC_0_PERIPHERALS_0/FIC0_INITIATOR_inst_0/FIC0_INITIATOR_0/MstConvertor_loop[0].mstrconv/rgsl/genblk1.awrs/sDat[70]:CLK
  To:   FIC_0_PERIPHERALS_0/FIC0_INITIATOR_inst_0/FIC0_INITIATOR_0/MstConvertor_loop[0].mstrconv/rgsl/genblk1.awrs/sDat[58]:EN
  Delay (ns):              3.718
  Slack (ns):              3.942
  Arrival (ns):            9.788
  Required (ns):          13.730
  Operating Conditions: slow_lv_ht

Path 28
  From: FIC_0_PERIPHERALS_0/FIC0_INITIATOR_inst_0/FIC0_INITIATOR_0/MstConvertor_loop[0].mstrconv/rgsl/genblk1.awrs/sDat[70]:CLK
  To:   FIC_0_PERIPHERALS_0/FIC0_INITIATOR_inst_0/FIC0_INITIATOR_0/MstConvertor_loop[0].mstrconv/rgsl/genblk1.awrs/sDat[62]:EN
  Delay (ns):              3.717
  Slack (ns):              3.943
  Arrival (ns):            9.787
  Required (ns):          13.730
  Operating Conditions: slow_lv_ht

Path 29
  From: FIC_0_PERIPHERALS_0/security_core_0/dec/t[2]:CLK
  To:   FIC_0_PERIPHERALS_0/security_core_0/dec/s[2][33]:D
  Delay (ns):              3.849
  Slack (ns):              3.944
  Arrival (ns):            9.931
  Required (ns):          13.875
  Operating Conditions: slow_lv_ht

Path 30
  From: FIC_0_PERIPHERALS_0/security_core_0/dec/t[2]:CLK
  To:   FIC_0_PERIPHERALS_0/security_core_0/dec/s[2][76]:D
  Delay (ns):              3.798
  Slack (ns):              3.945
  Arrival (ns):            9.880
  Required (ns):          13.825
  Operating Conditions: slow_lv_ht

Path 31
  From: FIC_0_PERIPHERALS_0/DMA_CONTROLLER_inst_0/DMA_CONTROLLER_0/U_AXI4INITIATORDMACtrl/wrByteCnt[2]:CLK
  To:   FIC_0_PERIPHERALS_0/DMA_CONTROLLER_inst_0/DMA_CONTROLLER_0/U_AXI4INITIATORDMACtrl/AWLENReg[2]:D
  Delay (ns):              3.807
  Slack (ns):              3.947
  Arrival (ns):            9.867
  Required (ns):          13.814
  Operating Conditions: slow_lv_ht

Path 32
  From: FIC_0_PERIPHERALS_0/FIC0_INITIATOR_inst_0/FIC0_INITIATOR_0/SlvConvertor_loop[0].slvcnv/slvProtConv/genblk1.u_AXILtePC/SlvPCWr/wrLenFif/genblk1.DPRam/mem_mem_0_0/INST_RAM1K20_IP:A_CLK
  To:   FIC_0_PERIPHERALS_0/FIC0_INITIATOR_inst_0/FIC0_INITIATOR_0/SlvConvertor_loop[0].slvcnv/slvProtConv/genblk1.u_AXILtePC/SlvPCWr/countResp[7]:EN
  Delay (ns):              3.564
  Slack (ns):              3.954
  Arrival (ns):            9.803
  Required (ns):          13.757
  Operating Conditions: slow_lv_ht

Path 33
  From: FIC_0_PERIPHERALS_0/FIC0_INITIATOR_inst_0/FIC0_INITIATOR_0/SlvConvertor_loop[0].slvcnv/slvProtConv/genblk1.u_AXILtePC/SlvPCWr/wrLenFif/genblk1.DPRam/mem_mem_0_0/INST_RAM1K20_IP:A_CLK
  To:   FIC_0_PERIPHERALS_0/FIC0_INITIATOR_inst_0/FIC0_INITIATOR_0/SlvConvertor_loop[0].slvcnv/slvProtConv/genblk1.u_AXILtePC/SlvPCWr/countResp[5]:EN
  Delay (ns):              3.564
  Slack (ns):              3.954
  Arrival (ns):            9.803
  Required (ns):          13.757
  Operating Conditions: slow_lv_ht

Path 34
  From: FIC_0_PERIPHERALS_0/FIC0_INITIATOR_inst_0/FIC0_INITIATOR_0/SlvConvertor_loop[0].slvcnv/slvProtConv/genblk1.u_AXILtePC/SlvPCWr/wrLenFif/genblk1.DPRam/mem_mem_0_0/INST_RAM1K20_IP:A_CLK
  To:   FIC_0_PERIPHERALS_0/FIC0_INITIATOR_inst_0/FIC0_INITIATOR_0/SlvConvertor_loop[0].slvcnv/slvProtConv/genblk1.u_AXILtePC/SlvPCWr/countResp[3]:EN
  Delay (ns):              3.564
  Slack (ns):              3.954
  Arrival (ns):            9.803
  Required (ns):          13.757
  Operating Conditions: slow_lv_ht

Path 35
  From: FIC_0_PERIPHERALS_0/FIC0_INITIATOR_inst_0/FIC0_INITIATOR_0/SlvConvertor_loop[0].slvcnv/slvProtConv/genblk1.u_AXILtePC/SlvPCWr/wrLenFif/genblk1.DPRam/mem_mem_0_0/INST_RAM1K20_IP:A_CLK
  To:   FIC_0_PERIPHERALS_0/FIC0_INITIATOR_inst_0/FIC0_INITIATOR_0/SlvConvertor_loop[0].slvcnv/slvProtConv/genblk1.u_AXILtePC/SlvPCWr/countResp[0]:EN
  Delay (ns):              3.564
  Slack (ns):              3.954
  Arrival (ns):            9.803
  Required (ns):          13.757
  Operating Conditions: slow_lv_ht

Path 36
  From: FIC_0_PERIPHERALS_0/FIC0_INITIATOR_inst_0/FIC0_INITIATOR_0/MstConvertor_loop[0].mstrconv/rgsl/genblk1.awrs/sDat[70]:CLK
  To:   FIC_0_PERIPHERALS_0/FIC0_INITIATOR_inst_0/FIC0_INITIATOR_0/MstConvertor_loop[0].mstrconv/rgsl/genblk1.awrs/sDat[56]:EN
  Delay (ns):              3.693
  Slack (ns):              3.954
  Arrival (ns):            9.763
  Required (ns):          13.717
  Operating Conditions: slow_lv_ht

Path 37
  From: FIC_0_PERIPHERALS_0/DMA_CONTROLLER_inst_0/DMA_CONTROLLER_0/U_AXI4INITIATORDMACtrl/wrByteCnt[4]:CLK
  To:   FIC_0_PERIPHERALS_0/DMA_CONTROLLER_inst_0/DMA_CONTROLLER_0/U_AXI4INITIATORDMACtrl/WSTRBReg[2]:EN
  Delay (ns):              3.709
  Slack (ns):              3.954
  Arrival (ns):            9.769
  Required (ns):          13.723
  Operating Conditions: slow_lv_ht

Path 38
  From: FIC_0_PERIPHERALS_0/FIC0_INITIATOR_inst_0/FIC0_INITIATOR_0/MstConvertor_loop[0].mstrconv/rgsl/genblk1.awrs/sDat[70]:CLK
  To:   FIC_0_PERIPHERALS_0/FIC0_INITIATOR_inst_0/FIC0_INITIATOR_0/MstConvertor_loop[0].mstrconv/rgsl/genblk1.awrs/sDat[59]:EN
  Delay (ns):              3.692
  Slack (ns):              3.955
  Arrival (ns):            9.762
  Required (ns):          13.717
  Operating Conditions: slow_lv_ht

Path 39
  From: FIC_0_PERIPHERALS_0/DMA_CONTROLLER_inst_0/DMA_CONTROLLER_0/U_AXI4INITIATORDMACtrl/wrByteCnt[4]:CLK
  To:   FIC_0_PERIPHERALS_0/DMA_CONTROLLER_inst_0/DMA_CONTROLLER_0/U_AXI4INITIATORDMACtrl/WSTRBReg[1]:EN
  Delay (ns):              3.708
  Slack (ns):              3.955
  Arrival (ns):            9.768
  Required (ns):          13.723
  Operating Conditions: slow_lv_ht

Path 40
  From: FIC_0_PERIPHERALS_0/security_core_0/dec/t[2]:CLK
  To:   FIC_0_PERIPHERALS_0/security_core_0/dec/s[2][53]:D
  Delay (ns):              3.838
  Slack (ns):              3.956
  Arrival (ns):            9.920
  Required (ns):          13.876
  Operating Conditions: slow_lv_ht

Path 41
  From: FIC_0_PERIPHERALS_0/DMA_CONTROLLER_inst_0/DMA_CONTROLLER_0/U_AXI4INITIATORDMACtrl/wrByteCnt[4]:CLK
  To:   FIC_0_PERIPHERALS_0/DMA_CONTROLLER_inst_0/DMA_CONTROLLER_0/U_AXI4INITIATORDMACtrl/WSTRBReg[3]:EN
  Delay (ns):              3.707
  Slack (ns):              3.956
  Arrival (ns):            9.767
  Required (ns):          13.723
  Operating Conditions: slow_lv_ht

Path 42
  From: FIC_0_PERIPHERALS_0/FIC0_INITIATOR_inst_0/FIC0_INITIATOR_0/SlvConvertor_loop[0].slvcnv/slvProtConv/genblk1.u_AXILtePC/SlvPCRd/rdDataFif/genblk1.DPRam/mem_mem_0_0/INST_RAM1K20_IP:A_CLK
  To:   FIC_0_PERIPHERALS_0/FIC0_INITIATOR_inst_0/FIC0_INITIATOR_0/SlvConvertor_loop[0].slvcnv/slvdwc/genblk1.DownConverter_inst/readWidthConv/genblk1.widthConvrd/SLAVE_RRESP_MAX[1]:EN
  Delay (ns):              3.484
  Slack (ns):              3.957
  Arrival (ns):            9.718
  Required (ns):          13.675
  Operating Conditions: slow_lv_ht

Path 43
  From: FIC_0_PERIPHERALS_0/DMA_CONTROLLER_inst_0/DMA_CONTROLLER_0/U_AXI4INITIATORDMACtrl/wrByteCnt[7]:CLK
  To:   FIC_0_PERIPHERALS_0/DMA_CONTROLLER_inst_0/DMA_CONTROLLER_0/U_AXI4INITIATORDMACtrl/AWLENReg[3]:D
  Delay (ns):              3.795
  Slack (ns):              3.959
  Arrival (ns):            9.855
  Required (ns):          13.814
  Operating Conditions: slow_lv_ht

Path 44
  From: FIC_0_PERIPHERALS_0/DMA_CONTROLLER_inst_0/DMA_CONTROLLER_0/U_DMAController/DMATranCtrl/intErrorCtrl_inst/wrCache1Sel:CLK
  To:   FIC_0_PERIPHERALS_0/DMA_CONTROLLER_inst_0/DMA_CONTROLLER_0/U_DMAController/DMATranCtrl/numOfBytesInRdValidReg[1]:D
  Delay (ns):              3.865
  Slack (ns):              3.960
  Arrival (ns):            9.902
  Required (ns):          13.862
  Operating Conditions: slow_lv_ht

Path 45
  From: FIC_0_PERIPHERALS_0/security_core_0/dec/t[0]:CLK
  To:   FIC_0_PERIPHERALS_0/security_core_0/dec/s[2][74]:D
  Delay (ns):              3.839
  Slack (ns):              3.964
  Arrival (ns):            9.920
  Required (ns):          13.884
  Operating Conditions: slow_lv_ht

Path 46
  From: FIC_0_PERIPHERALS_0/security_core_0/key_expansion/t[1]:CLK
  To:   FIC_0_PERIPHERALS_0/security_core_0/key_expansion/w[2][49][15]:D
  Delay (ns):              3.801
  Slack (ns):              3.965
  Arrival (ns):            9.883
  Required (ns):          13.848
  Operating Conditions: slow_lv_ht

Path 47
  From: FIC_0_PERIPHERALS_0/security_core_0/key_expansion/t[1]:CLK
  To:   FIC_0_PERIPHERALS_0/security_core_0/key_expansion/w[2][17][15]:D
  Delay (ns):              3.800
  Slack (ns):              3.965
  Arrival (ns):            9.882
  Required (ns):          13.847
  Operating Conditions: slow_lv_ht

Path 48
  From: FIC_0_PERIPHERALS_0/security_core_0/key_expansion/t[1]:CLK
  To:   FIC_0_PERIPHERALS_0/security_core_0/key_expansion/w[2][14][15]:D
  Delay (ns):              3.774
  Slack (ns):              3.968
  Arrival (ns):            9.856
  Required (ns):          13.824
  Operating Conditions: slow_lv_ht

Path 49
  From: FIC_0_PERIPHERALS_0/security_core_0/key_expansion/t[1]:CLK
  To:   FIC_0_PERIPHERALS_0/security_core_0/key_expansion/w[2][34][15]:D
  Delay (ns):              3.772
  Slack (ns):              3.970
  Arrival (ns):            9.854
  Required (ns):          13.824
  Operating Conditions: slow_lv_ht

Path 50
  From: FIC_0_PERIPHERALS_0/security_core_0/dec/t[3]:CLK
  To:   FIC_0_PERIPHERALS_0/security_core_0/dec/s[2][74]:D
  Delay (ns):              3.830
  Slack (ns):              3.973
  Arrival (ns):            9.911
  Required (ns):          13.884
  Operating Conditions: slow_lv_ht

Path 51
  From: FIC_0_PERIPHERALS_0/DMA_CONTROLLER_inst_0/DMA_CONTROLLER_0/U_AXI4INITIATORDMACtrl/wrByteCnt[4]:CLK
  To:   FIC_0_PERIPHERALS_0/DMA_CONTROLLER_inst_0/DMA_CONTROLLER_0/U_AXI4INITIATORDMACtrl/wrByteCnt[10]:D
  Delay (ns):              3.855
  Slack (ns):              3.974
  Arrival (ns):            9.915
  Required (ns):          13.889
  Operating Conditions: slow_lv_ht

Path 52
  From: FIC_0_PERIPHERALS_0/security_core_0/key_expansion/t_rep[5]:CLK
  To:   FIC_0_PERIPHERALS_0/security_core_0/key_expansion/w[2][58][3]:D
  Delay (ns):              3.788
  Slack (ns):              3.975
  Arrival (ns):            9.837
  Required (ns):          13.812
  Operating Conditions: slow_lv_ht

Path 53
  From: FIC_0_PERIPHERALS_0/security_core_0/key_expansion/t[1]:CLK
  To:   FIC_0_PERIPHERALS_0/security_core_0/key_expansion/w[2][7][15]:D
  Delay (ns):              3.787
  Slack (ns):              3.975
  Arrival (ns):            9.869
  Required (ns):          13.844
  Operating Conditions: slow_lv_ht

Path 54
  From: FIC_0_PERIPHERALS_0/security_core_0/key_expansion/t[1]:CLK
  To:   FIC_0_PERIPHERALS_0/security_core_0/key_expansion/w[2][3][15]:D
  Delay (ns):              3.787
  Slack (ns):              3.975
  Arrival (ns):            9.869
  Required (ns):          13.844
  Operating Conditions: slow_lv_ht

Path 55
  From: FIC_0_PERIPHERALS_0/security_core_0/key_expansion/t[1]:CLK
  To:   FIC_0_PERIPHERALS_0/security_core_0/key_expansion/w[2][5][15]:D
  Delay (ns):              3.786
  Slack (ns):              3.976
  Arrival (ns):            9.868
  Required (ns):          13.844
  Operating Conditions: slow_lv_ht

Path 56
  From: FIC_0_PERIPHERALS_0/DMA_CONTROLLER_inst_0/DMA_CONTROLLER_0/U_AXI4INITIATORDMACtrl/wrByteCnt[4]:CLK
  To:   FIC_0_PERIPHERALS_0/DMA_CONTROLLER_inst_0/DMA_CONTROLLER_0/U_AXI4INITIATORDMACtrl/AWLENReg[3]:D
  Delay (ns):              3.778
  Slack (ns):              3.976
  Arrival (ns):            9.838
  Required (ns):          13.814
  Operating Conditions: slow_lv_ht

Path 57
  From: FIC_0_PERIPHERALS_0/DMA_CONTROLLER_inst_0/DMA_CONTROLLER_0/U_AXI4INITIATORDMACtrl/wrByteCnt[7]:CLK
  To:   FIC_0_PERIPHERALS_0/DMA_CONTROLLER_inst_0/DMA_CONTROLLER_0/U_AXI4INITIATORDMACtrl/AWLENReg[2]:D
  Delay (ns):              3.777
  Slack (ns):              3.977
  Arrival (ns):            9.837
  Required (ns):          13.814
  Operating Conditions: slow_lv_ht

Path 58
  From: FIC_0_PERIPHERALS_0/security_core_0/key_expansion/t[1]:CLK
  To:   FIC_0_PERIPHERALS_0/security_core_0/key_expansion/w[2][54][15]:D
  Delay (ns):              3.791
  Slack (ns):              3.979
  Arrival (ns):            9.873
  Required (ns):          13.852
  Operating Conditions: slow_lv_ht

Path 59
  From: FIC_0_PERIPHERALS_0/security_core_0/key_expansion/t[1]:CLK
  To:   FIC_0_PERIPHERALS_0/security_core_0/key_expansion/w[2][46][15]:D
  Delay (ns):              3.768
  Slack (ns):              3.980
  Arrival (ns):            9.850
  Required (ns):          13.830
  Operating Conditions: slow_lv_ht

Path 60
  From: FIC_0_PERIPHERALS_0/security_core_0/key_expansion/t[1]:CLK
  To:   FIC_0_PERIPHERALS_0/security_core_0/key_expansion/w[2][22][15]:D
  Delay (ns):              3.790
  Slack (ns):              3.980
  Arrival (ns):            9.872
  Required (ns):          13.852
  Operating Conditions: slow_lv_ht

Path 61
  From: FIC_0_PERIPHERALS_0/DMA_CONTROLLER_inst_0/DMA_CONTROLLER_0/U_AXI4INITIATORDMACtrl/wrByteCnt[5]:CLK
  To:   FIC_0_PERIPHERALS_0/DMA_CONTROLLER_inst_0/DMA_CONTROLLER_0/U_AXI4INITIATORDMACtrl/AWLENReg[3]:D
  Delay (ns):              3.774
  Slack (ns):              3.981
  Arrival (ns):            9.833
  Required (ns):          13.814
  Operating Conditions: slow_lv_ht

Path 62
  From: FIC_0_PERIPHERALS_0/DMA_CONTROLLER_inst_0/DMA_CONTROLLER_0/U_AXI4INITIATORDMACtrl/wrByteCnt[1]:CLK
  To:   FIC_0_PERIPHERALS_0/DMA_CONTROLLER_inst_0/DMA_CONTROLLER_0/U_AXI4INITIATORDMACtrl/AWLENReg[3]:D
  Delay (ns):              3.775
  Slack (ns):              3.984
  Arrival (ns):            9.830
  Required (ns):          13.814
  Operating Conditions: slow_lv_ht

Path 63
  From: FIC_0_PERIPHERALS_0/security_core_0/key_expansion/t_rep[5]:CLK
  To:   FIC_0_PERIPHERALS_0/security_core_0/key_expansion/w[2][17][0]:D
  Delay (ns):              3.793
  Slack (ns):              3.985
  Arrival (ns):            9.842
  Required (ns):          13.827
  Operating Conditions: slow_lv_ht

Path 64
  From: FIC_0_PERIPHERALS_0/security_core_0/key_expansion/t[1]:CLK
  To:   FIC_0_PERIPHERALS_0/security_core_0/key_expansion/w[2][43][15]:D
  Delay (ns):              3.774
  Slack (ns):              3.985
  Arrival (ns):            9.856
  Required (ns):          13.841
  Operating Conditions: slow_lv_ht

Path 65
  From: FIC_0_PERIPHERALS_0/security_core_0/key_expansion/t[1]:CLK
  To:   FIC_0_PERIPHERALS_0/security_core_0/key_expansion/w[2][13][14]:D
  Delay (ns):              3.774
  Slack (ns):              3.986
  Arrival (ns):            9.856
  Required (ns):          13.842
  Operating Conditions: slow_lv_ht

Path 66
  From: FIC_0_PERIPHERALS_0/DMA_CONTROLLER_inst_0/DMA_CONTROLLER_0/U_AXI4INITIATORDMACtrl/dstNumOfBytesInRdReg[19]:CLK
  To:   FIC_0_PERIPHERALS_0/DMA_CONTROLLER_inst_0/DMA_CONTROLLER_0/U_AXI4INITIATORDMACtrl/AWLENReg[3]:D
  Delay (ns):              3.795
  Slack (ns):              3.986
  Arrival (ns):            9.828
  Required (ns):          13.814
  Operating Conditions: slow_lv_ht

Path 67
  From: FIC_0_PERIPHERALS_0/security_core_0/dec/t[2]:CLK
  To:   FIC_0_PERIPHERALS_0/security_core_0/dec/s[2][93]:D
  Delay (ns):              3.807
  Slack (ns):              3.987
  Arrival (ns):            9.889
  Required (ns):          13.876
  Operating Conditions: slow_lv_ht

Path 68
  From: FIC_0_PERIPHERALS_0/security_core_0/key_expansion/t[1]:CLK
  To:   FIC_0_PERIPHERALS_0/security_core_0/key_expansion/w[2][6][15]:D
  Delay (ns):              3.774
  Slack (ns):              3.988
  Arrival (ns):            9.856
  Required (ns):          13.844
  Operating Conditions: slow_lv_ht

Path 69
  From: FIC_0_PERIPHERALS_0/security_core_0/dec/t[1]:CLK
  To:   FIC_0_PERIPHERALS_0/security_core_0/dec/s[2][74]:D
  Delay (ns):              3.814
  Slack (ns):              3.988
  Arrival (ns):            9.896
  Required (ns):          13.884
  Operating Conditions: slow_lv_ht

Path 70
  From: FIC_0_PERIPHERALS_0/FIC0_INITIATOR_inst_0/FIC0_INITIATOR_0/MstConvertor_loop[0].mstrconv/rgsl/genblk1.awrs/sDat[70]:CLK
  To:   FIC_0_PERIPHERALS_0/FIC0_INITIATOR_inst_0/FIC0_INITIATOR_0/MstConvertor_loop[0].mstrconv/rgsl/genblk1.awrs/sDat[54]:EN
  Delay (ns):              3.675
  Slack (ns):              3.988
  Arrival (ns):            9.745
  Required (ns):          13.733
  Operating Conditions: slow_lv_ht

Path 71
  From: FIC_0_PERIPHERALS_0/security_core_0/key_expansion/t[1]:CLK
  To:   FIC_0_PERIPHERALS_0/security_core_0/key_expansion/w[2][59][15]:D
  Delay (ns):              3.774
  Slack (ns):              3.989
  Arrival (ns):            9.856
  Required (ns):          13.845
  Operating Conditions: slow_lv_ht

Path 72
  From: FIC_0_PERIPHERALS_0/FIC0_INITIATOR_inst_0/FIC0_INITIATOR_0/MstConvertor_loop[0].mstrconv/rgsl/genblk1.awrs/sDat[69]:CLK
  To:   FIC_0_PERIPHERALS_0/FIC0_INITIATOR_inst_0/FIC0_INITIATOR_0/MstConvertor_loop[0].mstrconv/rgsl/genblk1.awrs/sDat[65]:EN
  Delay (ns):              3.673
  Slack (ns):              3.990
  Arrival (ns):            9.740
  Required (ns):          13.730
  Operating Conditions: slow_lv_ht

Path 73
  From: FIC_0_PERIPHERALS_0/DMA_CONTROLLER_inst_0/DMA_CONTROLLER_0/U_AXI4INITIATORDMACtrl/wrByteCnt[5]:CLK
  To:   FIC_0_PERIPHERALS_0/DMA_CONTROLLER_inst_0/DMA_CONTROLLER_0/U_AXI4INITIATORDMACtrl/AWLENReg[2]:D
  Delay (ns):              3.761
  Slack (ns):              3.994
  Arrival (ns):            9.820
  Required (ns):          13.814
  Operating Conditions: slow_lv_ht

Path 74
  From: FIC_0_PERIPHERALS_0/FIC0_INITIATOR_inst_0/FIC0_INITIATOR_0/MstConvertor_loop[0].mstrconv/rgsl/genblk1.awrs/sDat[70]:CLK
  To:   FIC_0_PERIPHERALS_0/FIC0_INITIATOR_inst_0/FIC0_INITIATOR_0/MstConvertor_loop[0].mstrconv/rgsl/genblk1.awrs/sDat[67]:EN
  Delay (ns):              3.695
  Slack (ns):              3.997
  Arrival (ns):            9.765
  Required (ns):          13.762
  Operating Conditions: slow_lv_ht

Path 75
  From: FIC_0_PERIPHERALS_0/security_core_0/key_expansion/t[1]:CLK
  To:   FIC_0_PERIPHERALS_0/security_core_0/key_expansion/word_i[2][2][7]:D
  Delay (ns):              3.833
  Slack (ns):              3.998
  Arrival (ns):            9.915
  Required (ns):          13.913
  Operating Conditions: slow_lv_ht

Path 76
  From: FIC_0_PERIPHERALS_0/security_core_0/dec/t[0]:CLK
  To:   FIC_0_PERIPHERALS_0/security_core_0/dec/s[2][33]:D
  Delay (ns):              3.796
  Slack (ns):              3.998
  Arrival (ns):            9.877
  Required (ns):          13.875
  Operating Conditions: slow_lv_ht

Path 77
  From: FIC_0_PERIPHERALS_0/DMA_CONTROLLER_inst_0/DMA_CONTROLLER_0/U_AXI4INITIATORDMACtrl/wrByteCnt[4]:CLK
  To:   FIC_0_PERIPHERALS_0/DMA_CONTROLLER_inst_0/DMA_CONTROLLER_0/U_AXI4INITIATORDMACtrl/AWLENReg[2]:D
  Delay (ns):              3.756
  Slack (ns):              3.998
  Arrival (ns):            9.816
  Required (ns):          13.814
  Operating Conditions: slow_lv_ht

Path 78
  From: FIC_0_PERIPHERALS_0/security_core_0/dec/t[0]:CLK
  To:   FIC_0_PERIPHERALS_0/security_core_0/dec/s[2][76]:D
  Delay (ns):              3.745
  Slack (ns):              3.999
  Arrival (ns):            9.826
  Required (ns):          13.825
  Operating Conditions: slow_lv_ht

Path 79
  From: FIC_0_PERIPHERALS_0/DMA_CONTROLLER_inst_0/DMA_CONTROLLER_0/U_AXI4INITIATORDMACtrl/dstNumOfBytesInRdReg[19]:CLK
  To:   FIC_0_PERIPHERALS_0/DMA_CONTROLLER_inst_0/DMA_CONTROLLER_0/U_AXI4INITIATORDMACtrl/AWLENReg[2]:D
  Delay (ns):              3.781
  Slack (ns):              4.000
  Arrival (ns):            9.814
  Required (ns):          13.814
  Operating Conditions: slow_lv_ht

Path 80
  From: FIC_0_PERIPHERALS_0/FIC0_INITIATOR_inst_0/FIC0_INITIATOR_0/MstConvertor_loop[0].mstrconv/rgsl/genblk1.awrs/sDat[69]:CLK
  To:   FIC_0_PERIPHERALS_0/FIC0_INITIATOR_inst_0/FIC0_INITIATOR_0/MstConvertor_loop[0].mstrconv/rgsl/genblk1.awrs/sDat[60]:EN
  Delay (ns):              3.662
  Slack (ns):              4.001
  Arrival (ns):            9.729
  Required (ns):          13.730
  Operating Conditions: slow_lv_ht

Path 81
  From: FIC_0_PERIPHERALS_0/FIC0_INITIATOR_inst_0/FIC0_INITIATOR_0/MstConvertor_loop[0].mstrconv/rgsl/genblk1.awrs/sDat[69]:CLK
  To:   FIC_0_PERIPHERALS_0/FIC0_INITIATOR_inst_0/FIC0_INITIATOR_0/MstConvertor_loop[0].mstrconv/rgsl/genblk1.awrs/sDat[58]:EN
  Delay (ns):              3.662
  Slack (ns):              4.001
  Arrival (ns):            9.729
  Required (ns):          13.730
  Operating Conditions: slow_lv_ht

Path 82
  From: FIC_0_PERIPHERALS_0/security_core_0/key_expansion/t[1]:CLK
  To:   FIC_0_PERIPHERALS_0/security_core_0/key_expansion/w[2][38][15]:D
  Delay (ns):              3.768
  Slack (ns):              4.002
  Arrival (ns):            9.850
  Required (ns):          13.852
  Operating Conditions: slow_lv_ht

Path 83
  From: FIC_0_PERIPHERALS_0/FIC0_INITIATOR_inst_0/FIC0_INITIATOR_0/MstConvertor_loop[0].mstrconv/rgsl/genblk1.awrs/sDat[69]:CLK
  To:   FIC_0_PERIPHERALS_0/FIC0_INITIATOR_inst_0/FIC0_INITIATOR_0/MstConvertor_loop[0].mstrconv/rgsl/genblk1.awrs/sDat[62]:EN
  Delay (ns):              3.661
  Slack (ns):              4.002
  Arrival (ns):            9.728
  Required (ns):          13.730
  Operating Conditions: slow_lv_ht

Path 84
  From: FIC_0_PERIPHERALS_0/DMA_CONTROLLER_inst_0/DMA_CONTROLLER_0/U_AXI4INITIATORDMACtrl/dstNumOfBytesInRdReg[4]:CLK
  To:   FIC_0_PERIPHERALS_0/DMA_CONTROLLER_inst_0/DMA_CONTROLLER_0/U_AXI4INITIATORDMACtrl/AWLENReg[3]:D
  Delay (ns):              3.780
  Slack (ns):              4.002
  Arrival (ns):            9.812
  Required (ns):          13.814
  Operating Conditions: slow_lv_ht

Path 85
  From: FIC_0_PERIPHERALS_0/security_core_0/key_expansion/t[1]:CLK
  To:   FIC_0_PERIPHERALS_0/security_core_0/key_expansion/w[2][51][15]:D
  Delay (ns):              3.746
  Slack (ns):              4.003
  Arrival (ns):            9.828
  Required (ns):          13.831
  Operating Conditions: slow_lv_ht

Path 86
  From: FIC_0_PERIPHERALS_0/security_core_0/dec/t[1]:CLK
  To:   FIC_0_PERIPHERALS_0/security_core_0/dec/s[2][21]:D
  Delay (ns):              3.739
  Slack (ns):              4.004
  Arrival (ns):            9.821
  Required (ns):          13.825
  Operating Conditions: slow_lv_ht

Path 87
  From: FIC_0_PERIPHERALS_0/DMA_CONTROLLER_inst_0/DMA_CONTROLLER_0/U_AXI4INITIATORDMACtrl/wrByteCnt[1]:CLK
  To:   FIC_0_PERIPHERALS_0/DMA_CONTROLLER_inst_0/DMA_CONTROLLER_0/U_AXI4INITIATORDMACtrl/AWLENReg[2]:D
  Delay (ns):              3.753
  Slack (ns):              4.006
  Arrival (ns):            9.808
  Required (ns):          13.814
  Operating Conditions: slow_lv_ht

Path 88
  From: FIC_0_PERIPHERALS_0/DMA_CONTROLLER_inst_0/DMA_CONTROLLER_0/U_AXI4INITIATORDMACtrl/wrByteCnt[5]:CLK
  To:   FIC_0_PERIPHERALS_0/DMA_CONTROLLER_inst_0/DMA_CONTROLLER_0/U_AXI4INITIATORDMACtrl/WSTRBReg[2]:EN
  Delay (ns):              3.656
  Slack (ns):              4.008
  Arrival (ns):            9.715
  Required (ns):          13.723
  Operating Conditions: slow_lv_ht

Path 89
  From: FIC_0_PERIPHERALS_0/DMA_CONTROLLER_inst_0/DMA_CONTROLLER_0/U_AXI4INITIATORDMACtrl/wrByteCnt[5]:CLK
  To:   FIC_0_PERIPHERALS_0/DMA_CONTROLLER_inst_0/DMA_CONTROLLER_0/U_AXI4INITIATORDMACtrl/WSTRBReg[1]:EN
  Delay (ns):              3.655
  Slack (ns):              4.009
  Arrival (ns):            9.714
  Required (ns):          13.723
  Operating Conditions: slow_lv_ht

Path 90
  From: FIC_0_PERIPHERALS_0/security_core_0/key_expansion/t[1]:CLK
  To:   FIC_0_PERIPHERALS_0/security_core_0/key_expansion/w[2][15][15]:D
  Delay (ns):              3.753
  Slack (ns):              4.010
  Arrival (ns):            9.835
  Required (ns):          13.845
  Operating Conditions: slow_lv_ht

Path 91
  From: FIC_0_PERIPHERALS_0/security_core_0/dec/t[0]:CLK
  To:   FIC_0_PERIPHERALS_0/security_core_0/dec/s[2][53]:D
  Delay (ns):              3.785
  Slack (ns):              4.010
  Arrival (ns):            9.866
  Required (ns):          13.876
  Operating Conditions: slow_lv_ht

Path 92
  From: FIC_0_PERIPHERALS_0/FIC0_INITIATOR_inst_0/FIC0_INITIATOR_0/MstConvertor_loop[0].mstrconv/rgsl/genblk1.awrs/sDat[70]:CLK
  To:   FIC_0_PERIPHERALS_0/FIC0_INITIATOR_inst_0/FIC0_INITIATOR_0/MstConvertor_loop[0].mstrconv/rgsl/genblk1.awrs/sDat[35]:EN
  Delay (ns):              3.682
  Slack (ns):              4.010
  Arrival (ns):            9.752
  Required (ns):          13.762
  Operating Conditions: slow_lv_ht

Path 93
  From: FIC_0_PERIPHERALS_0/FIC0_INITIATOR_inst_0/FIC0_INITIATOR_0/MstConvertor_loop[0].mstrconv/rgsl/genblk1.awrs/sDat[70]:CLK
  To:   FIC_0_PERIPHERALS_0/FIC0_INITIATOR_inst_0/FIC0_INITIATOR_0/MstConvertor_loop[0].mstrconv/rgsl/genblk1.awrs/sDat[31]:EN
  Delay (ns):              3.682
  Slack (ns):              4.010
  Arrival (ns):            9.752
  Required (ns):          13.762
  Operating Conditions: slow_lv_ht

Path 94
  From: FIC_0_PERIPHERALS_0/DMA_CONTROLLER_inst_0/DMA_CONTROLLER_0/U_AXI4INITIATORDMACtrl/wrByteCnt[5]:CLK
  To:   FIC_0_PERIPHERALS_0/DMA_CONTROLLER_inst_0/DMA_CONTROLLER_0/U_AXI4INITIATORDMACtrl/WSTRBReg[3]:EN
  Delay (ns):              3.654
  Slack (ns):              4.010
  Arrival (ns):            9.713
  Required (ns):          13.723
  Operating Conditions: slow_lv_ht

Path 95
  From: FIC_0_PERIPHERALS_0/security_core_0/dec/t[3]:CLK
  To:   FIC_0_PERIPHERALS_0/security_core_0/dec/s[2][76]:D
  Delay (ns):              3.733
  Slack (ns):              4.011
  Arrival (ns):            9.814
  Required (ns):          13.825
  Operating Conditions: slow_lv_ht

Path 96
  From: FIC_0_PERIPHERALS_0/security_core_0/dec/t[3]:CLK
  To:   FIC_0_PERIPHERALS_0/security_core_0/dec/s[2][33]:D
  Delay (ns):              3.783
  Slack (ns):              4.011
  Arrival (ns):            9.864
  Required (ns):          13.875
  Operating Conditions: slow_lv_ht

Path 97
  From: FIC_0_PERIPHERALS_0/FIC0_INITIATOR_inst_0/FIC0_INITIATOR_0/MstConvertor_loop[0].mstrconv/rgsl/genblk1.awrs/sDat[70]:CLK
  To:   FIC_0_PERIPHERALS_0/FIC0_INITIATOR_inst_0/FIC0_INITIATOR_0/MstConvertor_loop[0].mstrconv/rgsl/genblk1.awrs/sDat[47]:EN
  Delay (ns):              3.680
  Slack (ns):              4.012
  Arrival (ns):            9.750
  Required (ns):          13.762
  Operating Conditions: slow_lv_ht

Path 98
  From: FIC_0_PERIPHERALS_0/FIC0_INITIATOR_inst_0/FIC0_INITIATOR_0/MstConvertor_loop[0].mstrconv/rgsl/genblk1.awrs/sDat[70]:CLK
  To:   FIC_0_PERIPHERALS_0/FIC0_INITIATOR_inst_0/FIC0_INITIATOR_0/MstConvertor_loop[0].mstrconv/rgsl/genblk1.awrs/sDat[37]:EN
  Delay (ns):              3.680
  Slack (ns):              4.012
  Arrival (ns):            9.750
  Required (ns):          13.762
  Operating Conditions: slow_lv_ht

Path 99
  From: FIC_0_PERIPHERALS_0/DMA_CONTROLLER_inst_0/DMA_CONTROLLER_0/U_DMAController/DMATranCtrl/rdTranQueue_inst/numOfBytes_rdTranQueue0_Z[2]:CLK
  To:   FIC_0_PERIPHERALS_0/DMA_CONTROLLER_inst_0/DMA_CONTROLLER_0/U_DMAController/DMATranCtrl/numOfBytesInRdValidReg[1]:D
  Delay (ns):              3.790
  Slack (ns):              4.012
  Arrival (ns):            9.850
  Required (ns):          13.862
  Operating Conditions: slow_lv_ht

Path 100
  From: FIC_0_PERIPHERALS_0/DMA_CONTROLLER_inst_0/DMA_CONTROLLER_0/U_AXI4INITIATORDMACtrl/dstNumOfBytesInRdReg[14]:CLK
  To:   FIC_0_PERIPHERALS_0/DMA_CONTROLLER_inst_0/DMA_CONTROLLER_0/U_AXI4INITIATORDMACtrl/AWLENReg[3]:D
  Delay (ns):              3.768
  Slack (ns):              4.013
  Arrival (ns):            9.801
  Required (ns):          13.814
  Operating Conditions: slow_lv_ht

