Timing Violation Report Min Delay Analysis

SmartTime Version 2025.2
Microchip Technology Inc. - Microchip Libero Software Release 2025.2 (Version 2025.2.0.14)
Date: Sat Apr 11 12:31:20 2026


Design: MPFS_DISCOVERY_KIT
Family: PolarFireSoC
Die: MPFS095T
Package: FCSG325
Temperature Range: 0 - 100 C
Voltage Range: 0.97 - 1.03 V
Speed Grade: -1
Design State: Post-Layout
Data source: Production
Multi Corner Report Operating Conditions: slow_lv_lt,fast_hv_lt,slow_lv_ht


Path 1
  From: MIPI_CAMERA_0/mipicsi2rxdecoderPF_C0_0/MSC_i_0/sot_r0_cclk:CLK
  To:   MIPI_CAMERA_0/mipicsi2rxdecoderPF_C0_0/MSC_i_0/sot_r0_pclk:D
  Delay (ns):              0.233
  Slack (ns):             -3.431
  Arrival (ns):            3.979
  Required (ns):           7.410
  Operating Conditions: slow_lv_ht

Path 2
  From: MIPI_CAMERA_0/mipicsi2rxdecoderPF_C0_0/MSC_i_0/MSC_i_4/MSC_i_10/genblk2.dt_i[2]:CLK
  To:   MIPI_CAMERA_0/mipicsi2rxdecoderPF_C0_0/MSC_i_0/MSC_i_4/MSC_i_10/data_type_reg1_0[2]:D
  Delay (ns):              0.227
  Slack (ns):             -3.419
  Arrival (ns):            3.979
  Required (ns):           7.398
  Operating Conditions: slow_lv_ht

Path 3
  From: MIPI_CAMERA_0/mipicsi2rxdecoderPF_C0_0/MSC_i_0/MSC_i_4/MSC_i_10/MSC_i_12/MSC_i_13/wraddr_rr[4]:CLK
  To:   MIPI_CAMERA_0/mipicsi2rxdecoderPF_C0_0/MSC_i_0/MSC_i_4/MSC_i_10/MSC_i_12/MSC_i_13/wraddr_sync_r[4]:D
  Delay (ns):              0.226
  Slack (ns):             -3.417
  Arrival (ns):            3.949
  Required (ns):           7.366
  Operating Conditions: slow_lv_ht

Path 4
  From: MIPI_CAMERA_0/mipicsi2rxdecoderPF_C0_0/MSC_i_0/MSC_i_4/MSC_i_10/MSC_i_12/MSC_i_13/wraddr_rr[1]:CLK
  To:   MIPI_CAMERA_0/mipicsi2rxdecoderPF_C0_0/MSC_i_0/MSC_i_4/MSC_i_10/MSC_i_12/MSC_i_13/wraddr_sync_r[1]:D
  Delay (ns):              0.222
  Slack (ns):             -3.415
  Arrival (ns):            3.942
  Required (ns):           7.357
  Operating Conditions: slow_lv_ht

Path 5
  From: MIPI_CAMERA_0/mipicsi2rxdecoderPF_C0_0/MSC_i_0/MSC_i_4/MSC_i_10/MSC_i_12/MSC_i_13/wraddr_rr[5]:CLK
  To:   MIPI_CAMERA_0/mipicsi2rxdecoderPF_C0_0/MSC_i_0/MSC_i_4/MSC_i_10/MSC_i_12/MSC_i_13/wraddr_sync_r[5]:D
  Delay (ns):              0.234
  Slack (ns):             -3.410
  Arrival (ns):            3.957
  Required (ns):           7.367
  Operating Conditions: slow_lv_ht

Path 6
  From: MIPI_CAMERA_0/mipicsi2rxdecoderPF_C0_0/MSC_i_0/MSC_i_4/MSC_i_10/MSC_i_12/MSC_i_13/wraddr_rr[7]:CLK
  To:   MIPI_CAMERA_0/mipicsi2rxdecoderPF_C0_0/MSC_i_0/MSC_i_4/MSC_i_10/MSC_i_12/MSC_i_13/wraddr_sync_r[7]:D
  Delay (ns):              0.228
  Slack (ns):             -3.409
  Arrival (ns):            3.948
  Required (ns):           7.357
  Operating Conditions: slow_lv_ht

Path 7
  From: MIPI_CAMERA_0/mipicsi2rxdecoderPF_C0_0/MSC_i_0/MSC_i_4/MSC_i_10/genblk2.virtual_channel[1]:CLK
  To:   MIPI_CAMERA_0/mipicsi2rxdecoderPF_C0_0/MSC_i_0/MSC_i_4/MSC_i_10/virtual_channel_reg1_0[1]:D
  Delay (ns):              0.240
  Slack (ns):             -3.407
  Arrival (ns):            3.992
  Required (ns):           7.399
  Operating Conditions: slow_lv_ht

Path 8
  From: MIPI_CAMERA_0/mipicsi2rxdecoderPF_C0_0/MSC_i_0/MSC_i_4/MSC_i_10/MSC_i_12/MSC_i_13/wraddr_rr[0]:CLK
  To:   MIPI_CAMERA_0/mipicsi2rxdecoderPF_C0_0/MSC_i_0/MSC_i_4/MSC_i_10/MSC_i_12/MSC_i_13/wraddr_sync_r[0]:D
  Delay (ns):              0.232
  Slack (ns):             -3.406
  Arrival (ns):            3.952
  Required (ns):           7.358
  Operating Conditions: slow_lv_ht

Path 9
  From: MIPI_CAMERA_0/mipicsi2rxdecoderPF_C0_0/MSC_i_0/MSC_i_4/MSC_i_10/genblk2.word_count_out[10]:CLK
  To:   MIPI_CAMERA_0/mipicsi2rxdecoderPF_C0_0/MSC_i_0/MSC_i_4/MSC_i_10/word_count_reg1_0[10]:D
  Delay (ns):              0.237
  Slack (ns):             -3.404
  Arrival (ns):            3.997
  Required (ns):           7.401
  Operating Conditions: slow_lv_ht

Path 10
  From: MIPI_CAMERA_0/mipicsi2rxdecoderPF_C0_0/MSC_i_0/MSC_i_4/MSC_i_10/crc_error_ready:CLK
  To:   MIPI_CAMERA_0/mipicsi2rxdecoderPF_C0_0/MSC_i_0/MSC_i_4/MSC_i_10/crc_error_done:D
  Delay (ns):              0.245
  Slack (ns):             -3.404
  Arrival (ns):            4.002
  Required (ns):           7.406
  Operating Conditions: slow_lv_ht

Path 11
  From: MIPI_CAMERA_0/mipicsi2rxdecoderPF_C0_0/MSC_i_0/MSC_i_4/MSC_i_10/genblk2.word_count_out[9]:CLK
  To:   MIPI_CAMERA_0/mipicsi2rxdecoderPF_C0_0/MSC_i_0/MSC_i_4/MSC_i_10/word_count_reg1_0[9]:D
  Delay (ns):              0.241
  Slack (ns):             -3.400
  Arrival (ns):            4.001
  Required (ns):           7.401
  Operating Conditions: slow_lv_ht

Path 12
  From: MIPI_CAMERA_0/mipicsi2rxdecoderPF_C0_0/MSC_i_0/MSC_i_4/MSC_i_10/ecc_error_ready:CLK
  To:   MIPI_CAMERA_0/mipicsi2rxdecoderPF_C0_0/MSC_i_0/MSC_i_4/MSC_i_10/ecc_error_done:D
  Delay (ns):              0.240
  Slack (ns):             -3.397
  Arrival (ns):            3.977
  Required (ns):           7.374
  Operating Conditions: slow_lv_ht

Path 13
  From: MIPI_CAMERA_0/mipicsi2rxdecoderPF_C0_0/MSC_i_0/MSC_i_4/MSC_i_10/genblk2.word_count_out[5]:CLK
  To:   MIPI_CAMERA_0/mipicsi2rxdecoderPF_C0_0/MSC_i_0/MSC_i_4/MSC_i_10/word_count_reg1_0[5]:D
  Delay (ns):              0.252
  Slack (ns):             -3.394
  Arrival (ns):            4.002
  Required (ns):           7.396
  Operating Conditions: slow_lv_ht

Path 14
  From: MIPI_CAMERA_0/mipicsi2rxdecoderPF_C0_0/MSC_i_0/MSC_i_4/MSC_i_10/MSC_i_12/MSC_i_13/wraddr_rr[9]:CLK
  To:   MIPI_CAMERA_0/mipicsi2rxdecoderPF_C0_0/MSC_i_0/MSC_i_4/MSC_i_10/MSC_i_12/MSC_i_13/wraddr_sync_r[9]:D
  Delay (ns):              0.282
  Slack (ns):             -3.371
  Arrival (ns):            4.020
  Required (ns):           7.391
  Operating Conditions: slow_lv_ht

Path 15
  From: MIPI_CAMERA_0/mipicsi2rxdecoderPF_C0_0/MSC_i_0/MSC_i_4/MSC_i_10/MSC_i_12/MSC_i_13/wraddr_rr[2]:CLK
  To:   MIPI_CAMERA_0/mipicsi2rxdecoderPF_C0_0/MSC_i_0/MSC_i_4/MSC_i_10/MSC_i_12/MSC_i_13/wraddr_sync_r[2]:D
  Delay (ns):              0.287
  Slack (ns):             -3.359
  Arrival (ns):            4.032
  Required (ns):           7.391
  Operating Conditions: slow_lv_ht

Path 16
  From: MIPI_CAMERA_0/mipicsi2rxdecoderPF_C0_0/MSC_i_0/MSC_i_4/MSC_i_10/genblk2.dt_i[1]:CLK
  To:   MIPI_CAMERA_0/mipicsi2rxdecoderPF_C0_0/MSC_i_0/MSC_i_4/MSC_i_10/data_type_reg1_0[1]:D
  Delay (ns):              0.304
  Slack (ns):             -3.356
  Arrival (ns):            4.056
  Required (ns):           7.412
  Operating Conditions: slow_lv_ht

Path 17
  From: MIPI_CAMERA_0/mipicsi2rxdecoderPF_C0_0/MSC_i_0/MSC_i_4/MSC_i_10/genblk2.word_count_out[3]:CLK
  To:   MIPI_CAMERA_0/mipicsi2rxdecoderPF_C0_0/MSC_i_0/MSC_i_4/MSC_i_10/word_count_reg1_0[3]:D
  Delay (ns):              0.295
  Slack (ns):             -3.348
  Arrival (ns):            4.048
  Required (ns):           7.396
  Operating Conditions: slow_lv_ht

Path 18
  From: MIPI_CAMERA_0/mipicsi2rxdecoderPF_C0_0/MSC_i_0/L0_lp_data_shift[15]:CLK
  To:   MIPI_CAMERA_0/mipicsi2rxdecoderPF_C0_0/MSC_i_0/L0_lp_data_pclk1:D
  Delay (ns):              0.314
  Slack (ns):             -3.329
  Arrival (ns):            4.037
  Required (ns):           7.366
  Operating Conditions: slow_lv_ht

Path 19
  From: MIPI_CAMERA_0/mipicsi2rxdecoderPF_C0_0/MSC_i_0/MSC_i_4/MSC_i_10/genblk2.word_count_out[7]:CLK
  To:   MIPI_CAMERA_0/mipicsi2rxdecoderPF_C0_0/MSC_i_0/MSC_i_4/MSC_i_10/word_count_reg1_0[7]:D
  Delay (ns):              0.354
  Slack (ns):             -3.302
  Arrival (ns):            4.104
  Required (ns):           7.406
  Operating Conditions: slow_lv_ht

Path 20
  From: MIPI_CAMERA_0/mipicsi2rxdecoderPF_C0_0/MSC_i_0/MSC_i_4/MSC_i_10/genblk2.dt_i[4]:CLK
  To:   MIPI_CAMERA_0/mipicsi2rxdecoderPF_C0_0/MSC_i_0/MSC_i_4/MSC_i_10/data_type_reg1_0[4]:D
  Delay (ns):              0.383
  Slack (ns):             -3.278
  Arrival (ns):            4.134
  Required (ns):           7.412
  Operating Conditions: slow_lv_ht

Path 21
  From: MIPI_CAMERA_0/mipicsi2rxdecoderPF_C0_0/MSC_i_0/MSC_i_4/MSC_i_10/genblk2.word_count_out[8]:CLK
  To:   MIPI_CAMERA_0/mipicsi2rxdecoderPF_C0_0/MSC_i_0/MSC_i_4/MSC_i_10/word_count_reg1_0[8]:D
  Delay (ns):              0.388
  Slack (ns):             -3.273
  Arrival (ns):            4.138
  Required (ns):           7.411
  Operating Conditions: slow_lv_ht

Path 22
  From: MIPI_CAMERA_0/mipicsi2rxdecoderPF_C0_0/MSC_i_0/MSC_i_4/MSC_i_10/genblk2.word_count_out[13]:CLK
  To:   MIPI_CAMERA_0/mipicsi2rxdecoderPF_C0_0/MSC_i_0/MSC_i_4/MSC_i_10/word_count_reg1_0[13]:D
  Delay (ns):              0.379
  Slack (ns):             -3.272
  Arrival (ns):            4.139
  Required (ns):           7.411
  Operating Conditions: slow_lv_ht

Path 23
  From: MIPI_CAMERA_0/mipicsi2rxdecoderPF_C0_0/MSC_i_0/MSC_i_4/MSC_i_10/genblk2.word_count_out[0]:CLK
  To:   MIPI_CAMERA_0/mipicsi2rxdecoderPF_C0_0/MSC_i_0/MSC_i_4/MSC_i_10/word_count_reg1_0[0]:D
  Delay (ns):              0.397
  Slack (ns):             -3.271
  Arrival (ns):            4.147
  Required (ns):           7.418
  Operating Conditions: slow_lv_ht

Path 24
  From: MIPI_CAMERA_0/mipicsi2rxdecoderPF_C0_0/MSC_i_0/MSC_i_4/MSC_i_10/MSC_i_12/MSC_i_13/wraddr_rr[10]:CLK
  To:   MIPI_CAMERA_0/mipicsi2rxdecoderPF_C0_0/MSC_i_0/MSC_i_4/MSC_i_10/MSC_i_12/MSC_i_13/wraddr_sync_r[10]:D
  Delay (ns):              0.372
  Slack (ns):             -3.266
  Arrival (ns):            4.091
  Required (ns):           7.357
  Operating Conditions: slow_lv_ht

Path 25
  From: MIPI_CAMERA_0/mipicsi2rxdecoderPF_C0_0/MSC_i_0/MSC_i_4/MSC_i_10/genblk2.frame_valid_out_VC0:CLK
  To:   MIPI_CAMERA_0/mipicsi2rxdecoderPF_C0_0/MSC_i_0/MSC_i_4/MSC_i_10/fv_reg:D
  Delay (ns):              0.378
  Slack (ns):             -3.265
  Arrival (ns):            4.132
  Required (ns):           7.397
  Operating Conditions: slow_lv_ht

Path 26
  From: MIPI_CAMERA_0/mipicsi2rxdecoderPF_C0_0/MSC_i_0/MSC_i_4/MSC_i_10/genblk2.word_count_out[6]:CLK
  To:   MIPI_CAMERA_0/mipicsi2rxdecoderPF_C0_0/MSC_i_0/MSC_i_4/MSC_i_10/word_count_reg1_0[6]:D
  Delay (ns):              0.408
  Slack (ns):             -3.260
  Arrival (ns):            4.158
  Required (ns):           7.418
  Operating Conditions: slow_lv_ht

Path 27
  From: MIPI_CAMERA_0/mipicsi2rxdecoderPF_C0_0/MSC_i_0/MSC_i_4/MSC_i_10/genblk2.word_count_out[1]:CLK
  To:   MIPI_CAMERA_0/mipicsi2rxdecoderPF_C0_0/MSC_i_0/MSC_i_4/MSC_i_10/word_count_reg1_0[1]:D
  Delay (ns):              0.380
  Slack (ns):             -3.255
  Arrival (ns):            4.132
  Required (ns):           7.387
  Operating Conditions: slow_lv_ht

Path 28
  From: MIPI_CAMERA_0/mipicsi2rxdecoderPF_C0_0/MSC_i_0/MSC_i_4/MSC_i_10/genblk2.word_count_out[2]:CLK
  To:   MIPI_CAMERA_0/mipicsi2rxdecoderPF_C0_0/MSC_i_0/MSC_i_4/MSC_i_10/word_count_reg1_0[2]:D
  Delay (ns):              0.407
  Slack (ns):             -3.252
  Arrival (ns):            4.160
  Required (ns):           7.412
  Operating Conditions: slow_lv_ht

Path 29
  From: MIPI_CAMERA_0/mipicsi2rxdecoderPF_C0_0/MSC_i_0/MSC_i_4/MSC_i_10/genblk2.word_count_out[4]:CLK
  To:   MIPI_CAMERA_0/mipicsi2rxdecoderPF_C0_0/MSC_i_0/MSC_i_4/MSC_i_10/word_count_reg1_0[4]:D
  Delay (ns):              0.396
  Slack (ns):             -3.247
  Arrival (ns):            4.149
  Required (ns):           7.396
  Operating Conditions: slow_lv_ht

Path 30
  From: MIPI_CAMERA_0/mipicsi2rxdecoderPF_C0_0/MSC_i_0/MSC_i_4/MSC_i_10/genblk2.dt_i[0]:CLK
  To:   MIPI_CAMERA_0/mipicsi2rxdecoderPF_C0_0/MSC_i_0/MSC_i_4/MSC_i_10/data_type_reg1_0[0]:D
  Delay (ns):              0.398
  Slack (ns):             -3.244
  Arrival (ns):            4.150
  Required (ns):           7.394
  Operating Conditions: slow_lv_ht

Path 31
  From: MIPI_CAMERA_0/mipicsi2rxdecoderPF_C0_0/MSC_i_0/MSC_i_4/MSC_i_10/MSC_i_12/MSC_i_13/wraddr_rr[8]:CLK
  To:   MIPI_CAMERA_0/mipicsi2rxdecoderPF_C0_0/MSC_i_0/MSC_i_4/MSC_i_10/MSC_i_12/MSC_i_13/wraddr_sync_r[8]:D
  Delay (ns):              0.427
  Slack (ns):             -3.243
  Arrival (ns):            4.148
  Required (ns):           7.391
  Operating Conditions: slow_lv_ht

Path 32
  From: MIPI_CAMERA_0/mipicsi2rxdecoderPF_C0_0/MSC_i_0/MSC_i_4/MSC_i_10/genblk2.word_count_out[12]:CLK
  To:   MIPI_CAMERA_0/mipicsi2rxdecoderPF_C0_0/MSC_i_0/MSC_i_4/MSC_i_10/word_count_reg1_0[12]:D
  Delay (ns):              0.400
  Slack (ns):             -3.239
  Arrival (ns):            4.160
  Required (ns):           7.399
  Operating Conditions: slow_lv_ht

Path 33
  From: MIPI_CAMERA_0/mipicsi2rxdecoderPF_C0_0/MSC_i_0/MSC_i_4/MSC_i_10/MSC_i_12/MSC_i_13/wraddr_rr[6]:CLK
  To:   MIPI_CAMERA_0/mipicsi2rxdecoderPF_C0_0/MSC_i_0/MSC_i_4/MSC_i_10/MSC_i_12/MSC_i_13/wraddr_sync_r[6]:D
  Delay (ns):              0.430
  Slack (ns):             -3.237
  Arrival (ns):            4.151
  Required (ns):           7.388
  Operating Conditions: slow_lv_ht

Path 34
  From: MIPI_CAMERA_0/mipicsi2rxdecoderPF_C0_0/MSC_i_0/MSC_i_4/MSC_i_10/MSC_i_12/MSC_i_13/wraddr_rr[3]:CLK
  To:   MIPI_CAMERA_0/mipicsi2rxdecoderPF_C0_0/MSC_i_0/MSC_i_4/MSC_i_10/MSC_i_12/MSC_i_13/wraddr_sync_r[3]:D
  Delay (ns):              0.409
  Slack (ns):             -3.235
  Arrival (ns):            4.142
  Required (ns):           7.377
  Operating Conditions: slow_lv_ht

Path 35
  From: MIPI_CAMERA_0/mipicsi2rxdecoderPF_C0_0/MSC_i_0/MSC_i_4/MSC_i_10/genblk2.virtual_channel[0]:CLK
  To:   MIPI_CAMERA_0/mipicsi2rxdecoderPF_C0_0/MSC_i_0/MSC_i_4/MSC_i_10/virtual_channel_reg1_0[0]:D
  Delay (ns):              0.444
  Slack (ns):             -3.214
  Arrival (ns):            4.196
  Required (ns):           7.410
  Operating Conditions: slow_lv_ht

Path 36
  From: MIPI_CAMERA_0/mipicsi2rxdecoderPF_C0_0/MSC_i_0/MSC_i_4/MSC_i_10/genblk2.dt_i[5]:CLK
  To:   MIPI_CAMERA_0/mipicsi2rxdecoderPF_C0_0/MSC_i_0/MSC_i_4/MSC_i_10/data_type_reg1_0[5]:D
  Delay (ns):              0.433
  Slack (ns):             -3.212
  Arrival (ns):            4.187
  Required (ns):           7.399
  Operating Conditions: slow_lv_ht

Path 37
  From: MIPI_CAMERA_0/mipicsi2rxdecoderPF_C0_0/MSC_i_0/MSC_i_4/MSC_i_10/genblk2.word_count_out[14]:CLK
  To:   MIPI_CAMERA_0/mipicsi2rxdecoderPF_C0_0/MSC_i_0/MSC_i_4/MSC_i_10/word_count_reg1_0[14]:D
  Delay (ns):              0.425
  Slack (ns):             -3.206
  Arrival (ns):            4.185
  Required (ns):           7.391
  Operating Conditions: slow_lv_ht

Path 38
  From: MIPI_CAMERA_0/mipicsi2rxdecoderPF_C0_0/MSC_i_0/MSC_i_4/MSC_i_10/genblk2.dt_i[3]:CLK
  To:   MIPI_CAMERA_0/mipicsi2rxdecoderPF_C0_0/MSC_i_0/MSC_i_4/MSC_i_10/data_type_reg1_0[3]:D
  Delay (ns):              0.407
  Slack (ns):             -3.205
  Arrival (ns):            4.159
  Required (ns):           7.364
  Operating Conditions: slow_lv_ht

Path 39
  From: MIPI_CAMERA_0/mipicsi2rxdecoderPF_C0_0/MSC_i_0/MSC_i_4/MSC_i_10/genblk2.word_count_out[11]:CLK
  To:   MIPI_CAMERA_0/mipicsi2rxdecoderPF_C0_0/MSC_i_0/MSC_i_4/MSC_i_10/word_count_reg1_0[11]:D
  Delay (ns):              0.454
  Slack (ns):             -3.182
  Arrival (ns):            4.214
  Required (ns):           7.396
  Operating Conditions: slow_lv_ht

Path 40
  From: MIPI_CAMERA_0/mipicsi2rxdecoderPF_C0_0/MSC_i_0/MSC_i_4/MSC_i_10/genblk2.word_count_out[15]:CLK
  To:   MIPI_CAMERA_0/mipicsi2rxdecoderPF_C0_0/MSC_i_0/MSC_i_4/MSC_i_10/word_count_reg1_0[15]:D
  Delay (ns):              0.454
  Slack (ns):             -3.179
  Arrival (ns):            4.214
  Required (ns):           7.393
  Operating Conditions: slow_lv_ht

Path 41
  From: MIPI_CAMERA_0/VDMA_C0_0/VDMA_C0_0/dma_top_0/vdma_write_0/ddr_write_vdma/async_fifo_vdma_0/rptr[5]:CLK
  To:   MIPI_CAMERA_0/VDMA_C0_0/VDMA_C0_0/dma_top_0/vdma_write_0/ddr_write_vdma/async_fifo_vdma_0/wrptr1[5]:D
  Delay (ns):              0.223
  Slack (ns):             -2.085
  Arrival (ns):            5.672
  Required (ns):           7.757
  Operating Conditions: slow_lv_ht

Path 42
  From: MIPI_CAMERA_0/VDMA_C0_0/VDMA_C0_0/dma_top_0/vdma_write_0/ddr_write_vdma/async_fifo_vdma_0/rptr[2]:CLK
  To:   MIPI_CAMERA_0/VDMA_C0_0/VDMA_C0_0/dma_top_0/vdma_write_0/ddr_write_vdma/async_fifo_vdma_0/wrptr1[2]:D
  Delay (ns):              0.227
  Slack (ns):             -2.081
  Arrival (ns):            5.676
  Required (ns):           7.757
  Operating Conditions: slow_lv_ht

Path 43
  From: MIPI_CAMERA_0/VDMA_C0_0/VDMA_C0_0/dma_top_0/vdma_write_0/ddr_write_vdma/async_fifo_vdma_0/rptr[3]:CLK
  To:   MIPI_CAMERA_0/VDMA_C0_0/VDMA_C0_0/dma_top_0/vdma_write_0/ddr_write_vdma/async_fifo_vdma_0/wrptr1[3]:D
  Delay (ns):              0.229
  Slack (ns):             -2.079
  Arrival (ns):            5.678
  Required (ns):           7.757
  Operating Conditions: slow_lv_ht

Path 44
  From: MIPI_CAMERA_0/VDMA_C0_0/VDMA_C0_0/dma_top_0/vdma_write_0/ddr_write_vdma/async_fifo_vdma_0/rptr[9]:CLK
  To:   MIPI_CAMERA_0/VDMA_C0_0/VDMA_C0_0/dma_top_0/vdma_write_0/ddr_write_vdma/async_fifo_vdma_0/wrptr1[9]:D
  Delay (ns):              0.234
  Slack (ns):             -2.075
  Arrival (ns):            5.682
  Required (ns):           7.757
  Operating Conditions: slow_lv_ht

Path 45
  From: MIPI_CAMERA_0/VDMA_C0_0/VDMA_C0_0/dma_top_0/vdma_write_0/ddr_write_vdma/async_fifo_vdma_0/rptr[7]:CLK
  To:   MIPI_CAMERA_0/VDMA_C0_0/VDMA_C0_0/dma_top_0/vdma_write_0/ddr_write_vdma/async_fifo_vdma_0/wrptr1[7]:D
  Delay (ns):              0.233
  Slack (ns):             -2.072
  Arrival (ns):            5.673
  Required (ns):           7.745
  Operating Conditions: slow_lv_ht

Path 46
  From: MIPI_CAMERA_0/VDMA_C0_0/VDMA_C0_0/dma_top_0/vdma_write_0/ddr_write_vdma/async_fifo_vdma_0/rptr[11]:CLK
  To:   MIPI_CAMERA_0/VDMA_C0_0/VDMA_C0_0/dma_top_0/vdma_write_0/ddr_write_vdma/async_fifo_vdma_0/wrptr1[11]:D
  Delay (ns):              0.242
  Slack (ns):             -2.066
  Arrival (ns):            5.690
  Required (ns):           7.756
  Operating Conditions: slow_lv_ht

Path 47
  From: MIPI_CAMERA_0/VDMA_C0_0/VDMA_C0_0/dma_top_0/vdma_write_0/ddr_write_vdma/async_fifo_vdma_0/rptr[6]:CLK
  To:   MIPI_CAMERA_0/VDMA_C0_0/VDMA_C0_0/dma_top_0/vdma_write_0/ddr_write_vdma/async_fifo_vdma_0/wrptr1[6]:D
  Delay (ns):              0.243
  Slack (ns):             -2.061
  Arrival (ns):            5.683
  Required (ns):           7.744
  Operating Conditions: slow_lv_ht

Path 48
  From: MIPI_CAMERA_0/PF_IOD_GENERIC_RX_C0_0/COREBCLKSCLKALIGN_0/PF_IOD_GENERIC_RX_C0_TR_0/genblk1.U_ICB_BCLKSCLKALIGN/RX_CLK_ALIGN_DONE:CLK
  To:   MIPI_CAMERA_0/mipicsi2rxdecoderPF_C0_0/MSC_i_0/MSC_i_1/interrupt_event_dly[0][3]:D
  Delay (ns):              2.141
  Slack (ns):             -2.026
  Arrival (ns):            5.698
  Required (ns):           7.724
  Operating Conditions: slow_lv_lt

Path 49
  From: MIPI_CAMERA_0/VDMA_C0_0/VDMA_C0_0/dma_top_0/vdma_write_0/ddr_write_vdma/async_fifo_vdma_0/rptr[0]:CLK
  To:   MIPI_CAMERA_0/VDMA_C0_0/VDMA_C0_0/dma_top_0/vdma_write_0/ddr_write_vdma/async_fifo_vdma_0/wrptr1[0]:D
  Delay (ns):              0.286
  Slack (ns):             -2.014
  Arrival (ns):            5.733
  Required (ns):           7.747
  Operating Conditions: slow_lv_ht

Path 50
  From: MIPI_CAMERA_0/VDMA_C0_0/VDMA_C0_0/dma_top_0/vdma_write_0/ddr_write_vdma/async_fifo_vdma_0/rptr[10]:CLK
  To:   MIPI_CAMERA_0/VDMA_C0_0/VDMA_C0_0/dma_top_0/vdma_write_0/ddr_write_vdma/async_fifo_vdma_0/wrptr1[10]:D
  Delay (ns):              0.288
  Slack (ns):             -2.011
  Arrival (ns):            5.514
  Required (ns):           7.525
  Operating Conditions: slow_lv_lt

Path 51
  From: MIPI_CAMERA_0/VDMA_C0_0/VDMA_C0_0/dma_top_0/vdma_write_0/ddr_write_vdma/async_fifo_vdma_0/rptr[8]:CLK
  To:   MIPI_CAMERA_0/VDMA_C0_0/VDMA_C0_0/dma_top_0/vdma_write_0/ddr_write_vdma/async_fifo_vdma_0/wrptr1[8]:D
  Delay (ns):              0.290
  Slack (ns):             -2.010
  Arrival (ns):            5.737
  Required (ns):           7.747
  Operating Conditions: slow_lv_ht

Path 52
  From: MIPI_CAMERA_0/VDMA_C0_0/VDMA_C0_0/dma_top_0/vdma_write_0/ddr_write_vdma/async_fifo_vdma_0/rptr[1]:CLK
  To:   MIPI_CAMERA_0/VDMA_C0_0/VDMA_C0_0/dma_top_0/vdma_write_0/ddr_write_vdma/async_fifo_vdma_0/wrptr1[1]:D
  Delay (ns):              0.292
  Slack (ns):             -1.998
  Arrival (ns):            5.514
  Required (ns):           7.512
  Operating Conditions: slow_lv_lt

Path 53
  From: MIPI_CAMERA_0/VDMA_C0_0/VDMA_C0_0/dma_top_0/vdma_write_0/ddr_write_vdma/async_fifo_vdma_0/rptr[4]:CLK
  To:   MIPI_CAMERA_0/VDMA_C0_0/VDMA_C0_0/dma_top_0/vdma_write_0/ddr_write_vdma/async_fifo_vdma_0/wrptr1[4]:D
  Delay (ns):              0.357
  Slack (ns):             -1.949
  Arrival (ns):            5.578
  Required (ns):           7.527
  Operating Conditions: slow_lv_lt

Path 54
  From: MIPI_CAMERA_0/VDMA_C0_0/VDMA_C0_0/dma_top_0/vdma_write_0/ddr_write_vdma/async_fifo_vdma_0/rbin[12]:CLK
  To:   MIPI_CAMERA_0/VDMA_C0_0/VDMA_C0_0/dma_top_0/vdma_write_0/ddr_write_vdma/async_fifo_vdma_0/wrptr1[12]:D
  Delay (ns):              0.423
  Slack (ns):             -1.878
  Arrival (ns):            5.646
  Required (ns):           7.524
  Operating Conditions: slow_lv_lt

Path 55
  From: MIPI_CAMERA_0/VDMA_C0_0/VDMA_C0_0/dma_top_0/vdma_write_0/ddr_write_vdma/ddr_write_controller_vdma_0/int_dma:CLK
  To:   MIPI_CAMERA_0/VDMA_C0_0/VDMA_C0_0/dma_top_0/vdma_write_0/synchronizer_circuit_2stage_vdma/s_data_in:D
  Delay (ns):              0.427
  Slack (ns):             -1.858
  Arrival (ns):            5.648
  Required (ns):           7.506
  Operating Conditions: slow_lv_lt

Path 56
  From: MIPI_CAMERA_0/VDMA_C0_0/VDMA_C0_0/dma_top_0/vdma_write_0/frame_size_fifo/wptr[3]:CLK
  To:   MIPI_CAMERA_0/VDMA_C0_0/VDMA_C0_0/dma_top_0/vdma_write_0/frame_size_fifo/rwptr1[3]:D
  Delay (ns):              0.282
  Slack (ns):             -1.832
  Arrival (ns):            5.510
  Required (ns):           7.342
  Operating Conditions: slow_lv_lt

Path 57
  From: MIPI_CAMERA_0/VDMA_C0_0/VDMA_C0_0/dma_top_0/vdma_write_0/frame_size_fifo/wbin[5]:CLK
  To:   MIPI_CAMERA_0/VDMA_C0_0/VDMA_C0_0/dma_top_0/vdma_write_0/frame_size_fifo/rwptr1[5]:D
  Delay (ns):              0.321
  Slack (ns):             -1.794
  Arrival (ns):            5.548
  Required (ns):           7.342
  Operating Conditions: slow_lv_lt

Path 58
  From: MIPI_CAMERA_0/VDMA_C0_0/VDMA_C0_0/dma_top_0/vdma_write_0/frame_size_fifo/wptr[0]:CLK
  To:   MIPI_CAMERA_0/VDMA_C0_0/VDMA_C0_0/dma_top_0/vdma_write_0/frame_size_fifo/rwptr1[0]:D
  Delay (ns):              0.362
  Slack (ns):             -1.763
  Arrival (ns):            5.579
  Required (ns):           7.342
  Operating Conditions: slow_lv_lt

Path 59
  From: MIPI_CAMERA_0/VDMA_C0_0/VDMA_C0_0/dma_top_0/vdma_write_0/frame_size_fifo/wptr[2]:CLK
  To:   MIPI_CAMERA_0/VDMA_C0_0/VDMA_C0_0/dma_top_0/vdma_write_0/frame_size_fifo/rwptr1[2]:D
  Delay (ns):              0.363
  Slack (ns):             -1.762
  Arrival (ns):            5.580
  Required (ns):           7.342
  Operating Conditions: slow_lv_lt

Path 60
  From: MIPI_CAMERA_0/VDMA_C0_0/VDMA_C0_0/dma_top_0/vdma_write_0/frame_size_fifo/wptr[4]:CLK
  To:   MIPI_CAMERA_0/VDMA_C0_0/VDMA_C0_0/dma_top_0/vdma_write_0/frame_size_fifo/rwptr1[4]:D
  Delay (ns):              0.368
  Slack (ns):             -1.746
  Arrival (ns):            5.596
  Required (ns):           7.342
  Operating Conditions: slow_lv_lt

Path 61
  From: MIPI_CAMERA_0/VDMA_C0_0/VDMA_C0_0/dma_top_0/vdma_write_0/ddr_write_vdma/ddr_write_controller_vdma_0/int_dma:CLK
  To:   MIPI_CAMERA_0/VDMA_C0_0/VDMA_C0_0/dma_top_0/interrupt_controller_vdma_0/interrupt_event_dly[0][0]:D
  Delay (ns):              0.389
  Slack (ns):             -1.733
  Arrival (ns):            5.610
  Required (ns):           7.343
  Operating Conditions: slow_lv_lt

Path 62
  From: MIPI_CAMERA_0/VDMA_C0_0/VDMA_C0_0/dma_top_0/vdma_write_0/frame_size_fifo/wfull:CLK
  To:   MIPI_CAMERA_0/VDMA_C0_0/VDMA_C0_0/dma_top_0/interrupt_controller_vdma_0/synchronizer_circuit_2stage_frame_size/s_data_in:D
  Delay (ns):              0.391
  Slack (ns):             -1.722
  Arrival (ns):            5.619
  Required (ns):           7.341
  Operating Conditions: slow_lv_lt

Path 63
  From: MIPI_CAMERA_0/VDMA_C0_0/VDMA_C0_0/dma_top_0/vdma_write_0/frame_size_fifo/wptr[1]:CLK
  To:   MIPI_CAMERA_0/VDMA_C0_0/VDMA_C0_0/dma_top_0/vdma_write_0/frame_size_fifo/rwptr1[1]:D
  Delay (ns):              0.409
  Slack (ns):             -1.683
  Arrival (ns):            5.626
  Required (ns):           7.309
  Operating Conditions: slow_lv_lt

Path 64
  From: MIPI_CAMERA_0/mipicsi2rxdecoderPF_C0_0/MSC_i_0/r_isr[2]:CLK
  To:   MIPI_CAMERA_0/mipicsi2rxdecoderPF_C0_0/MSC_i_0/MSC_i_1/interrupt_event_dly[0][2]:D
  Delay (ns):              0.277
  Slack (ns):             -0.925
  Arrival (ns):            6.794
  Required (ns):           7.719
  Operating Conditions: slow_lv_lt

Path 65
  From: MIPI_CAMERA_0/VDMA_C0_0/VDMA_C0_0/dma_top_0/vdma_write_0/buff_addr_fifo/rptr[3]:CLK
  To:   MIPI_CAMERA_0/VDMA_C0_0/VDMA_C0_0/dma_top_0/vdma_write_0/buff_addr_fifo/wrptr1[3]:D
  Delay (ns):              0.293
  Slack (ns):             -0.903
  Arrival (ns):            6.814
  Required (ns):           7.717
  Operating Conditions: slow_lv_lt

Path 66
  From: MIPI_CAMERA_0/VDMA_C0_0/VDMA_C0_0/dma_top_0/vdma_write_0/buff_addr_fifo/rbin[5]:CLK
  To:   MIPI_CAMERA_0/VDMA_C0_0/VDMA_C0_0/dma_top_0/vdma_write_0/buff_addr_fifo/wrptr1[5]:D
  Delay (ns):              0.294
  Slack (ns):             -0.896
  Arrival (ns):            6.808
  Required (ns):           7.704
  Operating Conditions: slow_lv_lt

Path 67
  From: MIPI_CAMERA_0/VDMA_C0_0/VDMA_C0_0/dma_top_0/vdma_write_0/buff_addr_fifo/rptr[0]:CLK
  To:   MIPI_CAMERA_0/VDMA_C0_0/VDMA_C0_0/dma_top_0/vdma_write_0/buff_addr_fifo/wrptr1[0]:D
  Delay (ns):              0.302
  Slack (ns):             -0.894
  Arrival (ns):            6.823
  Required (ns):           7.717
  Operating Conditions: slow_lv_lt

Path 68
  From: MIPI_CAMERA_0/mipicsi2rxdecoderPF_C0_0/MSC_i_0/r_isr[6]:CLK
  To:   MIPI_CAMERA_0/mipicsi2rxdecoderPF_C0_0/MSC_i_0/MSC_i_1/interrupt_event_dly[0][6]:D
  Delay (ns):              0.306
  Slack (ns):             -0.889
  Arrival (ns):            6.813
  Required (ns):           7.702
  Operating Conditions: slow_lv_lt

Path 69
  From: MIPI_CAMERA_0/mipicsi2rxdecoderPF_C0_0/MSC_i_0/r_isr[1]:CLK
  To:   MIPI_CAMERA_0/mipicsi2rxdecoderPF_C0_0/MSC_i_0/MSC_i_1/interrupt_event_dly[0][1]:D
  Delay (ns):              0.302
  Slack (ns):             -0.883
  Arrival (ns):            6.819
  Required (ns):           7.702
  Operating Conditions: slow_lv_lt

Path 70
  From: MIPI_CAMERA_0/mipicsi2rxdecoderPF_C0_0/MSC_i_0/r_int_dly1:CLK
  To:   MIPI_CAMERA_0/mipicsi2rxdecoderPF_C0_0/MSC_i_0/MSC_i_1/interrupt_event_dly[0][0]:D
  Delay (ns):              0.342
  Slack (ns):             -0.864
  Arrival (ns):            6.825
  Required (ns):           7.689
  Operating Conditions: slow_lv_lt

Path 71
  From: MIPI_CAMERA_0/VDMA_C0_0/VDMA_C0_0/dma_top_0/vdma_write_0/buff_addr_fifo/rptr[2]:CLK
  To:   MIPI_CAMERA_0/VDMA_C0_0/VDMA_C0_0/dma_top_0/vdma_write_0/buff_addr_fifo/wrptr1[2]:D
  Delay (ns):              0.347
  Slack (ns):             -0.856
  Arrival (ns):            6.861
  Required (ns):           7.717
  Operating Conditions: slow_lv_lt

Path 72
  From: MIPI_CAMERA_0/VDMA_C0_0/VDMA_C0_0/dma_top_0/vdma_write_0/buff_addr_fifo/rptr[1]:CLK
  To:   MIPI_CAMERA_0/VDMA_C0_0/VDMA_C0_0/dma_top_0/vdma_write_0/buff_addr_fifo/wrptr1[1]:D
  Delay (ns):              0.347
  Slack (ns):             -0.855
  Arrival (ns):            6.862
  Required (ns):           7.717
  Operating Conditions: slow_lv_lt

Path 73
  From: MIPI_CAMERA_0/VDMA_C0_0/VDMA_C0_0/dma_top_0/vdma_write_0/buff_addr_fifo/rptr[4]:CLK
  To:   MIPI_CAMERA_0/VDMA_C0_0/VDMA_C0_0/dma_top_0/vdma_write_0/buff_addr_fifo/wrptr1[4]:D
  Delay (ns):              0.362
  Slack (ns):             -0.834
  Arrival (ns):            6.883
  Required (ns):           7.717
  Operating Conditions: slow_lv_lt

Path 74
  From: MIPI_CAMERA_0/VDMA_C0_0/VDMA_C0_0/dma_top_0/vdma_write_0/buff_addr_fifo/rempty:CLK
  To:   MIPI_CAMERA_0/VDMA_C0_0/VDMA_C0_0/dma_top_0/interrupt_controller_vdma_0/synchronizer_circuit_2stage_buff_addr/s_data_in:D
  Delay (ns):              0.379
  Slack (ns):             -0.828
  Arrival (ns):            6.900
  Required (ns):           7.728
  Operating Conditions: slow_lv_lt

Path 75
  From: MIPI_CAMERA_0/mipicsi2rxdecoderPF_C0_0/MSC_i_0/r_isr[5]:CLK
  To:   MIPI_CAMERA_0/mipicsi2rxdecoderPF_C0_0/MSC_i_0/MSC_i_1/interrupt_event_dly[0][5]:D
  Delay (ns):              0.365
  Slack (ns):             -0.816
  Arrival (ns):            6.882
  Required (ns):           7.698
  Operating Conditions: slow_lv_lt

Path 76
  From: MIPI_CAMERA_0/mipicsi2rxdecoderPF_C0_0/MSC_i_0/r_int_dly3:CLK
  To:   MIPI_CAMERA_0/mipicsi2rxdecoderPF_C0_0/MSC_i_0/MSC_i_1/interrupt_event_dly[0][0]:D
  Delay (ns):              0.410
  Slack (ns):             -0.796
  Arrival (ns):            6.893
  Required (ns):           7.689
  Operating Conditions: slow_lv_lt

Path 77
  From: MIPI_CAMERA_0/mipicsi2rxdecoderPF_C0_0/MSC_i_0/r_int_dly2:CLK
  To:   MIPI_CAMERA_0/mipicsi2rxdecoderPF_C0_0/MSC_i_0/MSC_i_1/interrupt_event_dly[0][0]:D
  Delay (ns):              0.442
  Slack (ns):             -0.763
  Arrival (ns):            6.926
  Required (ns):           7.689
  Operating Conditions: slow_lv_lt

Path 78
  From: MIPI_CAMERA_0/mipicsi2rxdecoderPF_C0_0/MSC_i_0/r_int_dly4:CLK
  To:   MIPI_CAMERA_0/mipicsi2rxdecoderPF_C0_0/MSC_i_0/MSC_i_1/interrupt_event_dly[0][0]:D
  Delay (ns):              0.439
  Slack (ns):             -0.758
  Arrival (ns):            7.139
  Required (ns):           7.897
  Operating Conditions: slow_lv_ht

Path 79
  From: MIPI_CAMERA_0/mipicsi2rxdecoderPF_C0_0/MSC_i_0/r_isr[4]:CLK
  To:   MIPI_CAMERA_0/mipicsi2rxdecoderPF_C0_0/MSC_i_0/MSC_i_1/interrupt_event_dly[0][4]:D
  Delay (ns):              0.478
  Slack (ns):             -0.707
  Arrival (ns):            6.979
  Required (ns):           7.686
  Operating Conditions: slow_lv_lt

Path 80
  From: MIPI_CAMERA_0/mipicsi2rxdecoderPF_C0_0/MSC_i_0/r_isr[0]:CLK
  To:   MIPI_CAMERA_0/mipicsi2rxdecoderPF_C0_0/MSC_i_0/MSC_i_1/interrupt_event_dly[0][0]:D
  Delay (ns):              0.535
  Slack (ns):             -0.652
  Arrival (ns):            7.037
  Required (ns):           7.689
  Operating Conditions: slow_lv_lt

Path 81
  From: MIPI_CAMERA_0/VDMA_C0_0/VDMA_C0_0/dma_top_0/vdma_write_0/buff_addr_fifo/wptr[1]:CLK
  To:   MIPI_CAMERA_0/VDMA_C0_0/VDMA_C0_0/dma_top_0/vdma_write_0/buff_addr_fifo/rwptr1[1]:D
  Delay (ns):              0.287
  Slack (ns):             -0.562
  Arrival (ns):            7.204
  Required (ns):           7.766
  Operating Conditions: slow_lv_ht

Path 82
  From: MIPI_CAMERA_0/VDMA_C0_0/VDMA_C0_0/dma_top_0/vdma_write_0/buff_addr_fifo/wptr[2]:CLK
  To:   MIPI_CAMERA_0/VDMA_C0_0/VDMA_C0_0/dma_top_0/vdma_write_0/buff_addr_fifo/rwptr1[2]:D
  Delay (ns):              0.364
  Slack (ns):             -0.485
  Arrival (ns):            7.281
  Required (ns):           7.766
  Operating Conditions: slow_lv_ht

Path 83
  From: MIPI_CAMERA_0/VDMA_C0_0/VDMA_C0_0/dma_top_0/vdma_write_0/buff_addr_fifo/wptr[4]:CLK
  To:   MIPI_CAMERA_0/VDMA_C0_0/VDMA_C0_0/dma_top_0/vdma_write_0/buff_addr_fifo/rwptr1[4]:D
  Delay (ns):              0.388
  Slack (ns):             -0.472
  Arrival (ns):            7.305
  Required (ns):           7.777
  Operating Conditions: slow_lv_ht

Path 84
  From: MIPI_CAMERA_0/VDMA_C0_0/VDMA_C0_0/dma_top_0/vdma_write_0/buff_addr_fifo/wptr[0]:CLK
  To:   MIPI_CAMERA_0/VDMA_C0_0/VDMA_C0_0/dma_top_0/vdma_write_0/buff_addr_fifo/rwptr1[0]:D
  Delay (ns):              0.397
  Slack (ns):             -0.464
  Arrival (ns):            7.314
  Required (ns):           7.778
  Operating Conditions: slow_lv_ht

Path 85
  From: MIPI_CAMERA_0/VDMA_C0_0/VDMA_C0_0/dma_top_0/vdma_write_0/buff_addr_fifo/wptr[3]:CLK
  To:   MIPI_CAMERA_0/VDMA_C0_0/VDMA_C0_0/dma_top_0/vdma_write_0/buff_addr_fifo/rwptr1[3]:D
  Delay (ns):              0.453
  Slack (ns):             -0.408
  Arrival (ns):            7.370
  Required (ns):           7.778
  Operating Conditions: slow_lv_ht

Path 86
  From: MIPI_CAMERA_0/VDMA_C0_0/VDMA_C0_0/dma_top_0/vdma_write_0/buff_addr_fifo/wbin[5]:CLK
  To:   MIPI_CAMERA_0/VDMA_C0_0/VDMA_C0_0/dma_top_0/vdma_write_0/buff_addr_fifo/rwptr1[5]:D
  Delay (ns):              0.456
  Slack (ns):             -0.405
  Arrival (ns):            7.373
  Required (ns):           7.778
  Operating Conditions: slow_lv_ht

Path 87
  From: MIPI_CAMERA_0/VDMA_C0_0/VDMA_C0_0/dma_top_0/axi4lite_regmap_vdma_0/write_reg_vdma_0/r_ip_rstn_dly[2]:CLK
  To:   MIPI_CAMERA_0/VDMA_C0_0/VDMA_C0_0/dma_top_0/vdma_ip_reset_0/synchronizer_circuit_2stage_video_clk/s_data_in:D
  Delay (ns):              0.630
  Slack (ns):             -0.205
  Arrival (ns):            7.541
  Required (ns):           7.746
  Operating Conditions: slow_lv_ht

Path 88
  From: MIPI_CAMERA_0/VDMA_C0_0/VDMA_C0_0/dma_top_0/axi4lite_regmap_vdma_0/write_reg_vdma_0/r_ip_rstn_dly[3]:CLK
  To:   MIPI_CAMERA_0/VDMA_C0_0/VDMA_C0_0/dma_top_0/vdma_ip_reset_0/synchronizer_circuit_2stage_video_clk/s_data_in:D
  Delay (ns):              0.604
  Slack (ns):             -0.186
  Arrival (ns):            7.323
  Required (ns):           7.509
  Operating Conditions: slow_lv_lt

Path 89
  From: MIPI_CAMERA_0/VDMA_C0_0/VDMA_C0_0/dma_top_0/axi4lite_regmap_vdma_0/write_reg_vdma_0/r_ip_rstn_dly[0]:CLK
  To:   MIPI_CAMERA_0/VDMA_C0_0/VDMA_C0_0/dma_top_0/vdma_ip_reset_0/synchronizer_circuit_2stage_video_clk/s_data_in:D
  Delay (ns):              0.653
  Slack (ns):             -0.182
  Arrival (ns):            7.564
  Required (ns):           7.746
  Operating Conditions: slow_lv_ht

Path 90
  From: MIPI_CAMERA_0/VDMA_C0_0/VDMA_C0_0/dma_top_0/axi4lite_regmap_vdma_0/write_reg_vdma_0/r_ip_rstn_dly[1]:CLK
  To:   MIPI_CAMERA_0/VDMA_C0_0/VDMA_C0_0/dma_top_0/vdma_ip_reset_0/synchronizer_circuit_2stage_video_clk/s_data_in:D
  Delay (ns):              0.655
  Slack (ns):             -0.180
  Arrival (ns):            7.566
  Required (ns):           7.746
  Operating Conditions: slow_lv_ht

Path 91
  From: MIPI_CAMERA_0/VDMA_C0_0/VDMA_C0_0/dma_top_0/axi4lite_regmap_vdma_0/write_reg_vdma_0/r_fifo_rstn_dly_Z[3]:CLK
  To:   MIPI_CAMERA_0/VDMA_C0_0/VDMA_C0_0/dma_top_0/vdma_write_0/ddr_write_vdma/async_fifo_vdma_0/wrptr1[7]:ALn
  Delay (ns):              0.561
  Slack (ns):             -0.080
  Arrival (ns):            7.472
  Required (ns):           7.552
  Operating Conditions: slow_lv_ht

Path 92
  From: MIPI_CAMERA_0/VDMA_C0_0/VDMA_C0_0/dma_top_0/axi4lite_regmap_vdma_0/write_reg_vdma_0/r_fifo_rstn_dly_Z[3]:CLK
  To:   MIPI_CAMERA_0/VDMA_C0_0/VDMA_C0_0/dma_top_0/vdma_write_0/ddr_write_vdma/async_fifo_vdma_0/wrptr1[6]:ALn
  Delay (ns):              0.562
  Slack (ns):             -0.078
  Arrival (ns):            7.473
  Required (ns):           7.551
  Operating Conditions: slow_lv_ht

Path 93
  From: MIPI_CAMERA_0/VDMA_C0_0/VDMA_C0_0/dma_top_0/axi4lite_regmap_vdma_0/write_reg_vdma_0/r_fifo_rstn_dly_Z[2]:CLK
  To:   MIPI_CAMERA_0/VDMA_C0_0/VDMA_C0_0/dma_top_0/vdma_write_0/ddr_write_vdma/async_fifo_vdma_0/wrptr1[7]:ALn
  Delay (ns):              0.619
  Slack (ns):             -0.022
  Arrival (ns):            7.530
  Required (ns):           7.552
  Operating Conditions: slow_lv_ht

Path 94
  From: MIPI_CAMERA_0/VDMA_C0_0/VDMA_C0_0/dma_top_0/axi4lite_regmap_vdma_0/write_reg_vdma_0/r_fifo_rstn_dly_Z[2]:CLK
  To:   MIPI_CAMERA_0/VDMA_C0_0/VDMA_C0_0/dma_top_0/vdma_write_0/ddr_write_vdma/async_fifo_vdma_0/wrptr1[6]:ALn
  Delay (ns):              0.620
  Slack (ns):             -0.020
  Arrival (ns):            7.531
  Required (ns):           7.551
  Operating Conditions: slow_lv_ht

Path 95
  From: MIPI_CAMERA_0/VDMA_C0_0/VDMA_C0_0/dma_top_0/axi4lite_regmap_vdma_0/write_reg_vdma_0/r_ip_rstn_dly[2]:CLK
  To:   MIPI_CAMERA_0/VDMA_C0_0/VDMA_C0_0/dma_top_0/vdma_write_0/ddr_write_vdma/async_fifo_vdma_0/wrptr1[7]:ALn
  Delay (ns):              0.654
  Slack (ns):              0.013
  Arrival (ns):            7.565
  Required (ns):           7.552
  Operating Conditions: slow_lv_ht

Path 96
  From: MIPI_CAMERA_0/VDMA_C0_0/VDMA_C0_0/dma_top_0/axi4lite_regmap_vdma_0/write_reg_vdma_0/r_ip_rstn_dly[2]:CLK
  To:   MIPI_CAMERA_0/VDMA_C0_0/VDMA_C0_0/dma_top_0/vdma_write_0/ddr_write_vdma/async_fifo_vdma_0/wrptr1[6]:ALn
  Delay (ns):              0.655
  Slack (ns):              0.015
  Arrival (ns):            7.566
  Required (ns):           7.551
  Operating Conditions: slow_lv_ht

Path 97
  From: MIPI_CAMERA_0/VDMA_C0_0/VDMA_C0_0/dma_top_0/axi4lite_regmap_vdma_0/write_reg_vdma_0/r_fifo_rstn_dly_Z[3]:CLK
  To:   MIPI_CAMERA_0/VDMA_C0_0/VDMA_C0_0/dma_top_0/vdma_write_0/ddr_write_vdma/async_fifo_vdma_0/wrptr2[11]:ALn
  Delay (ns):              0.673
  Slack (ns):              0.027
  Arrival (ns):            7.584
  Required (ns):           7.557
  Operating Conditions: slow_lv_ht

Path 98
  From: MIPI_CAMERA_0/VDMA_C0_0/VDMA_C0_0/dma_top_0/axi4lite_regmap_vdma_0/write_reg_vdma_0/r_fifo_rstn_dly_Z[3]:CLK
  To:   MIPI_CAMERA_0/VDMA_C0_0/VDMA_C0_0/dma_top_0/vdma_write_0/ddr_write_vdma/async_fifo_vdma_0/wrptr1[12]:ALn
  Delay (ns):              0.673
  Slack (ns):              0.027
  Arrival (ns):            7.584
  Required (ns):           7.557
  Operating Conditions: slow_lv_ht

Path 99
  From: MIPI_CAMERA_0/VDMA_C0_0/VDMA_C0_0/dma_top_0/axi4lite_regmap_vdma_0/write_reg_vdma_0/r_fifo_rstn_dly_Z[3]:CLK
  To:   MIPI_CAMERA_0/VDMA_C0_0/VDMA_C0_0/dma_top_0/vdma_write_0/ddr_write_vdma/async_fifo_vdma_0/wrptr1[10]:ALn
  Delay (ns):              0.674
  Slack (ns):              0.028
  Arrival (ns):            7.585
  Required (ns):           7.557
  Operating Conditions: slow_lv_ht

Path 100
  From: MIPI_CAMERA_0/VDMA_C0_0/VDMA_C0_0/dma_top_0/axi4lite_regmap_vdma_0/write_reg_vdma_0/r_ip_rstn_dly[3]:CLK
  To:   MIPI_CAMERA_0/VDMA_C0_0/VDMA_C0_0/dma_top_0/vdma_write_0/ddr_write_vdma/async_fifo_vdma_0/wrptr1[7]:ALn
  Delay (ns):              0.672
  Slack (ns):              0.031
  Arrival (ns):            7.583
  Required (ns):           7.552
  Operating Conditions: slow_lv_ht

