{
"Synplify Pro (R) Job Log" : {
	"Date" : "23:28:20    08-Apr-2026",
	"Working Directory" : "C:/Users/Danug/Documents/Code/SecureVISION-polarfire-reference-design/MPFS_DISCOVERY/synthesis",
	"Install" : "C:/Microchip/Libero_SoC_2025.2/Libero_SoC/Synplify_Pro"
},
"synthesis" :{
   "Job Flow" : "Sequential",
   "Start Time" : "23:24:02",
   "Runtime" : "04m:18s",
   "Executable Run Time" : "04m:17s",
   "synthesis" : {
      "Job Flow" : "Sequential",
      "Start Time" : "23:24:02",
      "Runtime" : "04m:18s",
      "Executable Run Time" : "04m:17s",
      "compile" : {
         "Job Flow" : "Sequential",
         "Start Time" : "23:24:02",
         "Runtime" : "02m:35s",
         "Executable Run Time" : "02m:34s",
         "compile_flow" : {
            "Job Flow" : "Sequential",
            "Start Time" : "23:24:02",
            "Runtime" : "02m:13s",
            "Executable Run Time" : "02m:12s",
            "compiler" : {
               "executable" : "bin64/c_hdl.exe",
               "Run Directory" : "C:/Users/Danug/Documents/Code/SecureVISION-polarfire-reference-design/MPFS_DISCOVERY/synthesis",
               "Run State" : "Complete",
               "Return Code" : "0",
               "Run Success" : "yes",
               "Run Start Time" : "23:24:02",
               "Run Time" : "02m:10s",
               "Exe Run Time" : "02m:09s",
               "max_parallel_jobs" : "4",
               "Memory Usage" : "-",
               "Up-to-date (run skipped)" : "no"
            },
            "multi_srs_gen" : {
               "executable" : "bin64/syn_nfilter.exe",
               "Run Directory" : "C:/Users/Danug/Documents/Code/SecureVISION-polarfire-reference-design/MPFS_DISCOVERY/synthesis",
               "Run State" : "Complete",
               "Return Code" : "0",
               "Run Success" : "yes",
               "Run Start Time" : "23:26:12",
               "Run Time" : "03s",
               "Exe Run Time" : "03s",
               "Memory Usage" : "-",
               "Up-to-date (run skipped)" : "no"
            }
         },
         "premap" : {
            "executable" : "bin64/m_generic.exe",
            "Run Directory" : "C:/Users/Danug/Documents/Code/SecureVISION-polarfire-reference-design/MPFS_DISCOVERY/synthesis",
            "Run State" : "Complete",
            "Return Code" : "1",
            "Run Success" : "yes",
            "Run Start Time" : "23:26:15",
            "Run Time" : "22s",
            "Exe Run Time" : "22s",
            "max_parallel_jobs" : "4",
            "Memory Usage" : "-",
            "Up-to-date (run skipped)" : "no"
         }
      },
      "map" : {
         "Job Flow" : "Sequential",
         "Start Time" : "23:26:37",
         "Runtime" : "01m:43s",
         "Executable Run Time" : "01m:43s",
         "fpga_mapper" : {
            "executable" : "bin64/m_generic.exe",
            "Run Directory" : "C:/Users/Danug/Documents/Code/SecureVISION-polarfire-reference-design/MPFS_DISCOVERY/synthesis",
            "Run State" : "Complete",
            "Return Code" : "1",
            "Run Success" : "yes",
            "Run Start Time" : "23:26:37",
            "Run Time" : "01m:43s",
            "Exe Run Time" : "01m:43s",
            "max_parallel_jobs" : "4",
            "Memory Usage" : "-",
            "Up-to-date (run skipped)" : "no"
         }
      }
   }
}
}