Option definition override for: enable_hydra_infer_clocks_from_latch_data

                               Synplify Pro (R) 

               Version W-2025.03M-SP1-1 for win64 - Nov 18, 2025 

                    Copyright (c) 1988 - 2025 Synopsys, Inc.
   This software and the associated documentation are proprietary to Synopsys,
 Inc. This software may only be used in accordance with the terms and conditions
 of a written license agreement with Synopsys, Inc. All other use, reproduction,
   or distribution of this software is strictly prohibited.  Licensed Products
     communicate with Synopsys servers for the purpose of providing software
    updates, detecting software piracy and verifying that customers are using
    Licensed Products in conformity with the applicable License Key for such
  Licensed Products. Synopsys will use information gathered in connection with
    this process to deliver software updates and pursue software pirates and
                                   infringers.

 Inclusivity & Diversity - Visit SolvNetPlus to read the "Synopsys Statement on
            Inclusivity and Diversity" (Refer to article 000036315 at
                        https://solvnetplus.synopsys.com)

Starting:    C:\Microchip\Libero_SoC_2025.2\Libero_SoC\Synplify_Pro\bin64\mbin\synbatch.exe
Install:     C:\Microchip\Libero_SoC_2025.2\Libero_SoC\Synplify_Pro
Hostname:    AXIIOMATIC-PC
Date:        Wed Apr  8 23:24:01 2026
Version:     W-2025.03M-SP1-1

Arguments:   -product synplify_base -licensetype synplifypro_actel -batch -log synplify.log MPFS_DISCOVERY_KIT_syn.tcl
ProductType: synplify_pro

License checkout: synplifypro_actel
License: synplifypro_actel node-locked 
Licensed Vendor: actel
License Option: actel_oem

Running in Vendor Mode




log file: "C:\Users\Danug\Documents\Code\SecureVISION-polarfire-reference-design\MPFS_DISCOVERY\synthesis\MPFS_DISCOVERY_KIT.srr"
Running: synthesis in foreground

Running MPFS_DISCOVERY_KIT_syn|synthesis

Running Flow: compile (Compile) on MPFS_DISCOVERY_KIT_syn|synthesis
# Wed Apr  8 23:24:02 2026

Running Flow: compile_flow (Compile Process) on MPFS_DISCOVERY_KIT_syn|synthesis
# Wed Apr  8 23:24:02 2026

Running: compiler (Compile Input) on MPFS_DISCOVERY_KIT_syn|synthesis
# Wed Apr  8 23:24:02 2026
Copied C:\Users\Danug\Documents\Code\SecureVISION-polarfire-reference-design\MPFS_DISCOVERY\synthesis\synwork\MPFS_DISCOVERY_KIT_comp.srs to C:\Users\Danug\Documents\Code\SecureVISION-polarfire-reference-design\MPFS_DISCOVERY\synthesis\MPFS_DISCOVERY_KIT.srs

compiler completed
# Wed Apr  8 23:26:12 2026

Return Code: 0
Run Time:00h:02m:09s

Running: multi_srs_gen (Multi-srs Generator) on MPFS_DISCOVERY_KIT_syn|synthesis
# Wed Apr  8 23:26:12 2026

multi_srs_gen completed
# Wed Apr  8 23:26:15 2026

Return Code: 0
Run Time:00h:00m:03s
Copied C:\Users\Danug\Documents\Code\SecureVISION-polarfire-reference-design\MPFS_DISCOVERY\synthesis\synwork\MPFS_DISCOVERY_KIT_mult.srs to C:\Users\Danug\Documents\Code\SecureVISION-polarfire-reference-design\MPFS_DISCOVERY\synthesis\MPFS_DISCOVERY_KIT.srs
Complete: Compile Process on MPFS_DISCOVERY_KIT_syn|synthesis

Running: premap (Premap) on MPFS_DISCOVERY_KIT_syn|synthesis
# Wed Apr  8 23:26:15 2026

premap completed with warnings
# Wed Apr  8 23:26:37 2026

Return Code: 1
Run Time:00h:00m:22s
Complete: Compile on MPFS_DISCOVERY_KIT_syn|synthesis

Running Flow: map (Map) on MPFS_DISCOVERY_KIT_syn|synthesis
# Wed Apr  8 23:26:37 2026
License granted for 4 parallel jobs

Running: fpga_mapper (Map & Optimize) on MPFS_DISCOVERY_KIT_syn|synthesis
# Wed Apr  8 23:26:37 2026
Copied C:\Users\Danug\Documents\Code\SecureVISION-polarfire-reference-design\MPFS_DISCOVERY\synthesis\synwork\MPFS_DISCOVERY_KIT_m.srm to C:\Users\Danug\Documents\Code\SecureVISION-polarfire-reference-design\MPFS_DISCOVERY\synthesis\MPFS_DISCOVERY_KIT.srm

fpga_mapper completed with warnings
# Wed Apr  8 23:28:20 2026

Return Code: 1
Run Time:00h:01m:43s
Complete: Map on MPFS_DISCOVERY_KIT_syn|synthesis
Complete: Logic Synthesis on MPFS_DISCOVERY_KIT_syn|synthesis
TCL script complete: "MPFS_DISCOVERY_KIT_syn.tcl"
exit status=0
exit status=0
License checkin: synplifypro_actel
