
Copyright (C) 1994-2025 Synopsys, Inc.
This Synopsys software and all associated documentation are proprietary to Synopsys, Inc.
and may only be used pursuant to the terms and conditions of a written license agreement
with Synopsys, Inc. All other use, reproduction, modification, or distribution of the
Synopsys software or the associated documentation is strictly prohibited.
Tool: Synplify Pro (R)
Build: W-2025.03M-SP1-1
Install: C:\Microchip\Libero_SoC_2025.2\Libero_SoC\Synplify_Pro
OS: Windows 10 or later
Hostname: AXIIOMATIC-PC

Implementation : synthesis
Synopsys HDL compiler and linker, Version comp202503synp2, Build 183R, Built Nov 18 2025 09:08:11, @

Modified Files: 2
FID:  path (prevtimestamp, timestamp)
321      C:\Users\Danug\Documents\Code\SecureVISION-polarfire-reference-design\MPFS_DISCOVERY\component\syn_comps.v (2026-04-08 20:23:05, 2026-04-08 23:24:01)
398      C:\Users\Danug\Documents\Code\SecureVISION-polarfire-reference-design\MPFS_DISCOVERY\component\work\MPFS_DISCOVERY_KIT\MPFS_DISCOVERY_KIT.v (2026-04-08 20:20:37, 2026-04-08 23:19:17)

*******************************************************************
Modules that may have changed as a result of file changes: 86
MID:  lib.cell.view
10       work.APBM.verilog may have changed because the following files changed:
                        C:\Users\Danug\Documents\Code\SecureVISION-polarfire-reference-design\MPFS_DISCOVERY\component\syn_comps.v (2026-04-08 20:23:05, 2026-04-08 23:24:01) <-- (module definition)
11       work.APBS.verilog may have changed because the following files changed:
                        C:\Users\Danug\Documents\Code\SecureVISION-polarfire-reference-design\MPFS_DISCOVERY\component\syn_comps.v (2026-04-08 20:23:05, 2026-04-08 23:24:01) <-- (module definition)
305      work.AXI4S_INITIATOR_MIPIRX.verilog may have changed because the following files changed:
                        C:\Users\Danug\Documents\Code\SecureVISION-polarfire-reference-design\MPFS_DISCOVERY\component\work\MPFS_DISCOVERY_KIT\MPFS_DISCOVERY_KIT.v (2026-04-08 20:20:37, 2026-04-08 23:19:17) <-- (may instantiate this module)
14       work.BANKCTRLM.verilog may have changed because the following files changed:
                        C:\Users\Danug\Documents\Code\SecureVISION-polarfire-reference-design\MPFS_DISCOVERY\component\syn_comps.v (2026-04-08 20:23:05, 2026-04-08 23:24:01) <-- (module definition)
15       work.BANKCTRL_GPIO.verilog may have changed because the following files changed:
                        C:\Users\Danug\Documents\Code\SecureVISION-polarfire-reference-design\MPFS_DISCOVERY\component\syn_comps.v (2026-04-08 20:23:05, 2026-04-08 23:24:01) <-- (module definition)
16       work.BANKCTRL_HSIO.verilog may have changed because the following files changed:
                        C:\Users\Danug\Documents\Code\SecureVISION-polarfire-reference-design\MPFS_DISCOVERY\component\syn_comps.v (2026-04-08 20:23:05, 2026-04-08 23:24:01) <-- (module definition)
17       work.BANKEN.verilog may have changed because the following files changed:
                        C:\Users\Danug\Documents\Code\SecureVISION-polarfire-reference-design\MPFS_DISCOVERY\component\syn_comps.v (2026-04-08 20:23:05, 2026-04-08 23:24:01) <-- (module definition)
18       work.CLKBUF_DIFF.verilog may have changed because the following files changed:
                        C:\Users\Danug\Documents\Code\SecureVISION-polarfire-reference-design\MPFS_DISCOVERY\component\syn_comps.v (2026-04-08 20:23:05, 2026-04-08 23:24:01) <-- (module definition)
19       work.CLKBUF_DIFF_ODT.verilog may have changed because the following files changed:
                        C:\Users\Danug\Documents\Code\SecureVISION-polarfire-reference-design\MPFS_DISCOVERY\component\syn_comps.v (2026-04-08 20:23:05, 2026-04-08 23:24:01) <-- (module definition)
25       work.CORELNKTMR_V.verilog may have changed because the following files changed:
                        C:\Users\Danug\Documents\Code\SecureVISION-polarfire-reference-design\MPFS_DISCOVERY\component\syn_comps.v (2026-04-08 20:23:05, 2026-04-08 23:24:01) <-- (module definition)
29       work.CRN_COMMON.verilog may have changed because the following files changed:
                        C:\Users\Danug\Documents\Code\SecureVISION-polarfire-reference-design\MPFS_DISCOVERY\component\syn_comps.v (2026-04-08 20:23:05, 2026-04-08 23:24:01) <-- (module definition)
30       work.CRN_INT.verilog may have changed because the following files changed:
                        C:\Users\Danug\Documents\Code\SecureVISION-polarfire-reference-design\MPFS_DISCOVERY\component\syn_comps.v (2026-04-08 20:23:05, 2026-04-08 23:24:01) <-- (module definition)
31       work.CRYPTO.verilog may have changed because the following files changed:
                        C:\Users\Danug\Documents\Code\SecureVISION-polarfire-reference-design\MPFS_DISCOVERY\component\syn_comps.v (2026-04-08 20:23:05, 2026-04-08 23:24:01) <-- (module definition)
32       work.CRYPTO_SOC.verilog may have changed because the following files changed:
                        C:\Users\Danug\Documents\Code\SecureVISION-polarfire-reference-design\MPFS_DISCOVERY\component\syn_comps.v (2026-04-08 20:23:05, 2026-04-08 23:24:01) <-- (module definition)
42       work.DEBUG.verilog may have changed because the following files changed:
                        C:\Users\Danug\Documents\Code\SecureVISION-polarfire-reference-design\MPFS_DISCOVERY\component\syn_comps.v (2026-04-08 20:23:05, 2026-04-08 23:24:01) <-- (module definition)
43       work.DLL.verilog may have changed because the following files changed:
                        C:\Users\Danug\Documents\Code\SecureVISION-polarfire-reference-design\MPFS_DISCOVERY\component\syn_comps.v (2026-04-08 20:23:05, 2026-04-08 23:24:01) <-- (module definition)
90       work.DRI.verilog may have changed because the following files changed:
                        C:\Users\Danug\Documents\Code\SecureVISION-polarfire-reference-design\MPFS_DISCOVERY\component\syn_comps.v (2026-04-08 20:23:05, 2026-04-08 23:24:01) <-- (module definition)
91       work.ENFORCE.verilog may have changed because the following files changed:
                        C:\Users\Danug\Documents\Code\SecureVISION-polarfire-reference-design\MPFS_DISCOVERY\component\syn_comps.v (2026-04-08 20:23:05, 2026-04-08 23:24:01) <-- (module definition)
98       work.GLITCHDETECT.verilog may have changed because the following files changed:
                        C:\Users\Danug\Documents\Code\SecureVISION-polarfire-reference-design\MPFS_DISCOVERY\component\syn_comps.v (2026-04-08 20:23:05, 2026-04-08 23:24:01) <-- (module definition)
101      work.GPSS_COMMON.verilog may have changed because the following files changed:
                        C:\Users\Danug\Documents\Code\SecureVISION-polarfire-reference-design\MPFS_DISCOVERY\component\syn_comps.v (2026-04-08 20:23:05, 2026-04-08 23:24:01) <-- (module definition)
102      work.HS_IO_CLK.verilog may have changed because the following files changed:
                        C:\Users\Danug\Documents\Code\SecureVISION-polarfire-reference-design\MPFS_DISCOVERY\component\syn_comps.v (2026-04-08 20:23:05, 2026-04-08 23:24:01) <-- (module definition)
103      work.ICB_BANKCLK.verilog may have changed because the following files changed:
                        C:\Users\Danug\Documents\Code\SecureVISION-polarfire-reference-design\MPFS_DISCOVERY\component\syn_comps.v (2026-04-08 20:23:05, 2026-04-08 23:24:01) <-- (module definition)
104      work.ICB_CLKDIV.verilog may have changed because the following files changed:
                        C:\Users\Danug\Documents\Code\SecureVISION-polarfire-reference-design\MPFS_DISCOVERY\component\syn_comps.v (2026-04-08 20:23:05, 2026-04-08 23:24:01) <-- (module definition)
105      work.ICB_CLKDIVDELAY.verilog may have changed because the following files changed:
                        C:\Users\Danug\Documents\Code\SecureVISION-polarfire-reference-design\MPFS_DISCOVERY\component\syn_comps.v (2026-04-08 20:23:05, 2026-04-08 23:24:01) <-- (module definition)
106      work.ICB_CLKINT.verilog may have changed because the following files changed:
                        C:\Users\Danug\Documents\Code\SecureVISION-polarfire-reference-design\MPFS_DISCOVERY\component\syn_comps.v (2026-04-08 20:23:05, 2026-04-08 23:24:01) <-- (module definition)
107      work.ICB_CLKSTOP.verilog may have changed because the following files changed:
                        C:\Users\Danug\Documents\Code\SecureVISION-polarfire-reference-design\MPFS_DISCOVERY\component\syn_comps.v (2026-04-08 20:23:05, 2026-04-08 23:24:01) <-- (module definition)
108      work.ICB_CLKSTOP_EN.verilog may have changed because the following files changed:
                        C:\Users\Danug\Documents\Code\SecureVISION-polarfire-reference-design\MPFS_DISCOVERY\component\syn_comps.v (2026-04-08 20:23:05, 2026-04-08 23:24:01) <-- (module definition)
109      work.ICB_INT.verilog may have changed because the following files changed:
                        C:\Users\Danug\Documents\Code\SecureVISION-polarfire-reference-design\MPFS_DISCOVERY\component\syn_comps.v (2026-04-08 20:23:05, 2026-04-08 23:24:01) <-- (module definition)
110      work.ICB_MUXING.verilog may have changed because the following files changed:
                        C:\Users\Danug\Documents\Code\SecureVISION-polarfire-reference-design\MPFS_DISCOVERY\component\syn_comps.v (2026-04-08 20:23:05, 2026-04-08 23:24:01) <-- (module definition)
111      work.ICB_NGMUX.verilog may have changed because the following files changed:
                        C:\Users\Danug\Documents\Code\SecureVISION-polarfire-reference-design\MPFS_DISCOVERY\component\syn_comps.v (2026-04-08 20:23:05, 2026-04-08 23:24:01) <-- (module definition)
112      work.INIT.verilog may have changed because the following files changed:
                        C:\Users\Danug\Documents\Code\SecureVISION-polarfire-reference-design\MPFS_DISCOVERY\component\syn_comps.v (2026-04-08 20:23:05, 2026-04-08 23:24:01) <-- (module definition)
115      work.IOD.verilog may have changed because the following files changed:
                        C:\Users\Danug\Documents\Code\SecureVISION-polarfire-reference-design\MPFS_DISCOVERY\component\syn_comps.v (2026-04-08 20:23:05, 2026-04-08 23:24:01) <-- (module definition)
116      work.LANECTRL.verilog may have changed because the following files changed:
                        C:\Users\Danug\Documents\Code\SecureVISION-polarfire-reference-design\MPFS_DISCOVERY\component\syn_comps.v (2026-04-08 20:23:05, 2026-04-08 23:24:01) <-- (module definition)
117      work.LANERST.verilog may have changed because the following files changed:
                        C:\Users\Danug\Documents\Code\SecureVISION-polarfire-reference-design\MPFS_DISCOVERY\component\syn_comps.v (2026-04-08 20:23:05, 2026-04-08 23:24:01) <-- (module definition)
118      work.MCHP_BLIC.verilog may have changed because the following files changed:
                        C:\Users\Danug\Documents\Code\SecureVISION-polarfire-reference-design\MPFS_DISCOVERY\component\syn_comps.v (2026-04-08 20:23:05, 2026-04-08 23:24:01) <-- (module definition)
133      work.OSC_RC160MHZ.verilog may have changed because the following files changed:
                        C:\Users\Danug\Documents\Code\SecureVISION-polarfire-reference-design\MPFS_DISCOVERY\component\syn_comps.v (2026-04-08 20:23:05, 2026-04-08 23:24:01) <-- (module definition)
134      work.OSC_RC200MHZ.verilog may have changed because the following files changed:
                        C:\Users\Danug\Documents\Code\SecureVISION-polarfire-reference-design\MPFS_DISCOVERY\component\syn_comps.v (2026-04-08 20:23:05, 2026-04-08 23:24:01) <-- (module definition)
135      work.OSC_RC2MHZ.verilog may have changed because the following files changed:
                        C:\Users\Danug\Documents\Code\SecureVISION-polarfire-reference-design\MPFS_DISCOVERY\component\syn_comps.v (2026-04-08 20:23:05, 2026-04-08 23:24:01) <-- (module definition)
136      work.PCIE.verilog may have changed because the following files changed:
                        C:\Users\Danug\Documents\Code\SecureVISION-polarfire-reference-design\MPFS_DISCOVERY\component\syn_comps.v (2026-04-08 20:23:05, 2026-04-08 23:24:01) <-- (module definition)
137      work.PCIE_COMMON.verilog may have changed because the following files changed:
                        C:\Users\Danug\Documents\Code\SecureVISION-polarfire-reference-design\MPFS_DISCOVERY\component\syn_comps.v (2026-04-08 20:23:05, 2026-04-08 23:24:01) <-- (module definition)
138      work.PFSOC_SCSM.verilog may have changed because the following files changed:
                        C:\Users\Danug\Documents\Code\SecureVISION-polarfire-reference-design\MPFS_DISCOVERY\component\syn_comps.v (2026-04-08 20:23:05, 2026-04-08 23:24:01) <-- (module definition)
141      work.PF_SPI.verilog may have changed because the following files changed:
                        C:\Users\Danug\Documents\Code\SecureVISION-polarfire-reference-design\MPFS_DISCOVERY\component\syn_comps.v (2026-04-08 20:23:05, 2026-04-08 23:24:01) <-- (module definition)
142      work.PLL.verilog may have changed because the following files changed:
                        C:\Users\Danug\Documents\Code\SecureVISION-polarfire-reference-design\MPFS_DISCOVERY\component\syn_comps.v (2026-04-08 20:23:05, 2026-04-08 23:24:01) <-- (module definition)
143      work.QUADRST.verilog may have changed because the following files changed:
                        C:\Users\Danug\Documents\Code\SecureVISION-polarfire-reference-design\MPFS_DISCOVERY\component\syn_comps.v (2026-04-08 20:23:05, 2026-04-08 23:24:01) <-- (module definition)
144      work.QUADRST_PCIE.verilog may have changed because the following files changed:
                        C:\Users\Danug\Documents\Code\SecureVISION-polarfire-reference-design\MPFS_DISCOVERY\component\syn_comps.v (2026-04-08 20:23:05, 2026-04-08 23:24:01) <-- (module definition)
147      work.SCB.verilog may have changed because the following files changed:
                        C:\Users\Danug\Documents\Code\SecureVISION-polarfire-reference-design\MPFS_DISCOVERY\component\syn_comps.v (2026-04-08 20:23:05, 2026-04-08 23:24:01) <-- (module definition)
149      work.SYSCTRL_RESET_STATUS.verilog may have changed because the following files changed:
                        C:\Users\Danug\Documents\Code\SecureVISION-polarfire-reference-design\MPFS_DISCOVERY\component\syn_comps.v (2026-04-08 20:23:05, 2026-04-08 23:24:01) <-- (module definition)
150      work.SYSRESET.verilog may have changed because the following files changed:
                        C:\Users\Danug\Documents\Code\SecureVISION-polarfire-reference-design\MPFS_DISCOVERY\component\syn_comps.v (2026-04-08 20:23:05, 2026-04-08 23:24:01) <-- (module definition)
151      work.SYS_SERVICES.verilog may have changed because the following files changed:
                        C:\Users\Danug\Documents\Code\SecureVISION-polarfire-reference-design\MPFS_DISCOVERY\component\syn_comps.v (2026-04-08 20:23:05, 2026-04-08 23:24:01) <-- (module definition)
152      work.TAMPER.verilog may have changed because the following files changed:
                        C:\Users\Danug\Documents\Code\SecureVISION-polarfire-reference-design\MPFS_DISCOVERY\component\syn_comps.v (2026-04-08 20:23:05, 2026-04-08 23:24:01) <-- (module definition)
153      work.TVS.verilog may have changed because the following files changed:
                        C:\Users\Danug\Documents\Code\SecureVISION-polarfire-reference-design\MPFS_DISCOVERY\component\syn_comps.v (2026-04-08 20:23:05, 2026-04-08 23:24:01) <-- (module definition)
154      work.TX_PLL.verilog may have changed because the following files changed:
                        C:\Users\Danug\Documents\Code\SecureVISION-polarfire-reference-design\MPFS_DISCOVERY\component\syn_comps.v (2026-04-08 20:23:05, 2026-04-08 23:24:01) <-- (module definition)
155      work.UPROM.verilog may have changed because the following files changed:
                        C:\Users\Danug\Documents\Code\SecureVISION-polarfire-reference-design\MPFS_DISCOVERY\component\syn_comps.v (2026-04-08 20:23:05, 2026-04-08 23:24:01) <-- (module definition)
156      work.USPI.verilog may have changed because the following files changed:
                        C:\Users\Danug\Documents\Code\SecureVISION-polarfire-reference-design\MPFS_DISCOVERY\component\syn_comps.v (2026-04-08 20:23:05, 2026-04-08 23:24:01) <-- (module definition)
157      work.VOLTAGEDETECT.verilog may have changed because the following files changed:
                        C:\Users\Danug\Documents\Code\SecureVISION-polarfire-reference-design\MPFS_DISCOVERY\component\syn_comps.v (2026-04-08 20:23:05, 2026-04-08 23:24:01) <-- (module definition)
158      work.VREFBANKDYN.verilog may have changed because the following files changed:
                        C:\Users\Danug\Documents\Code\SecureVISION-polarfire-reference-design\MPFS_DISCOVERY\component\syn_comps.v (2026-04-08 20:23:05, 2026-04-08 23:24:01) <-- (module definition)
159      work.VREFCTRL.verilog may have changed because the following files changed:
                        C:\Users\Danug\Documents\Code\SecureVISION-polarfire-reference-design\MPFS_DISCOVERY\component\syn_comps.v (2026-04-08 20:23:05, 2026-04-08 23:24:01) <-- (module definition)
160      work.XCVR.verilog may have changed because the following files changed:
                        C:\Users\Danug\Documents\Code\SecureVISION-polarfire-reference-design\MPFS_DISCOVERY\component\syn_comps.v (2026-04-08 20:23:05, 2026-04-08 23:24:01) <-- (module definition)
161      work.XCVR_64B6XB.verilog may have changed because the following files changed:
                        C:\Users\Danug\Documents\Code\SecureVISION-polarfire-reference-design\MPFS_DISCOVERY\component\syn_comps.v (2026-04-08 20:23:05, 2026-04-08 23:24:01) <-- (module definition)
162      work.XCVR_8B10B.verilog may have changed because the following files changed:
                        C:\Users\Danug\Documents\Code\SecureVISION-polarfire-reference-design\MPFS_DISCOVERY\component\syn_comps.v (2026-04-08 20:23:05, 2026-04-08 23:24:01) <-- (module definition)
163      work.XCVR_APB_LINK.verilog may have changed because the following files changed:
                        C:\Users\Danug\Documents\Code\SecureVISION-polarfire-reference-design\MPFS_DISCOVERY\component\syn_comps.v (2026-04-08 20:23:05, 2026-04-08 23:24:01) <-- (module definition)
164      work.XCVR_APB_LINK_V.verilog may have changed because the following files changed:
                        C:\Users\Danug\Documents\Code\SecureVISION-polarfire-reference-design\MPFS_DISCOVERY\component\syn_comps.v (2026-04-08 20:23:05, 2026-04-08 23:24:01) <-- (module definition)
165      work.XCVR_APB_LINK_V2.verilog may have changed because the following files changed:
                        C:\Users\Danug\Documents\Code\SecureVISION-polarfire-reference-design\MPFS_DISCOVERY\component\syn_comps.v (2026-04-08 20:23:05, 2026-04-08 23:24:01) <-- (module definition)
166      work.XCVR_DUAL_PCS.verilog may have changed because the following files changed:
                        C:\Users\Danug\Documents\Code\SecureVISION-polarfire-reference-design\MPFS_DISCOVERY\component\syn_comps.v (2026-04-08 20:23:05, 2026-04-08 23:24:01) <-- (module definition)
167      work.XCVR_PIPE.verilog may have changed because the following files changed:
                        C:\Users\Danug\Documents\Code\SecureVISION-polarfire-reference-design\MPFS_DISCOVERY\component\syn_comps.v (2026-04-08 20:23:05, 2026-04-08 23:24:01) <-- (module definition)
168      work.XCVR_PIPE_AXI0.verilog may have changed because the following files changed:
                        C:\Users\Danug\Documents\Code\SecureVISION-polarfire-reference-design\MPFS_DISCOVERY\component\syn_comps.v (2026-04-08 20:23:05, 2026-04-08 23:24:01) <-- (module definition)
169      work.XCVR_PIPE_AXI1.verilog may have changed because the following files changed:
                        C:\Users\Danug\Documents\Code\SecureVISION-polarfire-reference-design\MPFS_DISCOVERY\component\syn_comps.v (2026-04-08 20:23:05, 2026-04-08 23:24:01) <-- (module definition)
170      work.XCVR_PMA.verilog may have changed because the following files changed:
                        C:\Users\Danug\Documents\Code\SecureVISION-polarfire-reference-design\MPFS_DISCOVERY\component\syn_comps.v (2026-04-08 20:23:05, 2026-04-08 23:24:01) <-- (module definition)
171      work.XCVR_REF_CLK.verilog may have changed because the following files changed:
                        C:\Users\Danug\Documents\Code\SecureVISION-polarfire-reference-design\MPFS_DISCOVERY\component\syn_comps.v (2026-04-08 20:23:05, 2026-04-08 23:24:01) <-- (module definition)
172      work.XCVR_REF_CLK_N.verilog may have changed because the following files changed:
                        C:\Users\Danug\Documents\Code\SecureVISION-polarfire-reference-design\MPFS_DISCOVERY\component\syn_comps.v (2026-04-08 20:23:05, 2026-04-08 23:24:01) <-- (module definition)
173      work.XCVR_REF_CLK_P.verilog may have changed because the following files changed:
                        C:\Users\Danug\Documents\Code\SecureVISION-polarfire-reference-design\MPFS_DISCOVERY\component\syn_comps.v (2026-04-08 20:23:05, 2026-04-08 23:24:01) <-- (module definition)
174      work.XCVR_TEST.verilog may have changed because the following files changed:
                        C:\Users\Danug\Documents\Code\SecureVISION-polarfire-reference-design\MPFS_DISCOVERY\component\syn_comps.v (2026-04-08 20:23:05, 2026-04-08 23:24:01) <-- (module definition)
175      work.XCVR_VV.verilog may have changed because the following files changed:
                        C:\Users\Danug\Documents\Code\SecureVISION-polarfire-reference-design\MPFS_DISCOVERY\component\syn_comps.v (2026-04-08 20:23:05, 2026-04-08 23:24:01) <-- (module definition)
324      work.axi4lite_adapter_mipi_csi_rx.verilog may have changed because the following files changed:
                        C:\Users\Danug\Documents\Code\SecureVISION-polarfire-reference-design\MPFS_DISCOVERY\component\work\MPFS_DISCOVERY_KIT\MPFS_DISCOVERY_KIT.v (2026-04-08 20:20:37, 2026-04-08 23:19:17) <-- (may instantiate this module)
341      work.interrupt_controller_mipi_csi_rx.verilog may have changed because the following files changed:
                        C:\Users\Danug\Documents\Code\SecureVISION-polarfire-reference-design\MPFS_DISCOVERY\component\work\MPFS_DISCOVERY_KIT\MPFS_DISCOVERY_KIT.v (2026-04-08 20:20:37, 2026-04-08 23:19:17) <-- (may instantiate this module)
343      work.mipi_csi2_rx_byte2pixel_conversion.verilog may have changed because the following files changed:
                        C:\Users\Danug\Documents\Code\SecureVISION-polarfire-reference-design\MPFS_DISCOVERY\component\work\MPFS_DISCOVERY_KIT\MPFS_DISCOVERY_KIT.v (2026-04-08 20:20:37, 2026-04-08 23:19:17) <-- (may instantiate this module)
344      work.mipi_csi2_rx_cdcfifo.verilog may have changed because the following files changed:
                        C:\Users\Danug\Documents\Code\SecureVISION-polarfire-reference-design\MPFS_DISCOVERY\component\work\MPFS_DISCOVERY_KIT\MPFS_DISCOVERY_KIT.v (2026-04-08 20:20:37, 2026-04-08 23:19:17) <-- (may instantiate this module)
345      work.mipi_csi2_rx_cdcfiforam.verilog may have changed because the following files changed:
                        C:\Users\Danug\Documents\Code\SecureVISION-polarfire-reference-design\MPFS_DISCOVERY\component\work\MPFS_DISCOVERY_KIT\MPFS_DISCOVERY_KIT.v (2026-04-08 20:20:37, 2026-04-08 23:19:17) <-- (may instantiate this module)
346      work.mipi_csi2_rx_crc_calc.verilog may have changed because the following files changed:
                        C:\Users\Danug\Documents\Code\SecureVISION-polarfire-reference-design\MPFS_DISCOVERY\component\work\MPFS_DISCOVERY_KIT\MPFS_DISCOVERY_KIT.v (2026-04-08 20:20:37, 2026-04-08 23:19:17) <-- (may instantiate this module)
347      work.mipi_csi2_rx_embsync_detect.verilog may have changed because the following files changed:
                        C:\Users\Danug\Documents\Code\SecureVISION-polarfire-reference-design\MPFS_DISCOVERY\component\work\MPFS_DISCOVERY_KIT\MPFS_DISCOVERY_KIT.v (2026-04-08 20:20:37, 2026-04-08 23:19:17) <-- (may instantiate this module)
348      work.mipi_csi2_rxdecoder.verilog may have changed because the following files changed:
                        C:\Users\Danug\Documents\Code\SecureVISION-polarfire-reference-design\MPFS_DISCOVERY\component\work\MPFS_DISCOVERY_KIT\MPFS_DISCOVERY_KIT.v (2026-04-08 20:20:37, 2026-04-08 23:19:17) <-- (may instantiate this module)
349      work.mipicsi2rxdecoderPF.verilog may have changed because the following files changed:
                        C:\Users\Danug\Documents\Code\SecureVISION-polarfire-reference-design\MPFS_DISCOVERY\component\work\MPFS_DISCOVERY_KIT\MPFS_DISCOVERY_KIT.v (2026-04-08 20:20:37, 2026-04-08 23:19:17) <-- (may instantiate this module)
350      work.mipicsi2rxdecoderPF_C0.verilog may have changed because the following files changed:
                        C:\Users\Danug\Documents\Code\SecureVISION-polarfire-reference-design\MPFS_DISCOVERY\component\work\MPFS_DISCOVERY_KIT\MPFS_DISCOVERY_KIT.v (2026-04-08 20:20:37, 2026-04-08 23:19:17) <-- (module definition)
351      work.mipicsi2rxdecoderPF_native.verilog may have changed because the following files changed:
                        C:\Users\Danug\Documents\Code\SecureVISION-polarfire-reference-design\MPFS_DISCOVERY\component\work\MPFS_DISCOVERY_KIT\MPFS_DISCOVERY_KIT.v (2026-04-08 20:20:37, 2026-04-08 23:19:17) <-- (may instantiate this module)
358      work.read_reg_mipi_csi_rx.verilog may have changed because the following files changed:
                        C:\Users\Danug\Documents\Code\SecureVISION-polarfire-reference-design\MPFS_DISCOVERY\component\work\MPFS_DISCOVERY_KIT\MPFS_DISCOVERY_KIT.v (2026-04-08 20:20:37, 2026-04-08 23:19:17) <-- (may instantiate this module)
373      work.write_reg_mipi_csi_rx.verilog may have changed because the following files changed:
                        C:\Users\Danug\Documents\Code\SecureVISION-polarfire-reference-design\MPFS_DISCOVERY\component\work\MPFS_DISCOVERY_KIT\MPFS_DISCOVERY_KIT.v (2026-04-08 20:20:37, 2026-04-08 23:19:17) <-- (may instantiate this module)

*******************************************************************
Unmodified files: 261
FID:  path (timestamp)
216      C:\Microchip\Libero_SoC_2025.2\Libero_SoC\Synplify_Pro\lib\generic\acg5.v (2025-11-18 09:13:42)
217      C:\Microchip\Libero_SoC_2025.2\Libero_SoC\Synplify_Pro\lib\vhd2008\arith.vhd (2025-11-18 11:58:26)
218      C:\Microchip\Libero_SoC_2025.2\Libero_SoC\Synplify_Pro\lib\vhd2008\location.map (2025-11-18 11:58:26)
219      C:\Microchip\Libero_SoC_2025.2\Libero_SoC\Synplify_Pro\lib\vhd2008\numeric.vhd (2025-11-18 12:17:14)
220      C:\Microchip\Libero_SoC_2025.2\Libero_SoC\Synplify_Pro\lib\vhd2008\std.vhd (2025-11-18 11:58:28)
221      C:\Microchip\Libero_SoC_2025.2\Libero_SoC\Synplify_Pro\lib\vhd2008\std1164.vhd (2025-11-18 11:58:28)
222      C:\Microchip\Libero_SoC_2025.2\Libero_SoC\Synplify_Pro\lib\vhd2008\std_textio.vhd (2025-11-18 11:58:28)
223      C:\Microchip\Libero_SoC_2025.2\Libero_SoC\Synplify_Pro\lib\vhd2008\unsigned.vhd (2025-11-18 11:58:28)
224      C:\Microchip\Libero_SoC_2025.2\Libero_SoC\Synplify_Pro\lib\vhd\hyperents.vhd (2025-11-18 11:58:26)
434      C:\Microchip\Libero_SoC_2025.2\Libero_SoC\Synplify_Pro\lib\vhd\math_real.vhd (2025-11-18 12:17:06)
225      C:\Microchip\Libero_SoC_2025.2\Libero_SoC\Synplify_Pro\lib\vhd\snps_haps_pkg.vhd (2025-11-18 11:58:26)
226      C:\Microchip\Libero_SoC_2025.2\Libero_SoC\Synplify_Pro\lib\vhd\umr_capim.vhd (2025-11-18 11:58:26)
227      C:\Microchip\Libero_SoC_2025.2\Libero_SoC\Synplify_Pro\lib\vlog\hypermods.v (2025-11-18 11:58:24)
228      C:\Microchip\Libero_SoC_2025.2\Libero_SoC\Synplify_Pro\lib\vlog\scemi_objects.v (2025-11-18 11:58:24)
229      C:\Microchip\Libero_SoC_2025.2\Libero_SoC\Synplify_Pro\lib\vlog\scemi_pipes.svh (2025-11-18 11:58:24)
230      C:\Users\Danug\Documents\Code\SecureVISION-polarfire-reference-design\MPFS_DISCOVERY\component\Actel\DirectCore\COREAXI4INTERCONNECT\2.9.100\rtl\vlog\core\Axi4Convertors\AHB_SM_Undefburst.v (2026-02-26 01:31:45)
231      C:\Users\Danug\Documents\Code\SecureVISION-polarfire-reference-design\MPFS_DISCOVERY\component\Actel\DirectCore\COREAXI4INTERCONNECT\2.9.100\rtl\vlog\core\Axi4Convertors\Bin2Gray.v (2026-02-26 01:31:45)
232      C:\Users\Danug\Documents\Code\SecureVISION-polarfire-reference-design\MPFS_DISCOVERY\component\Actel\DirectCore\COREAXI4INTERCONNECT\2.9.100\rtl\vlog\core\Axi4Convertors\CDC_FIFO.v (2026-02-26 01:31:45)
233      C:\Users\Danug\Documents\Code\SecureVISION-polarfire-reference-design\MPFS_DISCOVERY\component\Actel\DirectCore\COREAXI4INTERCONNECT\2.9.100\rtl\vlog\core\Axi4Convertors\CDC_grayCodeCounter.v (2026-02-26 01:31:45)
234      C:\Users\Danug\Documents\Code\SecureVISION-polarfire-reference-design\MPFS_DISCOVERY\component\Actel\DirectCore\COREAXI4INTERCONNECT\2.9.100\rtl\vlog\core\Axi4Convertors\CDC_rdCtrl.v (2026-02-26 01:31:45)
235      C:\Users\Danug\Documents\Code\SecureVISION-polarfire-reference-design\MPFS_DISCOVERY\component\Actel\DirectCore\COREAXI4INTERCONNECT\2.9.100\rtl\vlog\core\Axi4Convertors\CDC_wrCtrl.v (2026-02-26 01:31:45)
236      C:\Users\Danug\Documents\Code\SecureVISION-polarfire-reference-design\MPFS_DISCOVERY\component\Actel\DirectCore\COREAXI4INTERCONNECT\2.9.100\rtl\vlog\core\Axi4Convertors\DWC_DownConv_CmdFifoWriteCtrl.v (2026-02-26 01:31:45)
237      C:\Users\Danug\Documents\Code\SecureVISION-polarfire-reference-design\MPFS_DISCOVERY\component\Actel\DirectCore\COREAXI4INTERCONNECT\2.9.100\rtl\vlog\core\Axi4Convertors\DWC_DownConv_Hold_Reg_Rd.v (2026-02-26 01:31:45)
238      C:\Users\Danug\Documents\Code\SecureVISION-polarfire-reference-design\MPFS_DISCOVERY\component\Actel\DirectCore\COREAXI4INTERCONNECT\2.9.100\rtl\vlog\core\Axi4Convertors\DWC_DownConv_Hold_Reg_Wr.v (2026-02-26 01:31:45)
239      C:\Users\Danug\Documents\Code\SecureVISION-polarfire-reference-design\MPFS_DISCOVERY\component\Actel\DirectCore\COREAXI4INTERCONNECT\2.9.100\rtl\vlog\core\Axi4Convertors\DWC_DownConv_preCalcCmdFifoWrCtrl.v (2026-02-26 01:31:45)
240      C:\Users\Danug\Documents\Code\SecureVISION-polarfire-reference-design\MPFS_DISCOVERY\component\Actel\DirectCore\COREAXI4INTERCONNECT\2.9.100\rtl\vlog\core\Axi4Convertors\DWC_DownConv_readWidthConv.v (2026-02-26 01:31:45)
241      C:\Users\Danug\Documents\Code\SecureVISION-polarfire-reference-design\MPFS_DISCOVERY\component\Actel\DirectCore\COREAXI4INTERCONNECT\2.9.100\rtl\vlog\core\Axi4Convertors\DWC_DownConv_widthConvrd.v (2026-02-26 01:31:45)
242      C:\Users\Danug\Documents\Code\SecureVISION-polarfire-reference-design\MPFS_DISCOVERY\component\Actel\DirectCore\COREAXI4INTERCONNECT\2.9.100\rtl\vlog\core\Axi4Convertors\DWC_DownConv_widthConvwr.v (2026-02-26 01:31:45)
243      C:\Users\Danug\Documents\Code\SecureVISION-polarfire-reference-design\MPFS_DISCOVERY\component\Actel\DirectCore\COREAXI4INTERCONNECT\2.9.100\rtl\vlog\core\Axi4Convertors\DWC_DownConv_writeWidthConv.v (2026-02-26 01:31:45)
244      C:\Users\Danug\Documents\Code\SecureVISION-polarfire-reference-design\MPFS_DISCOVERY\component\Actel\DirectCore\COREAXI4INTERCONNECT\2.9.100\rtl\vlog\core\Axi4Convertors\DWC_UpConv_AChannel.v (2026-02-26 01:31:45)
245      C:\Users\Danug\Documents\Code\SecureVISION-polarfire-reference-design\MPFS_DISCOVERY\component\Actel\DirectCore\COREAXI4INTERCONNECT\2.9.100\rtl\vlog\core\Axi4Convertors\DWC_UpConv_BChannel.v (2026-02-26 01:31:45)
246      C:\Users\Danug\Documents\Code\SecureVISION-polarfire-reference-design\MPFS_DISCOVERY\component\Actel\DirectCore\COREAXI4INTERCONNECT\2.9.100\rtl\vlog\core\Axi4Convertors\DWC_UpConv_RChan_Ctrl.v (2026-02-26 01:31:45)
247      C:\Users\Danug\Documents\Code\SecureVISION-polarfire-reference-design\MPFS_DISCOVERY\component\Actel\DirectCore\COREAXI4INTERCONNECT\2.9.100\rtl\vlog\core\Axi4Convertors\DWC_UpConv_RChannel.v (2026-02-26 01:31:45)
248      C:\Users\Danug\Documents\Code\SecureVISION-polarfire-reference-design\MPFS_DISCOVERY\component\Actel\DirectCore\COREAXI4INTERCONNECT\2.9.100\rtl\vlog\core\Axi4Convertors\DWC_UpConv_RChannel_SlvRid_Arb.v (2026-02-26 01:31:45)
249      C:\Users\Danug\Documents\Code\SecureVISION-polarfire-reference-design\MPFS_DISCOVERY\component\Actel\DirectCore\COREAXI4INTERCONNECT\2.9.100\rtl\vlog\core\Axi4Convertors\DWC_UpConv_WChan_Hold_Reg.v (2026-02-26 01:31:45)
250      C:\Users\Danug\Documents\Code\SecureVISION-polarfire-reference-design\MPFS_DISCOVERY\component\Actel\DirectCore\COREAXI4INTERCONNECT\2.9.100\rtl\vlog\core\Axi4Convertors\DWC_UpConv_WChan_ReadDataFifoCtrl.v (2026-02-26 01:31:45)
251      C:\Users\Danug\Documents\Code\SecureVISION-polarfire-reference-design\MPFS_DISCOVERY\component\Actel\DirectCore\COREAXI4INTERCONNECT\2.9.100\rtl\vlog\core\Axi4Convertors\DWC_UpConv_WChannel.v (2026-02-26 01:31:45)
252      C:\Users\Danug\Documents\Code\SecureVISION-polarfire-reference-design\MPFS_DISCOVERY\component\Actel\DirectCore\COREAXI4INTERCONNECT\2.9.100\rtl\vlog\core\Axi4Convertors\DWC_UpConv_Wchan_WriteDataFifoCtrl.v (2026-02-26 01:31:45)
253      C:\Users\Danug\Documents\Code\SecureVISION-polarfire-reference-design\MPFS_DISCOVERY\component\Actel\DirectCore\COREAXI4INTERCONNECT\2.9.100\rtl\vlog\core\Axi4Convertors\DWC_UpConv_preCalcAChannel.v (2026-02-26 01:31:45)
254      C:\Users\Danug\Documents\Code\SecureVISION-polarfire-reference-design\MPFS_DISCOVERY\component\Actel\DirectCore\COREAXI4INTERCONNECT\2.9.100\rtl\vlog\core\Axi4Convertors\DWC_UpConv_preCalcRChan_Ctrl.v (2026-02-26 01:31:45)
255      C:\Users\Danug\Documents\Code\SecureVISION-polarfire-reference-design\MPFS_DISCOVERY\component\Actel\DirectCore\COREAXI4INTERCONNECT\2.9.100\rtl\vlog\core\Axi4Convertors\DWC_brespCtrl.v (2026-02-26 01:31:45)
256      C:\Users\Danug\Documents\Code\SecureVISION-polarfire-reference-design\MPFS_DISCOVERY\component\Actel\DirectCore\COREAXI4INTERCONNECT\2.9.100\rtl\vlog\core\Axi4Convertors\DownConverter.v (2026-02-26 01:31:45)
257      C:\Users\Danug\Documents\Code\SecureVISION-polarfire-reference-design\MPFS_DISCOVERY\component\Actel\DirectCore\COREAXI4INTERCONNECT\2.9.100\rtl\vlog\core\Axi4Convertors\FIFO.v (2026-02-26 01:31:45)
258      C:\Users\Danug\Documents\Code\SecureVISION-polarfire-reference-design\MPFS_DISCOVERY\component\Actel\DirectCore\COREAXI4INTERCONNECT\2.9.100\rtl\vlog\core\Axi4Convertors\FIFO_CTRL.v (2026-02-26 01:31:45)
259      C:\Users\Danug\Documents\Code\SecureVISION-polarfire-reference-design\MPFS_DISCOVERY\component\Actel\DirectCore\COREAXI4INTERCONNECT\2.9.100\rtl\vlog\core\Axi4Convertors\FIFO_downsizing.v (2026-02-26 01:31:45)
260      C:\Users\Danug\Documents\Code\SecureVISION-polarfire-reference-design\MPFS_DISCOVERY\component\Actel\DirectCore\COREAXI4INTERCONNECT\2.9.100\rtl\vlog\core\Axi4Convertors\FIFO_upsizing.v (2026-02-26 01:31:45)
261      C:\Users\Danug\Documents\Code\SecureVISION-polarfire-reference-design\MPFS_DISCOVERY\component\Actel\DirectCore\COREAXI4INTERCONNECT\2.9.100\rtl\vlog\core\Axi4Convertors\Hold_Reg_Ctrl.v (2026-02-26 01:31:45)
262      C:\Users\Danug\Documents\Code\SecureVISION-polarfire-reference-design\MPFS_DISCOVERY\component\Actel\DirectCore\COREAXI4INTERCONNECT\2.9.100\rtl\vlog\core\Axi4Convertors\MasterConvertor.v (2026-02-26 01:31:45)
263      C:\Users\Danug\Documents\Code\SecureVISION-polarfire-reference-design\MPFS_DISCOVERY\component\Actel\DirectCore\COREAXI4INTERCONNECT\2.9.100\rtl\vlog\core\Axi4Convertors\MstrAHBtoAXI4Converter.v (2026-02-26 01:31:45)
264      C:\Users\Danug\Documents\Code\SecureVISION-polarfire-reference-design\MPFS_DISCOVERY\component\Actel\DirectCore\COREAXI4INTERCONNECT\2.9.100\rtl\vlog\core\Axi4Convertors\MstrClockDomainCrossing.v (2026-02-26 01:31:45)
265      C:\Users\Danug\Documents\Code\SecureVISION-polarfire-reference-design\MPFS_DISCOVERY\component\Actel\DirectCore\COREAXI4INTERCONNECT\2.9.100\rtl\vlog\core\Axi4Convertors\MstrDataWidthConv.v (2026-02-26 01:31:45)
266      C:\Users\Danug\Documents\Code\SecureVISION-polarfire-reference-design\MPFS_DISCOVERY\component\Actel\DirectCore\COREAXI4INTERCONNECT\2.9.100\rtl\vlog\core\Axi4Convertors\MstrProtocolConverter.v (2026-02-26 01:31:45)
267      C:\Users\Danug\Documents\Code\SecureVISION-polarfire-reference-design\MPFS_DISCOVERY\component\Actel\DirectCore\COREAXI4INTERCONNECT\2.9.100\rtl\vlog\core\Axi4Convertors\RAM_BLOCK.v (2026-02-26 01:31:45)
268      C:\Users\Danug\Documents\Code\SecureVISION-polarfire-reference-design\MPFS_DISCOVERY\component\Actel\DirectCore\COREAXI4INTERCONNECT\2.9.100\rtl\vlog\core\Axi4Convertors\RegSliceFull.v (2026-02-26 01:31:45)
269      C:\Users\Danug\Documents\Code\SecureVISION-polarfire-reference-design\MPFS_DISCOVERY\component\Actel\DirectCore\COREAXI4INTERCONNECT\2.9.100\rtl\vlog\core\Axi4Convertors\RegisterSlice.v (2026-02-26 01:31:45)
270      C:\Users\Danug\Documents\Code\SecureVISION-polarfire-reference-design\MPFS_DISCOVERY\component\Actel\DirectCore\COREAXI4INTERCONNECT\2.9.100\rtl\vlog\core\Axi4Convertors\SlaveConvertor.v (2026-02-26 01:31:45)
271      C:\Users\Danug\Documents\Code\SecureVISION-polarfire-reference-design\MPFS_DISCOVERY\component\Actel\DirectCore\COREAXI4INTERCONNECT\2.9.100\rtl\vlog\core\Axi4Convertors\SlvAxi4ProtConvAXI4ID.v (2026-02-26 01:31:45)
272      C:\Users\Danug\Documents\Code\SecureVISION-polarfire-reference-design\MPFS_DISCOVERY\component\Actel\DirectCore\COREAXI4INTERCONNECT\2.9.100\rtl\vlog\core\Axi4Convertors\SlvAxi4ProtConvRead.v (2026-02-26 01:31:45)
273      C:\Users\Danug\Documents\Code\SecureVISION-polarfire-reference-design\MPFS_DISCOVERY\component\Actel\DirectCore\COREAXI4INTERCONNECT\2.9.100\rtl\vlog\core\Axi4Convertors\SlvAxi4ProtConvWrite.v (2026-02-26 01:31:45)
274      C:\Users\Danug\Documents\Code\SecureVISION-polarfire-reference-design\MPFS_DISCOVERY\component\Actel\DirectCore\COREAXI4INTERCONNECT\2.9.100\rtl\vlog\core\Axi4Convertors\SlvAxi4ProtocolConv.v (2026-02-26 01:31:45)
275      C:\Users\Danug\Documents\Code\SecureVISION-polarfire-reference-design\MPFS_DISCOVERY\component\Actel\DirectCore\COREAXI4INTERCONNECT\2.9.100\rtl\vlog\core\Axi4Convertors\SlvClockDomainCrossing.v (2026-02-26 01:31:45)
276      C:\Users\Danug\Documents\Code\SecureVISION-polarfire-reference-design\MPFS_DISCOVERY\component\Actel\DirectCore\COREAXI4INTERCONNECT\2.9.100\rtl\vlog\core\Axi4Convertors\SlvDataWidthConverter.v (2026-02-26 01:31:45)
277      C:\Users\Danug\Documents\Code\SecureVISION-polarfire-reference-design\MPFS_DISCOVERY\component\Actel\DirectCore\COREAXI4INTERCONNECT\2.9.100\rtl\vlog\core\Axi4Convertors\SlvProtocolConverter.v (2026-02-26 01:31:45)
278      C:\Users\Danug\Documents\Code\SecureVISION-polarfire-reference-design\MPFS_DISCOVERY\component\Actel\DirectCore\COREAXI4INTERCONNECT\2.9.100\rtl\vlog\core\Axi4Convertors\UpConverter.v (2026-02-26 01:31:45)
279      C:\Users\Danug\Documents\Code\SecureVISION-polarfire-reference-design\MPFS_DISCOVERY\component\Actel\DirectCore\COREAXI4INTERCONNECT\2.9.100\rtl\vlog\core\Axi4Convertors\byte2bit.v (2026-02-26 01:31:45)
280      C:\Users\Danug\Documents\Code\SecureVISION-polarfire-reference-design\MPFS_DISCOVERY\component\Actel\DirectCore\COREAXI4INTERCONNECT\2.9.100\rtl\vlog\core\Axi4CrossBar\AddressController.v (2026-02-26 01:31:45)
281      C:\Users\Danug\Documents\Code\SecureVISION-polarfire-reference-design\MPFS_DISCOVERY\component\Actel\DirectCore\COREAXI4INTERCONNECT\2.9.100\rtl\vlog\core\Axi4CrossBar\Axi4CrossBar.v (2026-02-26 01:31:45)
282      C:\Users\Danug\Documents\Code\SecureVISION-polarfire-reference-design\MPFS_DISCOVERY\component\Actel\DirectCore\COREAXI4INTERCONNECT\2.9.100\rtl\vlog\core\Axi4CrossBar\BitScan0.v (2026-02-26 01:31:45)
283      C:\Users\Danug\Documents\Code\SecureVISION-polarfire-reference-design\MPFS_DISCOVERY\component\Actel\DirectCore\COREAXI4INTERCONNECT\2.9.100\rtl\vlog\core\Axi4CrossBar\DERR_Slave.v (2026-02-26 01:31:45)
284      C:\Users\Danug\Documents\Code\SecureVISION-polarfire-reference-design\MPFS_DISCOVERY\component\Actel\DirectCore\COREAXI4INTERCONNECT\2.9.100\rtl\vlog\core\Axi4CrossBar\DependenceChecker.v (2026-02-26 01:31:45)
285      C:\Users\Danug\Documents\Code\SecureVISION-polarfire-reference-design\MPFS_DISCOVERY\component\Actel\DirectCore\COREAXI4INTERCONNECT\2.9.100\rtl\vlog\core\Axi4CrossBar\DualPort_FF_SyncWr_SyncRd.v (2026-02-26 01:31:45)
286      C:\Users\Danug\Documents\Code\SecureVISION-polarfire-reference-design\MPFS_DISCOVERY\component\Actel\DirectCore\COREAXI4INTERCONNECT\2.9.100\rtl\vlog\core\Axi4CrossBar\DualPort_Ram_SyncWr_SyncRd.v (2026-02-26 01:31:45)
287      C:\Users\Danug\Documents\Code\SecureVISION-polarfire-reference-design\MPFS_DISCOVERY\component\Actel\DirectCore\COREAXI4INTERCONNECT\2.9.100\rtl\vlog\core\Axi4CrossBar\FifoDualPort.v (2026-02-26 01:31:45)
288      C:\Users\Danug\Documents\Code\SecureVISION-polarfire-reference-design\MPFS_DISCOVERY\component\Actel\DirectCore\COREAXI4INTERCONNECT\2.9.100\rtl\vlog\core\Axi4CrossBar\MasterAddressDecoder.v (2026-02-26 01:31:45)
289      C:\Users\Danug\Documents\Code\SecureVISION-polarfire-reference-design\MPFS_DISCOVERY\component\Actel\DirectCore\COREAXI4INTERCONNECT\2.9.100\rtl\vlog\core\Axi4CrossBar\MasterControl.v (2026-02-26 01:31:45)
290      C:\Users\Danug\Documents\Code\SecureVISION-polarfire-reference-design\MPFS_DISCOVERY\component\Actel\DirectCore\COREAXI4INTERCONNECT\2.9.100\rtl\vlog\core\Axi4CrossBar\RDataController.v (2026-02-26 01:31:45)
291      C:\Users\Danug\Documents\Code\SecureVISION-polarfire-reference-design\MPFS_DISCOVERY\component\Actel\DirectCore\COREAXI4INTERCONNECT\2.9.100\rtl\vlog\core\Axi4CrossBar\RdFifoDualPort.v (2026-02-26 01:31:45)
292      C:\Users\Danug\Documents\Code\SecureVISION-polarfire-reference-design\MPFS_DISCOVERY\component\Actel\DirectCore\COREAXI4INTERCONNECT\2.9.100\rtl\vlog\core\Axi4CrossBar\ReadDataController.v (2026-02-26 01:31:45)
293      C:\Users\Danug\Documents\Code\SecureVISION-polarfire-reference-design\MPFS_DISCOVERY\component\Actel\DirectCore\COREAXI4INTERCONNECT\2.9.100\rtl\vlog\core\Axi4CrossBar\ReadDataMux.v (2026-02-26 01:31:45)
294      C:\Users\Danug\Documents\Code\SecureVISION-polarfire-reference-design\MPFS_DISCOVERY\component\Actel\DirectCore\COREAXI4INTERCONNECT\2.9.100\rtl\vlog\core\Axi4CrossBar\RequestQual.v (2026-02-26 01:31:45)
295      C:\Users\Danug\Documents\Code\SecureVISION-polarfire-reference-design\MPFS_DISCOVERY\component\Actel\DirectCore\COREAXI4INTERCONNECT\2.9.100\rtl\vlog\core\Axi4CrossBar\ResetSycnc.v (2026-02-26 01:31:45)
296      C:\Users\Danug\Documents\Code\SecureVISION-polarfire-reference-design\MPFS_DISCOVERY\component\Actel\DirectCore\COREAXI4INTERCONNECT\2.9.100\rtl\vlog\core\Axi4CrossBar\RespController.v (2026-02-26 01:31:45)
297      C:\Users\Danug\Documents\Code\SecureVISION-polarfire-reference-design\MPFS_DISCOVERY\component\Actel\DirectCore\COREAXI4INTERCONNECT\2.9.100\rtl\vlog\core\Axi4CrossBar\Revision.v (2026-02-26 01:31:45)
298      C:\Users\Danug\Documents\Code\SecureVISION-polarfire-reference-design\MPFS_DISCOVERY\component\Actel\DirectCore\COREAXI4INTERCONNECT\2.9.100\rtl\vlog\core\Axi4CrossBar\RoundRobinArb.v (2026-02-26 01:31:45)
299      C:\Users\Danug\Documents\Code\SecureVISION-polarfire-reference-design\MPFS_DISCOVERY\component\Actel\DirectCore\COREAXI4INTERCONNECT\2.9.100\rtl\vlog\core\Axi4CrossBar\SlaveDataMuxController.v (2026-02-26 01:31:45)
300      C:\Users\Danug\Documents\Code\SecureVISION-polarfire-reference-design\MPFS_DISCOVERY\component\Actel\DirectCore\COREAXI4INTERCONNECT\2.9.100\rtl\vlog\core\Axi4CrossBar\TargetMuxController.v (2026-02-26 01:31:45)
301      C:\Users\Danug\Documents\Code\SecureVISION-polarfire-reference-design\MPFS_DISCOVERY\component\Actel\DirectCore\COREAXI4INTERCONNECT\2.9.100\rtl\vlog\core\Axi4CrossBar\TransactionController.v (2026-02-26 01:31:45)
302      C:\Users\Danug\Documents\Code\SecureVISION-polarfire-reference-design\MPFS_DISCOVERY\component\Actel\DirectCore\COREAXI4INTERCONNECT\2.9.100\rtl\vlog\core\Axi4CrossBar\WDataController.v (2026-02-26 01:31:45)
303      C:\Users\Danug\Documents\Code\SecureVISION-polarfire-reference-design\MPFS_DISCOVERY\component\Actel\DirectCore\COREAXI4INTERCONNECT\2.9.100\rtl\vlog\core\Axi4CrossBar\WriteDataMux.v (2026-02-26 01:31:45)
304      C:\Users\Danug\Documents\Code\SecureVISION-polarfire-reference-design\MPFS_DISCOVERY\component\Actel\DirectCore\COREAXI4INTERCONNECT\2.9.100\rtl\vlog\core\CoreAxi4Interconnect.v (2026-02-26 01:31:45)
435      C:\Users\Danug\Documents\Code\SecureVISION-polarfire-reference-design\MPFS_DISCOVERY\component\Actel\DirectCore\COREBCLKSCLKALIGN\3.0.100\rtl\vlog\core\ICB_BclkSclkAlign.v (2026-04-06 19:50:32)
436      C:\Users\Danug\Documents\Code\SecureVISION-polarfire-reference-design\MPFS_DISCOVERY\component\Actel\DirectCore\COREBCLKSCLKALIGN\3.0.100\rtl\vlog\core\PLL_BclkSclkAlign.v (2026-04-06 19:50:32)
305      C:\Users\Danug\Documents\Code\SecureVISION-polarfire-reference-design\MPFS_DISCOVERY\component\Actel\DirectCore\COREI2C\7.2.101\rtl\vlog\core\corei2creal.v (2026-02-26 22:55:23)
306      C:\Users\Danug\Documents\Code\SecureVISION-polarfire-reference-design\MPFS_DISCOVERY\component\Actel\DirectCore\CORESPI\5.2.104\rtl\vlog\core\corespi.v (2026-02-26 22:55:23)
307      C:\Users\Danug\Documents\Code\SecureVISION-polarfire-reference-design\MPFS_DISCOVERY\component\Actel\DirectCore\CORESPI\5.2.104\rtl\vlog\core\spi.v (2026-02-26 22:55:23)
308      C:\Users\Danug\Documents\Code\SecureVISION-polarfire-reference-design\MPFS_DISCOVERY\component\Actel\DirectCore\CORESPI\5.2.104\rtl\vlog\core\spi_chanctrl.v (2026-02-26 22:55:23)
309      C:\Users\Danug\Documents\Code\SecureVISION-polarfire-reference-design\MPFS_DISCOVERY\component\Actel\DirectCore\CORESPI\5.2.104\rtl\vlog\core\spi_clockmux.v (2026-02-26 22:55:23)
310      C:\Users\Danug\Documents\Code\SecureVISION-polarfire-reference-design\MPFS_DISCOVERY\component\Actel\DirectCore\CORESPI\5.2.104\rtl\vlog\core\spi_control.v (2026-02-26 22:55:23)
311      C:\Users\Danug\Documents\Code\SecureVISION-polarfire-reference-design\MPFS_DISCOVERY\component\Actel\DirectCore\CORESPI\5.2.104\rtl\vlog\core\spi_fifo.v (2026-02-26 22:55:23)
312      C:\Users\Danug\Documents\Code\SecureVISION-polarfire-reference-design\MPFS_DISCOVERY\component\Actel\DirectCore\CORESPI\5.2.104\rtl\vlog\core\spi_rf.v (2026-02-26 22:55:23)
313      C:\Users\Danug\Documents\Code\SecureVISION-polarfire-reference-design\MPFS_DISCOVERY\component\Actel\DirectCore\CoreAPB3\4.2.100\rtl\vlog\core\coreapb3.v (2026-02-26 22:55:23)
314      C:\Users\Danug\Documents\Code\SecureVISION-polarfire-reference-design\MPFS_DISCOVERY\component\Actel\DirectCore\CoreAPB3\4.2.100\rtl\vlog\core\coreapb3_iaddr_reg.v (2026-02-26 22:55:23)
315      C:\Users\Danug\Documents\Code\SecureVISION-polarfire-reference-design\MPFS_DISCOVERY\component\Actel\DirectCore\CoreAPB3\4.2.100\rtl\vlog\core\coreapb3_muxptob3.v (2026-02-26 22:55:23)
316      C:\Users\Danug\Documents\Code\SecureVISION-polarfire-reference-design\MPFS_DISCOVERY\component\Actel\DirectCore\corepwm\4.5.100\rtl\vlog\core\corepwm.v (2026-02-26 22:55:23)
317      C:\Users\Danug\Documents\Code\SecureVISION-polarfire-reference-design\MPFS_DISCOVERY\component\Actel\DirectCore\corepwm\4.5.100\rtl\vlog\core\pwm_gen.v (2026-02-26 22:55:23)
318      C:\Users\Danug\Documents\Code\SecureVISION-polarfire-reference-design\MPFS_DISCOVERY\component\Actel\DirectCore\corepwm\4.5.100\rtl\vlog\core\reg_if.v (2026-02-26 22:55:23)
319      C:\Users\Danug\Documents\Code\SecureVISION-polarfire-reference-design\MPFS_DISCOVERY\component\Actel\DirectCore\corepwm\4.5.100\rtl\vlog\core\tach_if.v (2026-02-26 22:55:23)
320      C:\Users\Danug\Documents\Code\SecureVISION-polarfire-reference-design\MPFS_DISCOVERY\component\Actel\DirectCore\corepwm\4.5.100\rtl\vlog\core\timebase.v (2026-02-26 22:55:23)
437      C:\Users\Danug\Documents\Code\SecureVISION-polarfire-reference-design\MPFS_DISCOVERY\component\Microchip\SolutionCore\VDMA\1.1.0\RTL\LSRAM_top_vdma.v (2026-04-06 22:48:22)
438      C:\Users\Danug\Documents\Code\SecureVISION-polarfire-reference-design\MPFS_DISCOVERY\component\Microchip\SolutionCore\VDMA\1.1.0\RTL\VDMA.v (2026-04-06 22:48:22)
439      C:\Users\Danug\Documents\Code\SecureVISION-polarfire-reference-design\MPFS_DISCOVERY\component\Microchip\SolutionCore\VDMA\1.1.0\RTL\async_fifo_vdma.v (2026-04-06 22:48:22)
440      C:\Users\Danug\Documents\Code\SecureVISION-polarfire-reference-design\MPFS_DISCOVERY\component\Microchip\SolutionCore\VDMA\1.1.0\RTL\axi4lite_if_vdma.v (2026-04-06 22:48:22)
441      C:\Users\Danug\Documents\Code\SecureVISION-polarfire-reference-design\MPFS_DISCOVERY\component\Microchip\SolutionCore\VDMA\1.1.0\RTL\corefifo_NstagesSync_vdma.v (2026-04-06 22:48:22)
442      C:\Users\Danug\Documents\Code\SecureVISION-polarfire-reference-design\MPFS_DISCOVERY\component\Microchip\SolutionCore\VDMA\1.1.0\RTL\corefifo_async_vdma.v (2026-04-06 22:48:22)
443      C:\Users\Danug\Documents\Code\SecureVISION-polarfire-reference-design\MPFS_DISCOVERY\component\Microchip\SolutionCore\VDMA\1.1.0\RTL\corefifo_fwft_vdma.v (2026-04-06 22:48:22)
444      C:\Users\Danug\Documents\Code\SecureVISION-polarfire-reference-design\MPFS_DISCOVERY\component\Microchip\SolutionCore\VDMA\1.1.0\RTL\corefifo_grayToBinConv_vdma.v (2026-04-06 22:48:22)
445      C:\Users\Danug\Documents\Code\SecureVISION-polarfire-reference-design\MPFS_DISCOVERY\component\Microchip\SolutionCore\VDMA\1.1.0\RTL\corefifo_resetSync_vdma.v (2026-04-06 22:48:22)
446      C:\Users\Danug\Documents\Code\SecureVISION-polarfire-reference-design\MPFS_DISCOVERY\component\Microchip\SolutionCore\VDMA\1.1.0\RTL\corefifo_sync_scntr_vdma.v (2026-04-06 22:48:22)
447      C:\Users\Danug\Documents\Code\SecureVISION-polarfire-reference-design\MPFS_DISCOVERY\component\Microchip\SolutionCore\VDMA\1.1.0\RTL\corefifo_sync_vdma.v (2026-04-06 22:48:22)
448      C:\Users\Danug\Documents\Code\SecureVISION-polarfire-reference-design\MPFS_DISCOVERY\component\Microchip\SolutionCore\VDMA\1.1.0\RTL\data_packer_vdma.vhd (2026-04-06 22:48:22)
449      C:\Users\Danug\Documents\Code\SecureVISION-polarfire-reference-design\MPFS_DISCOVERY\component\Microchip\SolutionCore\VDMA\1.1.0\RTL\ddr_axi4_arbiter_native_vdma.v (2026-04-06 22:48:22)
450      C:\Users\Danug\Documents\Code\SecureVISION-polarfire-reference-design\MPFS_DISCOVERY\component\Microchip\SolutionCore\VDMA\1.1.0\RTL\ddr_axi4_arbiter_vdma.v (2026-04-06 22:48:22)
451      C:\Users\Danug\Documents\Code\SecureVISION-polarfire-reference-design\MPFS_DISCOVERY\component\Microchip\SolutionCore\VDMA\1.1.0\RTL\ddr_rw_arbiter_vdma.v (2026-04-06 22:48:22)
452      C:\Users\Danug\Documents\Code\SecureVISION-polarfire-reference-design\MPFS_DISCOVERY\component\Microchip\SolutionCore\VDMA\1.1.0\RTL\ddr_write_controller_vdma.v (2026-04-06 22:48:22)
453      C:\Users\Danug\Documents\Code\SecureVISION-polarfire-reference-design\MPFS_DISCOVERY\component\Microchip\SolutionCore\VDMA\1.1.0\RTL\ddr_write_vdma.v (2026-04-06 22:48:22)
454      C:\Users\Danug\Documents\Code\SecureVISION-polarfire-reference-design\MPFS_DISCOVERY\component\Microchip\SolutionCore\VDMA\1.1.0\RTL\interrupt_controller_vdma.v (2026-04-06 22:48:22)
455      C:\Users\Danug\Documents\Code\SecureVISION-polarfire-reference-design\MPFS_DISCOVERY\component\Microchip\SolutionCore\VDMA\1.1.0\RTL\ram_wrapper_vdma.v (2026-04-06 22:48:22)
456      C:\Users\Danug\Documents\Code\SecureVISION-polarfire-reference-design\MPFS_DISCOVERY\component\Microchip\SolutionCore\VDMA\1.1.0\RTL\read_demux_vdma.vhd (2026-04-06 22:48:22)
457      C:\Users\Danug\Documents\Code\SecureVISION-polarfire-reference-design\MPFS_DISCOVERY\component\Microchip\SolutionCore\VDMA\1.1.0\RTL\read_mux_vdma.vhd (2026-04-06 22:48:22)
458      C:\Users\Danug\Documents\Code\SecureVISION-polarfire-reference-design\MPFS_DISCOVERY\component\Microchip\SolutionCore\VDMA\1.1.0\RTL\read_top_vdma.v (2026-04-06 22:48:22)
459      C:\Users\Danug\Documents\Code\SecureVISION-polarfire-reference-design\MPFS_DISCOVERY\component\Microchip\SolutionCore\VDMA\1.1.0\RTL\request_scheduler_vdma.vhd (2026-04-06 22:48:22)
460      C:\Users\Danug\Documents\Code\SecureVISION-polarfire-reference-design\MPFS_DISCOVERY\component\Microchip\SolutionCore\VDMA\1.1.0\RTL\synchronizer_circuit_2stage_vdma.v (2026-04-06 22:48:22)
461      C:\Users\Danug\Documents\Code\SecureVISION-polarfire-reference-design\MPFS_DISCOVERY\component\Microchip\SolutionCore\VDMA\1.1.0\RTL\vdma_controller.v (2026-04-06 22:48:22)
462      C:\Users\Danug\Documents\Code\SecureVISION-polarfire-reference-design\MPFS_DISCOVERY\component\Microchip\SolutionCore\VDMA\1.1.0\RTL\vdma_dma_top.v (2026-04-06 22:48:22)
463      C:\Users\Danug\Documents\Code\SecureVISION-polarfire-reference-design\MPFS_DISCOVERY\component\Microchip\SolutionCore\VDMA\1.1.0\RTL\vdma_ip_reset.v (2026-04-06 22:48:22)
464      C:\Users\Danug\Documents\Code\SecureVISION-polarfire-reference-design\MPFS_DISCOVERY\component\Microchip\SolutionCore\VDMA\1.1.0\RTL\vdma_write.v (2026-04-06 22:48:22)
465      C:\Users\Danug\Documents\Code\SecureVISION-polarfire-reference-design\MPFS_DISCOVERY\component\Microchip\SolutionCore\VDMA\1.1.0\RTL\video_axi_fifo_vdma.v (2026-04-06 22:48:22)
466      C:\Users\Danug\Documents\Code\SecureVISION-polarfire-reference-design\MPFS_DISCOVERY\component\Microchip\SolutionCore\VDMA\1.1.0\RTL\write_demux_vdma.vhd (2026-04-06 22:48:22)
467      C:\Users\Danug\Documents\Code\SecureVISION-polarfire-reference-design\MPFS_DISCOVERY\component\Microchip\SolutionCore\VDMA\1.1.0\RTL\write_mux_vdma.vhd (2026-04-06 22:48:22)
468      C:\Users\Danug\Documents\Code\SecureVISION-polarfire-reference-design\MPFS_DISCOVERY\component\Microchip\SolutionCore\VDMA\1.1.0\RTL\write_top_vdma.v (2026-04-06 22:48:22)
469      C:\Users\Danug\Documents\Code\SecureVISION-polarfire-reference-design\MPFS_DISCOVERY\component\Microchip\SolutionCore\mipicsi2rxdecoderPF\5.1.0\Encrypted\mipicsi2rxdecoderPF.v (2026-04-06 22:20:42)
322      C:\Users\Danug\Documents\Code\SecureVISION-polarfire-reference-design\MPFS_DISCOVERY\component\work\CLOCKS_AND_RESETS\CLOCKS_AND_RESETS.v (2026-03-22 21:48:53)
323      C:\Users\Danug\Documents\Code\SecureVISION-polarfire-reference-design\MPFS_DISCOVERY\component\work\COREI2C_C0\COREI2C_C0.v (2026-02-26 22:55:23)
324      C:\Users\Danug\Documents\Code\SecureVISION-polarfire-reference-design\MPFS_DISCOVERY\component\work\COREI2C_C0\COREI2C_C0_0\rtl\vlog\core\corei2c.v (2026-02-26 22:55:23)
325      C:\Users\Danug\Documents\Code\SecureVISION-polarfire-reference-design\MPFS_DISCOVERY\component\work\CORERESET\CORERESET.v (2026-02-26 22:55:23)
326      C:\Users\Danug\Documents\Code\SecureVISION-polarfire-reference-design\MPFS_DISCOVERY\component\work\CORERESET\CORERESET_0\core\corereset_pf.v (2026-02-26 22:55:23)
327      C:\Users\Danug\Documents\Code\SecureVISION-polarfire-reference-design\MPFS_DISCOVERY\component\work\CORE_I2C_C0_0_WRAPPER\CORE_I2C_C0_0_WRAPPER.v (2026-02-26 22:55:23)
328      C:\Users\Danug\Documents\Code\SecureVISION-polarfire-reference-design\MPFS_DISCOVERY\component\work\CoreUARTapb_C0\CoreUARTapb_C0.v (2026-02-26 22:55:23)
329      C:\Users\Danug\Documents\Code\SecureVISION-polarfire-reference-design\MPFS_DISCOVERY\component\work\CoreUARTapb_C0\CoreUARTapb_C0_0\rtl\vlog\core\Clock_gen.v (2026-02-26 22:55:23)
330      C:\Users\Danug\Documents\Code\SecureVISION-polarfire-reference-design\MPFS_DISCOVERY\component\work\CoreUARTapb_C0\CoreUARTapb_C0_0\rtl\vlog\core\CoreUART.v (2026-02-26 22:55:23)
331      C:\Users\Danug\Documents\Code\SecureVISION-polarfire-reference-design\MPFS_DISCOVERY\component\work\CoreUARTapb_C0\CoreUARTapb_C0_0\rtl\vlog\core\CoreUARTapb.v (2026-02-26 22:55:23)
332      C:\Users\Danug\Documents\Code\SecureVISION-polarfire-reference-design\MPFS_DISCOVERY\component\work\CoreUARTapb_C0\CoreUARTapb_C0_0\rtl\vlog\core\Rx_async.v (2026-02-26 22:55:23)
333      C:\Users\Danug\Documents\Code\SecureVISION-polarfire-reference-design\MPFS_DISCOVERY\component\work\CoreUARTapb_C0\CoreUARTapb_C0_0\rtl\vlog\core\Tx_async.v (2026-02-26 22:55:23)
334      C:\Users\Danug\Documents\Code\SecureVISION-polarfire-reference-design\MPFS_DISCOVERY\component\work\CoreUARTapb_C0\CoreUARTapb_C0_0\rtl\vlog\core\fifo_256x8_g5.v (2026-02-26 22:55:23)
335      C:\Users\Danug\Documents\Code\SecureVISION-polarfire-reference-design\MPFS_DISCOVERY\component\work\DMA_CONTROLLER\DMA_CONTROLLER.v (2026-02-27 01:39:58)
336      C:\Users\Danug\Documents\Code\SecureVISION-polarfire-reference-design\MPFS_DISCOVERY\component\work\DMA_CONTROLLER\DMA_CONTROLLER_0\rtl\vlog\core\../../../coreaxi4dmacontroller_arbiter_mapping.v (2026-02-27 01:39:54)
337      C:\Users\Danug\Documents\Code\SecureVISION-polarfire-reference-design\MPFS_DISCOVERY\component\work\DMA_CONTROLLER\DMA_CONTROLLER_0\rtl\vlog\core\../../../coreaxi4dmacontroller_arbiter_parameters.v (2026-02-27 01:39:54)
338      C:\Users\Danug\Documents\Code\SecureVISION-polarfire-reference-design\MPFS_DISCOVERY\component\work\DMA_CONTROLLER\DMA_CONTROLLER_0\rtl\vlog\core\../../../coreaxi4dmacontroller_interrupt_mapping.v (2026-02-27 01:39:54)
339      C:\Users\Danug\Documents\Code\SecureVISION-polarfire-reference-design\MPFS_DISCOVERY\component\work\DMA_CONTROLLER\DMA_CONTROLLER_0\rtl\vlog\core\../../../coreaxi4dmacontroller_interrupt_parameters.v (2026-02-27 01:39:54)
340      C:\Users\Danug\Documents\Code\SecureVISION-polarfire-reference-design\MPFS_DISCOVERY\component\work\DMA_CONTROLLER\DMA_CONTROLLER_0\rtl\vlog\core\./coreaxi4dmacontroller_utility_functions.v (2026-02-27 01:39:58)
341      C:\Users\Danug\Documents\Code\SecureVISION-polarfire-reference-design\MPFS_DISCOVERY\component\work\DMA_CONTROLLER\DMA_CONTROLLER_0\rtl\vlog\core\CoreAXI4DMAController_int_0_ControllerFIFO.v (2026-02-27 01:39:58)
342      C:\Users\Danug\Documents\Code\SecureVISION-polarfire-reference-design\MPFS_DISCOVERY\component\work\DMA_CONTROLLER\DMA_CONTROLLER_0\rtl\vlog\core\CoreAXI4DMAController_int_1_ControllerFIFO.v (2026-02-27 01:39:58)
343      C:\Users\Danug\Documents\Code\SecureVISION-polarfire-reference-design\MPFS_DISCOVERY\component\work\DMA_CONTROLLER\DMA_CONTROLLER_0\rtl\vlog\core\CoreAXI4DMAController_int_2_ControllerFIFO.v (2026-02-27 01:39:58)
344      C:\Users\Danug\Documents\Code\SecureVISION-polarfire-reference-design\MPFS_DISCOVERY\component\work\DMA_CONTROLLER\DMA_CONTROLLER_0\rtl\vlog\core\CoreAXI4DMAController_int_3_ControllerFIFO.v (2026-02-27 01:39:58)
345      C:\Users\Danug\Documents\Code\SecureVISION-polarfire-reference-design\MPFS_DISCOVERY\component\work\DMA_CONTROLLER\DMA_CONTROLLER_0\rtl\vlog\core\DMA_CONTROLLER_DMA_CONTROLLER_0_SRAM_bd.v (2026-02-27 01:39:56)
346      C:\Users\Danug\Documents\Code\SecureVISION-polarfire-reference-design\MPFS_DISCOVERY\component\work\DMA_CONTROLLER\DMA_CONTROLLER_0\rtl\vlog\core\DMA_CONTROLLER_DMA_CONTROLLER_0_SRAM_cache.v (2026-02-27 01:39:56)
347      C:\Users\Danug\Documents\Code\SecureVISION-polarfire-reference-design\MPFS_DISCOVERY\component\work\DMA_CONTROLLER\DMA_CONTROLLER_0\rtl\vlog\core\DMA_CONTROLLER_DMA_CONTROLLER_0_SRAM_dscCacheM.v (2026-02-27 01:39:57)
348      C:\Users\Danug\Documents\Code\SecureVISION-polarfire-reference-design\MPFS_DISCOVERY\component\work\DMA_CONTROLLER\DMA_CONTROLLER_0\rtl\vlog\core\DMA_CONTROLLER_DMA_CONTROLLER_0_SRAM_dscCacheNM.v (2026-02-27 01:39:57)
349      C:\Users\Danug\Documents\Code\SecureVISION-polarfire-reference-design\MPFS_DISCOVERY\component\work\DMA_CONTROLLER\DMA_CONTROLLER_0\rtl\vlog\core\DMA_CONTROLLER_DMA_CONTROLLER_0_SRAM_dscConCacheNM.v (2026-02-27 01:39:57)
350      C:\Users\Danug\Documents\Code\SecureVISION-polarfire-reference-design\MPFS_DISCOVERY\component\work\DMA_CONTROLLER\DMA_CONTROLLER_0\rtl\vlog\core\DMA_CONTROLLER_DMA_CONTROLLER_0_SRAM_fifo_0.v (2026-02-27 01:39:56)
351      C:\Users\Danug\Documents\Code\SecureVISION-polarfire-reference-design\MPFS_DISCOVERY\component\work\DMA_CONTROLLER\DMA_CONTROLLER_0\rtl\vlog\core\DMA_CONTROLLER_DMA_CONTROLLER_0_ram_bd.v (2026-02-27 01:39:55)
352      C:\Users\Danug\Documents\Code\SecureVISION-polarfire-reference-design\MPFS_DISCOVERY\component\work\DMA_CONTROLLER\DMA_CONTROLLER_0\rtl\vlog\core\DMA_CONTROLLER_DMA_CONTROLLER_0_ram_cache.v (2026-02-27 01:39:55)
353      C:\Users\Danug\Documents\Code\SecureVISION-polarfire-reference-design\MPFS_DISCOVERY\component\work\DMA_CONTROLLER\DMA_CONTROLLER_0\rtl\vlog\core\DMA_CONTROLLER_DMA_CONTROLLER_0_ram_dscCacheM.v (2026-02-27 01:39:55)
354      C:\Users\Danug\Documents\Code\SecureVISION-polarfire-reference-design\MPFS_DISCOVERY\component\work\DMA_CONTROLLER\DMA_CONTROLLER_0\rtl\vlog\core\DMA_CONTROLLER_DMA_CONTROLLER_0_ram_dscCacheNM.v (2026-02-27 01:39:55)
355      C:\Users\Danug\Documents\Code\SecureVISION-polarfire-reference-design\MPFS_DISCOVERY\component\work\DMA_CONTROLLER\DMA_CONTROLLER_0\rtl\vlog\core\DMA_CONTROLLER_DMA_CONTROLLER_0_ram_dscConCacheNM.v (2026-02-27 01:39:55)
356      C:\Users\Danug\Documents\Code\SecureVISION-polarfire-reference-design\MPFS_DISCOVERY\component\work\DMA_CONTROLLER\DMA_CONTROLLER_0\rtl\vlog\core\DMA_CONTROLLER_DMA_CONTROLLER_0_ram_fifo_0.v (2026-02-27 01:39:55)
357      C:\Users\Danug\Documents\Code\SecureVISION-polarfire-reference-design\MPFS_DISCOVERY\component\work\DMA_CONTROLLER\DMA_CONTROLLER_0\rtl\vlog\core\coreaxi4dmacontroller.v (2026-02-27 01:39:58)
358      C:\Users\Danug\Documents\Code\SecureVISION-polarfire-reference-design\MPFS_DISCOVERY\component\work\DMA_CONTROLLER\DMA_CONTROLLER_0\rtl\vlog\core\coreaxi4dmacontroller_axi4_initiator_ctrl.v (2026-02-27 01:39:58)
359      C:\Users\Danug\Documents\Code\SecureVISION-polarfire-reference-design\MPFS_DISCOVERY\component\work\DMA_CONTROLLER\DMA_CONTROLLER_0\rtl\vlog\core\coreaxi4dmacontroller_axi4_lite_target_ctrl.v (2026-02-27 01:39:58)
360      C:\Users\Danug\Documents\Code\SecureVISION-polarfire-reference-design\MPFS_DISCOVERY\component\work\DMA_CONTROLLER\DMA_CONTROLLER_0\rtl\vlog\core\coreaxi4dmacontroller_axi4_stream_target_ctrl.v (2026-02-27 01:39:58)
361      C:\Users\Danug\Documents\Code\SecureVISION-polarfire-reference-design\MPFS_DISCOVERY\component\work\DMA_CONTROLLER\DMA_CONTROLLER_0\rtl\vlog\core\coreaxi4dmacontroller_buffer_descriptors.v (2026-02-27 01:39:58)
362      C:\Users\Danug\Documents\Code\SecureVISION-polarfire-reference-design\MPFS_DISCOVERY\component\work\DMA_CONTROLLER\DMA_CONTROLLER_0\rtl\vlog\core\coreaxi4dmacontroller_cache.v (2026-02-27 01:39:58)
363      C:\Users\Danug\Documents\Code\SecureVISION-polarfire-reference-design\MPFS_DISCOVERY\component\work\DMA_CONTROLLER\DMA_CONTROLLER_0\rtl\vlog\core\coreaxi4dmacontroller_control_registers.v (2026-02-27 01:39:58)
364      C:\Users\Danug\Documents\Code\SecureVISION-polarfire-reference-design\MPFS_DISCOVERY\component\work\DMA_CONTROLLER\DMA_CONTROLLER_0\rtl\vlog\core\coreaxi4dmacontroller_ctrl_if_mux_cdc.v (2026-02-27 01:39:58)
365      C:\Users\Danug\Documents\Code\SecureVISION-polarfire-reference-design\MPFS_DISCOVERY\component\work\DMA_CONTROLLER\DMA_CONTROLLER_0\rtl\vlog\core\coreaxi4dmacontroller_dma_arbiter.v (2026-02-27 01:39:58)
366      C:\Users\Danug\Documents\Code\SecureVISION-polarfire-reference-design\MPFS_DISCOVERY\component\work\DMA_CONTROLLER\DMA_CONTROLLER_0\rtl\vlog\core\coreaxi4dmacontroller_dma_controller.v (2026-02-27 01:39:58)
367      C:\Users\Danug\Documents\Code\SecureVISION-polarfire-reference-design\MPFS_DISCOVERY\component\work\DMA_CONTROLLER\DMA_CONTROLLER_0\rtl\vlog\core\coreaxi4dmacontroller_dma_start_ctrl.v (2026-02-27 01:39:58)
368      C:\Users\Danug\Documents\Code\SecureVISION-polarfire-reference-design\MPFS_DISCOVERY\component\work\DMA_CONTROLLER\DMA_CONTROLLER_0\rtl\vlog\core\coreaxi4dmacontroller_dma_tran_ctrl.v (2026-02-27 01:39:58)
369      C:\Users\Danug\Documents\Code\SecureVISION-polarfire-reference-design\MPFS_DISCOVERY\component\work\DMA_CONTROLLER\DMA_CONTROLLER_0\rtl\vlog\core\coreaxi4dmacontroller_dscrptr_src_mux.v (2026-02-27 01:39:58)
370      C:\Users\Danug\Documents\Code\SecureVISION-polarfire-reference-design\MPFS_DISCOVERY\component\work\DMA_CONTROLLER\DMA_CONTROLLER_0\rtl\vlog\core\coreaxi4dmacontroller_ext_dscrptr_fetch_fsm.v (2026-02-27 01:39:58)
371      C:\Users\Danug\Documents\Code\SecureVISION-polarfire-reference-design\MPFS_DISCOVERY\component\work\DMA_CONTROLLER\DMA_CONTROLLER_0\rtl\vlog\core\coreaxi4dmacontroller_fixed_priority_arbiter.v (2026-02-27 01:39:58)
372      C:\Users\Danug\Documents\Code\SecureVISION-polarfire-reference-design\MPFS_DISCOVERY\component\work\DMA_CONTROLLER\DMA_CONTROLLER_0\rtl\vlog\core\coreaxi4dmacontroller_int_controller.v (2026-02-27 01:39:58)
373      C:\Users\Danug\Documents\Code\SecureVISION-polarfire-reference-design\MPFS_DISCOVERY\component\work\DMA_CONTROLLER\DMA_CONTROLLER_0\rtl\vlog\core\coreaxi4dmacontroller_int_error_ctrl_fsm.v (2026-02-27 01:39:58)
374      C:\Users\Danug\Documents\Code\SecureVISION-polarfire-reference-design\MPFS_DISCOVERY\component\work\DMA_CONTROLLER\DMA_CONTROLLER_0\rtl\vlog\core\coreaxi4dmacontroller_int_ext_dscrptr_cache.v (2026-02-27 01:39:58)
375      C:\Users\Danug\Documents\Code\SecureVISION-polarfire-reference-design\MPFS_DISCOVERY\component\work\DMA_CONTROLLER\DMA_CONTROLLER_0\rtl\vlog\core\coreaxi4dmacontroller_int_status_mux.v (2026-02-27 01:39:58)
376      C:\Users\Danug\Documents\Code\SecureVISION-polarfire-reference-design\MPFS_DISCOVERY\component\work\DMA_CONTROLLER\DMA_CONTROLLER_0\rtl\vlog\core\coreaxi4dmacontroller_int_x_ctrl.v (2026-02-27 01:39:58)
377      C:\Users\Danug\Documents\Code\SecureVISION-polarfire-reference-design\MPFS_DISCOVERY\component\work\DMA_CONTROLLER\DMA_CONTROLLER_0\rtl\vlog\core\coreaxi4dmacontroller_ram_1k20_wrapper.v (2026-02-27 01:39:58)
378      C:\Users\Danug\Documents\Code\SecureVISION-polarfire-reference-design\MPFS_DISCOVERY\component\work\DMA_CONTROLLER\DMA_CONTROLLER_0\rtl\vlog\core\coreaxi4dmacontroller_rd_tran_ctrl.v (2026-02-27 01:39:58)
379      C:\Users\Danug\Documents\Code\SecureVISION-polarfire-reference-design\MPFS_DISCOVERY\component\work\DMA_CONTROLLER\DMA_CONTROLLER_0\rtl\vlog\core\coreaxi4dmacontroller_rd_tran_queue.v (2026-02-27 01:39:58)
380      C:\Users\Danug\Documents\Code\SecureVISION-polarfire-reference-design\MPFS_DISCOVERY\component\work\DMA_CONTROLLER\DMA_CONTROLLER_0\rtl\vlog\core\coreaxi4dmacontroller_round_robin_arbiter.v (2026-02-27 01:39:58)
381      C:\Users\Danug\Documents\Code\SecureVISION-polarfire-reference-design\MPFS_DISCOVERY\component\work\DMA_CONTROLLER\DMA_CONTROLLER_0\rtl\vlog\core\coreaxi4dmacontroller_round_robin_arbiter_w_ack.v (2026-02-27 01:39:58)
382      C:\Users\Danug\Documents\Code\SecureVISION-polarfire-reference-design\MPFS_DISCOVERY\component\work\DMA_CONTROLLER\DMA_CONTROLLER_0\rtl\vlog\core\coreaxi4dmacontroller_trans_ack.v (2026-02-27 01:39:58)
383      C:\Users\Danug\Documents\Code\SecureVISION-polarfire-reference-design\MPFS_DISCOVERY\component\work\DMA_CONTROLLER\DMA_CONTROLLER_0\rtl\vlog\core\coreaxi4dmacontroller_wr_tran_ctrl.v (2026-02-27 01:39:58)
384      C:\Users\Danug\Documents\Code\SecureVISION-polarfire-reference-design\MPFS_DISCOVERY\component\work\DMA_CONTROLLER\DMA_CONTROLLER_0\rtl\vlog\core\coreaxi4dmacontroller_wr_tran_queue.v (2026-02-27 01:39:58)
385      C:\Users\Danug\Documents\Code\SecureVISION-polarfire-reference-design\MPFS_DISCOVERY\component\work\DMA_INITIATOR\DMA_INITIATOR.v (2026-03-22 21:47:28)
386      C:\Users\Danug\Documents\Code\SecureVISION-polarfire-reference-design\MPFS_DISCOVERY\component\work\FIC0_INITIATOR\FIC0_INITIATOR.v (2026-04-07 02:45:25)
387      C:\Users\Danug\Documents\Code\SecureVISION-polarfire-reference-design\MPFS_DISCOVERY\component\work\FIC_0_PERIPHERALS\FIC_0_PERIPHERALS.v (2026-04-07 02:45:49)
388      C:\Users\Danug\Documents\Code\SecureVISION-polarfire-reference-design\MPFS_DISCOVERY\component\work\FIC_3_0x4000_0xxx\FIC_3_0x4000_0xxx.v (2026-02-26 22:55:23)
389      C:\Users\Danug\Documents\Code\SecureVISION-polarfire-reference-design\MPFS_DISCOVERY\component\work\FIC_3_0x4xxx_xxxx\FIC_3_0x4xxx_xxxx.v (2026-02-26 22:55:23)
390      C:\Users\Danug\Documents\Code\SecureVISION-polarfire-reference-design\MPFS_DISCOVERY\component\work\FIC_3_ADDRESS_GENERATION\FIC_3_ADDRESS_GENERATION.v (2026-02-26 22:55:23)
391      C:\Users\Danug\Documents\Code\SecureVISION-polarfire-reference-design\MPFS_DISCOVERY\component\work\FIC_3_PERIPHERALS\FIC_3_PERIPHERALS.v (2026-02-26 22:55:23)
392      C:\Users\Danug\Documents\Code\SecureVISION-polarfire-reference-design\MPFS_DISCOVERY\component\work\GPIO\GPIO.v (2026-02-26 22:55:23)
393      C:\Users\Danug\Documents\Code\SecureVISION-polarfire-reference-design\MPFS_DISCOVERY\component\work\GPIO\GPIO_0\rtl\vlog\core\coregpio.v (2026-02-26 22:55:23)
394      C:\Users\Danug\Documents\Code\SecureVISION-polarfire-reference-design\MPFS_DISCOVERY\component\work\INIT_MONITOR\INIT_MONITOR.v (2026-02-26 22:55:23)
395      C:\Users\Danug\Documents\Code\SecureVISION-polarfire-reference-design\MPFS_DISCOVERY\component\work\INIT_MONITOR\INIT_MONITOR_0\INIT_MONITOR_INIT_MONITOR_0_PFSOC_INIT_MONITOR.v (2026-02-26 22:55:23)
470      C:\Users\Danug\Documents\Code\SecureVISION-polarfire-reference-design\MPFS_DISCOVERY\component\work\MIPI_CAMERA\MIPI_CAMERA.v (2026-04-08 20:16:58)
396      C:\Users\Danug\Documents\Code\SecureVISION-polarfire-reference-design\MPFS_DISCOVERY\component\work\MIV_IHC_C0\MIV_IHC_C0.v (2026-02-26 22:55:23)
397      C:\Users\Danug\Documents\Code\SecureVISION-polarfire-reference-design\MPFS_DISCOVERY\component\work\MIV_IHC_C0\MIV_IHC_C0_0\rtl\core\core_merged\miv_ihc_core_merged.v (2026-02-26 22:55:23)
399      C:\Users\Danug\Documents\Code\SecureVISION-polarfire-reference-design\MPFS_DISCOVERY\component\work\MPFS_DISCOVERY_KIT_MSS\MPFS_DISCOVERY_KIT_MSS.v (2026-02-26 22:55:23)
400      C:\Users\Danug\Documents\Code\SecureVISION-polarfire-reference-design\MPFS_DISCOVERY\component\work\MPFS_DISCOVERY_KIT_MSS\MSS_NOBYP_NOBYP_NOBYP_BYP_BYP_syn_comps.v (2026-02-26 22:55:23)
401      C:\Users\Danug\Documents\Code\SecureVISION-polarfire-reference-design\MPFS_DISCOVERY\component\work\MSS_LSRAM\COREAXI4SRAM_0\rtl\vlog\core\CoreAXI4SRAM.v (2026-03-22 14:44:07)
402      C:\Users\Danug\Documents\Code\SecureVISION-polarfire-reference-design\MPFS_DISCOVERY\component\work\MSS_LSRAM\COREAXI4SRAM_0\rtl\vlog\core\CoreAXI4SRAM_MAINCTRL.v (2026-03-22 14:44:07)
403      C:\Users\Danug\Documents\Code\SecureVISION-polarfire-reference-design\MPFS_DISCOVERY\component\work\MSS_LSRAM\COREAXI4SRAM_0\rtl\vlog\core\CoreAXI4SRAM_MAINCTRL_ECC.v (2026-03-22 14:44:07)
404      C:\Users\Danug\Documents\Code\SecureVISION-polarfire-reference-design\MPFS_DISCOVERY\component\work\MSS_LSRAM\COREAXI4SRAM_0\rtl\vlog\core\CoreAXI4SRAM_MAINCTRL_ECC_RT.v (2026-03-22 14:44:07)
405      C:\Users\Danug\Documents\Code\SecureVISION-polarfire-reference-design\MPFS_DISCOVERY\component\work\MSS_LSRAM\COREAXI4SRAM_0\rtl\vlog\core\CoreAXI4SRAM_MAINCTRL_RT.v (2026-03-22 14:44:07)
406      C:\Users\Danug\Documents\Code\SecureVISION-polarfire-reference-design\MPFS_DISCOVERY\component\work\MSS_LSRAM\COREAXI4SRAM_0\rtl\vlog\core\CoreAXI4SRAM_SLVIF.v (2026-03-22 14:44:07)
407      C:\Users\Danug\Documents\Code\SecureVISION-polarfire-reference-design\MPFS_DISCOVERY\component\work\MSS_LSRAM\MSS_LSRAM.v (2026-03-22 14:44:09)
408      C:\Users\Danug\Documents\Code\SecureVISION-polarfire-reference-design\MPFS_DISCOVERY\component\work\MSS_LSRAM\PF_TPSRAM_AHB_AXI_0\MSS_LSRAM_PF_TPSRAM_AHB_AXI_0_PF_TPSRAM.v (2026-03-22 14:44:09)
409      C:\Users\Danug\Documents\Code\SecureVISION-polarfire-reference-design\MPFS_DISCOVERY\component\work\MSS_WRAPPER\MSS_WRAPPER.v (2026-02-26 22:55:23)
410      C:\Users\Danug\Documents\Code\SecureVISION-polarfire-reference-design\MPFS_DISCOVERY\component\work\PF_CCC_C0\PF_CCC_C0.v (2026-03-22 21:02:44)
411      C:\Users\Danug\Documents\Code\SecureVISION-polarfire-reference-design\MPFS_DISCOVERY\component\work\PF_CCC_C0\PF_CCC_C0_0\PF_CCC_C0_PF_CCC_C0_0_PF_CCC.v (2026-03-22 21:02:44)
471      C:\Users\Danug\Documents\Code\SecureVISION-polarfire-reference-design\MPFS_DISCOVERY\component\work\PF_CCC_C1\PF_CCC_C1.v (2026-04-08 02:23:20)
472      C:\Users\Danug\Documents\Code\SecureVISION-polarfire-reference-design\MPFS_DISCOVERY\component\work\PF_CCC_C1\PF_CCC_C1_0\PF_CCC_C1_PF_CCC_C1_0_PF_CCC.v (2026-04-08 02:23:20)
473      C:\Users\Danug\Documents\Code\SecureVISION-polarfire-reference-design\MPFS_DISCOVERY\component\work\PF_IOD_GENERIC_RX_C0\PF_CLK_DIV_FIFO\PF_IOD_GENERIC_RX_C0_PF_CLK_DIV_FIFO_PF_CLK_DIV_DELAY.v (2026-04-08 15:52:55)
474      C:\Users\Danug\Documents\Code\SecureVISION-polarfire-reference-design\MPFS_DISCOVERY\component\work\PF_IOD_GENERIC_RX_C0\PF_CLK_DIV_RXCLK\PF_IOD_GENERIC_RX_C0_PF_CLK_DIV_RXCLK_PF_CLK_DIV_DELAY.v (2026-04-08 15:52:56)
475      C:\Users\Danug\Documents\Code\SecureVISION-polarfire-reference-design\MPFS_DISCOVERY\component\work\PF_IOD_GENERIC_RX_C0\PF_IOD_CLK_TRAINING\PF_IOD_GENERIC_RX_C0_PF_IOD_CLK_TRAINING_PF_IOD.v (2026-04-08 15:52:56)
476      C:\Users\Danug\Documents\Code\SecureVISION-polarfire-reference-design\MPFS_DISCOVERY\component\work\PF_IOD_GENERIC_RX_C0\PF_IOD_GENERIC_RX_C0.v (2026-04-08 15:52:57)
477      C:\Users\Danug\Documents\Code\SecureVISION-polarfire-reference-design\MPFS_DISCOVERY\component\work\PF_IOD_GENERIC_RX_C0\PF_IOD_RX\PF_IOD_GENERIC_RX_C0_PF_IOD_RX_PF_IOD.v (2026-04-08 15:52:57)
478      C:\Users\Danug\Documents\Code\SecureVISION-polarfire-reference-design\MPFS_DISCOVERY\component\work\PF_IOD_GENERIC_RX_C0\PF_LANECTRL_0\PF_IOD_GENERIC_RX_C0_PF_LANECTRL_0_PF_LANECTRL.v (2026-04-08 15:52:57)
479      C:\Users\Danug\Documents\Code\SecureVISION-polarfire-reference-design\MPFS_DISCOVERY\component\work\PF_IOD_GENERIC_RX_C0\PF_LANECTRL_0\PF_LANECTRL_PAUSE_SYNC.v (2026-04-08 15:52:57)
480      C:\Users\Danug\Documents\Code\SecureVISION-polarfire-reference-design\MPFS_DISCOVERY\component\work\PF_IOD_GENERIC_RX_C0_TR\PF_IOD_GENERIC_RX_C0_TR.v (2026-04-08 15:52:48)
481      C:\Users\Danug\Documents\Code\SecureVISION-polarfire-reference-design\MPFS_DISCOVERY\component\work\PF_IOD_GENERIC_RX_C0_TR\PF_IOD_GENERIC_RX_C0_TR_0\rtl\vlog\core\CoreBclkSclkAlign.v (2026-04-08 15:52:48)
412      C:\Users\Danug\Documents\Code\SecureVISION-polarfire-reference-design\MPFS_DISCOVERY\component\work\RECONFIGURATION_INTERFACE\RECONFIGURATION_INTERFACE.v (2026-02-26 22:55:23)
413      C:\Users\Danug\Documents\Code\SecureVISION-polarfire-reference-design\MPFS_DISCOVERY\component\work\RECONFIGURATION_INTERFACE\RECONFIGURATION_INTERFACE_0\RECONFIGURATION_INTERFACE_RECONFIGURATION_INTERFACE_0_PF_DRI.v (2026-02-26 22:55:23)
414      C:\Users\Danug\Documents\Code\SecureVISION-polarfire-reference-design\MPFS_DISCOVERY\component\work\SPI_FOR_7_SEG\SPI_FOR_7_SEG.v (2026-02-26 22:55:23)
482      C:\Users\Danug\Documents\Code\SecureVISION-polarfire-reference-design\MPFS_DISCOVERY\component\work\VDMA_C0\VDMA_C0.v (2026-04-08 01:26:30)
415      C:\Users\Danug\Documents\Code\SecureVISION-polarfire-reference-design\MPFS_DISCOVERY\component\work\corepwm_C0\corepwm_C0.v (2026-02-26 22:55:23)
433      C:\Users\Danug\Documents\Code\SecureVISION-polarfire-reference-design\MPFS_DISCOVERY\component\work\csprng\csprng.v (2026-03-20 22:11:32)
483      C:\Users\Danug\Documents\Code\SecureVISION-polarfire-reference-design\MPFS_DISCOVERY\component\work\mipicsi2rxdecoderPF_C0\mipicsi2rxdecoderPF_C0.v (2026-04-08 15:54:39)
416      C:\Users\Danug\Documents\Code\SecureVISION-polarfire-reference-design\MPFS_DISCOVERY\hdl\APB_PASS_THROUGH.v (2026-02-26 22:55:23)
417      C:\Users\Danug\Documents\Code\SecureVISION-polarfire-reference-design\MPFS_DISCOVERY\hdl\aes256_dec.v (2026-04-04 16:48:52)
418      C:\Users\Danug\Documents\Code\SecureVISION-polarfire-reference-design\MPFS_DISCOVERY\hdl\aes_key_expansion.v (2026-04-04 16:01:13)
419      C:\Users\Danug\Documents\Code\SecureVISION-polarfire-reference-design\MPFS_DISCOVERY\hdl\apb_arbiter.v (2026-02-26 22:55:23)
422      C:\Users\Danug\Documents\Code\SecureVISION-polarfire-reference-design\MPFS_DISCOVERY\hdl\dom_rng.v (2026-02-26 22:55:23)
426      C:\Users\Danug\Documents\Code\SecureVISION-polarfire-reference-design\MPFS_DISCOVERY\hdl\neoTRNG.vhd (2026-02-26 22:55:23)
427      C:\Users\Danug\Documents\Code\SecureVISION-polarfire-reference-design\MPFS_DISCOVERY\hdl\sbox.v (2026-02-26 22:55:23)
432      C:\Users\Danug\Documents\Code\SecureVISION-polarfire-reference-design\MPFS_DISCOVERY\hdl\security_core.v (2026-04-05 02:20:07)
428      C:\Users\Danug\Documents\Code\SecureVISION-polarfire-reference-design\MPFS_DISCOVERY\hdl\sha256.v (2026-04-04 14:50:16)
429      C:\Users\Danug\Documents\Code\SecureVISION-polarfire-reference-design\MPFS_DISCOVERY\hdl\timer.v (2026-03-12 01:42:17)
430      C:\Users\Danug\Documents\Code\SecureVISION-polarfire-reference-design\MPFS_DISCOVERY\hdl\trivium.v (2026-04-04 15:24:38)
431      C:\Users\Danug\Documents\Code\SecureVISION-polarfire-reference-design\MPFS_DISCOVERY\hdl\trng_acc.v (2026-04-04 15:24:15)

*******************************************************************
Unchanged modules: 285
MID:  lib.cell.view
0        COREAPB3_LIB.COREAPB3_MUXPTOB3.verilog
1        COREAPB3_LIB.CoreAPB3.verilog
2        COREAPB3_LIB.coreapb3_iaddr_reg.verilog
3        CORESPI_LIB.CORESPI.verilog
4        CORESPI_LIB.spi.verilog
5        CORESPI_LIB.spi_chanctrl.verilog
6        CORESPI_LIB.spi_clockmux.verilog
7        CORESPI_LIB.spi_control.verilog
8        CORESPI_LIB.spi_fifo.verilog
9        CORESPI_LIB.spi_rf.verilog
12       work.APB_ARBITER.verilog
13       work.APB_PASS_THROUGH.verilog
20       work.CLOCKS_AND_RESETS.verilog
21       work.COREAXI4INTERCONNECT.verilog
22       work.COREI2C_C0.verilog
23       work.COREI2C_C0_COREI2C_C0_0_COREI2C.verilog
24       work.COREI2C_COREI2CREAL.verilog
26       work.CORERESET.verilog
27       work.CORERESET_CORERESET_0_CORERESET_PF.verilog
28       work.CORE_I2C_C0_0_WRAPPER.verilog
33       work.CoreUARTapb_C0.verilog
34       work.CoreUARTapb_C0_CoreUARTapb_C0_0_COREUART.verilog
35       work.CoreUARTapb_C0_CoreUARTapb_C0_0_Clock_gen.verilog
36       work.CoreUARTapb_C0_CoreUARTapb_C0_0_CoreUARTapb.verilog
37       work.CoreUARTapb_C0_CoreUARTapb_C0_0_Rx_async.verilog
38       work.CoreUARTapb_C0_CoreUARTapb_C0_0_Tx_async.verilog
39       work.CoreUARTapb_C0_CoreUARTapb_C0_0_fifo_256x8.verilog
40       work.CoreUARTapb_C0_CoreUARTapb_C0_0_fifo_ctrl_256.verilog
41       work.CoreUARTapb_C0_CoreUARTapb_C0_0_ram256x8_g5.verilog
44       work.DMA_CONTROLLER.verilog
45       work.DMA_CONTROLLER_DMA_CONTROLLER_0_COREAXI4DMACONTROLLER.verilog
46       work.DMA_CONTROLLER_DMA_CONTROLLER_0_CoreAXI4DMAController_AXI4INITIATORDMACtrl.verilog
47       work.DMA_CONTROLLER_DMA_CONTROLLER_0_CoreAXI4DMAController_AXI4LiteTARGETCtrl.verilog
48       work.DMA_CONTROLLER_DMA_CONTROLLER_0_CoreAXI4DMAController_AXI4StreamTARGETCtrl.verilog
49       work.DMA_CONTROLLER_DMA_CONTROLLER_0_CoreAXI4DMAController_Cache.verilog
50       work.DMA_CONTROLLER_DMA_CONTROLLER_0_CoreAXI4DMAController_DMAArbiter.verilog
51       work.DMA_CONTROLLER_DMA_CONTROLLER_0_CoreAXI4DMAController_DMAController.verilog
52       work.DMA_CONTROLLER_DMA_CONTROLLER_0_CoreAXI4DMAController_DMAStartCtrl.verilog
53       work.DMA_CONTROLLER_DMA_CONTROLLER_0_CoreAXI4DMAController_DMATranCtrl.verilog
54       work.DMA_CONTROLLER_DMA_CONTROLLER_0_CoreAXI4DMAController_RAM_1K20_wrapper.verilog
55       work.DMA_CONTROLLER_DMA_CONTROLLER_0_CoreAXI4DMAController_bufferDescriptors.verilog
56       work.DMA_CONTROLLER_DMA_CONTROLLER_0_CoreAXI4DMAController_controlRegisters.verilog
57       work.DMA_CONTROLLER_DMA_CONTROLLER_0_CoreAXI4DMAController_ctrlIFMuxCDC.verilog
58       work.DMA_CONTROLLER_DMA_CONTROLLER_0_CoreAXI4DMAController_dscrptrSrcMux.verilog
59       work.DMA_CONTROLLER_DMA_CONTROLLER_0_CoreAXI4DMAController_extDscrptrFetchFSM.verilog
60       work.DMA_CONTROLLER_DMA_CONTROLLER_0_CoreAXI4DMAController_fixedPriorityArbiter.verilog
61       work.DMA_CONTROLLER_DMA_CONTROLLER_0_CoreAXI4DMAController_intController.verilog
62       work.DMA_CONTROLLER_DMA_CONTROLLER_0_CoreAXI4DMAController_intErrorCtrl.verilog
63       work.DMA_CONTROLLER_DMA_CONTROLLER_0_CoreAXI4DMAController_intExtDscrptrCache.verilog
64       work.DMA_CONTROLLER_DMA_CONTROLLER_0_CoreAXI4DMAController_intStatusMux.verilog
65       work.DMA_CONTROLLER_DMA_CONTROLLER_0_CoreAXI4DMAController_int_0_ControllerFIFO.verilog
66       work.DMA_CONTROLLER_DMA_CONTROLLER_0_CoreAXI4DMAController_int_1_ControllerFIFO.verilog
67       work.DMA_CONTROLLER_DMA_CONTROLLER_0_CoreAXI4DMAController_int_2_ControllerFIFO.verilog
68       work.DMA_CONTROLLER_DMA_CONTROLLER_0_CoreAXI4DMAController_int_3_ControllerFIFO.verilog
69       work.DMA_CONTROLLER_DMA_CONTROLLER_0_CoreAXI4DMAController_interrupt_x_ctrl.verilog
70       work.DMA_CONTROLLER_DMA_CONTROLLER_0_CoreAXI4DMAController_rdTranCtrl.verilog
71       work.DMA_CONTROLLER_DMA_CONTROLLER_0_CoreAXI4DMAController_rdTranQueue.verilog
72       work.DMA_CONTROLLER_DMA_CONTROLLER_0_CoreAXI4DMAController_roundRobinArbiter.verilog
73       work.DMA_CONTROLLER_DMA_CONTROLLER_0_CoreAXI4DMAController_roundRobinArbiterWAck.verilog
74       work.DMA_CONTROLLER_DMA_CONTROLLER_0_CoreAXI4DMAController_transAck.verilog
75       work.DMA_CONTROLLER_DMA_CONTROLLER_0_CoreAXI4DMAController_wrTranCtrl.verilog
76       work.DMA_CONTROLLER_DMA_CONTROLLER_0_CoreAXI4DMAController_wrTranQueue.verilog
77       work.DMA_CONTROLLER_DMA_CONTROLLER_0_SRAM_bd.verilog
78       work.DMA_CONTROLLER_DMA_CONTROLLER_0_SRAM_cache.verilog
79       work.DMA_CONTROLLER_DMA_CONTROLLER_0_SRAM_dscCacheM.verilog
80       work.DMA_CONTROLLER_DMA_CONTROLLER_0_SRAM_dscCacheNM.verilog
81       work.DMA_CONTROLLER_DMA_CONTROLLER_0_SRAM_dscConCacheNM.verilog
82       work.DMA_CONTROLLER_DMA_CONTROLLER_0_SRAM_fifo_0.verilog
83       work.DMA_CONTROLLER_DMA_CONTROLLER_0_ram_bd.verilog
84       work.DMA_CONTROLLER_DMA_CONTROLLER_0_ram_cache.verilog
85       work.DMA_CONTROLLER_DMA_CONTROLLER_0_ram_dscCacheM.verilog
86       work.DMA_CONTROLLER_DMA_CONTROLLER_0_ram_dscCacheNM.verilog
87       work.DMA_CONTROLLER_DMA_CONTROLLER_0_ram_dscConCacheNM.verilog
88       work.DMA_CONTROLLER_DMA_CONTROLLER_0_ram_fifo_0.verilog
89       work.DMA_INITIATOR.verilog
92       work.FIC0_INITIATOR.verilog
93       work.FIC_0_PERIPHERALS.verilog
94       work.FIC_3_0x4000_0xxx.verilog
95       work.FIC_3_0x4xxx_xxxx.verilog
96       work.FIC_3_ADDRESS_GENERATION.verilog
97       work.FIC_3_PERIPHERALS.verilog
282      work.GF_MUL.verilog
283      work.GF_SCALE.verilog
284      work.GF_SHARED_MUL.verilog
99       work.GPIO.verilog
100      work.GPIO_GPIO_0_CoreGPIO.verilog
306      work.ICB_BCLKSCLKALIGN.verilog
113      work.INIT_MONITOR.verilog
114      work.INIT_MONITOR_INIT_MONITOR_0_PFSOC_INIT_MONITOR.verilog
285      work.LINEAR_TRANSFORM.verilog
307      work.LSRAM_top_vdma.verilog
308      work.MIPI_CAMERA.verilog
119      work.MIV_IHC_C0.verilog
120      work.MIV_IHC_C0_MIV_IHC_C0_0_MIV_IHC.verilog
121      work.MPFS_DISCOVERY_KIT.verilog
122      work.MPFS_DISCOVERY_KIT_MSS.verilog
123      work.MSS.verilog
124      work.MSS_LSRAM.verilog
125      work.MSS_LSRAM_COREAXI4SRAM_0_COREAXI4SRAM.verilog
126      work.MSS_LSRAM_COREAXI4SRAM_0_CoreAXI4SRAM_MAINCTRL.verilog
127      work.MSS_LSRAM_COREAXI4SRAM_0_CoreAXI4SRAM_MAINCTRL_ECC.verilog
128      work.MSS_LSRAM_COREAXI4SRAM_0_CoreAXI4SRAM_MAINCTRL_ECC_RT.verilog
129      work.MSS_LSRAM_COREAXI4SRAM_0_CoreAXI4SRAM_MAINCTRL_RT.verilog
130      work.MSS_LSRAM_COREAXI4SRAM_0_CoreAXI4SRAM_SLVIF.verilog
131      work.MSS_LSRAM_PF_TPSRAM_AHB_AXI_0_PF_TPSRAM.verilog
132      work.MSS_WRAPPER.verilog
139      work.PF_CCC_C0.verilog
140      work.PF_CCC_C0_PF_CCC_C0_0_PF_CCC.verilog
309      work.PF_CCC_C1.verilog
310      work.PF_CCC_C1_PF_CCC_C1_0_PF_CCC.verilog
311      work.PF_IOD_GENERIC_RX_C0.verilog
312      work.PF_IOD_GENERIC_RX_C0_PF_CLK_DIV_FIFO_PF_CLK_DIV_DELAY.verilog
313      work.PF_IOD_GENERIC_RX_C0_PF_CLK_DIV_RXCLK_PF_CLK_DIV_DELAY.verilog
314      work.PF_IOD_GENERIC_RX_C0_PF_IOD_CLK_TRAINING_PF_IOD.verilog
315      work.PF_IOD_GENERIC_RX_C0_PF_IOD_RX_PF_IOD.verilog
316      work.PF_IOD_GENERIC_RX_C0_PF_LANECTRL_0_PF_LANECTRL.verilog
317      work.PF_IOD_GENERIC_RX_C0_PF_LANECTRL_0_PF_LANECTRL_PAUSE_SYNC.verilog
318      work.PF_IOD_GENERIC_RX_C0_TR.verilog
319      work.PF_IOD_GENERIC_RX_C0_TR_PF_IOD_GENERIC_RX_C0_TR_0_COREBCLKSCLKALIGN.verilog
320      work.PLL_BCLKSCLKALIGN.verilog
145      work.RECONFIGURATION_INTERFACE.verilog
146      work.RECONFIGURATION_INTERFACE_RECONFIGURATION_INTERFACE_0_PF_DRI.verilog
148      work.SPI_FOR_7_SEG.verilog
321      work.VDMA.verilog
322      work.VDMA_C0.verilog
286      work.aes256_dec.verilog
287      work.aes256_key_expansion.verilog
323      work.async_fifo_vdma.verilog
325      work.axi4lite_adapter_vdma.verilog
326      work.axi4lite_if_vdma.verilog
176      work.caxi4interconnect_AHB_SM_Undefburst.verilog
177      work.caxi4interconnect_AddressController.verilog
178      work.caxi4interconnect_Axi4CrossBar.verilog
179      work.caxi4interconnect_Bin2Gray.verilog
180      work.caxi4interconnect_BitScan0.verilog
181      work.caxi4interconnect_CDC_FIFO.verilog
182      work.caxi4interconnect_CDC_grayCodeCounter.verilog
183      work.caxi4interconnect_CDC_rdCtrl.verilog
184      work.caxi4interconnect_CDC_wrCtrl.verilog
185      work.caxi4interconnect_DERR_Slave.verilog
186      work.caxi4interconnect_DWC_DownConv_CmdFifoWriteCtrl.verilog
187      work.caxi4interconnect_DWC_DownConv_Hold_Reg_Rd.verilog
188      work.caxi4interconnect_DWC_DownConv_Hold_Reg_Wr.verilog
189      work.caxi4interconnect_DWC_DownConv_preCalcCmdFifoWrCtrl.verilog
190      work.caxi4interconnect_DWC_DownConv_readWidthConv.verilog
191      work.caxi4interconnect_DWC_DownConv_widthConvrd.verilog
192      work.caxi4interconnect_DWC_DownConv_widthConvwr.verilog
193      work.caxi4interconnect_DWC_DownConv_writeWidthConv.verilog
194      work.caxi4interconnect_DWC_RChannel_SlvRid_Arb.verilog
195      work.caxi4interconnect_DWC_UpConv_AChannel.verilog
196      work.caxi4interconnect_DWC_UpConv_BChannel.verilog
197      work.caxi4interconnect_DWC_UpConv_RChan_Ctrl.verilog
198      work.caxi4interconnect_DWC_UpConv_RChannel.verilog
199      work.caxi4interconnect_DWC_UpConv_WChan_Hold_Reg.verilog
200      work.caxi4interconnect_DWC_UpConv_WChan_ReadDataFifoCtrl.verilog
201      work.caxi4interconnect_DWC_UpConv_WChannel.verilog
202      work.caxi4interconnect_DWC_UpConv_Wchan_WriteDataFifoCtrl.verilog
203      work.caxi4interconnect_DWC_UpConv_preCalcAChannel.verilog
204      work.caxi4interconnect_DWC_UpConv_preCalcRChan_Ctrl.verilog
205      work.caxi4interconnect_DWC_brespCtrl.verilog
206      work.caxi4interconnect_DependenceChecker.verilog
207      work.caxi4interconnect_DownConverter.verilog
208      work.caxi4interconnect_DualPort_FF_SyncWr_SyncRd.verilog
209      work.caxi4interconnect_DualPort_RAM_SyncWr_SyncRd.verilog
210      work.caxi4interconnect_FIFO.verilog
211      work.caxi4interconnect_FIFO_CTRL.verilog
212      work.caxi4interconnect_FIFO_downsizing.verilog
213      work.caxi4interconnect_FIFO_upsizing.verilog
214      work.caxi4interconnect_FifoDualPort.verilog
215      work.caxi4interconnect_Hold_Reg_Ctrl.verilog
216      work.caxi4interconnect_MasterAddressDecoder.verilog
217      work.caxi4interconnect_MasterControl.verilog
218      work.caxi4interconnect_MasterConvertor.verilog
219      work.caxi4interconnect_MstrAHBtoAXI4Converter.verilog
220      work.caxi4interconnect_MstrClockDomainCrossing.verilog
221      work.caxi4interconnect_MstrDataWidthConv.verilog
222      work.caxi4interconnect_MstrProtocolConverter.verilog
223      work.caxi4interconnect_RAM_BLOCK.verilog
224      work.caxi4interconnect_RDataController.verilog
225      work.caxi4interconnect_RdFifoDualPort.verilog
226      work.caxi4interconnect_ReadDataController.verilog
227      work.caxi4interconnect_ReadDataMux.verilog
228      work.caxi4interconnect_RegSliceFull.verilog
229      work.caxi4interconnect_RegisterSlice.verilog
230      work.caxi4interconnect_RequestQual.verilog
231      work.caxi4interconnect_ResetSycnc.verilog
232      work.caxi4interconnect_RespController.verilog
233      work.caxi4interconnect_RoundRobinArb.verilog
234      work.caxi4interconnect_SlaveConvertor.verilog
235      work.caxi4interconnect_SlaveDataMuxController.verilog
236      work.caxi4interconnect_SlvAxi4ProtConvAXI4ID.verilog
237      work.caxi4interconnect_SlvAxi4ProtConvRead.verilog
238      work.caxi4interconnect_SlvAxi4ProtConvWrite.verilog
239      work.caxi4interconnect_SlvAxi4ProtocolConv.verilog
240      work.caxi4interconnect_SlvClockDomainCrossing.verilog
241      work.caxi4interconnect_SlvDataWidthConverter.verilog
242      work.caxi4interconnect_SlvProtocolConverter.verilog
243      work.caxi4interconnect_TargetMuxController.verilog
244      work.caxi4interconnect_TransactionController.verilog
245      work.caxi4interconnect_UpConverter.verilog
246      work.caxi4interconnect_WDataController.verilog
247      work.caxi4interconnect_WriteDataMux.verilog
248      work.caxi4interconnect_byte2bit.verilog
249      work.caxi4interconnect_revision.verilog
327      work.corefifo_NstagesSync_vdma.verilog
328      work.corefifo_async_vdma.verilog
329      work.corefifo_fwft_vdma.verilog
330      work.corefifo_grayToBinConv_vdma.verilog
331      work.corefifo_resetSync_vdma.verilog
332      work.corefifo_sync_scntr_vdma.verilog
333      work.corefifo_sync_vdma.verilog
250      work.corepwm.verilog
251      work.corepwm_C0.verilog
252      work.corepwm_pwm_gen.verilog
253      work.corepwm_reg_if.verilog
254      work.corepwm_tach_if.verilog
255      work.corepwm_timebase.verilog
288      work.csprng.verilog
334      work.data_packer_vdma.data_packer_vdma
335      work.data_packer_vdma.vhdl
336      work.ddr_axi4_arbiter_native_vdma.verilog
337      work.ddr_axi4_arbiter_vdma.verilog
338      work.ddr_rw_arbiter_vdma.verilog
339      work.ddr_write_controller_vdma.verilog
340      work.ddr_write_vdma.verilog
290      work.dom_rng.verilog
342      work.interrupt_controller_vdma.verilog
256      work.miv_ihc_address_controller.verilog
257      work.miv_ihc_apb_arbiter_2.verilog
258      work.miv_ihc_apb_arbiter_3.verilog
259      work.miv_ihc_apb_arbiter_top.verilog
260      work.miv_ihc_apb_cdc.verilog
261      work.miv_ihc_apb_master_asynch.verilog
262      work.miv_ihc_apb_mpu.verilog
263      work.miv_ihc_apb_slave_asynch.verilog
264      work.miv_ihc_apb_target.verilog
265      work.miv_ihc_apb_target_top.verilog
266      work.miv_ihc_axi2apb.verilog
267      work.miv_ihc_axi_ar_buffer.verilog
268      work.miv_ihc_axi_aw_buffer.verilog
269      work.miv_ihc_axi_b_buffer.verilog
270      work.miv_ihc_axi_r_buffer.verilog
271      work.miv_ihc_axi_single_slice.verilog
272      work.miv_ihc_axi_target_top.verilog
273      work.miv_ihc_axi_w_buffer.verilog
274      work.miv_ihc_channel.verilog
275      work.miv_ihc_core.verilog
276      work.miv_ihc_fifo.verilog
277      work.miv_ihc_fifo_v2.verilog
278      work.miv_ihc_fifo_v3.verilog
279      work.miv_ihc_interrupt_module.verilog
280      work.miv_ihc_mailbox_address_decoder.verilog
281      work.miv_ihc_ram_singleport_addreg.verilog
295      work.neotrng.neotrng_rtl
296      work.neotrng.vhdl
297      work.neotrng_cell.neotrng_cell_rtl
298      work.neotrng_cell.vhdl
352      work.ram2port_async_fifo.verilog
353      work.ram_wrapper_vdma.verilog
354      work.read_demux_vdma.read_demux_vdma
355      work.read_demux_vdma.vhdl
356      work.read_mux_vdma.read_mux_vdma
357      work.read_mux_vdma.vhdl
359      work.read_reg_vdma.verilog
360      work.read_top_vdma.verilog
361      work.request_scheduler_vdma.request_scheduler_vdma
362      work.request_scheduler_vdma.vhdl
299      work.sbox.verilog
304      work.security_core.verilog
300      work.sha256.verilog
363      work.synchronizer_circuit_2stage_vdma.verilog
301      work.timer.verilog
302      work.trivium.verilog
303      work.trng_acc.verilog
364      work.vdma_controller.verilog
365      work.vdma_dma_top.verilog
366      work.vdma_ip_reset.verilog
367      work.vdma_write.verilog
368      work.video_axi_fifo_vdma.verilog
369      work.write_demux_vdma.vhdl
370      work.write_demux_vdma.write_demux_vdma
371      work.write_mux_vdma.vhdl
372      work.write_mux_vdma.write_mux_vdma
374      work.write_reg_vdma.verilog
375      work.write_top_vdma.verilog
